 eboot

 Timestamp is 52959dce (Wed Nov 27 15:22:54 2013)

 Preferred load address is 00010000

 Start         Length     Name                   Class
 0001:00000000 000205b0H .rdata                  CODE
 0001:000205b0 00000022H .rdata$debug            CODE
 0001:000205d4 0002a160H .text                   CODE
 0001:0004a734 00000058H .xdata                  CODE
 0001:0004a78c 00000000H .edata                  CODE
 0002:00000000 00000d6cH .data                   DATA
 0002:00000d80 0003b200H .bss                    DATA
 0003:00000000 00000e48H .pdata                  DATA

  Address         Publics by Value              Rva+Base       Lib:Object

 0000:00000000       ___safe_se_handler_count   00000000     <absolute>
 0000:00000000       ___safe_se_handler_table   00000000     <absolute>
 0001:0000001c       ??_C@_07KBOLDILN@TF?5Card?$AA@ 0001101c     main.obj
 0001:00000024       ??_C@_08GCIJLKKK@?$CKUSB_DNW?$AA@ 00011024     main.obj
 0001:00000030       ??_C@_09OKJMMDJO@USB_RNDIS?$AA@ 00011030     main.obj
 0001:0000003c       ??_C@_0L@LMLFCLIM@USB_Serial?$AA@ 0001103c     main.obj
 0001:00000048       ??_C@_08BICNCILO@Ethernet?$AA@ 00011048     main.obj
 0001:000000ec       g_pTOC                     000110ec     main.obj
 0001:000000f0       ??_C@_0BD@NOJEOCND@?$AN?6Incorrect?5String?$AA@ 000110f0     main.obj
 0001:00000104       ??_C@_0BJ@IFGBBFMB@?$AN?6Enter?5new?5IP?5address?3?5?$AA@ 00011104     main.obj
 0001:00000120       ??_C@_0BK@KKICHCJD@?$AN?6Enter?5new?5subnet?5mask?3?5?$AA@ 00011120     main.obj
 0001:0000013c       ??_C@_0DF@JLKFBNBO@?$AN?6Enter?5maximum?5number?5of?5second@ 0001113c     main.obj
 0001:00000174       ??_C@_0DI@MNNOKFKF@WARNING?3?5Set?5DM9000A?5MACAddress?3@ 00011174     main.obj
 0001:000001ac       ??_C@_0CO@EIDBOICA@INFO?3?5MAC?5address?5set?5to?3?5?$CFx?3?$CFx?3@ 000111ac     main.obj
 0001:000001dc       ??_C@_02PCIJFNDE@?$AN?6?$AA@ 000111dc     main.obj
 0001:000001e0       ??_C@_0DN@MBBAKKLM@?$AN?6Enter?5new?5MAC?5address?5in?5hexad@ 000111e0     main.obj
 0001:00000220       ??_C@_0BL@DCNGIHOF@T?$CJ?5Download?5Target?3?5?$FL?$CFs?$FN?$AN?6?$AA@ 00011220     main.obj
 0001:0000023c       ??_C@_0DK@MOJCKECN@D?$CJ?5Download?5or?5Program?5image?$CIOS?5@ 0001123c     main.obj
 0001:00000278       ??_C@_0CG@ILOPBFIK@L?$CJ?5LAUNCH?5existing?5Boot?5Media?5im@ 00011278     main.obj
 0001:000002a0       ??_C@_0CO@DCIFABNE@?$AN?6?9?9?9?9?9?9?9?9?9?5External?5Power?5modul@ 000112a0     main.obj
 0001:000002d0       ??_C@_0CJ@KAPENOEE@U?$CJ?5external?5Power?5modules?5config@ 000112d0     main.obj
 0001:000002fc       ??_C@_0CP@OECNCLMN@?$AN?6?9?9?9?9?9?9?9?9?9?5Display?5and?5Logo?5sec@ 000112fc     main.obj
 0001:0000032c       ??_C@_0CG@IJIOEDAB@G?$CJ?5LCD?5attached?3?5?$CFs?5with?5?$CFd?5Bit?5@ 0001132c     main.obj
 0001:00000354       ??_C@_0CE@GANGHMED@?$AN?6?9?9?9?9?9?9?9?9?9?5Test?5Section?5?9?9?9?9?9?9?9@ 00011354     main.obj
 0001:00000378       ??_C@_0BD@BLIEGMA@O?$CJ?5SD?5Card?5Tools?$AN?6?$AA@ 00011378     main.obj
 0001:0000038c       ??_C@_0CE@MODBGIPP@?$AN?6?9?9?9?9?9?9?9?9?9?9?9?9?9?9?9?9?9?9?9?9?9?9?9?9?9?9?9?9?9?9@ 0001138c     main.obj
 0001:000003b0       ??_C@_0BL@OMIMJCGC@?$AN?6?$AN?6Enter?5your?5selection?3?5?$AA@ 000113b0     main.obj
 0001:000003cc       ??_C@_0BB@OALGPJGL@?$CKDownload?5to?5RAM?$AA@ 000113cc     main.obj
 0001:000003e0       ??_C@_0BG@DEDDOECB@Write?5to?5NAND?5Storage?$AA@ 000113e0     main.obj
 0001:000003f8       ??_C@_05IMNPAKN@?$AI?5?$HN?$AN?6?$AA@ 000113f8     main.obj
 0001:00000400       ??_C@_04HGMFEN@?5?$CFs?0?$AA@ 00011400     main.obj
 0001:00000408       ??_C@_0CJ@GGMPGDKB@P?$CJ?5Format?5Partition?5on?5Boot?9time@ 00011408     main.obj
 0001:00000434       ??_C@_0DD@DAEFNAEC@?$AN?6?9?9?9?9?9?9?9?9?9?9?9?9?9?5NAND?5Flash?5Secti@ 00011434     main.obj
 0001:00000468       ??_C@_0CD@BLBGECHA@A?$CJ?5Erase?5All?5Blocks?$CIFormat?5FIL?$CJ?5@ 00011468     main.obj
 0001:0000048c       ??_C@_0CK@FAILCKHH@7?$CJ?5Format?5VFL?5?$CIFormat?5FIL?5?$CL?5VFL?5@ 0001148c     main.obj
 0001:000004b8       ??_C@_0CO@GOMIMANJ@8?$CJ?5Format?5FTL?5?$CIErase?5FTL?5Area?5?$CL?5@ 000114b8     main.obj
 0001:000004e8       ??_C@_0EJ@GFNBJOOP@F?$CJ?5Format?5Boot?5Media?5for?5BINFS?5w@ 000114e8     main.obj
 0001:00000534       ??_C@_0BJ@LKJGKHNF@M?$CJ?5MLC?5Low?5level?5test?5?$AN?6?$AA@ 00011534     main.obj
 0001:00000550       ??_C@_0DD@KCEFNHPL@?$AN?6?9?9?9?9?9?9?9?9?9?5Download?5and?5Launch?5@ 00011550     main.obj
 0001:00000584       ??_C@_0CB@KGGIMFAN@S?$CJ?5Switch?5Boot?5Device?5?3?5?$FL?$CFs?$FN?5?5?$AN?6@ 00011584     main.obj
 0001:000005a8       ??_C@_0BE@JPPLPOKI@?5?5?5?5?5?5?5?5?$HL?5Options?5?3?$AA@ 000115a8     main.obj
 0001:000005bc       ??_C@_0CJ@OLCBJMHE@H?$CJ?5Hive?5Clean?5on?5Boot?9time?5?5?5?5?5?5@ 000115bc     main.obj
 0001:000005e8       ??_C@_06ELMAPAIP@?$CKFalse?$AA@ 000115e8     main.obj
 0001:000005f0       ??_C@_04HPMIDMKH@True?$AA@ 000115f0     main.obj
 0001:000005f8       ??_C@_0CJ@IKJHFECI@C?$CJ?5Force?5Clean?5Boot?5Option?5?5?5?5?5?5@ 000115f8     main.obj
 0001:00000624       ??_C@_05MKDOIIA@False?$AA@ 00011624     main.obj
 0001:0000062c       ??_C@_05KOBPEMEJ@?$CKTrue?$AA@ 0001162c     main.obj
 0001:00000634       ??_C@_0CJ@MHHBDICH@I?$CJ?5KITL?5Connection?5Mode?5?5?5?5?5?5?5?5?5@ 00011634     main.obj
 0001:00000660       ??_C@_0L@HBGKIIFN@?$CKInterrupt?$AA@ 00011660     main.obj
 0001:0000066c       ??_C@_07LPCKBJPC@Polling?$AA@ 0001166c     main.obj
 0001:00000674       ??_C@_0CJ@PEJDOAAA@K?$CJ?5KITL?5Configuration?5?5?5?5?5?5?5?5?5?5?5@ 00011674     main.obj
 0001:000006a0       ??_C@_0CM@JKCHHAJJ@5?$CJ?5Startup?5Action?5after?5Boot?5del@ 000116a0     main.obj
 0001:000006cc       ??_C@_0BM@CIOCFMIE@6?$CJ?5Boot?5delay?3?5?$CFd?5seconds?$AN?6?$AA@ 000116cc     main.obj
 0001:000006e8       ??_C@_0BO@LMDPJAPH@R?$CJ?5Read?5Configuration?$CITOC?$CJ?5?$AN?6?$AA@ 000116e8     main.obj
 0001:00000708       ??_C@_0CN@BPNACNDH@W?$CJ?5Write?5Configuration?5Data?$CITOC?$CJ@ 00011708     main.obj
 0001:00000738       ??_C@_0DD@FCGODAAF@?$AN?6?9?9?9?9?9?9?9?5Kernel?5Booting?5Option?5@ 00011738     main.obj
 0001:0000076c       ??_C@_0BE@JBKDLBKA@?$CKDownload?5New?5image?$AA@ 0001176c     main.obj
 0001:00000780       ??_C@_0CG@DBKHLIEC@Launch?5Existing?5OS?5image?5from?5St@ 00011780     main.obj
 0001:000007a8       ??_C@_0BB@BHCCMIIM@2?$CJ?5DHCP?5?3?5?$FL?$CFs?$FN?$AN?6?$AA@ 000117a8     main.obj
 0001:000007bc       ??_C@_0DF@HAKFJHDG@3?$CJ?5Program?5DM9000A?5MAC?5address?5?$CI@ 000117bc     main.obj
 0001:000007f4       ??_C@_0DD@HDHPNOEH@?$AN?6?9?9?9?9?9?9?9?9?9?5Boot?5Configuration?5S@ 000117f4     main.obj
 0001:00000828       ??_C@_0CM@EFEBIFOH@4?$CJ?5Reset?5to?5factory?5default?5conf@ 00011828     main.obj
 0001:00000854       ??_C@_08JGILNPHN@Disabled?$AA@ 00011854     main.obj
 0001:00000860       ??_C@_08KKPKAPFM@?$CKEnabled?$AA@ 00011860     main.obj
 0001:0000086c       ??_C@_0DA@BDJKNLCH@?$AN?6?9?9?9?9?9?9?9?9?9?9?9?9?9?9?9?9?9?9?9?9?9?9?9?9?9?9?9?9?9?9@ 0001186c     main.obj
 0001:0000089c       ??_C@_0CI@DFIGAMJI@Ethernet?5Boot?5Loader?5Configurati@ 0001189c     main.obj
 0001:000008c4       ??_C@_0DB@GBDNCPNL@?9?9?9?9?9?9?9?9?9?9?9?5Connectivity?5Setting@ 000118c4     main.obj
 0001:000008f8       ??_C@_0BI@OODDIECE@0?$CJ?5IP?5address?5?5?3?5?$FL?$CFs?$FN?$AN?6?$AA@ 000118f8     main.obj
 0001:00000910       ??_C@_0BI@EOIEAGDD@1?$CJ?5Subnet?5mask?5?3?5?$FL?$CFs?$FN?$AN?6?$AA@ 00011910     main.obj
 0001:00000928       ??_C@_0N@FLJDAHIC@?$CFd?5seconds?4?5?$AA@ 00011928     main.obj
 0001:00000938       ??_C@_0EH@GCCPOCPE@?$AN?6Press?5?$FLENTER?$FN?5to?5download?5imag@ 00011938     main.obj
 0001:00000980       ??_C@_0CM@MPOIFBJA@?$AN?6Initiating?5image?5download?5in?5?$CF@ 00011980     main.obj
 0001:000009b0       ??_C@_0FK@OBKICLFM@?$AN?6Press?5?$FLENTER?$FN?5to?5launch?5image?5@ 000119b0     main.obj
 0001:00000a0c       ??_C@_0CK@PCOCDPAP@?$AN?6Initiating?5image?5launch?5in?5?$CFd?5@ 00011a0c     main.obj
 0001:00000a38       ??_C@_0BM@GEAABHMN@SetKITLConfigAndBootOptions?$AA@ 00011a38     main.obj
 0001:00000a54       ??_C@_0CI@KHDBHBPJ@?$CFs?3?5ERROR?3?5unknown?5Boot?5device?3?5@ 00011a54     main.obj
 0001:00000a7c       ??_C@_07KEPNGIJP@TBT6410?$AA@ 00011a7c     main.obj
 0001:00000a88       ??_C@_0ED@FEPNABFM@ERROR?3?5OEMPreDownload?3?5Failed?5to@ 00011a88     main.obj
 0001:00000acc       ??_C@_1DM@MAGNIICF@?$AAI?$AAN?$AAF?$AAO?$AA?3?$AA?5?$AAU?$AAs?$AAi?$AAn?$AAg?$AA?5?$AAs?$AAu?$AAb?$AAn?$AAe?$AAt?$AA?5?$AAm?$AAa?$AAs?$AAk?$AA?5?$AA?$CF?$AAs?$AA?4?$AA?$AN?$AA?6?$AA?$AA@ 00011acc     main.obj
 0001:00000b08       ??_C@_1EI@JDGOOGJG@?$AAI?$AAN?$AAF?$AAO?$AA?3?$AA?5?$AAU?$AAs?$AAi?$AAn?$AAg?$AA?5?$AAs?$AAt?$AAa?$AAt?$AAi?$AAc?$AA?5?$AAI?$AAP?$AA?5?$AAa?$AAd?$AAd?$AAr?$AAe?$AAs?$AAs?$AA?5?$AA?$CF?$AAs@ 00011b08     main.obj
 0001:00000b50       ??_C@_1GC@PPHJIICI@?$AAR?$AAe?$AAc?$AAe?$AAi?$AAv?$AAe?$AAd?$AA?5?$AAb?$AAo?$AAo?$AAt?$AA?5?$AAr?$AAe?$AAq?$AAu?$AAe?$AAs?$AAt?$AA?5?$AAa?$AAc?$AAk?$AA?4?$AA?4?$AA?4?$AA?5?$AAs?$AAt?$AAa@ 00011b50     main.obj
 0001:00000bb8       ??_C@_1GA@OPLAMODI@?$AAR?$AAe?$AAc?$AAe?$AAi?$AAv?$AAe?$AAd?$AA?5?$AAb?$AAo?$AAo?$AAt?$AA?5?$AAr?$AAe?$AAq?$AAu?$AAe?$AAs?$AAt?$AA?5?$AAa?$AAc?$AAk?$AA?4?$AA?4?$AA?4?$AA?5?$AAj?$AAu?$AAm@ 00011bb8     main.obj
 0001:00000c18       ??_C@_1DM@JIDKOFGC@?$AAF?$AAa?$AAi?$AAl?$AAe?$AAd?$AA?5?$AAt?$AAo?$AA?5?$AAs?$AAe?$AAn?$AAd?$AA?5?$AAb?$AAo?$AAo?$AAt?$AA?5?$AAr?$AAe?$AAq?$AAu?$AAe?$AAs?$AAt?$AA?$AN?$AA?6?$AA?$AA@ 00011c18     main.obj
 0001:00000c54       ??_C@_1DE@JGLBGENO@?$AAS?$AAe?$AAn?$AAd?$AAi?$AAn?$AAg?$AA?5?$AAb?$AAo?$AAo?$AAt?$AA?5?$AAr?$AAe?$AAq?$AAu?$AAe?$AAs?$AAt?$AA?4?$AA?4?$AA?4?$AA?$AN?$AA?6?$AA?$AA@ 00011c54     main.obj
 0001:00000c88       ??_C@_0CF@HFLCOCEL@Please?5send?5the?5Image?5through?5US@ 00011c88     main.obj
 0001:00000cb0       ??_C@_0CB@DLJNHHLM@INFO?3?5?$CK?$CK?$CK?5Device?5Name?5?8?$CFs?8?5?$CK?$CK?$CK?$AN?6@ 00011cb0     main.obj
 0001:00000cd4       ??_C@_1CG@LILOOAOE@?$AA?$CL?$AAO?$AAE?$AAM?$AAP?$AAr?$AAe?$AAD?$AAo?$AAw?$AAn?$AAl?$AAo?$AAa?$AAd?$AA?4?$AA?$AN?$AA?6?$AA?$AA@ 00011cd4     main.obj
 0001:00000cfc       ??_C@_1CA@LHEBGHJD@?$AA?$CL?$AAO?$AAE?$AAM?$AAR?$AAe?$AAa?$AAd?$AAD?$AAa?$AAt?$AAa?$AA?4?$AA?$AN?$AA?6?$AA?$AA@ 00011cfc     main.obj
 0001:00000d1c       ??_C@_1M@ODGLLCKM@?$AA?$CF?$AAd?$AA?4?$AA?$AN?$AA?6?$AA?$AA@ 00011d1c     main.obj
 0001:00000d28       ??_C@_1CI@EJEGBDJI@?$AA_?$AAO?$AAE?$AAM?$AAV?$AAe?$AAr?$AAi?$AAf?$AAy?$AAM?$AAe?$AAm?$AAo?$AAr?$AAy?$AA?4?$AA?$AN?$AA?6?$AA?$AA@ 00011d28     main.obj
 0001:00000d50       ??_C@_1DI@IBOHECO@?$AAB?$AAI?$AAN?$AA?5?$AAi?$AAm?$AAa?$AAg?$AAe?$AA?5?$AAt?$AAy?$AAp?$AAe?$AA?5?$AAi?$AAs?$AA?5?$AAu?$AAn?$AAk?$AAn?$AAo?$AAw?$AAn?$AA?$AN?$AA?6?$AA?$AA@ 00011d50     main.obj
 0001:00000d88       ??_C@_0CL@OJLNKDHN@OEMVerifyMemory?3?5Don?8t?5support?5r@ 00011d88     main.obj
 0001:00000db4       ??_C@_0BN@BHBELIFJ@OEMVerifyMemory?3?5RAM?5image?$AN?6?$AA@ 00011db4     main.obj
 0001:00000dd4       ??_C@_0BP@EBMLMIOL@OEMVerifyMemory?3?5Eboot?5image?$AN?6?$AA@ 00011dd4     main.obj
 0001:00000df4       ??_C@_0CB@IILJAOHA@OEMVerifyMemory?3?5Stepldr?5image?$AN?6@ 00011df4     main.obj
 0001:00000e18       ??_C@_1HG@ICLGKBMB@?$AAd?$AAw?$AAS?$AAt?$AAa?$AAr?$AAt?$AAA?$AAd?$AAd?$AAr?$AA?3?$AA0?$AAx?$AA?$CF?$AAx?$AA?0?$AA?5?$AAd?$AAw?$AAL?$AAe?$AAn?$AAg?$AAt?$AAh?$AA?3?$AA0?$AAx?$AA?$CF?$AAx?$AA?0@ 00011e18     main.obj
 0001:00000e90       ??_C@_1CI@DKOBFBHO@?$AA?$CL?$AAO?$AAE?$AAM?$AAV?$AAe?$AAr?$AAi?$AAf?$AAy?$AAM?$AAe?$AAm?$AAo?$AAr?$AAy?$AA?4?$AA?$AN?$AA?6?$AA?$AA@ 00011e90     main.obj
 0001:00000eb8       ??_C@_0EA@GFHGEBAD@WARNING?3?5OEMMultiBINNotify?3?5Inva@ 00011eb8     main.obj
 0001:00000ef8       ??_C@_1CM@CACCPAAK@?$AA_?$AAO?$AAE?$AAM?$AAM?$AAu?$AAl?$AAt?$AAi?$AAB?$AAI?$AAN?$AAN?$AAo?$AAt?$AAi?$AAf?$AAy?$AA?4?$AA?$AN?$AA?6?$AA?$AA@ 00011ef8     main.obj
 0001:00000f28       ??_C@_0EB@JCPIKLDC@WARNING?3?5OEMMultiBINNotify?3?5Bad?5@ 00011f28     main.obj
 0001:00000f6c       ??_C@_0CH@HMPLPLKL@?$FL?$CFd?$FN?3?5Base?5Address?$DN0x?$CFx?5?5Length?$DN@ 00011f6c     main.obj
 0001:00000f94       ??_C@_0CD@LHCIPCGL@?$AN?6Download?5BIN?5file?5information?3@ 00011f94     main.obj
 0001:00000fb8       ??_C@_0DI@GGGNACF@?9?9?9?9?9?9?9?9?9?9?9?9?9?9?9?9?9?9?9?9?9?9?9?9?9?9?9?9?9?9?9?9@ 00011fb8     main.obj
 0001:00000ff0       ??_C@_1CM@IIGCLNOI@?$AA?$CL?$AAO?$AAE?$AAM?$AAM?$AAu?$AAl?$AAt?$AAi?$AAB?$AAI?$AAN?$AAN?$AAo?$AAt?$AAi?$AAf?$AAy?$AA?4?$AA?$AN?$AA?6?$AA?$AA@ 00011ff0     main.obj
 0001:0000101c       ??_C@_0BH@IHKGCAHP@?$FL?$CFd?$FN?5Module?5Name?3?5?$CFs?$AN?6?$AA@ 0001201c     main.obj
 0001:00001034       ??_C@_06OLEINIPO@nk?4exe?$AA@ 00012034     main.obj
 0001:0000103c       ??_C@_0CB@GDACFJGJ@?$FLLDI?3ERR?$FN?5framebuffer?5at?3?50x?$CFX?6?$AN@ 0001203c     main.obj
 0001:00001060       ??_C@_0CG@OOBFHDC@?$FLeBOOT?$FN?9?9BBP?5of?5?$CFd?5is?5not?5suppor@ 00012060     main.obj
 0001:00001088       ??_C@_0CC@GEBEKLF@?$FLeBOOT?$FN?9?9?5display?5bpp?3?5?$CFd?5found?6@ 00012088     main.obj
 0001:000010ac       ??_C@_0BB@MEBHIIAP@SpinForever?4?4?4?$AN?6?$AA@ 000120ac     main.obj
 0001:000010c0       ??_C@_1KA@DGEICKPN@?$AAW?$AAA?$AAR?$AAN?$AAI?$AAN?$AAG?$AA?3?$AA?5?$AAM?$AAa?$AAi?$AAn?$AAM?$AAe?$AAn?$AAu?$AA?3?$AA?5?$AAF?$AAa?$AAi?$AAl?$AAe?$AAd?$AA?5?$AAt?$AAo?$AA?5?$AAs?$AAt?$AAo@ 000120c0     main.obj
 0001:00001160       ??_C@_1CO@DMBBNNGL@?$AAS?$AAu?$AAc?$AAc?$AAe?$AAs?$AAs?$AAf?$AAu?$AAl?$AAl?$AAy?$AA?5?$AAW?$AAr?$AAi?$AAt?$AAt?$AAe?$AAn?$AA?$AN?$AA?6?$AA?$AA@ 00012160     main.obj
 0001:00001190       ??_C@_1JG@HNCGBIEG@?$AAW?$AAA?$AAR?$AAN?$AAI?$AAN?$AAG?$AA?3?$AA?5?$AAM?$AAa?$AAi?$AAn?$AAM?$AAe?$AAn?$AAu?$AA?3?$AA?5?$AAF?$AAa?$AAi?$AAl?$AAe?$AAd?$AA?5?$AAt?$AAo?$AA?5?$AAs?$AAt?$AAo@ 00012190     main.obj
 0001:00001228       ??_C@_1GE@NMEGOFBO@?$AA?5?$AA?9?$AA?9?$AAM?$AAa?$AAk?$AAe?$AA?5?$AAI?$AAn?$AAi?$AAt?$AAi?$AAa?$AAl?$AA?5?$AAB?$AAa?$AAd?$AA?5?$AAB?$AAl?$AAo?$AAc?$AAk?$AA?5?$AAI?$AAn?$AAf?$AAo?$AAr?$AAm@ 00012228     main.obj
 0001:0000128c       ??_C@_13JOFGPIOO@?$AA?4?$AA?$AA@ 0001228c     main.obj
 0001:00001290       ??_C@_1FO@LAJAAKM@?$AAR?$AAe?$AAa?$AAd?$AA?5?$AAE?$AAr?$AAr?$AAo?$AAr?$AA?5?$AA?$EA?$AA?5?$AA?$CF?$AAd?$AA?5?$AAB?$AAl?$AAo?$AAc?$AAk?$AA?5?$AA?$CF?$AAd?$AA?5?$AAP?$AAa?$AAg?$AAe?$AA?5?$AA?9?$AA?$DO@ 00012290     main.obj
 0001:000012f0       ??_C@_1GA@FDCHABPF@?$AAW?$AAr?$AAi?$AAt?$AAe?$AA?5?$AAE?$AAr?$AAr?$AAo?$AAr?$AA?5?$AA?$EA?$AA?5?$AA?$CF?$AAd?$AA?5?$AAB?$AAl?$AAo?$AAc?$AAk?$AA?5?$AA?$CF?$AAd?$AA?5?$AAP?$AAa?$AAg?$AAe?$AA?5?$AA?9@ 000122f0     main.obj
 0001:00001350       ??_C@_1EK@EPMLGIED@?$AAB?$AAa?$AAd?$AA?5?$AAm?$AAa?$AAr?$AAk?$AAi?$AAn?$AAg?$AA?5?$AAW?$AAr?$AAi?$AAt?$AAe?$AA?5?$AAE?$AAr?$AAr?$AAo?$AAr?$AA?5?$AA?$EA?$AA?5?$AA?$CF?$AAd?$AA?5?$AAB?$AAl?$AAo@ 00012350     main.obj
 0001:000013a0       ??_C@_1FA@LMDKDCIE@?$AAE?$AAr?$AAa?$AAs?$AAe?$AA?5?$AAE?$AAr?$AAr?$AAo?$AAr?$AA?5?$AA?$EA?$AA?5?$AA?$CF?$AAd?$AA?5?$AAB?$AAl?$AAo?$AAc?$AAk?$AA?5?$AA?9?$AA?$DO?$AA?5?$AAB?$AAa?$AAd?$AA?5?$AAM?$AAa@ 000123a0     main.obj
 0001:000013f0       ??_C@_1DO@BDKOKFMG@?$AAI?$AAn?$AAi?$AAt?$AAi?$AAa?$AAl?$AA?5?$AAB?$AAa?$AAd?$AA?5?$AAB?$AAl?$AAo?$AAc?$AAk?$AA?5?$AA?$EA?$AA?5?$AA?$CF?$AAd?$AA?5?$AAB?$AAl?$AAo?$AAc?$AAk?$AA?$AN?$AA?6?$AA?$AA@ 000123f0     main.obj
 0001:00001430       ??_C@_1GG@EIHIKBKC@?$AA?5?$AA?$CL?$AA?$CL?$AAM?$AAa?$AAk?$AAe?$AA?5?$AAI?$AAn?$AAi?$AAt?$AAi?$AAa?$AAl?$AA?5?$AAB?$AAa?$AAd?$AA?5?$AAB?$AAl?$AAo?$AAc?$AAk?$AA?5?$AAI?$AAn?$AAf?$AAo?$AAr?$AAm@ 00012430     main.obj
 0001:00001498       ??_C@_1DE@FIHALFOM@?$AAI?$AAn?$AAi?$AAt?$AAi?$AAa?$AAl?$AA?5?$AAB?$AAa?$AAd?$AA?5?$AAB?$AAl?$AAo?$AAc?$AAk?$AA?5?$AAC?$AAh?$AAe?$AAc?$AAk?$AA?$AN?$AA?6?$AA?$AA@ 00012498     main.obj
 0001:000014cc       ??_C@_1DI@IDPLLEKK@?$AA?5?$AA?9?$AA?9?$AAE?$AAr?$AAa?$AAs?$AAe?$AA?5?$AAP?$AAh?$AAy?$AAs?$AAi?$AAc?$AAa?$AAl?$AA?5?$AAB?$AAl?$AAo?$AAc?$AAk?$AA?5?$AA0?$AA?$AN?$AA?6?$AA?$AA@ 000124cc     main.obj
 0001:00001504       ??_C@_1DI@NMGHPEOF@?$AA?$FL?$AAE?$AAR?$AAR?$AA?$FN?$AA?5?$AAE?$AAr?$AAa?$AAs?$AAe?$AA?5?$AAB?$AAl?$AAo?$AAc?$AAk?$AA?5?$AA0?$AA?5?$AAE?$AAr?$AAr?$AAo?$AAr?$AA?$AN?$AA?6?$AA?$AA@ 00012504     main.obj
 0001:0000153c       ??_C@_1DI@CJPNEPHB@?$AA?5?$AA?$CL?$AA?$CL?$AAE?$AAr?$AAa?$AAs?$AAe?$AA?5?$AAP?$AAh?$AAy?$AAs?$AAi?$AAc?$AAa?$AAl?$AA?5?$AAB?$AAl?$AAo?$AAc?$AAk?$AA?5?$AA0?$AA?$AN?$AA?6?$AA?$AA@ 0001253c     main.obj
 0001:00001578       ??_C@_1FM@NNPDMOHD@?$AA?5?$AA?9?$AA?9?$AAF?$AAo?$AAr?$AAm?$AAa?$AAt?$AA?5?$AAF?$AAT?$AAL?$AA?5?$AA?$CI?$AAE?$AAr?$AAa?$AAs?$AAe?$AA?5?$AAF?$AAT?$AAL?$AA?5?$AAA?$AAr?$AAe?$AAa?$AA?5?$AA?$CL?$AA?5@ 00012578     main.obj
 0001:000015d4       ??_C@_1DI@FBDMLCKH@?$AA?$FL?$AAE?$AAR?$AAR?$AA?$FN?$AA?5?$AAF?$AAT?$AAL?$AA_?$AAC?$AAl?$AAo?$AAs?$AAe?$AA?$CI?$AA?$CJ?$AA?5?$AAF?$AAa?$AAi?$AAl?$AAu?$AAr?$AAe?$AA?$AN?$AA?6?$AA?$AA@ 000125d4     main.obj
 0001:00001610       ??_C@_1EC@DKHNPKLK@?$AA?$FL?$AAE?$AAR?$AAR?$AA?$FN?$AA?5?$AAW?$AAM?$AAR?$AA_?$AAF?$AAo?$AAr?$AAm?$AAa?$AAt?$AA_?$AAF?$AAT?$AAL?$AA?$CI?$AA?$CJ?$AA?5?$AAF?$AAa?$AAi?$AAl?$AAu?$AAr?$AAe?$AA?$AN?$AA?6@ 00012610     main.obj
 0001:00001658       ??_C@_1FM@NBJMMBKF@?$AA?5?$AA?$CL?$AA?$CL?$AAF?$AAo?$AAr?$AAm?$AAa?$AAt?$AA?5?$AAF?$AAT?$AAL?$AA?5?$AA?$CI?$AAE?$AAr?$AAa?$AAs?$AAe?$AA?5?$AAF?$AAT?$AAL?$AA?5?$AAA?$AAr?$AAe?$AAa?$AA?5?$AA?$CL?$AA?5@ 00012658     main.obj
 0001:000016b8       ??_C@_1FE@IEFEJBCE@?$AA?5?$AA?9?$AA?9?$AAF?$AAo?$AAr?$AAm?$AAa?$AAt?$AA?5?$AAV?$AAF?$AAL?$AA?5?$AA?$CI?$AAF?$AAo?$AAr?$AAm?$AAa?$AAt?$AA?5?$AAF?$AAI?$AAL?$AA?5?$AA?$CL?$AA?5?$AAV?$AAF?$AAL?$AA?5@ 000126b8     main.obj
 0001:0000170c       ??_C@_1DG@MOABNEMF@?$AA?$FL?$AAE?$AAR?$AAR?$AA?$FN?$AA?5?$AAV?$AAF?$AAL?$AA_?$AAO?$AAp?$AAe?$AAn?$AA?$CI?$AA?$CJ?$AA?5?$AAF?$AAa?$AAi?$AAl?$AAu?$AAr?$AAe?$AA?$AN?$AA?6?$AA?$AA@ 0001270c     main.obj
 0001:00001748       ??_C@_1EC@CPAJGOEB@?$AA?$FL?$AAE?$AAR?$AAR?$AA?$FN?$AA?5?$AAW?$AAM?$AAR?$AA_?$AAF?$AAo?$AAr?$AAm?$AAa?$AAt?$AA_?$AAV?$AAF?$AAL?$AA?$CI?$AA?$CJ?$AA?5?$AAF?$AAa?$AAi?$AAl?$AAu?$AAr?$AAe?$AA?$AN?$AA?6@ 00012748     main.obj
 0001:00001790       ??_C@_1FE@BGFCIMAH@?$AA?5?$AA?$CL?$AA?$CL?$AAF?$AAo?$AAr?$AAm?$AAa?$AAt?$AA?5?$AAV?$AAF?$AAL?$AA?5?$AA?$CI?$AAF?$AAo?$AAr?$AAm?$AAa?$AAt?$AA?5?$AAF?$AAI?$AAL?$AA?5?$AA?$CL?$AA?5?$AAV?$AAF?$AAL?$AA?5@ 00012790     main.obj
 0001:000017e8       ??_C@_1FM@MGHFGGF@?$AA?$FL?$AAI?$AAN?$AAF?$AA?$FN?$AA?5?$AAY?$AAo?$AAu?$AA?5?$AAc?$AAa?$AAn?$AA?5?$AAn?$AAo?$AAt?$AA?5?$AAu?$AAs?$AAe?$AA?5?$AAV?$AAF?$AAL?$AA?5?$AAb?$AAe?$AAf?$AAo?$AAr?$AAe@ 000127e8     main.obj
 0001:00001848       ??_C@_1EG@DDKGBEDH@?$AA?5?$AA?9?$AA?9?$AAF?$AAo?$AAr?$AAm?$AAa?$AAt?$AA?5?$AAF?$AAI?$AAL?$AA?5?$AA?$CI?$AAE?$AAr?$AAa?$AAs?$AAe?$AA?5?$AAA?$AAl?$AAl?$AA?5?$AAB?$AAl?$AAo?$AAc?$AAk?$AAs?$AA?$CJ@ 00012848     main.obj
 0001:00001890       ??_C@_1EC@LPAELHJB@?$AA?$FL?$AAE?$AAR?$AAR?$AA?$FN?$AA?5?$AAW?$AAM?$AAR?$AA_?$AAF?$AAo?$AAr?$AAm?$AAa?$AAt?$AA_?$AAF?$AAI?$AAL?$AA?$CI?$AA?$CJ?$AA?5?$AAF?$AAa?$AAi?$AAl?$AAu?$AAr?$AAe?$AA?$AN?$AA?6@ 00012890     main.obj
 0001:000018d4       ??_C@_1DI@BEBIFILH@?$AA?$FL?$AAE?$AAR?$AAR?$AA?$FN?$AA?5?$AAV?$AAF?$AAL?$AA_?$AAC?$AAl?$AAo?$AAs?$AAe?$AA?$CI?$AA?$CJ?$AA?5?$AAF?$AAa?$AAi?$AAl?$AAu?$AAr?$AAe?$AA?$AN?$AA?6?$AA?$AA@ 000128d4     main.obj
 0001:00001910       ??_C@_1EG@NJFOKKLJ@?$AA?5?$AA?$CL?$AA?$CL?$AAF?$AAo?$AAr?$AAm?$AAa?$AAt?$AA?5?$AAF?$AAI?$AAL?$AA?5?$AA?$CI?$AAE?$AAr?$AAa?$AAs?$AAe?$AA?5?$AAA?$AAl?$AAl?$AA?5?$AAB?$AAl?$AAo?$AAc?$AAk?$AAs?$AA?$CJ@ 00012910     main.obj
 0001:00001958       ??_C@_0HA@DPIGGGOH@CAUTION?$CB?5This?5will?5erase?5all?5DAT@ 00012958     main.obj
 0001:000019c8       ??_C@_0BC@IBBPODEC@?4?4?4TOC?5complete?$AN?6?$AA@ 000129c8     main.obj
 0001:000019dc       ??_C@_1CI@NJIFDNBF@?$AAT?$AAO?$AAC?$AA_?$AAW?$AAr?$AAi?$AAt?$AAe?$AA?5?$AAF?$AAa?$AAi?$AAl?$AAe?$AAd?$AA?$CB?$AA?$AN?$AA?6?$AA?$AA@ 000129dc     main.obj
 0001:00001a04       ??_C@_0CL@OEBIGAND@Resetting?5default?5TOC?4?4?4Wait?5to?5@ 00012a04     main.obj
 0001:00001a30       ??_C@_1CI@LDOLEINI@?$AA_?$AAO?$AAE?$AAM?$AAP?$AAl?$AAa?$AAt?$AAf?$AAo?$AAr?$AAm?$AAI?$AAn?$AAi?$AAt?$AA?4?$AA?$AN?$AA?6?$AA?$AA@ 00012a30     main.obj
 0001:00001a58       ??_C@_0EE@GLGGMDKK@ERROR?3?5OEMPlatformInit?3?5Failed?5t@ 00012a58     main.obj
 0001:00001a9c       ??_C@_0DI@JCBPOKAE@OEMPlatformInit?3?5Initialized?5USB@ 00012a9c     main.obj
 0001:00001ad8       ??_C@_0EB@GDGIADFH@OEMPlatformInit?3?5Failed?5to?5initi@ 00012ad8     main.obj
 0001:00001b1c       ??_C@_0CM@GDNMKJJL@OEMPlatformInit?3?5BootDevice?5?9?5US@ 00012b1c     main.obj
 0001:00001b48       ??_C@_0CN@PEJLNJPM@Waiting?5for?5Platform?5Builder?5to?5@ 00012b48     main.obj
 0001:00001b78       ??_C@_0DH@GHNFPPAJ@OEMPlatformInit?3?5Initialized?5USB@ 00012b78     main.obj
 0001:00001bb0       ??_C@_0EH@DKNHKMGN@OEMPlatformInit?3?5ERROR?3?5Failed?5t@ 00012bb0     main.obj
 0001:00001bf8       ??_C@_0CL@NKNOEBDA@OEMPlatformInit?3?5BootDevice?5?9?5US@ 00012bf8     main.obj
 0001:00001c24       ??_C@_0CN@HEJKGFJO@OEMPlatformInit?3?5Failed?5to?5initi@ 00012c24     main.obj
 0001:00001c54       ??_C@_0DF@KIGJGEBO@OEMPlatformInit?3?5ERROR?3?5unknown?5@ 00012c54     main.obj
 0001:00001c8c       ??_C@_0CB@MFPOKAPM@Don?8t?5support?5launch?5EBOOT?4bin?$AN?6@ 00012c8c     main.obj
 0001:00001cb0       ??_C@_0EA@LHIJENCD@OEMPlatformInit?5ERROR?3?5Failed?5to@ 00012cb0     main.obj
 0001:00001cf0       ??_C@_1EO@LBKDMMGG@?$AAO?$AAE?$AAM?$AAP?$AAl?$AAa?$AAt?$AAf?$AAo?$AAr?$AAm?$AAI?$AAn?$AAi?$AAt?$AA?3?$AA?5?$AAI?$AAM?$AAA?$AAG?$AAE?$AA_?$AAT?$AAY?$AAP?$AAE?$AA_?$AAR?$AAA?$AAM?$AAI@ 00012cf0     main.obj
 0001:00001d40       ??_C@_0CD@JHCCMGMB@Don?8t?5support?5launch?5STEPLDR?4bin@ 00012d40     main.obj
 0001:00001d64       ??_C@_0DD@LDKOJHEA@OEMPlatformInit?5ERROR?3?5unknown?5i@ 00012d64     main.obj
 0001:00001d98       ??_C@_0DI@CNJFMBKG@OEMPlatformInit?3?5ERROR_INVALID_T@ 00012d98     main.obj
 0001:00001dd0       ??_C@_0CA@PNKNLACN@?$AN?6Starting?5auto?9download?5?4?4?4?5?$AN?6?$AA@ 00012dd0     main.obj
 0001:00001df0       ??_C@_0CJ@PCGABLON@?$AN?6Launching?5image?5from?5boot?5medi@ 00012df0     main.obj
 0001:00001e1c       ??_C@_0BG@KFNKMLGD@?$AN?6Start?5TOC?5System?4?4?4?$AA@ 00012e1c     main.obj
 0001:00001e34       ??_C@_0BC@OAJKAFFP@?$AN?6Start?5PWRCTL?4?4?4?$AA@ 00012e34     main.obj
 0001:00001e48       ??_C@_0BD@CKPPHJCB@?$AN?6Start?5display?4?4?4?$AA@ 00012e48     main.obj
 0001:00001e5c       ??_C@_1DE@DLNCLHEO@?$AAw?$AAN?$AAU?$AAM?$AA_?$AAB?$AAL?$AAO?$AAC?$AAK?$AAS?$AA?5?$AA?3?$AA?5?$AA?$CF?$AAd?$AA?$CI?$AA0?$AAx?$AA?$CF?$AAx?$AA?$CJ?$AA?5?$AA?$AN?$AA?6?$AA?$AA@ 00012e5c     main.obj
 0001:00001e90       ??_C@_1GE@PICKJMPL@?$AAE?$AAR?$AAR?$AAO?$AAR?$AA?3?$AA?5?$AAB?$AAL?$AAF?$AAl?$AAa?$AAs?$AAh?$AAD?$AAo?$AAw?$AAn?$AAl?$AAo?$AAa?$AAd?$AA?3?$AA?5?$AAF?$AAM?$AAD?$AA_?$AAG?$AAe?$AAt?$AAI@ 00012e90     main.obj
 0001:00001ef4       ??_C@_0BE@IMHNCMBD@?$AN?6Get?5Flash?5Info?4?4?4?$AA@ 00012ef4     main.obj
 0001:00001f08       ??_C@_1HI@LPCNMJDK@?$AAW?$AAA?$AAR?$AAN?$AAI?$AAN?$AAG?$AA?3?$AA?5?$AAO?$AAE?$AAM?$AAP?$AAl?$AAa?$AAt?$AAf?$AAo?$AAr?$AAm?$AAI?$AAn?$AAi?$AAt?$AA?5?$AAf?$AAa?$AAi?$AAl?$AAe?$AAd?$AA?5@ 00012f08     main.obj
 0001:00001f80       ??_C@_1BE@CFMGMFAD@?$AAB?$AAP?$AA_?$AAI?$AAn?$AAi?$AAt?$AA?$AN?$AA?6?$AA?$AA@ 00012f80     main.obj
 0001:00001f94       ??_C@_0M@LAHKHLMG@Nov?527?52013?$AA@ 00012f94     main.obj
 0001:00001fa0       ??_C@_0GC@DJPDHCBN@Microsoft?5Windows?5CE?5Bootloader?5@ 00012fa0     main.obj
 0001:00002004       ??_C@_1CI@MAEMAKDO@?$AA?$CL?$AAO?$AAE?$AAM?$AAP?$AAl?$AAa?$AAt?$AAf?$AAo?$AAr?$AAm?$AAI?$AAn?$AAi?$AAt?$AA?4?$AA?$AN?$AA?6?$AA?$AA@ 00013004     main.obj
 0001:0000202c       ??_C@_0BP@DPJKPABD@ERROR?3?5OEMLaunch?3?5Halting?4?4?4?$AN?6?$AA@ 0001302c     main.obj
 0001:00002050       ??_C@_0FE@KMLFCHEB@INFO?3?5OEMLaunch?3?5Jumping?5to?5Phys@ 00013050     main.obj
 0001:000020a4       ??_C@_1BA@FDKAAGHI@?$AA0?$AAx?$AA?$CF?$AA0?$AA2?$AAx?$AA?5?$AA?$AA@ 000130a4     main.obj
 0001:000020b4       ??_C@_1CC@JPOBLKHL@?$AAp?$AAB?$AAS?$AAP?$AAA?$AAr?$AAg?$AAs?$AA?5?$AA?3?$AA0?$AAx?$AA?$CF?$AAx?$AA?$AN?$AA?6?$AA?$AA@ 000130b4     main.obj
 0001:000020d8       ??_C@_1FE@PFELMMJG@?$AAI?$AAN?$AAF?$AAO?$AA?3?$AA?5?$AAu?$AAs?$AAi?$AAn?$AAg?$AA?5?$AAT?$AAO?$AAC?$AA?$FL?$AA?$CF?$AAd?$AA?$FN?$AA?5?$AAd?$AAw?$AAJ?$AAu?$AAm?$AAp?$AAA?$AAd?$AAd?$AAr?$AAe?$AAs@ 000130d8     main.obj
 0001:0000212c       ??_C@_0DE@KBGBIAGB@ERROR?3?5OEMLaunch?3?5EbootWaitForHo@ 0001312c     main.obj
 0001:00002160       ??_C@_0BG@KOENJGFK@Wait?5For?5Connect?4?4?4?$AN?6?$AA@ 00013160     main.obj
 0001:00002178       ??_C@_0CF@EHDJNBMM@Eboot?5image?5can?8t?5launch?5from?5ra@ 00013178     main.obj
 0001:000021a0       ??_C@_0CH@FDBDCICC@Stepldr?5image?5can?8t?5launch?5from?5@ 000131a0     main.obj
 0001:000021c8       ??_C@_0CE@BHICNGLD@You?5should?5program?5it?5into?5flash@ 000131c8     main.obj
 0001:000021f0       ??_C@_0EH@MIJPKFMG@INFO?3?5Eboot?5image?5stored?5to?5Smar@ 000131f0     main.obj
 0001:00002238       ??_C@_0CK@EMMDCFIP@INFO?3?5using?5TOC?$FL?$CFd?$FN?5dwJumpAddres@ 00013238     main.obj
 0001:00002268       ??_C@_0EP@INKDBDBG@?$CK?$CK?$CK?5OEMLaunch?5ERROR?3?5TOC_Write?5f@ 00013268     main.obj
 0001:000022b8       ??_C@_0EN@FILDIMK@INFO?3?5Step?5loader?5image?5stored?5t@ 000132b8     main.obj
 0001:00002308       ??_C@_0DK@NMEMLEFF@ERROR?3?5OEMLaunch?3?5Failed?5to?5stor@ 00013308     main.obj
 0001:00002344       ??_C@_1BM@FHAHCIEC@?$AA?$CL?$AAO?$AAE?$AAM?$AAL?$AAa?$AAu?$AAn?$AAc?$AAh?$AA?4?$AA?$AN?$AA?6?$AA?$AA@ 00013344     main.obj
 0001:000024c0       ??_C@_1EK@OPPDNHBL@?$AAE?$AAR?$AAR?$AAO?$AAR?$AA?3?$AA?5?$AAP?$AAr?$AAo?$AAb?$AAe?$AA?3?$AA?5?$AAC?$AAa?$AAn?$AA?5?$AAn?$AAo?$AAt?$AA?5?$AAf?$AAi?$AAn?$AAd?$AA?5?$AAD?$AAM?$AA9?$AA0?$AA0@ 000134c0     dm9000dbg.obj
 0001:00002510       ??_C@_1EG@NNHFPGGK@?$AAI?$AAN?$AAF?$AAO?$AA?3?$AA?5?$AAP?$AAr?$AAo?$AAb?$AAe?$AA?3?$AA?5?$AAD?$AAM?$AA9?$AA0?$AA0?$AA0?$AA?5?$AAi?$AAs?$AA?5?$AAd?$AAe?$AAt?$AAe?$AAc?$AAt?$AAe?$AAd?$AA?4@ 00013510     dm9000dbg.obj
 0001:00002558       ??_C@_1CI@FEIFDDOP@?$AAD?$AAM?$AA9?$AA0?$AA0?$AA0?$AA?5?$AAI?$AAD?$AA?5?$AAi?$AAs?$AA?5?$AA0?$AAx?$AA?$CF?$AAx?$AA?$AN?$AA?6?$AA?$AA@ 00013558     dm9000dbg.obj
 0001:00002580       ??_C@_1FC@FLIHLGKI@?$AAD?$AAM?$AA9?$AA0?$AA0?$AA0?$AA?3?$AA?5?$AAM?$AAA?$AAC?$AA?5?$AAA?$AAd?$AAd?$AAr?$AAe?$AAs?$AAs?$AA?3?$AA?5?$AA?$CF?$AAx?$AA?3?$AA?$CF?$AAx?$AA?3?$AA?$CF?$AAx?$AA?3?$AA?$CF?$AAx@ 00013580     dm9000dbg.obj
 0001:00002668       ??_C@_1CE@PPOLGCBE@?$AA?9?$AAI?$AAn?$AAi?$AAt?$AAE?$AAt?$AAh?$AAD?$AAe?$AAv?$AAi?$AAc?$AAe?$AA?4?$AA?$AN?$AA?6?$AA?$AA@ 00013668     ether.obj
 0001:00002690       ??_C@_1FK@CKEKMON@?$AAE?$AAR?$AAR?$AAO?$AAR?$AA?3?$AA?5?$AAI?$AAn?$AAi?$AAt?$AAE?$AAt?$AAh?$AAD?$AAe?$AAv?$AAi?$AAc?$AAe?$AA?3?$AA?5?$AAI?$AAn?$AAv?$AAa?$AAl?$AAi?$AAd?$AA?5?$AAM?$AAA@ 00013690     ether.obj
 0001:000026f0       ??_C@_1IE@KMGADJHJ@?$AAE?$AAR?$AAR?$AAO?$AAR?$AA?3?$AA?5?$AAI?$AAn?$AAi?$AAt?$AAE?$AAt?$AAh?$AAD?$AAe?$AAv?$AAi?$AAc?$AAe?$AA?3?$AA?5?$AAF?$AAa?$AAi?$AAl?$AAe?$AAd?$AA?5?$AAt?$AAo?$AA?5@ 000136f0     ether.obj
 0001:00002774       ??_C@_1CE@DGCLJFOI@?$AA?$CL?$AAI?$AAn?$AAi?$AAt?$AAE?$AAt?$AAh?$AAD?$AAe?$AAv?$AAi?$AAc?$AAe?$AA?4?$AA?$AN?$AA?6?$AA?$AA@ 00013774     ether.obj
 0001:00002798       ??_C@_0CM@PEMGPOKC@INFO?3?5OEMEthSendFrame?3?5retrying?5@ 00013798     ether.obj
 0001:00002858       ??_C@_1DG@MKHMFGCD@?$AAO?$AAE?$AAM?$AAM?$AAa?$AAp?$AAM?$AAe?$AAm?$AAA?$AAd?$AAd?$AAr?$AA?5?$AA0?$AAx?$AA?$CF?$AAx?$AA?5?$AA?5?$AA0?$AAx?$AA?$CF?$AAx?$AA?$AN?$AA?6?$AA?$AA@ 00013858     flash.obj
 0001:00002890       ??_C@_0N@CPDDMNGC@BootCfg?5?$HL?5?$AN?6?$AA@ 00013890     nand.obj
 0001:000028a0       ??_C@_0BG@EPEDPIMK@?5?5ConfigFlags?3?50x?$CFx?$AN?6?$AA@ 000138a0     nand.obj
 0001:000028b8       ??_C@_0BE@FIJGOOJJ@?5?5BootDelay?3?50x?$CFx?$AN?6?$AA@ 000138b8     nand.obj
 0001:000028cc       ??_C@_0BE@HMEKOBIH@?5?5ImageIndex?3?5?$CFd?5?$AN?6?$AA@ 000138cc     nand.obj
 0001:000028e0       ??_C@_0BE@LCOFHPJL@?5?5Boot?5Device?3?5?$CFs?$AN?6?$AA@ 000138e0     nand.obj
 0001:000028f4       ??_C@_0L@PDINKPHL@?5?5IP?3?5?$CFs?$AN?6?$AA@ 000138f4     nand.obj
 0001:00002900       ??_C@_0CD@DDINOIJK@?5?5MAC?5Address?3?5?$CFB?3?$CFB?3?$CFB?3?$CFB?3?$CFB?3?$CFB@ 00013900     nand.obj
 0001:00002924       ??_C@_0N@HMPKPEGF@?5?5Port?3?5?$CFs?$AN?6?$AA@ 00013924     nand.obj
 0001:00002934       ??_C@_0BD@JFJMJPAF@?5?5SubnetMask?3?5?$CFs?$AN?6?$AA@ 00013934     nand.obj
 0001:00002948       ??_C@_03LFNJCDHL@?$HN?$AN?6?$AA@ 00013948     nand.obj
 0001:0000294c       ??_C@_0BC@CMMAAAKE@?$CLBootConfigInit?$AN?6?$AA@ 0001394c     nand.obj
 0001:00002960       ??_C@_0O@GDPGGFHK@192?4198?41?4101?$AA@ 00013960     nand.obj
 0001:00002970       ??_C@_0O@HGNGLBEC@255?4255?4255?40?$AA@ 00013970     nand.obj
 0001:00002980       ??_C@_0BC@CCLMLMCB@?9BootConfigInit?$AN?6?$AA@ 00013980     nand.obj
 0001:00002994       ??_C@_0BO@POEHNODL@?5?5sgList?$FL?$CFu?$FN?4dwSector?3?50x?$CFx?$AN?6?$AA@ 00013994     nand.obj
 0001:000029b4       ??_C@_0BO@GPFMIPDF@?5?5sgList?$FL?$CFu?$FN?4dwLength?3?50x?$CFx?$AN?6?$AA@ 000139b4     nand.obj
 0001:000029d4       ??_C@_0L@GODFOKNP@ID?$FL?$CFu?$FN?5?$HL?$AN?6?$AA@ 000139d4     nand.obj
 0001:000029e0       ??_C@_0BE@GDEGIDNH@?5?5dwVersion?3?50x?$CFx?$AN?6?$AA@ 000139e0     nand.obj
 0001:000029f4       ??_C@_0BG@CIGDJAF@?5?5dwSignature?3?50x?$CFx?$AN?6?$AA@ 000139f4     nand.obj
 0001:00002a0c       ??_C@_0BB@FDNDAFHN@?5?5String?3?5?8?$CFs?8?$AN?6?$AA@ 00013a0c     nand.obj
 0001:00002a20       ??_C@_0BG@JPPPMJHI@?5?5dwImageType?3?50x?$CFx?$AN?6?$AA@ 00013a20     nand.obj
 0001:00002a38       ??_C@_0BH@GIKFDOPM@?5?5dwTtlSectors?3?50x?$CFx?$AN?6?$AA@ 00013a38     nand.obj
 0001:00002a50       ??_C@_0BI@KMNKEIIG@?5?5dwLoadAddress?3?50x?$CFx?$AN?6?$AA@ 00013a50     nand.obj
 0001:00002a68       ??_C@_0BI@DOAODCJF@?5?5dwJumpAddress?3?50x?$CFx?$AN?6?$AA@ 00013a68     nand.obj
 0001:00002a80       ??_C@_0BI@GHCLPFMO@?5?5dwStoreOffset?3?50x?$CFx?$AN?6?$AA@ 00013a80     nand.obj
 0001:00002a98       ??_C@_0CA@NEPLBIBK@chainInfo?4dwLoadAddress?3?50X?$CFX?$AN?6?$AA@ 00013a98     nand.obj
 0001:00002ab8       ??_C@_0CB@OANIHCAF@chainInfo?4dwFlashAddress?3?50X?$CFX?$AN?6@ 00013ab8     nand.obj
 0001:00002adc       ??_C@_0BL@PEHJLAFE@chainInfo?4dwLength?3?50X?$CFX?$AN?6?$AA@ 00013adc     nand.obj
 0001:00002af8       ??_C@_0CL@GIIMEPHI@?$CB?$CB?$CBInvalid?5Image?5Descriptor?3?5id?$FL@ 00013af8     nand.obj
 0001:00002b24       ??_C@_0BE@ENIFMMGA@g_dwTocEntry?5?3?5?$CFd?$AN?6?$AA@ 00013b24     nand.obj
 0001:00002b38       ??_C@_07PPPGNDLI@TOC?5?$HL?$AN?6?$AA@ 00013b38     nand.obj
 0001:00002b40       ??_C@_0BE@LKCNKEHD@dwSignature?3?50x?$CFx?$AN?6?$AA@ 00013b40     nand.obj
 0001:00002b54       ??_C@_09IMLFAILL@eboot?4nb0?$AA@ 00013b54     nand.obj
 0001:00002b60       ??_C@_0CO@ODPPDMDA@ERROR?3?5OEMLaunch?3?5unknown?5image?5@ 00013b60     nand.obj
 0001:00002b90       ??_C@_0CN@IACCBENF@?$AN?6?$CK?$CK?$CK?5WARNING?3?5TOC_Init?5blasting@ 00013b90     nand.obj
 0001:00002bc0       ??_C@_0GH@LGOMHGNJ@TOC_Init?3?5dwEntry?3?$CFu?0?5dwImageTyp@ 00013bc0     nand.obj
 0001:00002c28       ??_C@_0M@MACJOMKC@?9TOC_Read?$AN?6?$AA@ 00013c28     nand.obj
 0001:00002c38       ??_C@_0EP@GMLODEBC@TOC_Read?5WARN?3?5Eboot?5version?5mis@ 00013c38     nand.obj
 0001:00002c88       ??_C@_0CI@ELLBPMCL@Invalidating?5TOC?5for?5re?9initiali@ 00013c88     nand.obj
 0001:00002cb0       ??_C@_0CO@LOFHMIMD@TOC_Read?5ERROR?3?5INVALID_TOC?5Sign@ 00013cb0     nand.obj
 0001:00002ce0       ??_C@_1CM@HJIFBJAP@?$AAT?$AAO?$AAC?$AA_?$AAR?$AAe?$AAa?$AAd?$AA?5?$AAF?$AAa?$AAi?$AAl?$AAe?$AAd?$AA?5?$AA?$CB?$AA?$CB?$AA?$CB?$AA?$AN?$AA?6?$AA?$AA@ 00013ce0     nand.obj
 0001:00002d0c       ??_C@_1CK@MPNMPIKC@?$AAT?$AAo?$AAo?$AA?5?$AAm?$AAa?$AAn?$AAy?$AA?5?$AAB?$AAa?$AAd?$AA?5?$AAB?$AAl?$AAo?$AAc?$AAk?$AA?$AN?$AA?6?$AA?$AA@ 00013d0c     nand.obj
 0001:00002d38       ??_C@_1CO@PHLOKOH@?$AAB?$AAa?$AAd?$AA?5?$AAB?$AAl?$AAo?$AAc?$AAk?$AA?5?$AA?$CF?$AAd?$AA?5?$AAS?$AAk?$AAi?$AAp?$AAp?$AAe?$AAd?$AA?$AN?$AA?6?$AA?$AA@ 00013d38     nand.obj
 0001:00002d68       ??_C@_1GG@MEIJHOLM@?$AA?$FL?$AAE?$AAR?$AAR?$AA?$FN?$AA?5?$AAF?$AAI?$AAL?$AA?5?$AAR?$AAe?$AAa?$AAd?$AA?5?$AAE?$AAr?$AAr?$AAo?$AAr?$AA?5?$AA?$EA?$AA?5?$AA?$CF?$AAd?$AA?5?$AAB?$AAl?$AAo?$AAc?$AAk?$AA?5@ 00013d68     nand.obj
 0001:00002dd0       ??_C@_0CA@JBNMNLHC@TOC_Read?5ERROR?3?5no?5boot?5media?$AN?6?$AA@ 00013dd0     nand.obj
 0001:00002df0       ??_C@_0L@FGOFEBDH@TOC_Read?$AN?6?$AA@ 00013df0     nand.obj
 0001:00002e00       ??_C@_1EC@EAAHGAJD@?$AA?$FL?$AAO?$AAK?$AA?$FN?$AA?5?$AAW?$AAr?$AAi?$AAt?$AAe?$AA?5?$AA?$CF?$AAd?$AA?5?$AAt?$AAh?$AA?5?$AAB?$AAl?$AAo?$AAc?$AAk?$AA?5?$AAS?$AAu?$AAc?$AAc?$AAe?$AAs?$AAs?$AA?$AN?$AA?6@ 00013e00     nand.obj
 0001:00002e44       ??_C@_0N@FPAAHDAA@?9TOC_Write?$AN?6?$AA@ 00013e44     nand.obj
 0001:00002e54       ??_C@_1CO@IDADLJPD@?$AAT?$AAO?$AAC?$AA_?$AAW?$AAr?$AAi?$AAt?$AAe?$AA?5?$AAF?$AAa?$AAi?$AAl?$AAe?$AAd?$AA?5?$AA?$CB?$AA?$CB?$AA?$CB?$AA?$AN?$AA?6?$AA?$AA@ 00013e54     nand.obj
 0001:00002e88       ??_C@_1GC@LPIGNJBC@?$AA?$FL?$AAE?$AAR?$AAR?$AA?$FN?$AA?5?$AAV?$AAe?$AAr?$AAi?$AAf?$AAy?$AA?5?$AAE?$AAr?$AAr?$AAo?$AAr?$AA?5?$AA?$EA?$AA?5?$AA?$CF?$AAd?$AA?5?$AAB?$AAl?$AAo?$AAc?$AAk?$AA?5?$AA?$CF?$AAd@ 00013e88     nand.obj
 0001:00002ef0       ??_C@_1GI@PCIGLLGO@?$AA?$FL?$AAE?$AAR?$AAR?$AA?$FN?$AA?5?$AAF?$AAI?$AAL?$AA?5?$AAW?$AAr?$AAi?$AAt?$AAe?$AA?5?$AAE?$AAr?$AAr?$AAo?$AAr?$AA?5?$AA?$EA?$AA?5?$AA?$CF?$AAd?$AA?5?$AAB?$AAl?$AAo?$AAc?$AAk@ 00013ef0     nand.obj
 0001:00002f58       ??_C@_1FI@OLPFHNL@?$AA?$FL?$AAE?$AAR?$AAR?$AA?$FN?$AA?5?$AAF?$AAI?$AAL?$AA?5?$AAE?$AAr?$AAa?$AAs?$AAe?$AA?5?$AAE?$AAr?$AAr?$AAo?$AAr?$AA?5?$AA?$EA?$AA?5?$AA?$CF?$AAd?$AA?5?$AAb?$AAl?$AAo?$AAc?$AAk@ 00013f58     nand.obj
 0001:00002fb0       ??_C@_0DF@ECGNLKOF@TOC_Write?5ERROR?3?5INVALID_IMAGE?$FL?$CF@ 00013fb0     nand.obj
 0001:00002fe8       ??_C@_0CP@EFNMKHDO@TOC_Write?5ERROR?3?5INVALID_TOC?5Sig@ 00013fe8     nand.obj
 0001:00003018       ??_C@_0CA@JLLBILBC@TOC_Write?5WARN?3?5no?5boot?5media?$AN?6?$AA@ 00014018     nand.obj
 0001:00003038       ??_C@_0N@PPOFKMNN@?$CLTOC_Write?$AN?6?$AA@ 00014038     nand.obj
 0001:00003048       ??_C@_0BL@IBNCBFJM@?$FLDump?5XIP?5Chain?5Summary?$FN?$AN?6?$AA@ 00014048     nand.obj
 0001:00003064       ??_C@_0BC@PLGJLODE@?5?9?5pvAddr?3?50x?$CFx?$AN?6?$AA@ 00014064     nand.obj
 0001:00003078       ??_C@_0BG@CEJEPBJC@?5?9?5dwMaxLength?5?3?5?$CFd?$AN?6?$AA@ 00014078     nand.obj
 0001:00003090       ??_C@_0BE@JKLHJCHG@?5?9?5usOrder?5?3?50x?$CFx?$AN?6?$AA@ 00014090     nand.obj
 0001:000030a4       ??_C@_0BE@HBHGBOLJ@?5?9?5usFlags?5?3?50x?$CFx?$AN?6?$AA@ 000140a4     nand.obj
 0001:000030b8       ??_C@_0BF@DJKNPPCN@?5?9?5reserved?5?3?50x?$CFx?$AN?6?$AA@ 000140b8     nand.obj
 0001:000030d0       ??_C@_1DG@POCFDGNP@?$AA?9?$AAW?$AAr?$AAi?$AAt?$AAe?$AAO?$AAS?$AAI?$AAm?$AAa?$AAg?$AAe?$AAT?$AAo?$AAB?$AAo?$AAo?$AAt?$AAM?$AAe?$AAd?$AAi?$AAa?$AA?$AN?$AA?6?$AA?$AA@ 000140d0     nand.obj
 0001:00003108       ??_C@_0GF@IDOMNDPN@ERROR?3?5StoreImageToBootMedia?3?5Fa@ 00014108     nand.obj
 0001:00003170       ??_C@_1KO@MJDOHGFA@?$AAE?$AAR?$AAR?$AAO?$AAR?$AA?3?$AA?5?$AAS?$AAt?$AAo?$AAr?$AAe?$AAI?$AAm?$AAa?$AAg?$AAe?$AAT?$AAo?$AAB?$AAo?$AAo?$AAt?$AAM?$AAe?$AAd?$AAi?$AAa?$AA?3?$AA?5?$AAF?$AAa@ 00014170     nand.obj
 0001:00003220       ??_C@_1EG@FCAEHLKA@?$AAW?$AAr?$AAi?$AAt?$AAt?$AAe?$AAn?$AA?5?$AAC?$AAh?$AAa?$AAi?$AAn?$AA?5?$AAR?$AAe?$AAg?$AAi?$AAo?$AAn?$AA?5?$AAt?$AAo?$AA?5?$AAt?$AAh?$AAe?$AA?5?$AAF?$AAl?$AAa?$AAs@ 00014220     nand.obj
 0001:00003268       ??_C@_1HA@BPAKPOPG@?$AAL?$AAo?$AAa?$AAd?$AAA?$AAd?$AAd?$AAr?$AAe?$AAs?$AAs?$AA?5?$AA?$DN?$AA?5?$AA0?$AAx?$AA?$CF?$AAX?$AA?$DL?$AA?5?$AAF?$AAl?$AAa?$AAs?$AAh?$AAA?$AAd?$AAd?$AAr?$AAe?$AAs?$AAs@ 00014268     nand.obj
 0001:000032d8       ??_C@_1LO@FPDKGGPD@?$AA?5?$AAm?$AAe?$AAm?$AAc?$AAp?$AAy?$AA?5?$AA?3?$AA?5?$AAg?$AA_?$AAp?$AAT?$AAO?$AAC?$AA?9?$AA?$DO?$AAc?$AAh?$AAa?$AAi?$AAn?$AAI?$AAn?$AAf?$AAo?$AA?4?$AAd?$AAw?$AAL?$AAo@ 000142d8     nand.obj
 0001:00003398       ??_C@_1GI@JJEJHBOH@?$AAU?$AAp?$AAd?$AAa?$AAt?$AAe?$AA?5?$AAL?$AAa?$AAs?$AAt?$AA?5?$AAT?$AAO?$AAC?$AA?$FL?$AA?$CF?$AAd?$AA?$FN?$AA?5?$AAE?$AAn?$AAt?$AAr?$AAy?$AA?5?$AAt?$AAo?$AA?5?$AAT?$AAO?$AAC@ 00014398     nand.obj
 0001:00003400       ??_C@_0BJ@KKEBOGIN@BIN?5Region?5Number?5?3?5?$CFd?$AN?6?$AA@ 00014400     nand.obj
 0001:0000341c       ??_C@_1BM@PDLLOMNB@?$AAn?$AAC?$AAo?$AAu?$AAn?$AAt?$AA?5?$AA?$DN?$AA?5?$AA?$CF?$AAd?$AA?5?$AA?6?$AA?$AA@ 0001441c     nand.obj
 0001:00003438       ??_C@_1IG@CHAJDFJE@?$AAE?$AAR?$AAR?$AAO?$AAR?$AA?3?$AA?5?$AAW?$AAr?$AAi?$AAt?$AAe?$AAO?$AAS?$AAI?$AAm?$AAa?$AAg?$AAe?$AAT?$AAo?$AAB?$AAo?$AAo?$AAt?$AAM?$AAe?$AAd?$AAi?$AAa?$AA?3?$AA?5@ 00014438     nand.obj
 0001:000034c0       ??_C@_1BO@IDHKDHGG@?$AAd?$AAw?$AAB?$AAl?$AAo?$AAc?$AAk?$AA?5?$AA?$DN?$AA?5?$AA?$CF?$AAd?$AA?5?$AA?6?$AA?$AA@ 000144c0     nand.obj
 0001:000034e0       ??_C@_1II@PAOHGILJ@?$AAW?$AAr?$AAi?$AAt?$AAi?$AAn?$AAg?$AA?5?$AAs?$AAi?$AAn?$AAg?$AAl?$AAe?$AA?5?$AAr?$AAe?$AAg?$AAi?$AAo?$AAn?$AA?1?$AAm?$AAu?$AAl?$AAt?$AAi?$AA?9?$AAr?$AAe?$AAg?$AAi@ 000144e0     nand.obj
 0001:00003568       ??_C@_1DO@OHELMHEB@?$AAd?$AAw?$AAM?$AAa?$AAx?$AAR?$AAe?$AAg?$AAi?$AAo?$AAn?$AAL?$AAe?$AAn?$AAg?$AAt?$AAh?$AA?$FL?$AA?$CF?$AAu?$AA?$FN?$AA?3?$AA?5?$AA0?$AAx?$AA?$CF?$AAx?$AA?5?$AA?$AN?$AA?6?$AA?$AA@ 00014568     nand.obj
 0001:000035a8       ??_C@_1HE@PPADBCIO@?$AAB?$AAI?$AAN?$AAF?$AAS?$AAP?$AAa?$AAr?$AAt?$AAM?$AAa?$AAx?$AAL?$AAe?$AAn?$AAg?$AAt?$AAh?$AA?$FL?$AA?$CF?$AAu?$AA?$FN?$AA?3?$AA?5?$AA0?$AAx?$AA?$CF?$AAx?$AA?0?$AA?5?$AAT?$AAt@ 000145a8     nand.obj
 0001:00003620       ??_C@_1FG@KMPOIODG@?$AAW?$AAr?$AAi?$AAt?$AAi?$AAn?$AAg?$AA?5?$AAm?$AAu?$AAl?$AAt?$AAi?$AA?9?$AAr?$AAe?$AAg?$AAi?$AAo?$AAn?$AAs?$AA?5?$AA?3?$AA?5?$AAT?$AAo?$AAt?$AAa?$AAl?$AA?5?$AA?$CF?$AAd@ 00014620     nand.obj
 0001:00003678       ??_C@_0EP@NGMELKFI@INFO?3?5?$CFs?3?5?$FL?$CFd?$FN?5Found?5?8chain?5info@ 00014678     nand.obj
 0001:000036c8       ??_C@_1HE@HNAKDIOL@?$AAF?$AAo?$AAu?$AAn?$AAd?$AA?5?$AAt?$AAh?$AAe?$AA?5?$AAC?$AAh?$AAa?$AAi?$AAn?$AA?5?$AAr?$AAe?$AAg?$AAi?$AAo?$AAn?$AA?3?$AA?5?$AAS?$AAt?$AAa?$AAr?$AAt?$AAA?$AAd?$AAd@ 000146c8     nand.obj
 0001:0000373c       ??_C@_0DH@EIKLFMII@Not?5Found?5pExtPointer?0?5Check?5if?5@ 0001473c     nand.obj
 0001:00003774       ??_C@_0BC@IKEOGALG@chain?5information?$AA@ 00014774     nand.obj
 0001:00003788       ??_C@_0DE@DNDHKIDM@INFO?3?5?$CFs?3?5?$FL?$CFd?$FN?5Found?5chain?5exten@ 00014788     nand.obj
 0001:000037bc       ??_C@_0BI@OJAPOKOJ@WriteOSImageToBootMedia?$AA@ 000147bc     nand.obj
 0001:000037d8       ??_C@_0EA@FKPGOBJL@INFO?3?5?$CFs?3?5?$FL?$CFd?$FN?5RegionStart?30x?$CFx?0@ 000147d8     nand.obj
 0001:00003818       ??_C@_1CK@MNFIFCLN@?$AAE?$AAR?$AAR?$AAO?$AAR?$AA?3?$AA?5?$AAI?$AAN?$AAV?$AAA?$AAL?$AAI?$AAD?$AA_?$AAT?$AAO?$AAC?$AA?$AN?$AA?6?$AA?$AA@ 00014818     nand.obj
 0001:00003848       ??_C@_1FK@CHPOOIKC@?$AAW?$AAA?$AAR?$AAN?$AA?3?$AA?5?$AAW?$AAr?$AAi?$AAt?$AAe?$AAO?$AAS?$AAI?$AAm?$AAa?$AAg?$AAe?$AAT?$AAo?$AAB?$AAo?$AAo?$AAt?$AAM?$AAe?$AAd?$AAi?$AAa?$AA?3?$AA?5?$AAI@ 00014848     nand.obj
 0001:000038a8       ??_C@_1EC@PDOLJFJI@?$AAE?$AAr?$AAa?$AAs?$AAe?$AA?5?$AAB?$AAl?$AAo?$AAc?$AAk?$AA?5?$AAf?$AAr?$AAo?$AAm?$AA?5?$AA0?$AAx?$AA?$CF?$AAx?$AA?0?$AA?5?$AAt?$AAo?$AA?5?$AA0?$AAx?$AA?$CF?$AAx?$AA?5?$AA?6@ 000148a8     nand.obj
 0001:000038ec       ??_C@_1DE@JIMLNKLO@?$AAg?$AA_?$AAd?$AAw?$AAM?$AAB?$AAR?$AAS?$AAe?$AAc?$AAt?$AAo?$AAr?$AAN?$AAu?$AAm?$AA?5?$AA?$DN?$AA?5?$AA0?$AAx?$AA?$CF?$AAx?$AA?$AN?$AA?6?$AA?$AA@ 000148ec     nand.obj
 0001:00003920       ??_C@_1HA@HNEHDFFG@?$AAE?$AAR?$AAR?$AAO?$AAR?$AA?3?$AA?5?$AAW?$AAr?$AAi?$AAt?$AAe?$AAO?$AAS?$AAI?$AAm?$AAa?$AAg?$AAe?$AAT?$AAo?$AAB?$AAo?$AAo?$AAt?$AAM?$AAe?$AAd?$AAi?$AAa?$AA?3?$AA?5@ 00014920     nand.obj
 0001:00003990       ??_C@_1MG@MHFAIABJ@?$AA?$CL?$AAW?$AAr?$AAi?$AAt?$AAe?$AAO?$AAS?$AAI?$AAm?$AAa?$AAg?$AAe?$AAT?$AAo?$AAB?$AAo?$AAo?$AAt?$AAM?$AAe?$AAd?$AAi?$AAa?$AA?3?$AA?5?$AAg?$AA_?$AAd?$AAw?$AAT?$AAo@ 00014990     nand.obj
 0001:00003a58       ??_C@_1DG@PLPIMDGL@?$AA?$CL?$AAW?$AAr?$AAi?$AAt?$AAe?$AAO?$AAS?$AAI?$AAm?$AAa?$AAg?$AAe?$AAT?$AAo?$AAB?$AAo?$AAo?$AAt?$AAM?$AAe?$AAd?$AAi?$AAa?$AA?$AN?$AA?6?$AA?$AA@ 00014a58     nand.obj
 0001:00003a90       ??_C@_1NA@EBFDCEFM@?$AAR?$AAe?$AAa?$AAd?$AAO?$AAS?$AAI?$AAm?$AAa?$AAg?$AAe?$AAF?$AAr?$AAo?$AAm?$AAB?$AAo?$AAo?$AAt?$AAM?$AAe?$AAd?$AAi?$AAa?$AA?3?$AA?5?$AAE?$AAR?$AAR?$AAO?$AAR?$AA_@ 00014a90     nand.obj
 0001:00003b60       ??_C@_1DI@KLCKJDOE@?$AA_?$AAR?$AAe?$AAa?$AAd?$AAO?$AAS?$AAI?$AAm?$AAa?$AAg?$AAe?$AAF?$AAr?$AAo?$AAm?$AAB?$AAo?$AAo?$AAt?$AAM?$AAe?$AAd?$AAi?$AAa?$AA?$AN?$AA?6?$AA?$AA@ 00014b60     nand.obj
 0001:00003b98       ??_C@_1FA@LCKCOMNP@?$AA?$AN?$AA?6?$AAR?$AAe?$AAa?$AAd?$AA?5?$AAO?$AAS?$AA?5?$AAi?$AAm?$AAa?$AAg?$AAe?$AA?5?$AAt?$AAo?$AA?5?$AAB?$AAo?$AAo?$AAt?$AAM?$AAe?$AAd?$AAi?$AAa?$AA?5?$AAS?$AAu?$AAc@ 00014b98     nand.obj
 0001:00003be8       ??_C@_1EC@MGJCGBIB@?$AA?$FL?$AAE?$AAR?$AAR?$AA?$FN?$AA?5?$AAV?$AAF?$AAL?$AA?5?$AAR?$AAe?$AAa?$AAd?$AA?5?$AAE?$AAr?$AAr?$AAo?$AAr?$AA?5?$AA?$EA?$AA?5?$AA?$CF?$AAd?$AA?5?$AAp?$AAa?$AAg?$AAe?$AA?$AN?$AA?6@ 00014be8     nand.obj
 0001:00003c30       ??_C@_1FA@BOPBJJCL@?$AAR?$AAe?$AAa?$AAd?$AA?5?$AAO?$AAS?$AA?5?$AAi?$AAm?$AAa?$AAg?$AAe?$AA?5?$AAt?$AAo?$AA?5?$AAB?$AAo?$AAo?$AAt?$AAM?$AAe?$AAd?$AAi?$AAa?$AA?5?$AAF?$AAa?$AAi?$AAl?$AAe@ 00014c30     nand.obj
 0001:00003c80       ??_C@_1DM@JPMGMLFA@?$AAR?$AAe?$AAa?$AAd?$AA?5?$AAO?$AAS?$AA?5?$AAi?$AAm?$AAa?$AAg?$AAe?$AA?5?$AAt?$AAo?$AA?5?$AAB?$AAo?$AAo?$AAt?$AAM?$AAe?$AAd?$AAi?$AAa?$AA?5?$AA?$AN?$AA?6?$AA?$AA@ 00014c80     nand.obj
 0001:00003cbc       ??_C@_1DC@OFIKJCHM@?$AAI?$AAm?$AAa?$AAg?$AAe?$AAL?$AAe?$AAn?$AAg?$AAt?$AAh?$AA?5?$AA?$DN?$AA?5?$AA?$CF?$AAd?$AA?5?$AAB?$AAy?$AAt?$AAe?$AA?5?$AA?$AN?$AA?6?$AA?$AA@ 00014cbc     nand.obj
 0001:00003cf0       ??_C@_1GE@LGNNJHBJ@?$AAS?$AAt?$AAa?$AAr?$AAt?$AA?5?$AAP?$AAa?$AAg?$AAe?$AA?5?$AA?$DN?$AA?5?$AA?$CF?$AAd?$AA?0?$AA?5?$AAE?$AAn?$AAd?$AA?5?$AAP?$AAa?$AAg?$AAe?$AA?5?$AA?$DN?$AA?5?$AA?$CF?$AAd?$AA?0?$AA?5@ 00014cf0     nand.obj
 0001:00003d58       ??_C@_1IC@JMFJGKLL@?$AAR?$AAe?$AAa?$AAd?$AAO?$AAS?$AAI?$AAm?$AAa?$AAg?$AAe?$AAF?$AAr?$AAo?$AAm?$AAB?$AAo?$AAo?$AAt?$AAM?$AAe?$AAd?$AAi?$AAa?$AA?3?$AA?5?$AAE?$AAR?$AAR?$AAO?$AAR?$AA_@ 00014d58     nand.obj
 0001:00003de0       ??_C@_1FO@NFLBHKMP@?$AAE?$AAR?$AAR?$AAO?$AAR?$AA?3?$AA?5?$AAR?$AAe?$AAa?$AAd?$AAO?$AAS?$AAI?$AAm?$AAa?$AAg?$AAe?$AAF?$AAr?$AAo?$AAm?$AAB?$AAo?$AAo?$AAt?$AAM?$AAe?$AAd?$AAi?$AAa?$AA?3@ 00014de0     nand.obj
 0001:00003e40       ??_C@_1HC@CDNBIAAD@?$AAE?$AAR?$AAR?$AAO?$AAR?$AA?3?$AA?5?$AAR?$AAe?$AAa?$AAd?$AAO?$AAS?$AAI?$AAm?$AAa?$AAg?$AAe?$AAF?$AAr?$AAo?$AAm?$AAB?$AAo?$AAo?$AAt?$AAM?$AAe?$AAd?$AAi?$AAa?$AA?3@ 00014e40     nand.obj
 0001:00003eb4       ??_C@_1DI@NDJOHNCP@?$AA?$CL?$AAR?$AAe?$AAa?$AAd?$AAO?$AAS?$AAI?$AAm?$AAa?$AAg?$AAe?$AAF?$AAr?$AAo?$AAm?$AAB?$AAo?$AAo?$AAt?$AAM?$AAe?$AAd?$AAi?$AAa?$AA?$AN?$AA?6?$AA?$AA@ 00014eb4     nand.obj
 0001:00003ef0       ??_C@_1FE@JFBKNMHC@?$AAW?$AAr?$AAi?$AAt?$AAe?$AA?5?$AAR?$AAA?$AAW?$AA?5?$AAi?$AAm?$AAa?$AAg?$AAe?$AA?5?$AAt?$AAo?$AA?5?$AAB?$AAo?$AAo?$AAt?$AAM?$AAe?$AAd?$AAi?$AAa?$AA?5?$AAF?$AAa?$AAi@ 00014ef0     nand.obj
 0001:00003f48       ??_C@_1GK@FBAKHKMK@?$AAS?$AAt?$AAa?$AAr?$AAt?$AA?5?$AAB?$AAl?$AAo?$AAc?$AAk?$AA?5?$AA?$DN?$AA?5?$AA?$CF?$AAd?$AA?0?$AA?5?$AAE?$AAn?$AAd?$AA?5?$AAB?$AAl?$AAo?$AAc?$AAk?$AA?5?$AA?$DN?$AA?5?$AA?$CF?$AAd@ 00014f48     nand.obj
 0001:00003fb8       ??_C@_1FM@MMAGEFKH@?$AAW?$AAA?$AAR?$AAN?$AA?3?$AA?5?$AAW?$AAr?$AAi?$AAt?$AAe?$AAR?$AAa?$AAw?$AAI?$AAm?$AAa?$AAg?$AAe?$AAT?$AAo?$AAB?$AAo?$AAo?$AAt?$AAM?$AAe?$AAd?$AAi?$AAa?$AA?3?$AA?5@ 00014fb8     nand.obj
 0001:00004014       ??_C@_1DI@LKFDKOOB@?$AA_?$AAW?$AAr?$AAi?$AAt?$AAe?$AAR?$AAa?$AAw?$AAI?$AAm?$AAa?$AAg?$AAe?$AAT?$AAo?$AAB?$AAo?$AAo?$AAt?$AAM?$AAe?$AAd?$AAi?$AAa?$AA?$AN?$AA?6?$AA?$AA@ 00015014     nand.obj
 0001:00004050       ??_C@_1FM@DFDFHNCN@?$AAW?$AAr?$AAi?$AAt?$AAe?$AA?5?$AAS?$AAt?$AAe?$AAp?$AAl?$AAo?$AAa?$AAd?$AAe?$AAr?$AA?5?$AAi?$AAm?$AAa?$AAg?$AAe?$AA?5?$AAt?$AAo?$AA?5?$AAB?$AAo?$AAo?$AAt?$AAM?$AAe@ 00015050     nand.obj
 0001:000040b0       ??_C@_1GI@IEMMEGDC@?$AAC?$AAa?$AAn?$AAn?$AAo?$AAt?$AA?5?$AAW?$AAr?$AAi?$AAt?$AAe?$AA?5?$AAi?$AAm?$AAa?$AAg?$AAe?$AA?5?$AAo?$AAn?$AA?5?$AAp?$AAa?$AAg?$AAe?$AA?5?$AA?$CF?$AAd?$AA?5?$AA?$CI?$AAR@ 000150b0     nand.obj
 0001:00004118       ??_C@_1EE@JDGICMH@?$AA?$FL?$AAE?$AAR?$AAR?$AA?$FN?$AA?5?$AAF?$AAI?$AAL?$AA?5?$AAW?$AAr?$AAi?$AAt?$AAe?$AA?5?$AAE?$AAr?$AAr?$AAo?$AAr?$AA?5?$AA?$EA?$AA?5?$AA?$CF?$AAd?$AA?5?$AAp?$AAa?$AAg?$AAe?$AA?$AN@ 00015118     nand.obj
 0001:00004160       ??_C@_1EG@FNBHEAIG@?$AA?$FL?$AAE?$AAR?$AAR?$AA?$FN?$AA?5?$AAF?$AAI?$AAL?$AA?5?$AAE?$AAr?$AAa?$AAs?$AAe?$AA?5?$AAE?$AAr?$AAr?$AAo?$AAr?$AA?5?$AA?$EA?$AA?5?$AA?$CF?$AAd?$AA?5?$AAb?$AAl?$AAo?$AAc?$AAk@ 00015160     nand.obj
 0001:000041a8       ??_C@_1GC@MJNCNPAN@?$AAW?$AAr?$AAi?$AAt?$AAe?$AA?5?$AAS?$AAt?$AAe?$AAp?$AAl?$AAo?$AAa?$AAd?$AAe?$AAr?$AA?5?$AAi?$AAm?$AAa?$AAg?$AAe?$AA?5?$AAt?$AAo?$AA?5?$AAB?$AAo?$AAo?$AAt?$AAM?$AAe@ 000151a8     nand.obj
 0001:00004210       ??_C@_1EG@NAEPMLBA@?$AA?5?$AAd?$AAw?$AAP?$AAa?$AAg?$AAe?$AA?5?$AA?$DN?$AA?5?$AA0?$AAx?$AA?$CF?$AAx?$AA?0?$AA?5?$AAp?$AAb?$AAB?$AAu?$AAf?$AAf?$AAe?$AAr?$AA?5?$AA?$DN?$AA?5?$AA0?$AAx?$AA?$CF?$AAx?$AA?5@ 00015210     nand.obj
 0001:00004258       ??_C@_1IE@CAFKOEIC@?$AAW?$AAr?$AAi?$AAt?$AAe?$AA?5?$AAS?$AAt?$AAe?$AAp?$AAl?$AAo?$AAa?$AAd?$AAe?$AAr?$AA?5?$AA?$CI?$AAN?$AAB?$AAL?$AA1?$AA?$CL?$AAN?$AAB?$AAL?$AA2?$AA?$CJ?$AA?5?$AAi?$AAm?$AAa@ 00015258     nand.obj
 0001:000042e0       ??_C@_1KO@MJEOKFDA@?$AAV?$AAF?$AAL?$AA?5?$AAF?$AAo?$AAr?$AAm?$AAa?$AAt?$AAt?$AAe?$AAd?$AA?4?$AA?4?$AA?4?$AA?5?$AAB?$AAu?$AAt?$AA?5?$AAT?$AAh?$AAe?$AAr?$AAe?$AA?5?$AAi?$AAs?$AA?5?$AAn?$AAo@ 000152e0     nand.obj
 0001:00004390       ??_C@_1DA@BPGGFBOJ@?$AAV?$AAF?$AAL?$AA?5?$AAA?$AAl?$AAr?$AAe?$AAa?$AAd?$AAy?$AA?5?$AAF?$AAo?$AAr?$AAm?$AAa?$AAt?$AAt?$AAe?$AAd?$AA?$AN?$AA?6?$AA?$AA@ 00015390     nand.obj
 0001:000043c0       ??_C@_1FC@LIIJKIPD@?$AAW?$AAr?$AAi?$AAt?$AAe?$AA?5?$AAE?$AAb?$AAo?$AAo?$AAt?$AA?5?$AAi?$AAm?$AAa?$AAg?$AAe?$AA?5?$AAt?$AAo?$AA?5?$AAB?$AAo?$AAo?$AAt?$AAM?$AAe?$AAd?$AAi?$AAa?$AA?5?$AAS@ 000153c0     nand.obj
 0001:00004418       ??_C@_1EE@JICDIMNH@?$AAW?$AAr?$AAi?$AAt?$AAe?$AA?5?$AAE?$AAb?$AAo?$AAo?$AAt?$AA?5?$AAi?$AAm?$AAa?$AAg?$AAe?$AA?5?$AAt?$AAo?$AA?5?$AAB?$AAo?$AAo?$AAt?$AAM?$AAe?$AAd?$AAi?$AAa?$AA?5?$AA?$AN@ 00015418     nand.obj
 0001:00004460       ??_C@_1HC@CDFDJJMD@?$AAE?$AAR?$AAR?$AAO?$AAR?$AA?3?$AA?5?$AAW?$AAr?$AAi?$AAt?$AAe?$AAR?$AAa?$AAw?$AAI?$AAm?$AAa?$AAg?$AAe?$AAT?$AAo?$AAB?$AAo?$AAo?$AAt?$AAM?$AAe?$AAd?$AAi?$AAa?$AA?3@ 00015460     nand.obj
 0001:000044d4       ??_C@_1DI@MCOHEACK@?$AA?$CL?$AAW?$AAr?$AAi?$AAt?$AAe?$AAR?$AAa?$AAw?$AAI?$AAm?$AAa?$AAg?$AAe?$AAT?$AAo?$AAB?$AAo?$AAo?$AAt?$AAM?$AAe?$AAd?$AAi?$AAa?$AA?$AN?$AA?6?$AA?$AA@ 000154d4     nand.obj
 0001:0000450c       ??_C@_1BI@DHFNLOND@?$AAS?$AAp?$AAa?$AAr?$AAe?$AA?5?$AAD?$AAa?$AAt?$AAa?$AA?6?$AA?$AA@ 0001550c     nand.obj
 0001:00004528       ??_C@_1GG@NNNAIGB@?$AA?$DN?$AA?$DN?$AA?$DN?$AA?$DN?$AA?$DN?$AA?$DN?$AA?$DN?$AA?$DN?$AA?$DN?$AA?$DN?$AA?$DN?$AA?$DN?$AA?$DN?$AA?$DN?$AA?$DN?$AA?$DN?$AA?$DN?$AA?$DN?$AA?$DN?$AA?$DN?$AA?$DN?$AA?$DN?$AA?$DN?$AA?$DN?$AA?$DN?$AA?$DN?$AA?$DN?$AA?$DN?$AA?$DN?$AA?$DN?$AA?$DN?$AA?$DN@ 00015528     nand.obj
 0001:00004590       ??_C@_13LBAGMAIH@?$AA?6?$AA?$AA@ 00015590     nand.obj
 0001:00004594       ??_C@_1M@OMOAGDNC@?$AA?$CF?$AA0?$AA2?$AAx?$AA?5?$AA?$AA@ 00015594     nand.obj
 0001:000045a0       ??_C@_1BA@CEJCODBI@?$AA?$CF?$AA0?$AA8?$AAx?$AAh?$AA?3?$AA?5?$AA?$AA@ 000155a0     nand.obj
 0001:000045b0       ??_C@_1IO@JAIAANHK@?$AA?$DN?$AA?$DN?$AA?$DN?$AA?$DN?$AA?$DN?$AA?$DN?$AA?$DN?$AA?$DN?$AA?$DN?$AA?$DN?$AA?$DN?$AA?$DN?$AA?$DN?$AA?$DN?$AA?$DN?$AA?$DN?$AA?$DN?$AA?$DN?$AA?$DN?$AA?$DN?$AA?$DN?$AA?$DN?$AA?$DN?$AA?$DN?$AA?$DN?$AA?$DN?$AA?$DN?$AA?$DN?$AA?$DN?$AA?$DN?$AA?$DN?$AA?$DN@ 000155b0     nand.obj
 0001:00004640       ??_C@_1BI@PAHGEPNF@?$AAM?$AAa?$AAi?$AAn?$AA?5?$AAD?$AAa?$AAt?$AAa?$AA?$AN?$AA?6?$AA?$AA@ 00015640     nand.obj
 0001:00004658       ??_C@_1HK@CFAMJGAD@?$AA?$DN?$AA?$DN?$AA?$DN?$AA?$DN?$AA?$DN?$AA?$DN?$AA?$DN?$AA?$DN?$AA?$DN?$AA?$DN?$AA?$DN?$AA?$DN?$AA?$DN?$AA?$DN?$AA?$DN?$AA?$DN?$AA?$DN?$AA?$DN?$AA?$DN?$AA?$DN?$AA?$DN?$AA?$DN?$AA?$DN?$AA?$DN?$AA?$DN?$AA?$DN?$AA?$DN?$AA?$DN?$AA?$DN?$AA?$DN?$AA?$DN?$AA?$DN@ 00015658     nand.obj
 0001:000046d8       ??_C@_1GE@PHAKMCB@?$AA?5?$AAW?$AAr?$AAo?$AAn?$AAg?$AA?5?$AAB?$AAl?$AAo?$AAc?$AAk?$AA?5?$AAN?$AAu?$AAm?$AAb?$AAe?$AAr?$AA?5?$AA?$CB?$AA?5?$AAY?$AAo?$AAu?$AA?5?$AAc?$AAa?$AAn?$AA?5?$AAe?$AAr@ 000156d8     nand.obj
 0001:0000473c       ??_C@_1CM@IBKKGJCB@?$AA?5?$AAF?$AAI?$AAL?$AA?5?$AAE?$AAr?$AAa?$AAs?$AAe?$AA?5?$AAS?$AAu?$AAc?$AAc?$AAe?$AAs?$AAs?$AA?5?$AA?$AN?$AA?6?$AA?$AA@ 0001573c     nand.obj
 0001:00004768       ??_C@_1CG@BCNEFHPF@?$AA?5?$AAF?$AAI?$AAL?$AA?5?$AAE?$AAr?$AAa?$AAs?$AAe?$AA?5?$AAF?$AAa?$AAi?$AAl?$AA?5?$AA?$AN?$AA?6?$AA?$AA@ 00015768     nand.obj
 0001:00004790       ??_C@_1CK@HKGDLOMI@?$AA?$AN?$AA?6?$AA?5?$AAF?$AAI?$AAL?$AA?5?$AAE?$AAr?$AAa?$AAs?$AAe?$AA?5?$AAT?$AAe?$AAs?$AAt?$AA?5?$AA?$AN?$AA?6?$AA?$AA@ 00015790     nand.obj
 0001:000047c0       ??_C@_1EI@DDDKFKLO@?$AA?5?$AAB?$AAl?$AAo?$AAc?$AAk?$AA?5?$AAN?$AAu?$AAm?$AAb?$AAe?$AAr?$AA?5?$AA?$FL?$AA9?$AA9?$AA9?$AA9?$AA9?$AA9?$AA9?$AA9?$AA?5?$AAt?$AAo?$AA?5?$AAe?$AAx?$AAi?$AAt?$AA?$FN@ 000157c0     nand.obj
 0001:00004808       ??_C@_1GC@CHDDHIOE@?$AA?5?$AAW?$AAr?$AAo?$AAn?$AAg?$AA?5?$AAP?$AAa?$AAg?$AAe?$AA?5?$AAN?$AAu?$AAm?$AAb?$AAe?$AAr?$AA?5?$AA?$CB?$AA?5?$AAY?$AAo?$AAu?$AA?5?$AAc?$AAa?$AAn?$AA?5?$AAw?$AAr?$AAi@ 00015808     nand.obj
 0001:0000486c       ??_C@_1CM@NBGHDPLM@?$AA?5?$AAF?$AAI?$AAL?$AA?5?$AAW?$AAr?$AAi?$AAt?$AAe?$AA?5?$AAS?$AAu?$AAc?$AAc?$AAe?$AAs?$AAs?$AA?5?$AA?$AN?$AA?6?$AA?$AA@ 0001586c     nand.obj
 0001:00004898       ??_C@_1CG@LNDEHOOB@?$AA?5?$AAF?$AAI?$AAL?$AA?5?$AAW?$AAr?$AAi?$AAt?$AAe?$AA?5?$AAF?$AAa?$AAi?$AAl?$AA?5?$AA?$AN?$AA?6?$AA?$AA@ 00015898     nand.obj
 0001:000048c0       ??_C@_1CK@NFIDJHNM@?$AA?$AN?$AA?6?$AA?5?$AAF?$AAI?$AAL?$AA?5?$AAW?$AAr?$AAi?$AAt?$AAe?$AA?5?$AAT?$AAe?$AAs?$AAt?$AA?5?$AA?$AN?$AA?6?$AA?$AA@ 000158c0     nand.obj
 0001:000048f0       ??_C@_1EG@CNLCDEHL@?$AA?5?$AAP?$AAa?$AAg?$AAe?$AA?5?$AAN?$AAu?$AAm?$AAb?$AAe?$AAr?$AA?5?$AA?$FL?$AA9?$AA9?$AA9?$AA9?$AA9?$AA9?$AA9?$AA9?$AA?5?$AAt?$AAo?$AA?5?$AAe?$AAx?$AAi?$AAt?$AA?$FN?$AA?5@ 000158f0     nand.obj
 0001:00004938       ??_C@_1FO@BHAEJECF@?$AA?5?$AAW?$AAr?$AAo?$AAn?$AAg?$AA?5?$AAP?$AAa?$AAg?$AAe?$AA?5?$AAN?$AAu?$AAm?$AAb?$AAe?$AAr?$AA?5?$AA?$CB?$AA?5?$AAY?$AAo?$AAu?$AA?5?$AAc?$AAa?$AAn?$AA?5?$AAr?$AAe?$AAa@ 00015938     nand.obj
 0001:00004998       ??_C@_1CK@NCMGBJNL@?$AA?5?$AAF?$AAI?$AAL?$AA?5?$AAR?$AAe?$AAa?$AAd?$AA?5?$AAS?$AAu?$AAc?$AAc?$AAe?$AAs?$AAs?$AA?5?$AA?$AN?$AA?6?$AA?$AA@ 00015998     nand.obj
 0001:000049c4       ??_C@_1CE@FLLKGOIA@?$AA?5?$AAF?$AAI?$AAL?$AA?5?$AAR?$AAe?$AAa?$AAd?$AA?5?$AAF?$AAa?$AAi?$AAl?$AA?5?$AA?$AN?$AA?6?$AA?$AA@ 000159c4     nand.obj
 0001:000049e8       ??_C@_1CI@CKOGPH@?$AA?$AN?$AA?6?$AA?5?$AAF?$AAI?$AAL?$AA?5?$AAR?$AAe?$AAa?$AAd?$AA?5?$AAT?$AAe?$AAs?$AAt?$AA?5?$AA?$AN?$AA?6?$AA?$AA@ 000159e8     nand.obj
 0001:00004a10       ??_C@_1CM@BCNCHCOH@?$AA?5?$AAV?$AAF?$AAL?$AA?5?$AAE?$AAr?$AAa?$AAs?$AAe?$AA?5?$AAS?$AAu?$AAc?$AAc?$AAe?$AAs?$AAs?$AA?5?$AA?$AN?$AA?6?$AA?$AA@ 00015a10     nand.obj
 0001:00004a3c       ??_C@_1CG@PDHJANNK@?$AA?5?$AAV?$AAF?$AAL?$AA?5?$AAE?$AAr?$AAa?$AAs?$AAe?$AA?5?$AAF?$AAa?$AAi?$AAl?$AA?5?$AA?$AN?$AA?6?$AA?$AA@ 00015a3c     nand.obj
 0001:00004a64       ??_C@_1CK@JLMOOEOH@?$AA?$AN?$AA?6?$AA?5?$AAV?$AAF?$AAL?$AA?5?$AAE?$AAr?$AAa?$AAs?$AAe?$AA?5?$AAT?$AAe?$AAs?$AAt?$AA?5?$AA?$AN?$AA?6?$AA?$AA@ 00015a64     nand.obj
 0001:00004a90       ??_C@_1CM@ECBPCEHK@?$AA?5?$AAV?$AAF?$AAL?$AA?5?$AAW?$AAr?$AAi?$AAt?$AAe?$AA?5?$AAS?$AAu?$AAc?$AAc?$AAe?$AAs?$AAs?$AA?5?$AA?$AN?$AA?6?$AA?$AA@ 00015a90     nand.obj
 0001:00004abc       ??_C@_1CG@FMJJCEMO@?$AA?5?$AAV?$AAF?$AAL?$AA?5?$AAW?$AAr?$AAi?$AAt?$AAe?$AA?5?$AAF?$AAa?$AAi?$AAl?$AA?5?$AA?$AN?$AA?6?$AA?$AA@ 00015abc     nand.obj
 0001:00004ae4       ??_C@_1CK@DECOMNPD@?$AA?$AN?$AA?6?$AA?5?$AAV?$AAF?$AAL?$AA?5?$AAW?$AAr?$AAi?$AAt?$AAe?$AA?5?$AAT?$AAe?$AAs?$AAt?$AA?5?$AA?$AN?$AA?6?$AA?$AA@ 00015ae4     nand.obj
 0001:00004b10       ??_C@_1GA@DMIKFEBL@?$AA?5?$AAW?$AAr?$AAo?$AAn?$AAg?$AA?5?$AAP?$AAa?$AAg?$AAe?$AA?5?$AAN?$AAu?$AAm?$AAb?$AAe?$AAr?$AA?5?$AA?$CB?$AA?5?$AAY?$AAo?$AAu?$AA?5?$AAc?$AAa?$AAn?$AA?5?$AAr?$AAe?$AAa@ 00015b10     nand.obj
 0001:00004b70       ??_C@_1CK@IHBIBNJP@?$AA?5?$AAV?$AAF?$AAL?$AA?5?$AAR?$AAe?$AAa?$AAd?$AA?5?$AAS?$AAu?$AAc?$AAc?$AAe?$AAs?$AAs?$AA?5?$AA?$AN?$AA?6?$AA?$AA@ 00015b70     nand.obj
 0001:00004b9c       ??_C@_1CE@CFINFBOC@?$AA?5?$AAV?$AAF?$AAL?$AA?5?$AAR?$AAe?$AAa?$AAd?$AA?5?$AAF?$AAa?$AAi?$AAl?$AA?5?$AA?$AN?$AA?6?$AA?$AA@ 00015b9c     nand.obj
 0001:00004bc0       ??_C@_1CI@HOBNNJJF@?$AA?$AN?$AA?6?$AA?5?$AAV?$AAF?$AAL?$AA?5?$AAR?$AAe?$AAa?$AAd?$AA?5?$AAT?$AAe?$AAs?$AAt?$AA?5?$AA?$AN?$AA?6?$AA?$AA@ 00015bc0     nand.obj
 0001:00004be8       ??_C@_1CM@EOKBJBFH@?$AA?5?$AAR?$AAA?$AAW?$AA?5?$AAE?$AAr?$AAa?$AAs?$AAe?$AA?5?$AAS?$AAu?$AAc?$AAc?$AAe?$AAs?$AAs?$AA?5?$AA?$AN?$AA?6?$AA?$AA@ 00015be8     nand.obj
 0001:00004c14       ??_C@_1CG@DPELAMN@?$AA?5?$AAR?$AAA?$AAW?$AA?5?$AAE?$AAr?$AAa?$AAs?$AAe?$AA?5?$AAF?$AAa?$AAi?$AAl?$AA?5?$AA?$AN?$AA?6?$AA?$AA@ 00015c14     nand.obj
 0001:00004c3c       ??_C@_1CK@GLEDFJPA@?$AA?$AN?$AA?6?$AA?5?$AAR?$AAA?$AAW?$AA?5?$AAE?$AAr?$AAa?$AAs?$AAe?$AA?5?$AAT?$AAe?$AAs?$AAt?$AA?5?$AA?$AN?$AA?6?$AA?$AA@ 00015c3c     nand.obj
 0001:00004c68       ??_C@_1CM@BOGMMHMK@?$AA?5?$AAR?$AAA?$AAW?$AA?5?$AAW?$AAr?$AAi?$AAt?$AAe?$AA?5?$AAS?$AAu?$AAc?$AAc?$AAe?$AAs?$AAs?$AA?5?$AA?$AN?$AA?6?$AA?$AA@ 00015c68     nand.obj
 0001:00004c94       ??_C@_1CG@KMBEJJNJ@?$AA?5?$AAR?$AAA?$AAW?$AA?5?$AAW?$AAr?$AAi?$AAt?$AAe?$AA?5?$AAF?$AAa?$AAi?$AAl?$AA?5?$AA?$AN?$AA?6?$AA?$AA@ 00015c94     nand.obj
 0001:00004cbc       ??_C@_1CK@MEKDHAOE@?$AA?$AN?$AA?6?$AA?5?$AAR?$AAA?$AAW?$AA?5?$AAW?$AAr?$AAi?$AAt?$AAe?$AA?5?$AAT?$AAe?$AAs?$AAt?$AA?5?$AA?$AN?$AA?6?$AA?$AA@ 00015cbc     nand.obj
 0001:00004ce8       ??_C@_1CI@FILKIIMD@?$AA?$AN?$AA?6?$AA?5?$AAR?$AAA?$AAW?$AA?5?$AAR?$AAe?$AAa?$AAd?$AA?5?$AAT?$AAe?$AAs?$AAt?$AA?5?$AA?$AN?$AA?6?$AA?$AA@ 00015ce8     nand.obj
 0001:00004d10       ??_C@_1EC@JPCANEAL@?$AA?$AN?$AA?6?$AAM?$AAB?$AAR?$AA?5?$AAi?$AAs?$AA?5?$AAf?$AAo?$AAu?$AAn?$AAd?$AA?5?$AAo?$AAn?$AA?5?$AAP?$AAa?$AAg?$AAe?$AA?5?$AA?$CF?$AAd?$AA?5?$AA?$CI?$AA?$CF?$AAx?$AA?$CJ?$AA?$AN?$AA?6@ 00015d10     nand.obj
 0001:00004d58       ??_C@_1GC@BFOJNALA@?$AA?5?$AAW?$AAr?$AAo?$AAn?$AAg?$AA?5?$AAB?$AAl?$AAo?$AAc?$AAk?$AA?5?$AAN?$AAu?$AAm?$AAb?$AAe?$AAr?$AA?5?$AA?$CB?$AA?5?$AAY?$AAo?$AAu?$AA?5?$AAc?$AAa?$AAn?$AA?5?$AAm?$AAa@ 00015d58     nand.obj
 0001:00004dbc       ??_C@_1DG@LBEAFNID@?$AA?5?$AAM?$AAa?$AAr?$AAk?$AA?5?$AAB?$AAa?$AAd?$AA?5?$AAB?$AAl?$AAo?$AAc?$AAk?$AA?5?$AAS?$AAu?$AAc?$AAc?$AAe?$AAs?$AAs?$AA?5?$AA?$AN?$AA?6?$AA?$AA@ 00015dbc     nand.obj
 0001:00004df4       ??_C@_1CK@PAGNADJK@?$AA?$AN?$AA?6?$AA?5?$AAM?$AAa?$AAr?$AAk?$AA?5?$AAB?$AAa?$AAd?$AA?5?$AAB?$AAl?$AAo?$AAc?$AAk?$AA?5?$AA?$AN?$AA?6?$AA?$AA@ 00015df4     nand.obj
 0001:00004e20       ??_C@_1CE@EPAFOHAC@?$AAW?$AAr?$AAo?$AAn?$AAg?$AA?5?$AAs?$AAe?$AAl?$AAe?$AAc?$AAt?$AAi?$AAo?$AAn?$AA?$AN?$AA?6?$AA?$AA@ 00015e20     nand.obj
 0001:00004e44       ??_C@_1DC@KGOALDOH@?$AA?$AN?$AA?6?$AA?$DN?$AA?$DN?$AA?$DN?$AA?$DN?$AA?$DN?$AA?$DN?$AA?$DN?$AA?$DN?$AA?$DN?$AA?$DN?$AA?$DN?$AA?$DN?$AA?$DN?$AA?$DN?$AA?$DN?$AA?$DN?$AA?$DN?$AA?$DN?$AA?$DN?$AA?$DN?$AA?$AN?$AA?6?$AA?$AA@ 00015e44     nand.obj
 0001:00004e78       ??_C@_1CO@LEPLAOGD@?$AA?5?$AAM?$AAL?$AAC?$AA?5?$AAL?$AAo?$AAw?$AA?5?$AAL?$AAe?$AAv?$AAe?$AAl?$AA?5?$AAT?$AAe?$AAs?$AAt?$AA?5?$AA?$AN?$AA?6?$AA?$AA@ 00015e78     nand.obj
 0001:00004ea8       ??_C@_1CO@BGGDBDGK@?$AA?5?$AA?5?$AA1?$AA?4?$AA?5?$AAF?$AAI?$AAL?$AA?5?$AAE?$AAr?$AAa?$AAs?$AAe?$AA?5?$AAT?$AAe?$AAs?$AAt?$AA?5?$AA?$AN?$AA?6?$AA?$AA@ 00015ea8     nand.obj
 0001:00004ed8       ??_C@_1CO@IBLILBAN@?$AA?5?$AA?5?$AA2?$AA?4?$AA?5?$AAF?$AAI?$AAL?$AA?5?$AAW?$AAr?$AAi?$AAt?$AAe?$AA?5?$AAT?$AAe?$AAs?$AAt?$AA?5?$AA?$AN?$AA?6?$AA?$AA@ 00015ed8     nand.obj
 0001:00004f08       ??_C@_1CM@LCIIPHN@?$AA?5?$AA?5?$AA3?$AA?4?$AA?5?$AAF?$AAI?$AAL?$AA?5?$AAR?$AAe?$AAa?$AAd?$AA?5?$AAT?$AAe?$AAs?$AAt?$AA?5?$AA?$AN?$AA?6?$AA?$AA@ 00015f08     nand.obj
 0001:00004f34       ??_C@_1CO@LPICNENA@?$AA?5?$AA?5?$AA4?$AA?4?$AA?5?$AAV?$AAF?$AAL?$AA?5?$AAE?$AAr?$AAa?$AAs?$AAe?$AA?5?$AAT?$AAe?$AAs?$AAt?$AA?5?$AA?$AN?$AA?6?$AA?$AA@ 00015f34     nand.obj
 0001:00004f64       ??_C@_1CO@LBFLHJCK@?$AA?5?$AA?5?$AA5?$AA?4?$AA?5?$AAV?$AAF?$AAL?$AA?5?$AAW?$AAr?$AAi?$AAt?$AAe?$AA?5?$AAT?$AAe?$AAs?$AAt?$AA?5?$AA?$AN?$AA?6?$AA?$AA@ 00015f64     nand.obj
 0001:00004f94       ??_C@_1CM@KNKGBIH@?$AA?5?$AA?5?$AA6?$AA?4?$AA?5?$AAV?$AAF?$AAL?$AA?5?$AAR?$AAe?$AAa?$AAd?$AA?5?$AAT?$AAe?$AAs?$AAt?$AA?5?$AA?$AN?$AA?6?$AA?$AA@ 00015f94     nand.obj
 0001:00004fc0       ??_C@_1CO@HHDEOCLE@?$AA?5?$AA?5?$AA7?$AA?4?$AA?5?$AAR?$AAA?$AAW?$AA?5?$AAE?$AAr?$AAa?$AAs?$AAe?$AA?5?$AAT?$AAe?$AAs?$AAt?$AA?5?$AA?$AN?$AA?6?$AA?$AA@ 00015fc0     nand.obj
 0001:00004ff0       ??_C@_1CO@BGNBP@?$AA?5?$AA?5?$AA8?$AA?4?$AA?5?$AAR?$AAA?$AAW?$AA?5?$AAW?$AAr?$AAi?$AAt?$AAe?$AA?5?$AAT?$AAe?$AAs?$AAt?$AA?5?$AA?$AN?$AA?6?$AA?$AA@ 00015ff0     nand.obj
 0001:00005020       ??_C@_1CM@KMDDECHJ@?$AA?5?$AA?5?$AA9?$AA?4?$AA?5?$AAR?$AAA?$AAW?$AA?5?$AAR?$AAe?$AAa?$AAd?$AA?5?$AAT?$AAe?$AAs?$AAt?$AA?5?$AA?$AN?$AA?6?$AA?$AA@ 00016020     nand.obj
 0001:0000504c       ??_C@_1CO@NIGMJOFH@?$AA?5?$AA1?$AA0?$AA?4?$AA?5?$AAM?$AAa?$AAr?$AAk?$AA?5?$AAB?$AAa?$AAd?$AA?5?$AAB?$AAl?$AAo?$AAc?$AAk?$AA?5?$AA?$AN?$AA?6?$AA?$AA@ 0001604c     nand.obj
 0001:0000507c       ??_C@_1CM@OJABDDDA@?$AA?5?$AA1?$AA1?$AA?4?$AA?5?$AAF?$AAi?$AAn?$AAd?$AA?5?$AAM?$AAB?$AAR?$AA?5?$AAP?$AAa?$AAg?$AAe?$AA?5?$AA?$AN?$AA?6?$AA?$AA@ 0001607c     nand.obj
 0001:000050a8       ??_C@_1CE@FILHOJCF@?$AA?5?$AA?5?$AA0?$AA?4?$AA?5?$AAE?$AAx?$AAi?$AAt?$AA?5?$AAT?$AAe?$AAs?$AAt?$AA?5?$AA?$AN?$AA?6?$AA?$AA@ 000160a8     nand.obj
 0001:000050cc       ??_C@_1CO@PEENNAPD@?$AA?$DN?$AA?$DN?$AA?$DN?$AA?$DN?$AA?$DN?$AA?$DN?$AA?$DN?$AA?$DN?$AA?$DN?$AA?$DN?$AA?$DN?$AA?$DN?$AA?$DN?$AA?$DN?$AA?$DN?$AA?$DN?$AA?$DN?$AA?$DN?$AA?$DN?$AA?$DN?$AA?$AN?$AA?6?$AA?$AA@ 000160cc     nand.obj
 0001:000050fc       ??_C@_1BE@EDFKEGIO@?$AAS?$AAe?$AAl?$AAe?$AAc?$AAt?$AA?5?$AA?3?$AA?5?$AA?$AA@ 000160fc     nand.obj
 0001:000051a0       aDeviceQualifierDescriptor 000161a0     usb.obj
 0001:000051ac       aDescStr0                  000161ac     usb.obj
 0001:000051b0       aDescStr1                  000161b0     usb.obj
 0001:000051c8       aDescStr2                  000161c8     usb.obj
 0001:000051f4       ??_C@_0BO@JCBBMKK@Error?5?3?5Current?5Mode?5is?5Host?6?$AA@ 000161f4     usb.obj
 0001:000052a8       ??_C@_0BD@CIECMBAH@O?$CJ?5Switch?5All?5ON?$AN?6?$AA@ 000162a8     PWRCTL_MENU.obj
 0001:000052bc       ??_C@_0BE@OFDFFAGE@F?$CJ?5Switch?5All?5OFF?$AN?6?$AA@ 000162bc     PWRCTL_MENU.obj
 0001:000052d0       ??_C@_0BL@BAHFCBGD@D?$CJ?5Load?5Factory?5defaults?$AN?6?$AA@ 000162d0     PWRCTL_MENU.obj
 0001:000052ec       ??_C@_09OOINKAAN@Q?$CJ?5Exit?$AN?6?$AA@ 000162ec     PWRCTL_MENU.obj
 0001:000052f8       ??_C@_0CH@BLBBBAFM@Choose?5?$FL1?4?4?$CFd?$FN?5for?5toggle?0?5Q?5to?5@ 000162f8     PWRCTL_MENU.obj
 0001:00005320       ??_C@_0N@KEJINOAE@?$CFd?$CJ?5?$CFs?3?5?$CFs?$AN?6?$AA@ 00016320     PWRCTL_MENU.obj
 0001:00005330       ??_C@_0DC@GOBMFLLF@?$AN?6?$CD?$CD?$CD?$CD?$CD?$CD?$CD?$CD?$CD?$CD?$CD?$CD?$CD?$CD?$CD?$CD?$CD?$CD?$CD?$CD?$CD?$CD?$CD?$CD?$CD?$CD?$CD?$CD?$CD?$CD@ 00016330     PWRCTL_MENU.obj
 0001:00005418       ??_C@_0BF@DNJENAPM@?$CFs?59?$CJ?5DRVLCD?3?5?$FL?$CFu?$FN?$AN?6?$AA@ 00016418     MegaDisplay.obj
 0001:00005430       ??_C@_0DC@KCBOEBBD@?$CD?$CD?$CD?$CD?$CD?$CD?$CD?$CD?$CD?$CD?$CD?$CD?$CD?$CD?$CD?$CD?$CD?$CD?$CD?$CD?$CD?$CD?$CD?$CD?$CD?$CD?$CD?$CD?$CD?$CD?$CD?$CD@ 00016430     MegaDisplay.obj
 0001:00005464       ??_C@_0BD@CKOCLNPL@?$CFs?58?$CJ?5PSC0?3?5?$FL?$CFu?$FN?$AN?6?$AA@ 00016464     MegaDisplay.obj
 0001:00005478       ??_C@_0BJ@POFKHLIH@?$CFs?57?$CJ?5FRAME_RATE?3?5?$FL?$CFu?$FN?$AN?6?$AA@ 00016478     MegaDisplay.obj
 0001:00005494       ??_C@_0BD@OAELIDCE@?$CFs?56?$CJ?5HSPW?3?5?$FL?$CFu?$FN?$AN?6?$AA@ 00016494     MegaDisplay.obj
 0001:000054a8       ??_C@_0BD@JBKBJHNB@?$CFs?55?$CJ?5HFPD?3?5?$FL?$CFu?$FN?$AN?6?$AA@ 000164a8     MegaDisplay.obj
 0001:000054bc       ??_C@_0BD@DMMPDNDP@?$CFs?54?$CJ?5HBPD?3?5?$FL?$CFu?$FN?$AN?6?$AA@ 000164bc     MegaDisplay.obj
 0001:000054d0       ??_C@_0BD@NEPDPEFI@?$CFs?53?$CJ?5VSPW?3?5?$FL?$CFu?$FN?$AN?6?$AA@ 000164d0     MegaDisplay.obj
 0001:000054e4       ??_C@_0BD@CCLJMFMO@?$CFs?52?$CJ?5VFPD?3?5?$FL?$CFu?$FN?$AN?6?$AA@ 000164e4     MegaDisplay.obj
 0001:000054f8       ??_C@_0N@EJAPBBEP@?$CFs?51?$CJ?5VBPD?3?5?$AA@ 000164f8     MegaDisplay.obj
 0001:00005508       ??_C@_06LDMCHEGC@?$FL?$CFd?$FN?$AN?6?$AA@ 00016508     MegaDisplay.obj
 0001:0000550f       ??_C@_00CNPNBAHC@?$AA@     0001650f     MegaDisplay.obj
 0001:00005510       ??_C@_01NBENCBCI@?$CK?$AA@ 00016510     MegaDisplay.obj
 0001:00005514       ??_C@_0O@OIDOPPME@Display?3?5?$CFs?$AN?6?$AA@ 00016514     MegaDisplay.obj
 0001:00005524       ??_C@_0CG@DOLBDMJF@Display?5has?5LED?5backlight?5boost?3@ 00016524     MegaDisplay.obj
 0001:0000554c       ??_C@_0CI@MAECMMB@?0?5but?5found?5PCA9530?5PWM?5?$FL0xC0?$FN?5d@ 0001654c     MegaDisplay.obj
 0001:00005608       ??_C@_04OLFIILKC@?$CFc?$AN?6?$AA@ 00016608     utils.obj
 0001:000056a0       ??_C@_0DC@EIMBKOLF@?$AN?6?$CD?$CD?$CD?$CD?5?5?5Enter?5WEB?5FORMAT?5RGB?0?5l@ 000166a0     DisplayMenu.obj
 0001:000056d4       ??_C@_0BK@BLMPCPMC@?$CIeg?3?5FFFFFF?5for?5white?$CJ?5?$DO?$CD?$AA@ 000166d4     DisplayMenu.obj
 0001:000056f0       ??_C@_0CP@KODMOGDP@Type?5number?5?$FL1?4?4?$CFd?$FN?0?5press?5RETUR@ 000166f0     DisplayMenu.obj
 0001:00005720       ??_C@_0BK@FKCGPCP@2?$CJ?5?$CFsDepth?524BIT?5RGB888?$AN?6?$AA@ 00016720     DisplayMenu.obj
 0001:0000573c       ??_C@_0CC@NMOBHCG@C?$CJ?5Change?5background?5Color?5?$FL?$CFx?$FN?$AN@ 0001673c     DisplayMenu.obj
 0001:00005760       ??_C@_0BI@OIJKJJFM@R?$CJ?5Test?9Fill?5with?5red?$AN?6?$AA@ 00016760     DisplayMenu.obj
 0001:00005778       ??_C@_0BK@EKEJNDLI@G?$CJ?5Test?9Fill?5with?5green?$AN?6?$AA@ 00016778     DisplayMenu.obj
 0001:00005794       ??_C@_0BJ@CGEBPCPP@B?$CJ?5Test?9Fill?5with?5blue?$AN?6?$AA@ 00016794     DisplayMenu.obj
 0001:000057b0       ??_C@_0BK@KCENIDCD@W?$CJ?5Test?9Fill?5with?5white?$AN?6?$AA@ 000167b0     DisplayMenu.obj
 0001:000057cc       ??_C@_0BK@DANDGKE@E?$CJ?5Test?9Fill?5with?5black?$AN?6?$AA@ 000167cc     DisplayMenu.obj
 0001:000057e8       ??_C@_0BC@MFOJONMH@T?$CJ?5Test?5Pattern?$AN?6?$AA@ 000167e8     DisplayMenu.obj
 0001:000057fc       ??_C@_0BL@MDAEEHAL@Choose?0?5Q?5or?5ESC?5to?5exit?$AN?6?$AA@ 000167fc     DisplayMenu.obj
 0001:00005818       ??_C@_0BK@PGCCFJGB@1?$CJ?5?$CFsDepth?516BIT?5RGB565?$AN?6?$AA@ 00016818     DisplayMenu.obj
 0001:00005834       ??_C@_0BK@LLMJHLHH@N?$CJ?5No?5display?5connected?$AN?6?$AA@ 00016834     DisplayMenu.obj
 0001:00005850       ??_C@_0L@PODECCKJ@?$CFd?$CJ?5?$CFs?$CFs?$AN?6?$AA@ 00016850     DisplayMenu.obj
 0001:0000585c       ??_C@_0BK@PJBCCJE@S?$CJ?5Set?5Display?5manually?$AN?6?$AA@ 0001685c     DisplayMenu.obj
 0001:0000e698       ??_C@_0CG@OFNBIFML@INFO?3?5?$CIunsigned?$CJC_IsrHandler?5?3?50@ 0001f698     InterruptController.obj
 0001:0000e6c0       ??_C@_0CI@KLGKACOG@INFO?3?5?$CIunsigned?$CJASM_IsrHandler?5?3@ 0001f6c0     InterruptController.obj
 0001:0000e6e8       ??_C@_0BO@POFPGMDD@INFO?3?5?$CIunsigned?$CJpISR?5?3?50x?$CFx?$AN?6?$AA@ 0001f6e8     InterruptController.obj
 0001:0000e798       ??_C@_0M@JEKLCGMJ@g_PCLK?5?$DN?5?$CFd?$AA@ 0001f798     i2c.obj
 0001:0000e7a4       ??_C@_0BA@FPFAAJMG@uSelClkSrc?5?$DN?5?$CFd?$AA@ 0001f7a4     i2c.obj
 0001:0000e7b4       ??_C@_0P@FNJOLAO@uClkValue?5?$DN?5?$CFd?$AA@ 0001f7b4     i2c.obj
 0001:0000e7c4       ??_C@_0BL@OGNCJIDC@?$FLEboot?$FN?5IIC_WaitTimeOut?$CB?$AN?6?$AA@ 0001f7c4     i2c.obj
 0001:0000e7e0       ??_C@_0BM@JCBPBCJ@?$FLEboot?$FN?5IIC_WriteTimeOut?$CB?$AN?6?$AA@ 0001f7e0     i2c.obj
 0001:0000e920       ??_C@_0CG@IHIMJOIA@?9OALKitlCreateName?$CIpBuffer?5?$DN?5?8?$CFh@ 0001f920     oal_kitl:name.obj
 0001:0000e948       ??_C@_0CM@BCMDHFLI@?$CLOALKitlCreateName?$CI?8?$CFhs?8?0?50x?$CF04x@ 0001f948     oal_kitl:name.obj
 0001:0000eb28       ??_C@_1O@INIEDEDF@?$AA?$CI?$AAN?$AAU?$AAL?$AAL?$AA?$CJ?$AA?$AA@ 0001fb28     oal_blnk:format.obj
 0001:0000eb38       ??_C@_06LHGEHABH@?$CINULL?$CJ?$AA@ 0001fb38     oal_blnk:format.obj
 0001:0000eb40       ??_C@_0M@CDHNGIPM@?$CFu?4?$CFu?4?$CFu?4?$CFu?$AA@ 0001fb40     oal_blcommon:format.obj
 0001:0000ebe0       pTOC                       0001fbe0     oal_blcommon:blcommon.obj
 0001:0000ebe8       NKSignon                   0001fbe8     oal_blcommon:blcommon.obj
 0001:0000ec44       ??_C@_0DJ@LFHEGALA@ERROR?3?5Checksum?5failure?5?$CIexpecte@ 0001fc44     oal_blcommon:blcommon.obj
 0001:0000ec80       ??_C@_0BM@DKIOIAMD@?$AN?6BL_IMAGE_TYPE_UNKNOWN?$AN?6?$AN?6?$AA@ 0001fc80     oal_blcommon:blcommon.obj
 0001:0000ec9c       ??_C@_0BP@KNNCEABF@?$AN?6BL_IMAGE_TYPE_SIGNED_NB0?$AN?6?$AN?6?$AA@ 0001fc9c     oal_blcommon:blcommon.obj
 0001:0000ecbc       ??_C@_07LAGBNAEN@R000FF?6?$AA@ 0001fcbc     oal_blcommon:blcommon.obj
 0001:0000ecc4       ??_C@_0BP@MJFCGNBB@?$AN?6BL_IMAGE_TYPE_SIGNED_BIN?$AN?6?$AN?6?$AA@ 0001fcc4     oal_blcommon:blcommon.obj
 0001:0000ece4       ??_C@_07HMMLNAND@S000FF?6?$AA@ 0001fce4     oal_blcommon:blcommon.obj
 0001:0000ecec       ??_C@_0BI@HBMHAEFD@?$AN?6BL_IMAGE_TYPE_BIN?$AN?6?$AN?6?$AA@ 0001fcec     oal_blcommon:blcommon.obj
 0001:0000ed04       ??_C@_07MMNKOBGG@B000FF?6?$AA@ 0001fd04     oal_blcommon:blcommon.obj
 0001:0000ed0c       ??_C@_0BN@IHLEHBEK@?$AN?6BL_IMAGE_TYPE_MULTIXIP?$AN?6?$AN?6?$AA@ 0001fd0c     oal_blcommon:blcommon.obj
 0001:0000ed2c       ??_C@_07CBKBMMIF@X000FF?6?$AA@ 0001fd2c     oal_blcommon:blcommon.obj
 0001:0000ed34       ??_C@_0BN@GCKOHOON@?$AN?6BL_IMAGE_TYPE_MANIFEST?$AN?6?$AN?6?$AA@ 0001fd34     oal_blcommon:blcommon.obj
 0001:0000ed54       ??_C@_07JLHFPECJ@N000FF?6?$AA@ 0001fd54     oal_blcommon:blcommon.obj
 0001:0000ed5c       ??_C@_0CL@OKMIEAHJ@?$AN?6ERROR?3?5Unable?5to?5read?5image?5si@ 0001fd5c     oal_blcommon:blcommon.obj
 0001:0000ed88       ??_C@_0DJ@PIPLIHFI@?$AN?6ERROR?3?5Unable?5to?5read?5download@ 0001fd88     oal_blcommon:blcommon.obj
 0001:0000edc8       ??_C@_0EC@LAKEOKID@?$AN?6ERROR?3?5Download?5manifest?5packe@ 0001fdc8     oal_blcommon:blcommon.obj
 0001:0000ee0c       ??_C@_0DG@DBBGHEAG@?$AN?6ERROR?3?5Unable?5to?5read?5download@ 0001fe0c     oal_blcommon:blcommon.obj
 0001:0000ee44       ??_C@_0DL@DCHMDHHD@ImageStart?5?$DN?50x?$CFx?0?5ImageLength?5?$DN@ 0001fe44     oal_blcommon:blcommon.obj
 0001:0000ee80       ??_C@_0CO@PFLGIDFG@ERROR?3?5failed?5when?5reading?5raw?5b@ 0001fe80     oal_blcommon:blcommon.obj
 0001:0000eeb0       ??_C@_0BP@EOFEMPOO@Invalid?5flash?5address?1length?$AN?6?$AA@ 0001feb0     oal_blcommon:blcommon.obj
 0001:0000eed0       ??_C@_0CC@DNECAMLM@?$CBOEMVERIFYMEMORY?3?5Invalid?5image?$AN@ 0001fed0     oal_blcommon:blcommon.obj
 0001:0000eef4       ??_C@_0DH@GJCJAHAP@?$FL?$CFd?$FN?3?5Address?$DN0x?$CFx?5?5Length?$DN0x?$CFx?5@ 0001fef4     oal_blcommon:blcommon.obj
 0001:0000ef2c       ??_C@_03ILDADBHF@RAM?$AA@  0001ff2c     oal_blcommon:blcommon.obj
 0001:0000ef30       ??_C@_05HPMNGINJ@FLASH?$AA@ 0001ff30     oal_blcommon:blcommon.obj
 0001:0000ef38       ??_C@_0BH@FIOKDOBJ@?$AN?6Completed?5file?$CIs?$CJ?3?$AN?6?$AA@ 0001ff38     oal_blcommon:blcommon.obj
 0001:0000ef50       ??_C@_0FC@PGPOMBFM@?9?9?9?9?9?9?9?9?9?9?9?9?9?9?9?9?9?9?9?9?9?9?9?9?9?9?9?9?9?9?9?9@ 0001ff50     oal_blcommon:blcommon.obj
 0001:0000efa4       ??_C@_0CE@NKAMCDHO@Unable?5to?5read?5image?5start?1lengt@ 0001ffa4     oal_blcommon:blcommon.obj
 0001:0000efc8       ??_C@_0DI@FDIIHFBA@?$CK?$CK?$CK?$CK?$CK?$CK?5Checksum?5failure?5on?5recor@ 0001ffc8     oal_blcommon:blcommon.obj
 0001:0000f000       ??_C@_0DD@KHJBCIED@?$CK?$CK?$CK?$CK?$CK?$CK?5Data?5record?5?$CFd?5corrupted?0@ 00020000     oal_blcommon:blcommon.obj
 0001:0000f034       ??_C@_0BD@PHLGNLDI@rom_offset?$DN0x?$CFx?4?$AN?6?$AA@ 00020034     oal_blcommon:blcommon.obj
 0001:0000f048       ??_C@_0EC@NABDPCJO@?$CK?$CK?5ERROR?3?5This?5boot?5loader?5does?5@ 00020048     oal_blcommon:blcommon.obj
 0001:0000f090       ??_C@_0EC@MIGFFFAC@?$CK?$CK?5ERROR?3?5This?5boot?5loader?5does?5@ 00020090     oal_blcommon:blcommon.obj
 0001:0000f0d4       ??_C@_06BEBGGBAB@?$AN?6?$CK?$CK?$AN?6?$AA@ 000200d4     oal_blcommon:blcommon.obj
 0001:0000f0e0       ??_C@_0GI@NIAHKKOO@?$CK?$CK?5ERROR?3?5The?5X000FF?5packet?5is?5a@ 000200e0     oal_blcommon:blcommon.obj
 0001:0000f148       ??_C@_0FO@KDFAPMNM@?$CK?$CK?5Please?5update?5your?5Platform?5B@ 00020148     oal_blcommon:blcommon.obj
 0001:0000f1a8       ??_C@_04IPBEALME@?$CK?$CK?$AN?6?$AA@ 000201a8     oal_blcommon:blcommon.obj
 0001:0000f1b0       ??_C@_0BI@OCFAEGPK@ROMHDR?5at?5Address?5?$CFXh?$AN?6?$AA@ 000201b0     oal_blcommon:blcommon.obj
 0001:0000f1c8       ??_C@_0CL@NOFKHKJC@System?5ready?$CB?$AN?6Preparing?5for?5dow@ 000201c8     oal_blcommon:blcommon.obj
 0001:0000f1f4       ??_C@_1DE@DAHNLBLJ@?$AA?9?$AAO?$AAA?$AAL?$AAP?$AAA?$AAt?$AAo?$AAV?$AAA?$AA?$CI?$AAv?$AAa?$AA?5?$AA?$DN?$AA?5?$AA0?$AAx?$AA?$CF?$AA0?$AA8?$AAx?$AA?$CJ?$AA?$AN?$AA?6?$AA?$AA@ 000201f4     oal_blmemory_arm:memory.obj
 0001:0000f228       ??_C@_1CO@JEIJEAKF@?$AA?$CL?$AAO?$AAA?$AAL?$AAP?$AAA?$AAt?$AAo?$AAV?$AAA?$AA?$CI?$AA0?$AAx?$AA?$CF?$AAx?$AA?0?$AA?5?$AA?$CF?$AAd?$AA?$CJ?$AA?$AN?$AA?6?$AA?$AA@ 00020228     oal_blmemory_arm:memory.obj
 0001:0000f258       ??_C@_1DA@BBOHBBNH@?$AA?9?$AAO?$AAA?$AAL?$AAV?$AAA?$AAt?$AAo?$AAP?$AAA?$AA?$CI?$AAp?$AAa?$AA?5?$AA?$DN?$AA?5?$AA0?$AAx?$AA?$CF?$AAx?$AA?$CJ?$AA?$AN?$AA?6?$AA?$AA@ 00020258     oal_blmemory_arm:memory.obj
 0001:0000f288       ??_C@_1GE@IPLNFFII@?$AAE?$AAR?$AAR?$AAO?$AAR?$AA?3?$AAO?$AAA?$AAL?$AAV?$AAA?$AAt?$AAo?$AAP?$AAA?$AA?3?$AA?5?$AAi?$AAn?$AAv?$AAa?$AAl?$AAi?$AAd?$AA?5?$AAv?$AAi?$AAr?$AAt?$AAu?$AAa?$AAl@ 00020288     oal_blmemory_arm:memory.obj
 0001:0000f2ec       ??_C@_1CK@LKNIEAFP@?$AA?$CL?$AAO?$AAA?$AAL?$AAV?$AAA?$AAt?$AAo?$AAP?$AAA?$AA?$CI?$AA0?$AAx?$AA?$CF?$AA0?$AA8?$AAx?$AA?$CJ?$AA?$AN?$AA?6?$AA?$AA@ 000202ec     oal_blmemory_arm:memory.obj
 0001:0000f31c       ??_C@_0CA@LIHOEDHI@failed?5to?5receive?5header?5data?$AN?6?$AA@ 0002031c     oal_blserial:serfuncs.obj
 0001:0000f33c       ??_C@_0BH@MJPKDDID@header?5checksum?5fail?$AN?6?$AA@ 0002033c     oal_blserial:serfuncs.obj
 0001:0000f354       ??_C@_0CF@PODCGAIM@failed?5to?5receive?5header?5signatu@ 00020354     oal_blserial:serfuncs.obj
 0001:0000f37c       ??_C@_0CJ@CHGIGMLG@received?5non?9download?5packet?5typ@ 0002037c     oal_blserial:serfuncs.obj
 0001:0000f3a8       ??_C@_0DG@MLEBFPEB@data?5checksum?5failure?4?5expected?5@ 000203a8     oal_blserial:serfuncs.obj
 0001:0000f3e0       ??_C@_0BN@FEFEJPIP@failed?5to?5read?5packet?5data?$AN?6?$AA@ 000203e0     oal_blserial:serfuncs.obj
 0001:0000f400       ??_C@_0CM@DECDFMCF@insufficient?5buffer?5size?$DL?5ignori@ 00020400     oal_blserial:serfuncs.obj
 0001:0000f42c       ??_C@_0BK@JKGMIDGI@header?5checksum?5failure?$AN?6?$AA@ 0002042c     oal_blserial:serfuncs.obj
 0001:0000f448       ??_C@_0BL@MMGBDAGN@failed?5to?5receive?5header?$AN?6?$AA@ 00020448     oal_blserial:serfuncs.obj
 0001:0000f464       ??_C@_0CE@HOCBBCP@Received?5out?5of?5sequence?5block?5?$CF@ 00020464     oal_blserial:serfuncs.obj
 0001:0000f488       ??_C@_0BE@KEIPDPMM@Expected?5block?5?$CFu?$AN?6?$AA@ 00020488     oal_blserial:serfuncs.obj
 0001:0000f49c       ??_C@_0BK@IPKIMKPH@Waiting?5for?5boot?5ack?4?4?4?$AN?6?$AA@ 0002049c     oal_blserial:serfuncs.obj
 0001:0000f4b8       ??_C@_0CK@DMEOPGMB@Got?5jump?5request?0?5KITL?5transport@ 000204b8     oal_blserial:serfuncs.obj
 0001:0000f578       ??_C@_0CO@ILGKAEEB@An?5OACK?5packet?5is?5the?5proper?5ack@ 00020578     eboot:tftpd.obj
 0001:0000f5a8       ??_C@_07JPIGAOKK@blksize?$AA@ 000205a8     eboot:tftpd.obj
 0001:0000f5b0       ??_C@_0FD@OCECBKGJ@There?5must?5be?5an?5even?5number?0?5an@ 000205b0     eboot:tftpd.obj
 0001:0000f604       ??_C@_0DB@LKOCKFPL@Illegal?5TFTP?5Operation?5?9?5Read?1Wr@ 00020604     eboot:tftpd.obj
 0001:0000f638       ??_C@_0CM@OBFBLHOG@There?5were?5no?5options?5detected?5i@ 00020638     eboot:tftpd.obj
 0001:0000f668       ??_C@_0FJ@NDFKPFHG@Illegal?5TFTP?5Option?5?9?5An?5option?5@ 00020668     eboot:tftpd.obj
 0001:0000f6c4       ??_C@_05DMMIBICK@?5?$CFd?4?6?$AA@ 000206c4     eboot:tftpd.obj
 0001:0000f6cc       ??_C@_0DO@FNNPCMEI@with?5a?5value?5that?5is?5out?5of?5rang@ 000206cc     eboot:tftpd.obj
 0001:0000f70c       ??_C@_0DL@CJPGPHL@with?5a?5value?5that?5is?5in?5range?4?6B@ 0002070c     eboot:tftpd.obj
 0001:0000f748       ??_C@_0BK@PFHMOFCD@The?5option?8s?5value?5is?5?$CFs?6?$AA@ 00020748     eboot:tftpd.obj
 0001:0000f764       ??_C@_0CH@HOPLKCLP@This?5TFTP?5packet?5contains?5?$CFd?5opt@ 00020764     eboot:tftpd.obj
 0001:0000f790       ??_C@_0EC@OALIGNGC@We?5currently?5only?5look?5at?5the?5fi@ 00020790     eboot:tftpd.obj
 0001:0000f7d4       ??_C@_0CB@FLKGPIDN@The?5packet?8s?5option?5name?5is?5?$CFs?4?6@ 000207d4     eboot:tftpd.obj
 0001:0000f7f8       ??_C@_0CG@JBBJIFDI@You?5must?5access?5files?5in?5binary?5@ 000207f8     eboot:tftpd.obj
 0001:0000f820       ??_C@_05IIBPGMLM@octet?$AA@ 00020820     eboot:tftpd.obj
 0001:0000f828       ??_C@_0BG@GIKNIKEH@Locked?5Down?5Link?5?$CFd?$AN?6?$AA@ 00020828     eboot:tftpd.obj
 0001:0000f840       ??_C@_0BF@JDGNCBEC@Src?5IP?5?$CFs?5Port?5?$CFH?5?5?5?$AA@ 00020840     eboot:tftpd.obj
 0001:0000f858       ??_C@_0BF@MOPBEBEN@Dest?5IP?5?$CFs?5Port?5?$CFH?$AN?6?$AA@ 00020858     eboot:tftpd.obj
 0001:0000f870       ??_C@_0CL@HCAEOMAE@Default?5TFTP?5block?5size?5set?5to?3?5@ 00020870     eboot:tftpd.obj
 0001:0000f89c       ??_C@_0DB@OCKCBBAL@No?5Server?5Process?5Associated?5Wit@ 0002089c     eboot:tftpd.obj
 0001:0000f8d0       ??_C@_0CM@GLFMKKGH@TFTP?5packet?5could?5have?5?$CFd?5name?1v@ 000208d0     eboot:tftpd.obj
 0001:0000f8fc       ??_C@_01EEMJAFIK@?6?$AA@   000208fc     eboot:tftpd.obj
 0001:0000f900       ??_C@_06CBLHAGFD@?$FLNULL?$FN?$AA@ 00020900     eboot:tftpd.obj
 0001:0000f908       ??_C@_02HAOIJKIC@?$CFc?$AA@ 00020908     eboot:tftpd.obj
 0001:0000f90c       ??_C@_0CC@GNCPKJCA@Packet?5has?5the?5following?5data?3?6?5@ 0002090c     eboot:tftpd.obj
 0001:0000f9c0       ??_C@_0BK@BFELHAIB@EthDown?3?3TFTPD_OPEN?3?3?$CFs?$AN?6?$AA@ 000209c0     eboot:ebsimp.obj
 0001:0000f9dc       ??_C@_0CF@NJGKJDPK@EthDown?3?3Illegal?5Operation?5Code?5@ 000209dc     eboot:ebsimp.obj
 0001:0000fa04       ??_C@_0BN@HCIGGCJK@Server?5Registration?5Failed?$AN?6?$AA@ 00020a04     eboot:ebsimp.obj
 0001:0000fa24       ??_C@_0CC@OIEKENJI@EbootSimpleTFTP?5not?5initialized?$AN@ 00020a24     eboot:ebsimp.obj
 0001:0000fa48       ??_C@_0BM@GELEBJHM@EbootGratuitousARP?5failed?$AN?6?$AA@ 00020a48     eboot:ebsimp.obj
 0001:0000fa64       ??_C@_0DG@LCJHGIIG@Some?5other?5station?5has?5IP?5Addres@ 00020a64     eboot:ebsimp.obj
 0001:0000fa9c       ??_C@_0DK@ECECEHHP@No?5ARP?5response?5in?5?$CFd?5seconds?0?5a@ 00020a9c     eboot:ebsimp.obj
 0001:0000fad8       ??_C@_0CO@EJPPGFNA@DHCP?5server?5is?5not?5responding?5?$CB?$CB@ 00020ad8     eboot:ebsimp.obj
 0001:0000fb08       ??_C@_0BL@PFCEMBID@Error?5On?5InitDHCP?$CI?$CJ?5Call?$AN?6?$AA@ 00020b08     eboot:ebsimp.obj
 0001:0000fb24       ??_C@_0DG@KEGBCNMH@Some?5other?5station?5has?5IP?5Addres@ 00020b24     eboot:ebsimp.obj
 0001:0000fb5c       ??_C@_0DA@PMFFKPM@Got?5Response?5from?5DHCP?5server?0?5I@ 00020b5c     eboot:ebsimp.obj
 0001:0000fb8c       ??_C@_0CB@PCBFMPDH@?9EbootSendBootmeAndWaitForTftp?$AN?6@ 00020b8c     eboot:ebsimp.obj
 0001:0000fbb0       ??_C@_0CB@EEDKKNBN@?$CLEbootSendBootmeAndWaitForTftp?$AN?6@ 00020bb0     eboot:ebsimp.obj
 0001:0000fbd4       ??_C@_08NMEDJLNE@boot?4bin?$AA@ 00020bd4     eboot:ebsimp.obj
 0001:0000fc70       ??_C@_0DJ@MEFFBBAC@TFTP?3?5Desktop?5losing?5ACK?0?5block?5@ 00020c70     eboot:tftp.obj
 0001:0000fcac       ??_C@_0DC@MHCCPLAO@TFtpStateMachine?3?3TFTP_STATE_CLO@ 00020cac     eboot:tftp.obj
 0001:0000fce0       ??_C@_0CH@DEDJGHKF@TFTP?5Error?5Received?5From?5Host?5?$CFX@ 00020ce0     eboot:tftp.obj
 0001:0000fd08       ??_C@_0CG@EEFEGPIL@TftpReceiver?0?5port?3?50x?$CFX?0?5wkp?3?50@ 00020d08     eboot:tftp.obj
 0001:0000fd30       ??_C@_0EA@EBMLKPMN@TFTP?5link?$FL?$CFu?$FN?3?5State?3?$CFu?0?5DestAdd@ 00020d30     eboot:tftp.obj
 0001:0000fe00       ??_C@_0IL@GCFKAKKH@Duplicate?5IP?5Address?5Detected?3?6?9@ 00020e00     eboot:udp.obj
 0001:0000fe8c       ??_C@_0CI@JEPIEHIP@?$CBCheckUDP?3?5UDP?5header?5checksum?5f@ 00020e8c     eboot:udp.obj
 0001:0000feb4       ??_C@_0CH@KMPJEONK@?$CBCheckUDP?3?5IP?5header?5checksum?5fa@ 00020eb4     eboot:udp.obj
 0001:0000fedc       ??_C@_0CD@OCEEFKNK@?$CBCheckUDP?3?5Not?5UDP?5?$CIproto?5?$DN?50x?$CFX@ 00020edc     eboot:udp.obj
 0001:0000ff90       ??_C@_0O@DFHLFDCO@netmask?3?5?$CFs?$AN?6?$AA@ 00020f90     eboot:dhcp.obj
 0001:0000ffa0       ??_C@_0DK@EEIOPNMG@ProcessDHCP?$CI?$CJ?3?3DHCP_INIT?3?3SendDH@ 00020fa0     eboot:dhcp.obj
 0001:0000ffdc       ??_C@_0BL@LBDFFECM@ProcessDHCP?$CI?$CJ?3?3DHCP_INIT?$AN?6?$AA@ 00020fdc     eboot:dhcp.obj
 0001:0000fff8       ??_C@_0DC@EKKEKBDC@ProcessDHCP?$CI?$CJ?3?3DHCP_SELECTING?3?3S@ 00020ff8     eboot:dhcp.obj
 0001:00010030       ??_C@_0FK@JNLIFC@ProcessDHCP?$CI?$CJ?3?3DHCP_SELECTING?3?3D@ 00021030     eboot:dhcp.obj
 0001:00010090       ??_C@_0FI@KEBKGIEO@ProcessDHCP?$CI?$CJ?3?3DHCP_SELECTING?3?3D@ 00021090     eboot:dhcp.obj
 0001:000100e8       ??_C@_0DC@KHEOJACB@?$AN?6ProcessDHCP?$CI?$CJ?3?3DHCP?5IP?5Address@ 000210e8     eboot:dhcp.obj
 0001:0001011c       ??_C@_0BJ@MEOPKMJJ@Lease?5time?3?5?$CFd?5seconds?$AN?6?$AA@ 0002111c     eboot:dhcp.obj
 0001:00010138       ??_C@_0FI@EHEELHEE@ProcessDHCP?$CI?$CJ?3?3DHCP_REQUESTING?3?3@ 00021138     eboot:dhcp.obj
 0001:00010190       ??_C@_0DE@BHBNDGEJ@ProcessDHCP?$CI?$CJ?5Error?5?9?5No?5DHCP?5Me@ 00021190     eboot:dhcp.obj
 0001:000101c4       ??_C@_0DO@EHKMGFMI@InitDHCP?$CI?$CJ?5Error?5?9?5First?5DHCP?5Op@ 000211c4     eboot:dhcp.obj
 0001:00010204       ??_C@_0CF@NLOHFKBD@InitDHCP?$CI?$CJ?3?3?5Calling?5ProcessDHCP@ 00021204     eboot:dhcp.obj
 0001:0001022c       ??_C@_0DB@JKAMMNCP@EbootDHCPRetransmit?$CI?$CJ?3?3Error?5On?5@ 0002122c     eboot:dhcp.obj
 0001:00010260       ??_C@_0CN@GEBEIIOD@SendDHCP?$CI?$CJ?3?3Error?5On?5DHCPRetrans@ 00021260     eboot:dhcp.obj
 0001:00010290       ??_C@_0CG@GEIANEBC@SendDHCP?$CI?$CJ?3?3Error?5On?5SendUDP?$CI?$CJ?5C@ 00021290     eboot:dhcp.obj
 0001:00010348       ??_C@_0BD@GIINPDL@Error?5in?5SendUDP?$AN?6?$AA@ 00021348     eboot:edbg.obj
 0001:0001035c       ??_C@_0CC@IFLECHKJ@Got?5EDBG_CMD_CONFIG?0?5flags?30x?$CFX?$AN@ 0002135c     eboot:edbg.obj
 0001:00010380       ??_C@_0BH@EBGODALL@Got?5EDBG_CMD_JUMPIMG?$AN?6?$AA@ 00021380     eboot:edbg.obj
 0001:00010398       ??_C@_0EE@BGOJJHDN@TFTP?5download?5started?5previously@ 00021398     eboot:edbg.obj
 0001:000103dc       ??_C@_0BE@MGGELJDD@Sent?5BOOTME?5to?5?$CFs?$AN?6?$AA@ 000213dc     eboot:edbg.obj
 0001:000103f0       ??_C@_0CI@BKOJILAL@SendBootme?$CI?$CJ?3?3Error?5on?5SendUDP?$CI?$CJ@ 000213f0     eboot:edbg.obj
 0001:000104a8       ??_C@_1CC@PNKMBGCL@?$AA?9?$AAO?$AAA?$AAL?$AAA?$AAr?$AAg?$AAs?$AAI?$AAn?$AAi?$AAt?$AA?$CI?$AA?$CJ?$AA?$AN?$AA?6?$AA?$AA@ 000214a8     s3c6410_args:args.obj
 0001:000104cc       ??_C@_1BM@PBHBBHJD@?$AAp?$AAA?$AAr?$AAg?$AAs?$AA?5?$AA?3?$AA0?$AAx?$AA?$CF?$AAx?$AA?$AN?$AA?6?$AA?$AA@ 000214cc     s3c6410_args:args.obj
[...]
 0001:00048ee8       ?WMR_Init@@YAHXZ           00059ee8 f   bootpart:fmd_stub.obj
 0001:000490e0       FMD_Init                   0005a0e0 f   bootpart:fmd_stub.obj
 0001:00049104       FMD_GetInfo                0005a104 f   bootpart:fmd_stub.obj
 0001:00049160       FMD_ReadSector             0005a160 f   bootpart:fmd_stub.obj
 0001:000492ac       FMD_WriteSector            0005a2ac f   bootpart:fmd_stub.obj
 0001:000493b8       FMD_EraseBlock             0005a3b8 f   bootpart:fmd_stub.obj
 0001:000495a8       CreateMBR                  0005a5a8 f   bootpart:bootpart.obj
 0001:00049624       IsValidMBR                 0005a624 f   bootpart:bootpart.obj
 0001:00049838       BP_WriteData               0005a838 f   bootpart:bootpart.obj
 0001:00049b10       BP_SetDataPointer          0005ab10 f   bootpart:bootpart.obj
 0001:00049bdc       BP_Init                    0005abdc f   bootpart:bootpart.obj
 0001:00049c94       BP_LowLevelFormat          0005ac94 f   bootpart:bootpart.obj
 0001:00049d38       BP_OpenPartition           0005ad38 f   bootpart:bootpart.obj
 0001:00049f0c       WMR_Format_FIL             0005af0c f   WMR_Utils:WMR_Utils.obj
 0001:0004a1c0       WMR_ERASE_VFLAREA          0005b1c0 f   WMR_Utils:WMR_Utils.obj
 0001:0004a460       WMR_Format_VFL             0005b460 f   WMR_Utils:WMR_Utils.obj
 0001:0004a5d0       WMR_Format_FTL             0005b5d0 f   WMR_Utils:WMR_Utils.obj
 0001:0004a6e0       OALLogSerial               0005b6e0 f   oal_log:log.obj
 0002:00000000       g_bDownloadImage           0005c000     main.obj
 0002:00000004       g_bWaitForConnect          0005c004     main.obj
 0002:00000008       g_DefaultBootDevice        0005c008     main.obj
 0002:0000000c       BootDeviceString           0005c00c     main.obj
 0002:00000020       red_mask                   0005c020     LogoCraft.obj
 0002:00000024       green_mask                 0005c024     LogoCraft.obj
 0002:00000028       blue_mask                  0005c028     LogoCraft.obj
 0002:0000002c       red_blue_mask              0005c02c     LogoCraft.obj
 0002:00000030       initialOALLogZones         0005c030     oal_log:debug.obj
 0002:00000038       dpCurSettings              0005c038     oal_log:debug.obj
 0002:000004d8       __fp_status_flags          0005c4d8     fulllibc:fpdata.obj
 0002:000004dc       __fp_errblock              0005c4dc     fulllibc:fpdata.obj
 0002:00000520       __rt_trap                  0005c520     fulllibc:fpdata.obj
 0002:00000524       __security_cookie          0005c524     gsnull:gsnull.obj
 0002:00000528       __security_cookie_complement 0005c528     gsnull:gsnull.obj
 0002:00000580       g_flipCompleted            0005c580     s3c6410_disp_lib:s3c6410_display_con.obj
 0002:00000c58       g_UsbDbgZones              0005cc58     s3c6410_usbdbgpdd:usbdbgpdd.obj
 0002:00000d68       ?g_dwMBRSectorNum@@3KA     0005cd68     bootpart:bootpart.obj
 0002:00000dc8       g_bBootMediaExist          0005cdc8     main.obj
 0002:00000dcc       g_EraseReservedBlock       0005cdcc     main.obj
 0002:000052fc       g_bTransferEp0             000612fc     usb.obj
 0002:000071dc       ?g_buffer@@3PAEA           000631dc     oal_blserial:serfuncs.obj
 0002:00007dc8       bDoLaunch                  00063dc8     eboot:tftpd.obj
 0002:00007dcc       TftpPeerAddr               00063dcc     eboot:tftpd.obj
 0002:0000abb0       ?g_LastRxPktStatus@@3KA    00066bb0     s3c6410_usbdbgpdd:usbdbgpdd.obj
 0002:0000abb4       g_NumEPsUsed               00066bb4     s3c6410_usbdbgpdd:otgdev.obj
 0002:0000abb8       g_pusbDeviceDescriptor     00066bb8     s3c6410_usbdbgpdd:otgdev.obj
 0002:0000ac00       bReadSafeMode              00066c00     SMDK6410_MLC_FIL:S3C6410_FIL.obj
 0002:0000ac04       bECCEngineError            00066c04     SMDK6410_MLC_FIL:S3C6410_FIL.obj
 0002:0001720c       pLocalSData                0007320c     VFL_MLC:VFLInterface.obj
 0002:00019490       pLocalMData                00075490     VFL_MLC:VFLInterface.obj
 0002:00038fe8       stDeviceInfo               00094fe8     wmrglobal:WMRGlobal.obj
 0002:00039050       stConfig                   00095050     wmrglobal:WMRGlobal.obj
 0002:00039098       stLayout                   00095098     wmrglobal:WMRGlobal.obj
 0002:000390c0       ?nCount@@3KA               000950c0     bootpart:fmd_stub.obj
 0002:000390c4       ?g_partStateTable@@3PAU_PARTSTATE@@A 000950c4     bootpart:bootpart.obj
 0002:000390e4       ?g_FlashInfo@@3U_FlashInfo@@A 000950e4     bootpart:bootpart.obj
 0002:000390f4       ?g_dwDataBytesPerBlock@@3KA 000950f4     bootpart:bootpart.obj
 0002:000390f8       ?g_dwLastWrittenLoc@@3KA   000950f8     bootpart:bootpart.obj
 0002:000390fc       ?g_dwLastLogSector@@3KA    000950fc     bootpart:bootpart.obj
 0002:00039100       ?g_pSectorInfoBuf@@3PAU_SectorInfo@@A 00095100     bootpart:bootpart.obj
 0002:00039104       ?g_pbMBRSector@@3PAEA      00095104     bootpart:bootpart.obj
 0002:00039108       ?g_pbBlock@@3PAEA          00095108     bootpart:bootpart.obj
 0002:00039114       s6410VIC0                  00095114     <common>
 0002:00039118       s6410VIC1                  00095118     <common>
 0002:0003911c       video_buffer               0009511c     <common>
 0002:00039120       bpp                        00095120     <common>
 0002:00039124       readPtIndex                00095124     <common>
 0002:00039128       g_usConfig                 00095128     <common>
 0002:00039140       oOtgDev                    00095140     <common>
 0002:000391b4       g_pDownPt                  000951b4     <common>
 0002:000391b8       oInterfaceGet              000951b8     <common>
 0002:000391c0       oStatusGet                 000951c0     <common>
 0002:000391c8       g_PCLK                     000951c8     <common>
 0002:000391cc       pfnEDbgGetFrame            000951cc     <common>
 0002:000391d0       pfnEDbgInit                000951d0     <common>
 0002:000391d4       pfnEDbgSendFrame           000951d4     <common>
 0002:000391d8       g_pBootCfg                 000951d8     <common>
 0002:000391dc       g_KITLConfig               000951dc     <common>
 0002:000391e0       g_bCleanBootFlag           000951e0     <common>
 0002:000391e4       g_bHiveCleanFlag           000951e4     <common>
 0002:00039200       g_BINRegionInfo            00095200     <common>
 0002:0003ac30       g_DeviceAddr               00096c30     <common>
 0002:0003ac3c       g_DevID                    00096c3c     <common>
 0002:0003ac40       g_dwImageStartBlock        00096c40     <common>
 0002:0003ac44       g_ImageType                00096c44     <common>
 0002:0003ac60       g_TOC                      00096c60     <common>
 0002:0003ae60       g_dwMinImageStart          00096e60     <common>
 0002:0003ae64       g_dwTocEntry               00096e64     <common>
 0002:0003ae68       wNUM_BLOCKS                00096e68     <common>
 0002:0003ae6c       g_bFormatPartitionFlag     00096e6c     <common>
 0002:0003ae80       g_oalCacheInfo             00096e80     <common>
 0002:0003aec8       g_pOEMVerifyMemory         00096ec8     <common>
 0002:0003aecc       g_dwROMOffset              00096ecc     <common>
 0002:0003aed0       g_pOEMReportError          00096ed0     <common>
 0002:0003aed4       g_pOEMMultiBINNotify       00096ed4     <common>
 0002:0003aed8       g_pOEMCheckSignature       00096ed8     <common>
 0002:0003aedc       szSprintf                  00096edc     <common>
 0002:0003aee0       TFtpLinks                  00096ee0     <common>
 0002:0003b7a0       wOdoWellKnownServerPort    000977a0     <common>
 0002:0003b7a2       wHostWellKnownServerPort   000977a2     <common>
 0002:0003b7a4       nNumTFtpLinksInUse         000977a4     <common>
 0002:0003b7c0       TFTPFrameBuffer            000977c0     <common>
 0002:0003bc00       TFtpdServerRegistry        00097c00     <common>
 0002:0003bcc8       _soft_fp_control           00097cc8     <common>
 0002:0003bccc       v_pIOP_PIO_regs            00097ccc     <common>
 0002:0003bcd0       Bpp                        00097cd0     <common>
 0002:0003bce0       DOEPDMA                    00097ce0     <common>
 0002:0003bd20       DOEPINT                    00097d20     <common>
 0002:0003bd60       DIEPINT                    00097d60     <common>
 0002:0003bda0       DIEPCTL                    00097da0     <common>
 0002:0003bde0       g_usbDeviceDescriptor      00097de0     <common>
 0002:0003be00       DOEPTSIZ                   00097e00     <common>
 0002:0003be40       DOEPCTL                    00097e40     <common>
 0002:0003be80       DIEPTSIZ                   00097e80     <common>
 0002:0003bec0       EP_FIFO                    00097ec0     <common>
 0002:0003bf00       EndPointsInfo              00097f00     <common>
 0002:0003bf40       DIEPDMA                    00097f40     <common>
 0002:0003bf7c       gnPpn                      00097f7c     <common>

 entry point at        0001:0002a4ec

 Static symbols

 0001:000206cc       SetCS8900MACAddress        000316cc f   main.obj
 0001:0002087c       PrintMainMenu              0003187c f   main.obj
 0001:00020de0       OEMUpdateTOC               00031de0 f   main.obj
 0001:00021604       InitializeDisplay          00032604 f   main.obj
 0001:00021930       InitializeOTGCLK           00032930 f   main.obj
 0001:000219cc       MainMenu                   000329cc f   main.obj
 0001:00023a80       ?BootConfigInit@@YAXK@Z    00034a80 f   nand.obj
 0001:00025c84       ?GetDecimalNumber@@YAKXZ   00036c84 f   nand.obj
 0001:00025d10       ?MLC_Print_Page_Data_VFL@@YAXPAE0I@Z 00036d10 f   nand.obj
 0001:00025f44       ?MLC_Print_Page_Data@@YAXPAE0@Z 00036f44 f   nand.obj
 0001:000260f8       ?MLC_FIL_Write_Test@@YAXXZ 000370f8 f   nand.obj
 0001:0002625c       ?MLC_VFL_Write_Test@@YAXXZ 0003725c f   nand.obj
 0001:000263a4       ?MLC_VFL_Read_Test@@YAXXZ  000373a4 f   nand.obj
 0001:000264e0       ?MLC_RAW_Erase_Test@@YAXXZ 000374e0 f   nand.obj
 0001:00026598       ?MLC_RAW_Write_Test@@YAXXZ 00037598 f   nand.obj
 0001:000266c8       ?MLC_RAW_Read_Test@@YAXXZ  000376c8 f   nand.obj
 0001:000267a0       ?MLC_RAW_Find_MBR_Test@@YAXXZ 000377a0 f   nand.obj
 0001:00026a54       ?MLC_Mark_BadBlock_Test@@YAXXZ 00037a54 f   nand.obj
 0001:00026f44       delayLoop                  00037f44 f   usb.obj
 0001:00028790       setPCA9530PWM              00039790 f   MegaDisplay.obj
 0001:00029ae0       VIC_InitializeVectTable    0003aae0 f   InterruptController.obj
 0001:0002a24c       IIC_SetWrite               0003b24c f   i2c.obj
 0001:0002a2ac       IIC_Wait                   0003b2ac f   i2c.obj
 0001:0002aea4       GetFormatValue             0003bea4 f   oal_blnk:format.obj
 0001:0002b870       pOutputByte                0003c870 f   oal_blcommon:format.obj
 0001:0002b8a0       pOutputNumHex              0003c8a0 f   oal_blcommon:format.obj
 0001:0002b8e8       pOutputNumDecimal          0003c8e8 f   oal_blcommon:format.obj
 0001:0002bce4       GetImageType               0003cce4 f   oal_blcommon:blcommon.obj
 0001:0002be24       CheckImageManifest         0003ce24 f   oal_blcommon:blcommon.obj
 0001:0002bf50       DownloadNB0                0003cf50 f   oal_blcommon:blcommon.obj
 0001:0002c150       WriteImageToFlash          0003d150 f   oal_blcommon:blcommon.obj
 0001:0002c230       IsKernelRegion             0003d230 f   oal_blcommon:blcommon.obj
 0001:0002c2ec       DownloadBin                0003d2ec f   oal_blcommon:blcommon.obj
 0001:0002c704       DownloadImage              0003d704 f   oal_blcommon:blcommon.obj
 0001:0002db84       EbootSimpleCallback        0003eb84 f   eboot:ebsimp.obj
 0001:0002eb84       CRC                        0003fb84 f   eboot:udp.obj
 0001:0002f340       FormatDHCPName             00040340 f   eboot:dhcp.obj
 0001:000338c4       xtoa                       000448c4 f   fulllibc:xtoa.obj
 0001:00035d18       Disp_initialize_port_RGBIF 00046d18 f   s3c6410_disp_lib:s3c6410_display_con.obj
 0001:00035dbc       Disp_initialize_TVEnc      00046dbc f   s3c6410_disp_lib:s3c6410_display_con.obj
 0001:00035eb0       Disp_window0_initialize    00046eb0 f   s3c6410_disp_lib:s3c6410_display_con.obj
 0001:00036044       Disp_window1_initialize    00047044 f   s3c6410_disp_lib:s3c6410_display_con.obj
 0001:0003621c       Disp_window2_initialize    0004721c f   s3c6410_disp_lib:s3c6410_display_con.obj
 0001:000363f4       Disp_window3_initialize    000473f4 f   s3c6410_disp_lib:s3c6410_display_con.obj
 0001:00036514       Disp_window4_initialize    00047514 f   s3c6410_disp_lib:s3c6410_display_con.obj
 0001:00036634       Disp_get_vclk_direction_divider 00047634 f   s3c6410_disp_lib:s3c6410_display_con.obj
 0001:000368b4       Disp_initialize_RGBIF      000478b4 f   s3c6410_disp_lib:s3c6410_display_con.obj
 0001:000369d8       Disp_initialize_RGBIF_withTVEnc 000479d8 f   s3c6410_disp_lib:s3c6410_display_con.obj
 0001:00036f88       WaitForInit                00047f88 f   oal_usbdbgsermdd:serifc.obj
 0001:00037290       StartTransfer              00048290 f   oal_usbdbgsermdd:usbser.obj
 0001:00037380       ContinueRxTransfer         00048380 f   oal_usbdbgsermdd:usbser.obj
 0001:000374b0       ContinueTxTransfer         000484b0 f   oal_usbdbgsermdd:usbser.obj
 0001:000375dc       AbortTransfer              000485dc f   oal_usbdbgsermdd:usbser.obj
 0001:00037628       SendDescriptor             00048628 f   oal_usbdbgsermdd:usbser.obj
 0001:000378f0       ProcessSetupPacket         000488f0 f   oal_usbdbgsermdd:usbser.obj
 0001:00037c28       UpdateUSBDesc              00048c28 f   oal_usbdbgsermdd:usbser.obj
 0001:00038120       SendRecvData               00049120 f   oal_usbdbgsermdd:usbser.obj
 0001:00038260       HostMiniQueryInformation   00049260 f   oal_usbdbgrndismdd:rndismin.obj
 0001:000384a4       HostMiniSetInformation     000494a4 f   oal_usbdbgrndismdd:rndismin.obj
 0001:00038600       PrepareRndisPacket         00049600 f   oal_usbdbgrndismdd:rndismin.obj
 0001:000386f4       SendRndisMessage           000496f4 f   oal_usbdbgrndismdd:rndismin.obj
 0001:000390cc       StartTransfer              0004a0cc f   oal_usbdbgrndismdd:usbrndis.obj
 0001:000391bc       ContinueRxTransfer         0004a1bc f   oal_usbdbgrndismdd:usbrndis.obj
 0001:000392e0       ContinueTxTransfer         0004a2e0 f   oal_usbdbgrndismdd:usbrndis.obj
 0001:00039408       AbortTransfer              0004a408 f   oal_usbdbgrndismdd:usbrndis.obj
 0001:00039450       SendDescriptor             0004a450 f   oal_usbdbgrndismdd:usbrndis.obj
 0001:00039734       ProcessRndisMsg            0004a734 f   oal_usbdbgrndismdd:usbrndis.obj
 0001:000397c0       ProcessSetupPacket         0004a7c0 f   oal_usbdbgrndismdd:usbrndis.obj
 0001:00039b5c       UpdateUSBDesc              0004ab5c f   oal_usbdbgrndismdd:usbrndis.obj
 0001:0003a10c       SendRecvData               0004b10c f   oal_usbdbgrndismdd:usbrndis.obj
 0001:0003a2ec       ?DevStatChangeEvent@@YAXKPAW4USBDBG_MSG@@PAE@Z 0004b2ec f   s3c6410_usbdbgpdd:usbdbgpdd.obj
 0001:0003a418       ?WaitForSetupXferDone@@YAXXZ 0004b418 f   s3c6410_usbdbgpdd:usbdbgpdd.obj
 0001:0003bd9c       Read_DeviceID              0004cd9c f   SMDK6410_MLC_FIL:S3C6410_FIL.obj
 0001:0003bf14       MLC_Print_Page_Data        0004cf14 f   SMDK6410_MLC_FIL:S3C6410_FIL.obj
 0001:0003c000       Write_Spare                0004d000 f   SMDK6410_MLC_FIL:S3C6410_FIL.obj
 0001:0003c30c       Write_Spare_Separate       0004d30c f   SMDK6410_MLC_FIL:S3C6410_FIL.obj
 0001:0003c72c       Write_Spare_8BitECC        0004d72c f   SMDK6410_MLC_FIL:S3C6410_FIL.obj
 0001:0003ca94       Decoding_MainECC           0004da94 f   SMDK6410_MLC_FIL:S3C6410_FIL.obj
 0001:0003cb74       Decoding_Main8BitECC       0004db74 f   SMDK6410_MLC_FIL:S3C6410_FIL.obj
 0001:0003ccfc       Decoding_SpareECC          0004dcfc f   SMDK6410_MLC_FIL:S3C6410_FIL.obj
 0001:0003ce38       Decoding_Spare8BitECC      0004de38 f   SMDK6410_MLC_FIL:S3C6410_FIL.obj
 0001:0003d36c       MLC_Print_SFR              0004e36c f   SMDK6410_MLC_FIL:S3C6410_FIL.obj
 0001:0003e274       Read_Sector                0004f274 f   SMDK6410_MLC_FIL:S3C6410_FIL.obj
 0001:0003e4c0       Read_Sector_8BitECC        0004f4c0 f   SMDK6410_MLC_FIL:S3C6410_FIL.obj
 0001:0003e710       Read_Spare                 0004f710 f   SMDK6410_MLC_FIL:S3C6410_FIL.obj
 0001:0003ed30       Read_Spare_Separate        0004fd30 f   SMDK6410_MLC_FIL:S3C6410_FIL.obj
 0001:0003f2d8       Read_Spare_8BitECC         000502d8 f   SMDK6410_MLC_FIL:S3C6410_FIL.obj
 0001:000405b8       _InitBackupLBCxt           000515b8 f   FTL_MLC:FTLInterface.obj
 0001:0004062c       _GetBackupLBIdx            0005162c f   FTL_MLC:FTLInterface.obj
 0001:00040674       _LogBlockFreePO            00051674 f   FTL_MLC:FTLInterface.obj
 0001:00040718       _DisableCopyMerge          00051718 f   FTL_MLC:FTLInterface.obj
 0001:000407d4       _ScanLogSection            000517d4 f   FTL_MLC:FTLInterface.obj
 0001:00040860       _GetFreeVb                 00051860 f   FTL_MLC:FTLInterface.obj
 0001:00040a68       _SetFreeVb                 00051a68 f   FTL_MLC:FTLInterface.obj
 0001:00040b3c       _InitLogCxt                00051b3c f   FTL_MLC:FTLInterface.obj
 0001:00040b9c       _ConvertL2V                00051b9c f   FTL_MLC:FTLInterface.obj
 0001:00040cd4       _GetEC                     00051cd4 f   FTL_MLC:FTLInterface.obj
 0001:00040d70       _ModifyMap                 00051d70 f   FTL_MLC:FTLInterface.obj
 0001:00040e34       _ModifyReclaimMap          00051e34 f   FTL_MLC:FTLInterface.obj
 0001:00040f40       _ModifyECTbl               00051f40 f   FTL_MLC:FTLInterface.obj
 0001:00041040       _DoSimpleMerge             00052040 f   FTL_MLC:FTLInterface.obj
 0001:000413a0       _PrintFTLCxt               000523a0 f   FTL_MLC:FTLInterface.obj
 0001:00041d24       _ShouldLSBCopy             00052d24 f   FTL_MLC:FTLInterface.obj
 0001:00041e44       _EraseBackupLB             00052e44 f   FTL_MLC:FTLInterface.obj
 0001:00041edc       _BackupLSB                 00052edc f   FTL_MLC:FTLInterface.obj
 0001:000422a0       _StoreFTLCxt               000532a0 f   FTL_MLC:FTLInterface.obj
 0001:00042518       _LoadFTLCxt                00053518 f   FTL_MLC:FTLInterface.obj
 0001:000428cc       _DoTripleMerge             000538cc f   FTL_MLC:FTLInterface.obj
 0001:000430d4       _MakeLogMap                000540d4 f   FTL_MLC:FTLInterface.obj
 0001:00043944       _GetReservedBlk            00054944 f   VFL_MLC:VFLInterface.obj
 0001:00043ac4       _RemapBadBlk               00054ac4 f   VFL_MLC:VFLInterface.obj
 0001:00043ce8       _GetPhysicalAddr           00054ce8 f   VFL_MLC:VFLInterface.obj
 0001:00043e0c       _CheckInitialBad           00054e0c f   VFL_MLC:VFLInterface.obj
 0001:00043f98       _WriteBadMark              00054f98 f   VFL_MLC:VFLInterface.obj
 0001:000443a4       _PrintVFLCxt               000553a4 f   VFL_MLC:VFLInterface.obj
 0001:00044700       _StoreVFLCxt               00055700 f   VFL_MLC:VFLInterface.obj
 0001:00044a04       _LoadVFLCxt                00055a04 f   VFL_MLC:VFLInterface.obj
 0001:00044c78       _ReplaceBadBlk             00055c78 f   VFL_MLC:VFLInterface.obj
 0001:000450d4       _WaitEraseComplete         000560d4 f   VFL_MLC:VFLInterface.obj
 0001:00048130       _WriteInitBadList          00059130 f   VFL_MLC:VFLInterface.obj
 0001:000493f4       ?LBAtoCHS@@YA?AU_Addr@@PAU_FlashInfo@@U1@@Z 0005a3f4 f   bootpart:bootpart.obj
 0001:0004947c       WriteMBR                   0005a47c f   bootpart:bootpart.obj
 0001:000496bc       ?CreatePartition@@YAPAXKKKHK@Z 0005a6bc f   bootpart:bootpart.obj
