 eboot

 Timestamp is 521458a9 (Wed Aug 21 14:05:29 2013)

 Preferred load address is 00010000

 Start         Length     Name                   Class
 0001:00000000 00021648H .rdata                  CODE
 0001:00021648 00000022H .rdata$debug            CODE
 0001:0002166c 0002a794H .text                   CODE
 0001:0004be00 00000058H .xdata                  CODE
 0001:0004be58 00000000H .edata                  CODE
 0002:00000000 00000d84H .data                   DATA
 0002:00000da0 0003b0e0H .bss                    DATA
 0003:00000000 00000e38H .pdata                  DATA

  Address         Publics by Value              Rva+Base       Lib:Object

 0000:00000000       ___safe_se_handler_count   00000000     <absolute>
 0000:00000000       ___safe_se_handler_table   00000000     <absolute>
 0001:0000001c       ??_C@_08GCIJLKKK@?$CKUSB_DNW?$AA@ 0001101c     main.obj
 0001:00000028       ??_C@_09OKJMMDJO@USB_RNDIS?$AA@ 00011028     main.obj
 0001:00000034       ??_C@_0L@LMLFCLIM@USB_Serial?$AA@ 00011034     main.obj
 0001:00000040       ??_C@_08BICNCILO@Ethernet?$AA@ 00011040     main.obj
 0001:000000e4       g_pTOC                     000110e4     main.obj
 0001:000000e8       ??_C@_0BD@NOJEOCND@?$AN?6Incorrect?5String?$AA@ 000110e8     main.obj
 0001:000000fc       ??_C@_0BJ@IFGBBFMB@?$AN?6Enter?5new?5IP?5address?3?5?$AA@ 000110fc     main.obj
 0001:00000118       ??_C@_0BK@KKICHCJD@?$AN?6Enter?5new?5subnet?5mask?3?5?$AA@ 00011118     main.obj
 0001:00000134       ??_C@_0DF@JLKFBNBO@?$AN?6Enter?5maximum?5number?5of?5second@ 00011134     main.obj
 0001:0000016c       ??_C@_0DI@MNNOKFKF@WARNING?3?5Set?5DM9000A?5MACAddress?3@ 0001116c     main.obj
 0001:000001a4       ??_C@_0CO@EIDBOICA@INFO?3?5MAC?5address?5set?5to?3?5?$CFx?3?$CFx?3@ 000111a4     main.obj
 0001:000001d4       ??_C@_02PCIJFNDE@?$AN?6?$AA@ 000111d4     main.obj
 0001:000001d8       ??_C@_0DN@MBBAKKLM@?$AN?6Enter?5new?5MAC?5address?5in?5hexad@ 000111d8     main.obj
 0001:00000218       ??_C@_0BL@DCNGIHOF@T?$CJ?5Download?5Target?3?5?$FL?$CFs?$FN?$AN?6?$AA@ 00011218     main.obj
 0001:00000234       ??_C@_0DK@MOJCKECN@D?$CJ?5Download?5or?5Program?5image?$CIOS?5@ 00011234     main.obj
 0001:00000270       ??_C@_0CG@ILOPBFIK@L?$CJ?5LAUNCH?5existing?5Boot?5Media?5im@ 00011270     main.obj
 0001:00000298       ??_C@_0CO@DCIFABNE@?$AN?6?9?9?9?9?9?9?9?9?9?5External?5Power?5modul@ 00011298     main.obj
 0001:000002c8       ??_C@_0CJ@KAPENOEE@U?$CJ?5external?5Power?5modules?5config@ 000112c8     main.obj
 0001:000002f4       ??_C@_0CP@OECNCLMN@?$AN?6?9?9?9?9?9?9?9?9?9?5Display?5and?5Logo?5sec@ 000112f4     main.obj
 0001:00000324       ??_C@_0CG@IJIOEDAB@G?$CJ?5LCD?5attached?3?5?$CFs?5with?5?$CFd?5Bit?5@ 00011324     main.obj
 0001:0000034c       ??_C@_0BL@OMIMJCGC@?$AN?6?$AN?6Enter?5your?5selection?3?5?$AA@ 0001134c     main.obj
 0001:00000368       ??_C@_0BB@OALGPJGL@?$CKDownload?5to?5RAM?$AA@ 00011368     main.obj
 0001:0000037c       ??_C@_0BG@DEDDOECB@Write?5to?5NAND?5Storage?$AA@ 0001137c     main.obj
 0001:00000394       ??_C@_05IMNPAKN@?$AI?5?$HN?$AN?6?$AA@ 00011394     main.obj
 0001:0000039c       ??_C@_04HGMFEN@?5?$CFs?0?$AA@ 0001139c     main.obj
 0001:000003a4       ??_C@_0CJ@GGMPGDKB@P?$CJ?5Format?5Partition?5on?5Boot?9time@ 000113a4     main.obj
 0001:000003d0       ??_C@_0DD@DAEFNAEC@?$AN?6?9?9?9?9?9?9?9?9?9?9?9?9?9?5NAND?5Flash?5Secti@ 000113d0     main.obj
 0001:00000404       ??_C@_0CD@BLBGECHA@A?$CJ?5Erase?5All?5Blocks?$CIFormat?5FIL?$CJ?5@ 00011404     main.obj
 0001:00000428       ??_C@_0CK@FAILCKHH@7?$CJ?5Format?5VFL?5?$CIFormat?5FIL?5?$CL?5VFL?5@ 00011428     main.obj
 0001:00000454       ??_C@_0CO@GOMIMANJ@8?$CJ?5Format?5FTL?5?$CIErase?5FTL?5Area?5?$CL?5@ 00011454     main.obj
 0001:00000488       ??_C@_0EJ@GFNBJOOP@F?$CJ?5Format?5Boot?5Media?5for?5BINFS?5w@ 00011488     main.obj
 0001:000004d4       ??_C@_0BJ@LKJGKHNF@M?$CJ?5MLC?5Low?5level?5test?5?$AN?6?$AA@ 000114d4     main.obj
 0001:000004f0       ??_C@_0DD@KCEFNHPL@?$AN?6?9?9?9?9?9?9?9?9?9?5Download?5and?5Launch?5@ 000114f0     main.obj
 0001:00000524       ??_C@_0CB@KGGIMFAN@S?$CJ?5Switch?5Boot?5Device?5?3?5?$FL?$CFs?$FN?5?5?$AN?6@ 00011524     main.obj
 0001:00000548       ??_C@_0BE@JPPLPOKI@?5?5?5?5?5?5?5?5?$HL?5Options?5?3?$AA@ 00011548     main.obj
 0001:0000055c       ??_C@_0CJ@OLCBJMHE@H?$CJ?5Hive?5Clean?5on?5Boot?9time?5?5?5?5?5?5@ 0001155c     main.obj
 0001:00000588       ??_C@_06ELMAPAIP@?$CKFalse?$AA@ 00011588     main.obj
 0001:00000590       ??_C@_04HPMIDMKH@True?$AA@ 00011590     main.obj
 0001:00000598       ??_C@_0CJ@IKJHFECI@C?$CJ?5Force?5Clean?5Boot?5Option?5?5?5?5?5?5@ 00011598     main.obj
 0001:000005c4       ??_C@_05MKDOIIA@False?$AA@ 000115c4     main.obj
 0001:000005cc       ??_C@_05KOBPEMEJ@?$CKTrue?$AA@ 000115cc     main.obj
 0001:000005d4       ??_C@_0CJ@MHHBDICH@I?$CJ?5KITL?5Connection?5Mode?5?5?5?5?5?5?5?5?5@ 000115d4     main.obj
 0001:00000600       ??_C@_0L@HBGKIIFN@?$CKInterrupt?$AA@ 00011600     main.obj
 0001:0000060c       ??_C@_07LPCKBJPC@Polling?$AA@ 0001160c     main.obj
 0001:00000614       ??_C@_0CJ@PEJDOAAA@K?$CJ?5KITL?5Configuration?5?5?5?5?5?5?5?5?5?5?5@ 00011614     main.obj
 0001:00000640       ??_C@_0CM@JKCHHAJJ@5?$CJ?5Startup?5Action?5after?5Boot?5del@ 00011640     main.obj
 0001:0000066c       ??_C@_0BM@CIOCFMIE@6?$CJ?5Boot?5delay?3?5?$CFd?5seconds?$AN?6?$AA@ 0001166c     main.obj
 0001:00000688       ??_C@_0BO@LMDPJAPH@R?$CJ?5Read?5Configuration?$CITOC?$CJ?5?$AN?6?$AA@ 00011688     main.obj
 0001:000006a8       ??_C@_0CN@BPNACNDH@W?$CJ?5Write?5Configuration?5Data?$CITOC?$CJ@ 000116a8     main.obj
 0001:000006d8       ??_C@_0DD@FCGODAAF@?$AN?6?9?9?9?9?9?9?9?5Kernel?5Booting?5Option?5@ 000116d8     main.obj
 0001:0000070c       ??_C@_0BE@JBKDLBKA@?$CKDownload?5New?5image?$AA@ 0001170c     main.obj
 0001:00000720       ??_C@_0CG@DBKHLIEC@Launch?5Existing?5OS?5image?5from?5St@ 00011720     main.obj
 0001:00000748       ??_C@_0BB@BHCCMIIM@2?$CJ?5DHCP?5?3?5?$FL?$CFs?$FN?$AN?6?$AA@ 00011748     main.obj
 0001:0000075c       ??_C@_0DF@HAKFJHDG@3?$CJ?5Program?5DM9000A?5MAC?5address?5?$CI@ 0001175c     main.obj
 0001:00000794       ??_C@_0DD@HDHPNOEH@?$AN?6?9?9?9?9?9?9?9?9?9?5Boot?5Configuration?5S@ 00011794     main.obj
 0001:000007c8       ??_C@_0CM@EFEBIFOH@4?$CJ?5Reset?5to?5factory?5default?5conf@ 000117c8     main.obj
 0001:000007f4       ??_C@_08JGILNPHN@Disabled?$AA@ 000117f4     main.obj
 0001:00000800       ??_C@_08KKPKAPFM@?$CKEnabled?$AA@ 00011800     main.obj
 0001:0000080c       ??_C@_0CK@FPPEALPP@?$AN?6Ethernet?5Boot?5Loader?5Configura@ 0001180c     main.obj
 0001:00000838       ??_C@_0DB@GBDNCPNL@?9?9?9?9?9?9?9?9?9?9?9?5Connectivity?5Setting@ 00011838     main.obj
 0001:0000086c       ??_C@_0BI@OODDIECE@0?$CJ?5IP?5address?5?5?3?5?$FL?$CFs?$FN?$AN?6?$AA@ 0001186c     main.obj
 0001:00000884       ??_C@_0BI@EOIEAGDD@1?$CJ?5Subnet?5mask?5?3?5?$FL?$CFs?$FN?$AN?6?$AA@ 00011884     main.obj
 0001:0000089c       ??_C@_0N@FLJDAHIC@?$CFd?5seconds?4?5?$AA@ 0001189c     main.obj
 0001:000008b0       ??_C@_0EH@GCCPOCPE@?$AN?6Press?5?$FLENTER?$FN?5to?5download?5imag@ 000118b0     main.obj
 0001:000008f8       ??_C@_0CM@MPOIFBJA@?$AN?6Initiating?5image?5download?5in?5?$CF@ 000118f8     main.obj
 0001:00000928       ??_C@_0FK@OBKICLFM@?$AN?6Press?5?$FLENTER?$FN?5to?5launch?5image?5@ 00011928     main.obj
 0001:00000984       ??_C@_0CK@PCOCDPAP@?$AN?6Initiating?5image?5launch?5in?5?$CFd?5@ 00011984     main.obj
 0001:000009b0       ??_C@_0BM@GEAABHMN@SetKITLConfigAndBootOptions?$AA@ 000119b0     main.obj
 0001:000009cc       ??_C@_0CI@KHDBHBPJ@?$CFs?3?5ERROR?3?5unknown?5Boot?5device?3?5@ 000119cc     main.obj
 0001:000009f4       ??_C@_07KEPNGIJP@TBT6410?$AA@ 000119f4     main.obj
 0001:00000a00       ??_C@_0ED@FEPNABFM@ERROR?3?5OEMPreDownload?3?5Failed?5to@ 00011a00     main.obj
 0001:00000a44       ??_C@_1DM@MAGNIICF@?$AAI?$AAN?$AAF?$AAO?$AA?3?$AA?5?$AAU?$AAs?$AAi?$AAn?$AAg?$AA?5?$AAs?$AAu?$AAb?$AAn?$AAe?$AAt?$AA?5?$AAm?$AAa?$AAs?$AAk?$AA?5?$AA?$CF?$AAs?$AA?4?$AA?$AN?$AA?6?$AA?$AA@ 00011a44     main.obj
 0001:00000a80       ??_C@_1EI@JDGOOGJG@?$AAI?$AAN?$AAF?$AAO?$AA?3?$AA?5?$AAU?$AAs?$AAi?$AAn?$AAg?$AA?5?$AAs?$AAt?$AAa?$AAt?$AAi?$AAc?$AA?5?$AAI?$AAP?$AA?5?$AAa?$AAd?$AAd?$AAr?$AAe?$AAs?$AAs?$AA?5?$AA?$CF?$AAs@ 00011a80     main.obj
 0001:00000ac8       ??_C@_1GC@PPHJIICI@?$AAR?$AAe?$AAc?$AAe?$AAi?$AAv?$AAe?$AAd?$AA?5?$AAb?$AAo?$AAo?$AAt?$AA?5?$AAr?$AAe?$AAq?$AAu?$AAe?$AAs?$AAt?$AA?5?$AAa?$AAc?$AAk?$AA?4?$AA?4?$AA?4?$AA?5?$AAs?$AAt?$AAa@ 00011ac8     main.obj
 0001:00000b30       ??_C@_1GA@OPLAMODI@?$AAR?$AAe?$AAc?$AAe?$AAi?$AAv?$AAe?$AAd?$AA?5?$AAb?$AAo?$AAo?$AAt?$AA?5?$AAr?$AAe?$AAq?$AAu?$AAe?$AAs?$AAt?$AA?5?$AAa?$AAc?$AAk?$AA?4?$AA?4?$AA?4?$AA?5?$AAj?$AAu?$AAm@ 00011b30     main.obj
 0001:00000b90       ??_C@_1DM@JIDKOFGC@?$AAF?$AAa?$AAi?$AAl?$AAe?$AAd?$AA?5?$AAt?$AAo?$AA?5?$AAs?$AAe?$AAn?$AAd?$AA?5?$AAb?$AAo?$AAo?$AAt?$AA?5?$AAr?$AAe?$AAq?$AAu?$AAe?$AAs?$AAt?$AA?$AN?$AA?6?$AA?$AA@ 00011b90     main.obj
 0001:00000bcc       ??_C@_1DE@JGLBGENO@?$AAS?$AAe?$AAn?$AAd?$AAi?$AAn?$AAg?$AA?5?$AAb?$AAo?$AAo?$AAt?$AA?5?$AAr?$AAe?$AAq?$AAu?$AAe?$AAs?$AAt?$AA?4?$AA?4?$AA?4?$AA?$AN?$AA?6?$AA?$AA@ 00011bcc     main.obj
 0001:00000c00       ??_C@_0CF@HFLCOCEL@Please?5send?5the?5Image?5through?5US@ 00011c00     main.obj
 0001:00000c28       ??_C@_0CB@DLJNHHLM@INFO?3?5?$CK?$CK?$CK?5Device?5Name?5?8?$CFs?8?5?$CK?$CK?$CK?$AN?6@ 00011c28     main.obj
 0001:00000c4c       ??_C@_1CG@LILOOAOE@?$AA?$CL?$AAO?$AAE?$AAM?$AAP?$AAr?$AAe?$AAD?$AAo?$AAw?$AAn?$AAl?$AAo?$AAa?$AAd?$AA?4?$AA?$AN?$AA?6?$AA?$AA@ 00011c4c     main.obj
 0001:00000c74       ??_C@_1CA@LHEBGHJD@?$AA?$CL?$AAO?$AAE?$AAM?$AAR?$AAe?$AAa?$AAd?$AAD?$AAa?$AAt?$AAa?$AA?4?$AA?$AN?$AA?6?$AA?$AA@ 00011c74     main.obj
 0001:00000c94       ??_C@_1M@ODGLLCKM@?$AA?$CF?$AAd?$AA?4?$AA?$AN?$AA?6?$AA?$AA@ 00011c94     main.obj
 0001:00000ca0       ??_C@_1CI@EJEGBDJI@?$AA_?$AAO?$AAE?$AAM?$AAV?$AAe?$AAr?$AAi?$AAf?$AAy?$AAM?$AAe?$AAm?$AAo?$AAr?$AAy?$AA?4?$AA?$AN?$AA?6?$AA?$AA@ 00011ca0     main.obj
 0001:00000cc8       ??_C@_1DI@IBOHECO@?$AAB?$AAI?$AAN?$AA?5?$AAi?$AAm?$AAa?$AAg?$AAe?$AA?5?$AAt?$AAy?$AAp?$AAe?$AA?5?$AAi?$AAs?$AA?5?$AAu?$AAn?$AAk?$AAn?$AAo?$AAw?$AAn?$AA?$AN?$AA?6?$AA?$AA@ 00011cc8     main.obj
 0001:00000d00       ??_C@_0CL@OJLNKDHN@OEMVerifyMemory?3?5Don?8t?5support?5r@ 00011d00     main.obj
 0001:00000d2c       ??_C@_0BN@BHBELIFJ@OEMVerifyMemory?3?5RAM?5image?$AN?6?$AA@ 00011d2c     main.obj
 0001:00000d4c       ??_C@_0BP@EBMLMIOL@OEMVerifyMemory?3?5Eboot?5image?$AN?6?$AA@ 00011d4c     main.obj
 0001:00000d6c       ??_C@_0CB@IILJAOHA@OEMVerifyMemory?3?5Stepldr?5image?$AN?6@ 00011d6c     main.obj
 0001:00000d90       ??_C@_1HG@ICLGKBMB@?$AAd?$AAw?$AAS?$AAt?$AAa?$AAr?$AAt?$AAA?$AAd?$AAd?$AAr?$AA?3?$AA0?$AAx?$AA?$CF?$AAx?$AA?0?$AA?5?$AAd?$AAw?$AAL?$AAe?$AAn?$AAg?$AAt?$AAh?$AA?3?$AA0?$AAx?$AA?$CF?$AAx?$AA?0@ 00011d90     main.obj
 0001:00000e08       ??_C@_1CI@DKOBFBHO@?$AA?$CL?$AAO?$AAE?$AAM?$AAV?$AAe?$AAr?$AAi?$AAf?$AAy?$AAM?$AAe?$AAm?$AAo?$AAr?$AAy?$AA?4?$AA?$AN?$AA?6?$AA?$AA@ 00011e08     main.obj
 0001:00000e30       ??_C@_0EA@GFHGEBAD@WARNING?3?5OEMMultiBINNotify?3?5Inva@ 00011e30     main.obj
 0001:00000e70       ??_C@_1CM@CACCPAAK@?$AA_?$AAO?$AAE?$AAM?$AAM?$AAu?$AAl?$AAt?$AAi?$AAB?$AAI?$AAN?$AAN?$AAo?$AAt?$AAi?$AAf?$AAy?$AA?4?$AA?$AN?$AA?6?$AA?$AA@ 00011e70     main.obj
 0001:00000ea0       ??_C@_0EB@JCPIKLDC@WARNING?3?5OEMMultiBINNotify?3?5Bad?5@ 00011ea0     main.obj
 0001:00000ee4       ??_C@_0CH@HMPLPLKL@?$FL?$CFd?$FN?3?5Base?5Address?$DN0x?$CFx?5?5Length?$DN@ 00011ee4     main.obj
 0001:00000f0c       ??_C@_0CD@LHCIPCGL@?$AN?6Download?5BIN?5file?5information?3@ 00011f0c     main.obj
 0001:00000f30       ??_C@_0DI@GGGNACF@?9?9?9?9?9?9?9?9?9?9?9?9?9?9?9?9?9?9?9?9?9?9?9?9?9?9?9?9?9?9?9?9@ 00011f30     main.obj
 0001:00000f68       ??_C@_1CM@IIGCLNOI@?$AA?$CL?$AAO?$AAE?$AAM?$AAM?$AAu?$AAl?$AAt?$AAi?$AAB?$AAI?$AAN?$AAN?$AAo?$AAt?$AAi?$AAf?$AAy?$AA?4?$AA?$AN?$AA?6?$AA?$AA@ 00011f68     main.obj
 0001:00000f94       ??_C@_0BH@IHKGCAHP@?$FL?$CFd?$FN?5Module?5Name?3?5?$CFs?$AN?6?$AA@ 00011f94     main.obj
 0001:00000fac       ??_C@_06OLEINIPO@nk?4exe?$AA@ 00011fac     main.obj
 0001:00000fb4       ??_C@_0CB@GDACFJGJ@?$FLLDI?3ERR?$FN?5framebuffer?5at?3?50x?$CFX?6?$AN@ 00011fb4     main.obj
 0001:00000fd8       ??_C@_0CG@OOBFHDC@?$FLeBOOT?$FN?9?9BBP?5of?5?$CFd?5is?5not?5suppor@ 00011fd8     main.obj
 0001:00001000       ??_C@_0CC@GEBEKLF@?$FLeBOOT?$FN?9?9?5display?5bpp?3?5?$CFd?5found?6@ 00012000     main.obj
 0001:00001024       ??_C@_0BB@MEBHIIAP@SpinForever?4?4?4?$AN?6?$AA@ 00012024     main.obj
 0001:00001038       ??_C@_1KA@DGEICKPN@?$AAW?$AAA?$AAR?$AAN?$AAI?$AAN?$AAG?$AA?3?$AA?5?$AAM?$AAa?$AAi?$AAn?$AAM?$AAe?$AAn?$AAu?$AA?3?$AA?5?$AAF?$AAa?$AAi?$AAl?$AAe?$AAd?$AA?5?$AAt?$AAo?$AA?5?$AAs?$AAt?$AAo@ 00012038     main.obj
 0001:000010d8       ??_C@_1CO@DMBBNNGL@?$AAS?$AAu?$AAc?$AAc?$AAe?$AAs?$AAs?$AAf?$AAu?$AAl?$AAl?$AAy?$AA?5?$AAW?$AAr?$AAi?$AAt?$AAt?$AAe?$AAn?$AA?$AN?$AA?6?$AA?$AA@ 000120d8     main.obj
 0001:00001108       ??_C@_1JG@HNCGBIEG@?$AAW?$AAA?$AAR?$AAN?$AAI?$AAN?$AAG?$AA?3?$AA?5?$AAM?$AAa?$AAi?$AAn?$AAM?$AAe?$AAn?$AAu?$AA?3?$AA?5?$AAF?$AAa?$AAi?$AAl?$AAe?$AAd?$AA?5?$AAt?$AAo?$AA?5?$AAs?$AAt?$AAo@ 00012108     main.obj
 0001:000011a0       ??_C@_1GE@NMEGOFBO@?$AA?5?$AA?9?$AA?9?$AAM?$AAa?$AAk?$AAe?$AA?5?$AAI?$AAn?$AAi?$AAt?$AAi?$AAa?$AAl?$AA?5?$AAB?$AAa?$AAd?$AA?5?$AAB?$AAl?$AAo?$AAc?$AAk?$AA?5?$AAI?$AAn?$AAf?$AAo?$AAr?$AAm@ 000121a0     main.obj
 0001:00001204       ??_C@_13JOFGPIOO@?$AA?4?$AA?$AA@ 00012204     main.obj
 0001:00001208       ??_C@_1FO@LAJAAKM@?$AAR?$AAe?$AAa?$AAd?$AA?5?$AAE?$AAr?$AAr?$AAo?$AAr?$AA?5?$AA?$EA?$AA?5?$AA?$CF?$AAd?$AA?5?$AAB?$AAl?$AAo?$AAc?$AAk?$AA?5?$AA?$CF?$AAd?$AA?5?$AAP?$AAa?$AAg?$AAe?$AA?5?$AA?9?$AA?$DO@ 00012208     main.obj
 0001:00001268       ??_C@_1GA@FDCHABPF@?$AAW?$AAr?$AAi?$AAt?$AAe?$AA?5?$AAE?$AAr?$AAr?$AAo?$AAr?$AA?5?$AA?$EA?$AA?5?$AA?$CF?$AAd?$AA?5?$AAB?$AAl?$AAo?$AAc?$AAk?$AA?5?$AA?$CF?$AAd?$AA?5?$AAP?$AAa?$AAg?$AAe?$AA?5?$AA?9@ 00012268     main.obj
 0001:000012c8       ??_C@_1EK@EPMLGIED@?$AAB?$AAa?$AAd?$AA?5?$AAm?$AAa?$AAr?$AAk?$AAi?$AAn?$AAg?$AA?5?$AAW?$AAr?$AAi?$AAt?$AAe?$AA?5?$AAE?$AAr?$AAr?$AAo?$AAr?$AA?5?$AA?$EA?$AA?5?$AA?$CF?$AAd?$AA?5?$AAB?$AAl?$AAo@ 000122c8     main.obj
 0001:00001318       ??_C@_1FA@LMDKDCIE@?$AAE?$AAr?$AAa?$AAs?$AAe?$AA?5?$AAE?$AAr?$AAr?$AAo?$AAr?$AA?5?$AA?$EA?$AA?5?$AA?$CF?$AAd?$AA?5?$AAB?$AAl?$AAo?$AAc?$AAk?$AA?5?$AA?9?$AA?$DO?$AA?5?$AAB?$AAa?$AAd?$AA?5?$AAM?$AAa@ 00012318     main.obj
 0001:00001368       ??_C@_1DO@BDKOKFMG@?$AAI?$AAn?$AAi?$AAt?$AAi?$AAa?$AAl?$AA?5?$AAB?$AAa?$AAd?$AA?5?$AAB?$AAl?$AAo?$AAc?$AAk?$AA?5?$AA?$EA?$AA?5?$AA?$CF?$AAd?$AA?5?$AAB?$AAl?$AAo?$AAc?$AAk?$AA?$AN?$AA?6?$AA?$AA@ 00012368     main.obj
 0001:000013a8       ??_C@_1GG@EIHIKBKC@?$AA?5?$AA?$CL?$AA?$CL?$AAM?$AAa?$AAk?$AAe?$AA?5?$AAI?$AAn?$AAi?$AAt?$AAi?$AAa?$AAl?$AA?5?$AAB?$AAa?$AAd?$AA?5?$AAB?$AAl?$AAo?$AAc?$AAk?$AA?5?$AAI?$AAn?$AAf?$AAo?$AAr?$AAm@ 000123a8     main.obj
 0001:00001410       ??_C@_1DE@FIHALFOM@?$AAI?$AAn?$AAi?$AAt?$AAi?$AAa?$AAl?$AA?5?$AAB?$AAa?$AAd?$AA?5?$AAB?$AAl?$AAo?$AAc?$AAk?$AA?5?$AAC?$AAh?$AAe?$AAc?$AAk?$AA?$AN?$AA?6?$AA?$AA@ 00012410     main.obj
 0001:00001444       ??_C@_1DI@IDPLLEKK@?$AA?5?$AA?9?$AA?9?$AAE?$AAr?$AAa?$AAs?$AAe?$AA?5?$AAP?$AAh?$AAy?$AAs?$AAi?$AAc?$AAa?$AAl?$AA?5?$AAB?$AAl?$AAo?$AAc?$AAk?$AA?5?$AA0?$AA?$AN?$AA?6?$AA?$AA@ 00012444     main.obj
 0001:0000147c       ??_C@_1DI@NMGHPEOF@?$AA?$FL?$AAE?$AAR?$AAR?$AA?$FN?$AA?5?$AAE?$AAr?$AAa?$AAs?$AAe?$AA?5?$AAB?$AAl?$AAo?$AAc?$AAk?$AA?5?$AA0?$AA?5?$AAE?$AAr?$AAr?$AAo?$AAr?$AA?$AN?$AA?6?$AA?$AA@ 0001247c     main.obj
 0001:000014b4       ??_C@_1DI@CJPNEPHB@?$AA?5?$AA?$CL?$AA?$CL?$AAE?$AAr?$AAa?$AAs?$AAe?$AA?5?$AAP?$AAh?$AAy?$AAs?$AAi?$AAc?$AAa?$AAl?$AA?5?$AAB?$AAl?$AAo?$AAc?$AAk?$AA?5?$AA0?$AA?$AN?$AA?6?$AA?$AA@ 000124b4     main.obj
 0001:000014f0       ??_C@_1FM@NNPDMOHD@?$AA?5?$AA?9?$AA?9?$AAF?$AAo?$AAr?$AAm?$AAa?$AAt?$AA?5?$AAF?$AAT?$AAL?$AA?5?$AA?$CI?$AAE?$AAr?$AAa?$AAs?$AAe?$AA?5?$AAF?$AAT?$AAL?$AA?5?$AAA?$AAr?$AAe?$AAa?$AA?5?$AA?$CL?$AA?5@ 000124f0     main.obj
 0001:0000154c       ??_C@_1DI@FBDMLCKH@?$AA?$FL?$AAE?$AAR?$AAR?$AA?$FN?$AA?5?$AAF?$AAT?$AAL?$AA_?$AAC?$AAl?$AAo?$AAs?$AAe?$AA?$CI?$AA?$CJ?$AA?5?$AAF?$AAa?$AAi?$AAl?$AAu?$AAr?$AAe?$AA?$AN?$AA?6?$AA?$AA@ 0001254c     main.obj
 0001:00001588       ??_C@_1EC@DKHNPKLK@?$AA?$FL?$AAE?$AAR?$AAR?$AA?$FN?$AA?5?$AAW?$AAM?$AAR?$AA_?$AAF?$AAo?$AAr?$AAm?$AAa?$AAt?$AA_?$AAF?$AAT?$AAL?$AA?$CI?$AA?$CJ?$AA?5?$AAF?$AAa?$AAi?$AAl?$AAu?$AAr?$AAe?$AA?$AN?$AA?6@ 00012588     main.obj
 0001:000015d0       ??_C@_1FM@NBJMMBKF@?$AA?5?$AA?$CL?$AA?$CL?$AAF?$AAo?$AAr?$AAm?$AAa?$AAt?$AA?5?$AAF?$AAT?$AAL?$AA?5?$AA?$CI?$AAE?$AAr?$AAa?$AAs?$AAe?$AA?5?$AAF?$AAT?$AAL?$AA?5?$AAA?$AAr?$AAe?$AAa?$AA?5?$AA?$CL?$AA?5@ 000125d0     main.obj
 0001:00001630       ??_C@_1FE@IEFEJBCE@?$AA?5?$AA?9?$AA?9?$AAF?$AAo?$AAr?$AAm?$AAa?$AAt?$AA?5?$AAV?$AAF?$AAL?$AA?5?$AA?$CI?$AAF?$AAo?$AAr?$AAm?$AAa?$AAt?$AA?5?$AAF?$AAI?$AAL?$AA?5?$AA?$CL?$AA?5?$AAV?$AAF?$AAL?$AA?5@ 00012630     main.obj
 0001:00001684       ??_C@_1DG@MOABNEMF@?$AA?$FL?$AAE?$AAR?$AAR?$AA?$FN?$AA?5?$AAV?$AAF?$AAL?$AA_?$AAO?$AAp?$AAe?$AAn?$AA?$CI?$AA?$CJ?$AA?5?$AAF?$AAa?$AAi?$AAl?$AAu?$AAr?$AAe?$AA?$AN?$AA?6?$AA?$AA@ 00012684     main.obj
 0001:000016c0       ??_C@_1EC@CPAJGOEB@?$AA?$FL?$AAE?$AAR?$AAR?$AA?$FN?$AA?5?$AAW?$AAM?$AAR?$AA_?$AAF?$AAo?$AAr?$AAm?$AAa?$AAt?$AA_?$AAV?$AAF?$AAL?$AA?$CI?$AA?$CJ?$AA?5?$AAF?$AAa?$AAi?$AAl?$AAu?$AAr?$AAe?$AA?$AN?$AA?6@ 000126c0     main.obj
 0001:00001708       ??_C@_1FE@BGFCIMAH@?$AA?5?$AA?$CL?$AA?$CL?$AAF?$AAo?$AAr?$AAm?$AAa?$AAt?$AA?5?$AAV?$AAF?$AAL?$AA?5?$AA?$CI?$AAF?$AAo?$AAr?$AAm?$AAa?$AAt?$AA?5?$AAF?$AAI?$AAL?$AA?5?$AA?$CL?$AA?5?$AAV?$AAF?$AAL?$AA?5@ 00012708     main.obj
 0001:00001760       ??_C@_1FM@MGHFGGF@?$AA?$FL?$AAI?$AAN?$AAF?$AA?$FN?$AA?5?$AAY?$AAo?$AAu?$AA?5?$AAc?$AAa?$AAn?$AA?5?$AAn?$AAo?$AAt?$AA?5?$AAu?$AAs?$AAe?$AA?5?$AAV?$AAF?$AAL?$AA?5?$AAb?$AAe?$AAf?$AAo?$AAr?$AAe@ 00012760     main.obj
 0001:000017c0       ??_C@_1EG@DDKGBEDH@?$AA?5?$AA?9?$AA?9?$AAF?$AAo?$AAr?$AAm?$AAa?$AAt?$AA?5?$AAF?$AAI?$AAL?$AA?5?$AA?$CI?$AAE?$AAr?$AAa?$AAs?$AAe?$AA?5?$AAA?$AAl?$AAl?$AA?5?$AAB?$AAl?$AAo?$AAc?$AAk?$AAs?$AA?$CJ@ 000127c0     main.obj
 0001:00001808       ??_C@_1EC@LPAELHJB@?$AA?$FL?$AAE?$AAR?$AAR?$AA?$FN?$AA?5?$AAW?$AAM?$AAR?$AA_?$AAF?$AAo?$AAr?$AAm?$AAa?$AAt?$AA_?$AAF?$AAI?$AAL?$AA?$CI?$AA?$CJ?$AA?5?$AAF?$AAa?$AAi?$AAl?$AAu?$AAr?$AAe?$AA?$AN?$AA?6@ 00012808     main.obj
 0001:0000184c       ??_C@_1DI@BEBIFILH@?$AA?$FL?$AAE?$AAR?$AAR?$AA?$FN?$AA?5?$AAV?$AAF?$AAL?$AA_?$AAC?$AAl?$AAo?$AAs?$AAe?$AA?$CI?$AA?$CJ?$AA?5?$AAF?$AAa?$AAi?$AAl?$AAu?$AAr?$AAe?$AA?$AN?$AA?6?$AA?$AA@ 0001284c     main.obj
 0001:00001888       ??_C@_1EG@NJFOKKLJ@?$AA?5?$AA?$CL?$AA?$CL?$AAF?$AAo?$AAr?$AAm?$AAa?$AAt?$AA?5?$AAF?$AAI?$AAL?$AA?5?$AA?$CI?$AAE?$AAr?$AAa?$AAs?$AAe?$AA?5?$AAA?$AAl?$AAl?$AA?5?$AAB?$AAl?$AAo?$AAc?$AAk?$AAs?$AA?$CJ@ 00012888     main.obj
 0001:000018d0       ??_C@_0HA@DPIGGGOH@CAUTION?$CB?5This?5will?5erase?5all?5DAT@ 000128d0     main.obj
 0001:00001940       ??_C@_0BC@IBBPODEC@?4?4?4TOC?5complete?$AN?6?$AA@ 00012940     main.obj
 0001:00001954       ??_C@_1CI@NJIFDNBF@?$AAT?$AAO?$AAC?$AA_?$AAW?$AAr?$AAi?$AAt?$AAe?$AA?5?$AAF?$AAa?$AAi?$AAl?$AAe?$AAd?$AA?$CB?$AA?$AN?$AA?6?$AA?$AA@ 00012954     main.obj
 0001:0000197c       ??_C@_0CL@OEBIGAND@Resetting?5default?5TOC?4?4?4Wait?5to?5@ 0001297c     main.obj
 0001:000019a8       ??_C@_1CI@LDOLEINI@?$AA_?$AAO?$AAE?$AAM?$AAP?$AAl?$AAa?$AAt?$AAf?$AAo?$AAr?$AAm?$AAI?$AAn?$AAi?$AAt?$AA?4?$AA?$AN?$AA?6?$AA?$AA@ 000129a8     main.obj
 0001:000019d0       ??_C@_0EE@GLGGMDKK@ERROR?3?5OEMPlatformInit?3?5Failed?5t@ 000129d0     main.obj
 0001:00001a14       ??_C@_0DI@JCBPOKAE@OEMPlatformInit?3?5Initialized?5USB@ 00012a14     main.obj
 0001:00001a50       ??_C@_0EB@GDGIADFH@OEMPlatformInit?3?5Failed?5to?5initi@ 00012a50     main.obj
 0001:00001a94       ??_C@_0CM@GDNMKJJL@OEMPlatformInit?3?5BootDevice?5?9?5US@ 00012a94     main.obj
 0001:00001ac0       ??_C@_0CN@PEJLNJPM@Waiting?5for?5Platform?5Builder?5to?5@ 00012ac0     main.obj
 0001:00001af0       ??_C@_0DH@GHNFPPAJ@OEMPlatformInit?3?5Initialized?5USB@ 00012af0     main.obj
 0001:00001b28       ??_C@_0EH@DKNHKMGN@OEMPlatformInit?3?5ERROR?3?5Failed?5t@ 00012b28     main.obj
 0001:00001b70       ??_C@_0CL@NKNOEBDA@OEMPlatformInit?3?5BootDevice?5?9?5US@ 00012b70     main.obj
 0001:00001b9c       ??_C@_0CN@HEJKGFJO@OEMPlatformInit?3?5Failed?5to?5initi@ 00012b9c     main.obj
 0001:00001bcc       ??_C@_0DF@KIGJGEBO@OEMPlatformInit?3?5ERROR?3?5unknown?5@ 00012bcc     main.obj
 0001:00001c04       ??_C@_0CB@MFPOKAPM@Don?8t?5support?5launch?5EBOOT?4bin?$AN?6@ 00012c04     main.obj
 0001:00001c28       ??_C@_0EA@LHIJENCD@OEMPlatformInit?5ERROR?3?5Failed?5to@ 00012c28     main.obj
 0001:00001c68       ??_C@_1EO@LBKDMMGG@?$AAO?$AAE?$AAM?$AAP?$AAl?$AAa?$AAt?$AAf?$AAo?$AAr?$AAm?$AAI?$AAn?$AAi?$AAt?$AA?3?$AA?5?$AAI?$AAM?$AAA?$AAG?$AAE?$AA_?$AAT?$AAY?$AAP?$AAE?$AA_?$AAR?$AAA?$AAM?$AAI@ 00012c68     main.obj
 0001:00001cb8       ??_C@_0CD@JHCCMGMB@Don?8t?5support?5launch?5STEPLDR?4bin@ 00012cb8     main.obj
 0001:00001cdc       ??_C@_0DD@LDKOJHEA@OEMPlatformInit?5ERROR?3?5unknown?5i@ 00012cdc     main.obj
 0001:00001d10       ??_C@_0DI@CNJFMBKG@OEMPlatformInit?3?5ERROR_INVALID_T@ 00012d10     main.obj
 0001:00001d48       ??_C@_0CA@PNKNLACN@?$AN?6Starting?5auto?9download?5?4?4?4?5?$AN?6?$AA@ 00012d48     main.obj
 0001:00001d68       ??_C@_0CJ@PCGABLON@?$AN?6Launching?5image?5from?5boot?5medi@ 00012d68     main.obj
 0001:00001d94       ??_C@_0BG@KFNKMLGD@?$AN?6Start?5TOC?5System?4?4?4?$AA@ 00012d94     main.obj
 0001:00001dac       ??_C@_0BC@OAJKAFFP@?$AN?6Start?5PWRCTL?4?4?4?$AA@ 00012dac     main.obj
 0001:00001dc0       ??_C@_0BD@CKPPHJCB@?$AN?6Start?5display?4?4?4?$AA@ 00012dc0     main.obj
 0001:00001dd4       ??_C@_1DE@DLNCLHEO@?$AAw?$AAN?$AAU?$AAM?$AA_?$AAB?$AAL?$AAO?$AAC?$AAK?$AAS?$AA?5?$AA?3?$AA?5?$AA?$CF?$AAd?$AA?$CI?$AA0?$AAx?$AA?$CF?$AAx?$AA?$CJ?$AA?5?$AA?$AN?$AA?6?$AA?$AA@ 00012dd4     main.obj
 0001:00001e08       ??_C@_1GE@PICKJMPL@?$AAE?$AAR?$AAR?$AAO?$AAR?$AA?3?$AA?5?$AAB?$AAL?$AAF?$AAl?$AAa?$AAs?$AAh?$AAD?$AAo?$AAw?$AAn?$AAl?$AAo?$AAa?$AAd?$AA?3?$AA?5?$AAF?$AAM?$AAD?$AA_?$AAG?$AAe?$AAt?$AAI@ 00012e08     main.obj
 0001:00001e6c       ??_C@_0BE@IMHNCMBD@?$AN?6Get?5Flash?5Info?4?4?4?$AA@ 00012e6c     main.obj
 0001:00001e80       ??_C@_1HI@LPCNMJDK@?$AAW?$AAA?$AAR?$AAN?$AAI?$AAN?$AAG?$AA?3?$AA?5?$AAO?$AAE?$AAM?$AAP?$AAl?$AAa?$AAt?$AAf?$AAo?$AAr?$AAm?$AAI?$AAn?$AAi?$AAt?$AA?5?$AAf?$AAa?$AAi?$AAl?$AAe?$AAd?$AA?5@ 00012e80     main.obj
 0001:00001ef8       ??_C@_1BE@CFMGMFAD@?$AAB?$AAP?$AA_?$AAI?$AAn?$AAi?$AAt?$AA?$AN?$AA?6?$AA?$AA@ 00012ef8     main.obj
 0001:00001f0c       ??_C@_0M@CFALKHBE@Aug?521?52013?$AA@ 00012f0c     main.obj
 0001:00001f18       ??_C@_0GC@DJPDHCBN@Microsoft?5Windows?5CE?5Bootloader?5@ 00012f18     main.obj
 0001:00001f7c       ??_C@_1CI@MAEMAKDO@?$AA?$CL?$AAO?$AAE?$AAM?$AAP?$AAl?$AAa?$AAt?$AAf?$AAo?$AAr?$AAm?$AAI?$AAn?$AAi?$AAt?$AA?4?$AA?$AN?$AA?6?$AA?$AA@ 00012f7c     main.obj
 0001:00001fa4       ??_C@_0BP@DPJKPABD@ERROR?3?5OEMLaunch?3?5Halting?4?4?4?$AN?6?$AA@ 00012fa4     main.obj
 0001:00001fc8       ??_C@_0FE@KMLFCHEB@INFO?3?5OEMLaunch?3?5Jumping?5to?5Phys@ 00012fc8     main.obj
 0001:0000201c       ??_C@_1BA@FDKAAGHI@?$AA0?$AAx?$AA?$CF?$AA0?$AA2?$AAx?$AA?5?$AA?$AA@ 0001301c     main.obj
 0001:0000202c       ??_C@_1CC@JPOBLKHL@?$AAp?$AAB?$AAS?$AAP?$AAA?$AAr?$AAg?$AAs?$AA?5?$AA?3?$AA0?$AAx?$AA?$CF?$AAx?$AA?$AN?$AA?6?$AA?$AA@ 0001302c     main.obj
 0001:00002050       ??_C@_1FE@PFELMMJG@?$AAI?$AAN?$AAF?$AAO?$AA?3?$AA?5?$AAu?$AAs?$AAi?$AAn?$AAg?$AA?5?$AAT?$AAO?$AAC?$AA?$FL?$AA?$CF?$AAd?$AA?$FN?$AA?5?$AAd?$AAw?$AAJ?$AAu?$AAm?$AAp?$AAA?$AAd?$AAd?$AAr?$AAe?$AAs@ 00013050     main.obj
 0001:000020a4       ??_C@_0DE@KBGBIAGB@ERROR?3?5OEMLaunch?3?5EbootWaitForHo@ 000130a4     main.obj
 0001:000020d8       ??_C@_0BG@KOENJGFK@Wait?5For?5Connect?4?4?4?$AN?6?$AA@ 000130d8     main.obj
 0001:000020f0       ??_C@_0CF@EHDJNBMM@Eboot?5image?5can?8t?5launch?5from?5ra@ 000130f0     main.obj
 0001:00002118       ??_C@_0CH@FDBDCICC@Stepldr?5image?5can?8t?5launch?5from?5@ 00013118     main.obj
 0001:00002140       ??_C@_0CE@BHICNGLD@You?5should?5program?5it?5into?5flash@ 00013140     main.obj
 0001:00002168       ??_C@_0EH@MIJPKFMG@INFO?3?5Eboot?5image?5stored?5to?5Smar@ 00013168     main.obj
 0001:000021b0       ??_C@_0CK@EMMDCFIP@INFO?3?5using?5TOC?$FL?$CFd?$FN?5dwJumpAddres@ 000131b0     main.obj
 0001:000021e0       ??_C@_0EP@INKDBDBG@?$CK?$CK?$CK?5OEMLaunch?5ERROR?3?5TOC_Write?5f@ 000131e0     main.obj
 0001:00002230       ??_C@_0EN@FILDIMK@INFO?3?5Step?5loader?5image?5stored?5t@ 00013230     main.obj
 0001:00002280       ??_C@_0DK@NMEMLEFF@ERROR?3?5OEMLaunch?3?5Failed?5to?5stor@ 00013280     main.obj
 0001:000022bc       ??_C@_1BM@FHAHCIEC@?$AA?$CL?$AAO?$AAE?$AAM?$AAL?$AAa?$AAu?$AAn?$AAc?$AAh?$AA?4?$AA?$AN?$AA?6?$AA?$AA@ 000132bc     main.obj
 0001:00002438       ??_C@_1EK@OPPDNHBL@?$AAE?$AAR?$AAR?$AAO?$AAR?$AA?3?$AA?5?$AAP?$AAr?$AAo?$AAb?$AAe?$AA?3?$AA?5?$AAC?$AAa?$AAn?$AA?5?$AAn?$AAo?$AAt?$AA?5?$AAf?$AAi?$AAn?$AAd?$AA?5?$AAD?$AAM?$AA9?$AA0?$AA0@ 00013438     dm9000dbg.obj
 0001:00002488       ??_C@_1EG@NNHFPGGK@?$AAI?$AAN?$AAF?$AAO?$AA?3?$AA?5?$AAP?$AAr?$AAo?$AAb?$AAe?$AA?3?$AA?5?$AAD?$AAM?$AA9?$AA0?$AA0?$AA0?$AA?5?$AAi?$AAs?$AA?5?$AAd?$AAe?$AAt?$AAe?$AAc?$AAt?$AAe?$AAd?$AA?4@ 00013488     dm9000dbg.obj
 0001:000024d0       ??_C@_1CI@FEIFDDOP@?$AAD?$AAM?$AA9?$AA0?$AA0?$AA0?$AA?5?$AAI?$AAD?$AA?5?$AAi?$AAs?$AA?5?$AA0?$AAx?$AA?$CF?$AAx?$AA?$AN?$AA?6?$AA?$AA@ 000134d0     dm9000dbg.obj
 0001:000024f8       ??_C@_1FC@FLIHLGKI@?$AAD?$AAM?$AA9?$AA0?$AA0?$AA0?$AA?3?$AA?5?$AAM?$AAA?$AAC?$AA?5?$AAA?$AAd?$AAd?$AAr?$AAe?$AAs?$AAs?$AA?3?$AA?5?$AA?$CF?$AAx?$AA?3?$AA?$CF?$AAx?$AA?3?$AA?$CF?$AAx?$AA?3?$AA?$CF?$AAx@ 000134f8     dm9000dbg.obj
 0001:000025e0       ??_C@_1CE@PPOLGCBE@?$AA?9?$AAI?$AAn?$AAi?$AAt?$AAE?$AAt?$AAh?$AAD?$AAe?$AAv?$AAi?$AAc?$AAe?$AA?4?$AA?$AN?$AA?6?$AA?$AA@ 000135e0     ether.obj
 0001:00002608       ??_C@_1FK@CKEKMON@?$AAE?$AAR?$AAR?$AAO?$AAR?$AA?3?$AA?5?$AAI?$AAn?$AAi?$AAt?$AAE?$AAt?$AAh?$AAD?$AAe?$AAv?$AAi?$AAc?$AAe?$AA?3?$AA?5?$AAI?$AAn?$AAv?$AAa?$AAl?$AAi?$AAd?$AA?5?$AAM?$AAA@ 00013608     ether.obj
 0001:00002668       ??_C@_1IE@KMGADJHJ@?$AAE?$AAR?$AAR?$AAO?$AAR?$AA?3?$AA?5?$AAI?$AAn?$AAi?$AAt?$AAE?$AAt?$AAh?$AAD?$AAe?$AAv?$AAi?$AAc?$AAe?$AA?3?$AA?5?$AAF?$AAa?$AAi?$AAl?$AAe?$AAd?$AA?5?$AAt?$AAo?$AA?5@ 00013668     ether.obj
 0001:000026ec       ??_C@_1CE@DGCLJFOI@?$AA?$CL?$AAI?$AAn?$AAi?$AAt?$AAE?$AAt?$AAh?$AAD?$AAe?$AAv?$AAi?$AAc?$AAe?$AA?4?$AA?$AN?$AA?6?$AA?$AA@ 000136ec     ether.obj
 0001:00002710       ??_C@_0CM@PEMGPOKC@INFO?3?5OEMEthSendFrame?3?5retrying?5@ 00013710     ether.obj
 0001:000027d0       ??_C@_1DG@MKHMFGCD@?$AAO?$AAE?$AAM?$AAM?$AAa?$AAp?$AAM?$AAe?$AAm?$AAA?$AAd?$AAd?$AAr?$AA?5?$AA0?$AAx?$AA?$CF?$AAx?$AA?5?$AA?5?$AA0?$AAx?$AA?$CF?$AAx?$AA?$AN?$AA?6?$AA?$AA@ 000137d0     flash.obj
 0001:00002808       ??_C@_0N@CPDDMNGC@BootCfg?5?$HL?5?$AN?6?$AA@ 00013808     nand.obj
 0001:00002818       ??_C@_0BG@EPEDPIMK@?5?5ConfigFlags?3?50x?$CFx?$AN?6?$AA@ 00013818     nand.obj
 0001:00002830       ??_C@_0BE@FIJGOOJJ@?5?5BootDelay?3?50x?$CFx?$AN?6?$AA@ 00013830     nand.obj
 0001:00002844       ??_C@_0BE@HMEKOBIH@?5?5ImageIndex?3?5?$CFd?5?$AN?6?$AA@ 00013844     nand.obj
 0001:00002858       ??_C@_0BE@LCOFHPJL@?5?5Boot?5Device?3?5?$CFs?$AN?6?$AA@ 00013858     nand.obj
 0001:0000286c       ??_C@_0L@PDINKPHL@?5?5IP?3?5?$CFs?$AN?6?$AA@ 0001386c     nand.obj
 0001:00002878       ??_C@_0CD@DDINOIJK@?5?5MAC?5Address?3?5?$CFB?3?$CFB?3?$CFB?3?$CFB?3?$CFB?3?$CFB@ 00013878     nand.obj
 0001:0000289c       ??_C@_0N@HMPKPEGF@?5?5Port?3?5?$CFs?$AN?6?$AA@ 0001389c     nand.obj
 0001:000028ac       ??_C@_0BD@JFJMJPAF@?5?5SubnetMask?3?5?$CFs?$AN?6?$AA@ 000138ac     nand.obj
 0001:000028c0       ??_C@_03LFNJCDHL@?$HN?$AN?6?$AA@ 000138c0     nand.obj
 0001:000028c4       ??_C@_0BC@CMMAAAKE@?$CLBootConfigInit?$AN?6?$AA@ 000138c4     nand.obj
 0001:000028d8       ??_C@_0O@GDPGGFHK@192?4198?41?4101?$AA@ 000138d8     nand.obj
 0001:000028e8       ??_C@_0O@HGNGLBEC@255?4255?4255?40?$AA@ 000138e8     nand.obj
 0001:000028f8       ??_C@_0BC@CCLMLMCB@?9BootConfigInit?$AN?6?$AA@ 000138f8     nand.obj
 0001:0000290c       ??_C@_0BO@POEHNODL@?5?5sgList?$FL?$CFu?$FN?4dwSector?3?50x?$CFx?$AN?6?$AA@ 0001390c     nand.obj
 0001:0000292c       ??_C@_0BO@GPFMIPDF@?5?5sgList?$FL?$CFu?$FN?4dwLength?3?50x?$CFx?$AN?6?$AA@ 0001392c     nand.obj
 0001:0000294c       ??_C@_0L@GODFOKNP@ID?$FL?$CFu?$FN?5?$HL?$AN?6?$AA@ 0001394c     nand.obj
 0001:00002958       ??_C@_0BE@GDEGIDNH@?5?5dwVersion?3?50x?$CFx?$AN?6?$AA@ 00013958     nand.obj
 0001:0000296c       ??_C@_0BG@CIGDJAF@?5?5dwSignature?3?50x?$CFx?$AN?6?$AA@ 0001396c     nand.obj
 0001:00002984       ??_C@_0BB@FDNDAFHN@?5?5String?3?5?8?$CFs?8?$AN?6?$AA@ 00013984     nand.obj
 0001:00002998       ??_C@_0BG@JPPPMJHI@?5?5dwImageType?3?50x?$CFx?$AN?6?$AA@ 00013998     nand.obj
 0001:000029b0       ??_C@_0BH@GIKFDOPM@?5?5dwTtlSectors?3?50x?$CFx?$AN?6?$AA@ 000139b0     nand.obj
 0001:000029c8       ??_C@_0BI@KMNKEIIG@?5?5dwLoadAddress?3?50x?$CFx?$AN?6?$AA@ 000139c8     nand.obj
 0001:000029e0       ??_C@_0BI@DOAODCJF@?5?5dwJumpAddress?3?50x?$CFx?$AN?6?$AA@ 000139e0     nand.obj
 0001:000029f8       ??_C@_0BI@GHCLPFMO@?5?5dwStoreOffset?3?50x?$CFx?$AN?6?$AA@ 000139f8     nand.obj
 0001:00002a10       ??_C@_0CA@NEPLBIBK@chainInfo?4dwLoadAddress?3?50X?$CFX?$AN?6?$AA@ 00013a10     nand.obj
 0001:00002a30       ??_C@_0CB@OANIHCAF@chainInfo?4dwFlashAddress?3?50X?$CFX?$AN?6@ 00013a30     nand.obj
 0001:00002a54       ??_C@_0BL@PEHJLAFE@chainInfo?4dwLength?3?50X?$CFX?$AN?6?$AA@ 00013a54     nand.obj
 0001:00002a70       ??_C@_0CL@GIIMEPHI@?$CB?$CB?$CBInvalid?5Image?5Descriptor?3?5id?$FL@ 00013a70     nand.obj
 0001:00002a9c       ??_C@_0BE@ENIFMMGA@g_dwTocEntry?5?3?5?$CFd?$AN?6?$AA@ 00013a9c     nand.obj
 0001:00002ab0       ??_C@_07PPPGNDLI@TOC?5?$HL?$AN?6?$AA@ 00013ab0     nand.obj
 0001:00002ab8       ??_C@_0BE@LKCNKEHD@dwSignature?3?50x?$CFx?$AN?6?$AA@ 00013ab8     nand.obj
 0001:00002acc       ??_C@_09IMLFAILL@eboot?4nb0?$AA@ 00013acc     nand.obj
 0001:00002ad8       ??_C@_0CO@ODPPDMDA@ERROR?3?5OEMLaunch?3?5unknown?5image?5@ 00013ad8     nand.obj
 0001:00002b08       ??_C@_0CN@IACCBENF@?$AN?6?$CK?$CK?$CK?5WARNING?3?5TOC_Init?5blasting@ 00013b08     nand.obj
 0001:00002b38       ??_C@_0GH@LGOMHGNJ@TOC_Init?3?5dwEntry?3?$CFu?0?5dwImageTyp@ 00013b38     nand.obj
 0001:00002ba0       ??_C@_0M@MACJOMKC@?9TOC_Read?$AN?6?$AA@ 00013ba0     nand.obj
 0001:00002bb0       ??_C@_0EP@GMLODEBC@TOC_Read?5WARN?3?5Eboot?5version?5mis@ 00013bb0     nand.obj
 0001:00002c00       ??_C@_0CI@ELLBPMCL@Invalidating?5TOC?5for?5re?9initiali@ 00013c00     nand.obj
 0001:00002c28       ??_C@_0CO@LOFHMIMD@TOC_Read?5ERROR?3?5INVALID_TOC?5Sign@ 00013c28     nand.obj
 0001:00002c58       ??_C@_1CM@HJIFBJAP@?$AAT?$AAO?$AAC?$AA_?$AAR?$AAe?$AAa?$AAd?$AA?5?$AAF?$AAa?$AAi?$AAl?$AAe?$AAd?$AA?5?$AA?$CB?$AA?$CB?$AA?$CB?$AA?$AN?$AA?6?$AA?$AA@ 00013c58     nand.obj
 0001:00002c84       ??_C@_1CK@MPNMPIKC@?$AAT?$AAo?$AAo?$AA?5?$AAm?$AAa?$AAn?$AAy?$AA?5?$AAB?$AAa?$AAd?$AA?5?$AAB?$AAl?$AAo?$AAc?$AAk?$AA?$AN?$AA?6?$AA?$AA@ 00013c84     nand.obj
 0001:00002cb0       ??_C@_1CO@PHLOKOH@?$AAB?$AAa?$AAd?$AA?5?$AAB?$AAl?$AAo?$AAc?$AAk?$AA?5?$AA?$CF?$AAd?$AA?5?$AAS?$AAk?$AAi?$AAp?$AAp?$AAe?$AAd?$AA?$AN?$AA?6?$AA?$AA@ 00013cb0     nand.obj
 0001:00002ce0       ??_C@_1GG@MEIJHOLM@?$AA?$FL?$AAE?$AAR?$AAR?$AA?$FN?$AA?5?$AAF?$AAI?$AAL?$AA?5?$AAR?$AAe?$AAa?$AAd?$AA?5?$AAE?$AAr?$AAr?$AAo?$AAr?$AA?5?$AA?$EA?$AA?5?$AA?$CF?$AAd?$AA?5?$AAB?$AAl?$AAo?$AAc?$AAk?$AA?5@ 00013ce0     nand.obj
 0001:00002d48       ??_C@_0CA@JBNMNLHC@TOC_Read?5ERROR?3?5no?5boot?5media?$AN?6?$AA@ 00013d48     nand.obj
 0001:00002d68       ??_C@_0L@FGOFEBDH@TOC_Read?$AN?6?$AA@ 00013d68     nand.obj
 0001:00002d78       ??_C@_1EC@EAAHGAJD@?$AA?$FL?$AAO?$AAK?$AA?$FN?$AA?5?$AAW?$AAr?$AAi?$AAt?$AAe?$AA?5?$AA?$CF?$AAd?$AA?5?$AAt?$AAh?$AA?5?$AAB?$AAl?$AAo?$AAc?$AAk?$AA?5?$AAS?$AAu?$AAc?$AAc?$AAe?$AAs?$AAs?$AA?$AN?$AA?6@ 00013d78     nand.obj
 0001:00002dbc       ??_C@_0N@FPAAHDAA@?9TOC_Write?$AN?6?$AA@ 00013dbc     nand.obj
 0001:00002dcc       ??_C@_1CO@IDADLJPD@?$AAT?$AAO?$AAC?$AA_?$AAW?$AAr?$AAi?$AAt?$AAe?$AA?5?$AAF?$AAa?$AAi?$AAl?$AAe?$AAd?$AA?5?$AA?$CB?$AA?$CB?$AA?$CB?$AA?$AN?$AA?6?$AA?$AA@ 00013dcc     nand.obj
 0001:00002e00       ??_C@_1GC@LPIGNJBC@?$AA?$FL?$AAE?$AAR?$AAR?$AA?$FN?$AA?5?$AAV?$AAe?$AAr?$AAi?$AAf?$AAy?$AA?5?$AAE?$AAr?$AAr?$AAo?$AAr?$AA?5?$AA?$EA?$AA?5?$AA?$CF?$AAd?$AA?5?$AAB?$AAl?$AAo?$AAc?$AAk?$AA?5?$AA?$CF?$AAd@ 00013e00     nand.obj
 0001:00002e68       ??_C@_1GI@PCIGLLGO@?$AA?$FL?$AAE?$AAR?$AAR?$AA?$FN?$AA?5?$AAF?$AAI?$AAL?$AA?5?$AAW?$AAr?$AAi?$AAt?$AAe?$AA?5?$AAE?$AAr?$AAr?$AAo?$AAr?$AA?5?$AA?$EA?$AA?5?$AA?$CF?$AAd?$AA?5?$AAB?$AAl?$AAo?$AAc?$AAk@ 00013e68     nand.obj
 0001:00002ed0       ??_C@_1FI@OLPFHNL@?$AA?$FL?$AAE?$AAR?$AAR?$AA?$FN?$AA?5?$AAF?$AAI?$AAL?$AA?5?$AAE?$AAr?$AAa?$AAs?$AAe?$AA?5?$AAE?$AAr?$AAr?$AAo?$AAr?$AA?5?$AA?$EA?$AA?5?$AA?$CF?$AAd?$AA?5?$AAb?$AAl?$AAo?$AAc?$AAk@ 00013ed0     nand.obj
 0001:00002f28       ??_C@_0DF@ECGNLKOF@TOC_Write?5ERROR?3?5INVALID_IMAGE?$FL?$CF@ 00013f28     nand.obj
 0001:00002f60       ??_C@_0CP@EFNMKHDO@TOC_Write?5ERROR?3?5INVALID_TOC?5Sig@ 00013f60     nand.obj
 0001:00002f90       ??_C@_0CA@JLLBILBC@TOC_Write?5WARN?3?5no?5boot?5media?$AN?6?$AA@ 00013f90     nand.obj
 0001:00002fb0       ??_C@_0N@PPOFKMNN@?$CLTOC_Write?$AN?6?$AA@ 00013fb0     nand.obj
 0001:00002fc0       ??_C@_0BL@IBNCBFJM@?$FLDump?5XIP?5Chain?5Summary?$FN?$AN?6?$AA@ 00013fc0     nand.obj
 0001:00002fdc       ??_C@_0BC@PLGJLODE@?5?9?5pvAddr?3?50x?$CFx?$AN?6?$AA@ 00013fdc     nand.obj
 0001:00002ff0       ??_C@_0BG@CEJEPBJC@?5?9?5dwMaxLength?5?3?5?$CFd?$AN?6?$AA@ 00013ff0     nand.obj
 0001:00003008       ??_C@_0BE@JKLHJCHG@?5?9?5usOrder?5?3?50x?$CFx?$AN?6?$AA@ 00014008     nand.obj
 0001:0000301c       ??_C@_0BE@HBHGBOLJ@?5?9?5usFlags?5?3?50x?$CFx?$AN?6?$AA@ 0001401c     nand.obj
 0001:00003030       ??_C@_0BF@DJKNPPCN@?5?9?5reserved?5?3?50x?$CFx?$AN?6?$AA@ 00014030     nand.obj
 0001:00003048       ??_C@_1DG@POCFDGNP@?$AA?9?$AAW?$AAr?$AAi?$AAt?$AAe?$AAO?$AAS?$AAI?$AAm?$AAa?$AAg?$AAe?$AAT?$AAo?$AAB?$AAo?$AAo?$AAt?$AAM?$AAe?$AAd?$AAi?$AAa?$AA?$AN?$AA?6?$AA?$AA@ 00014048     nand.obj
 0001:00003080       ??_C@_0GF@IDOMNDPN@ERROR?3?5StoreImageToBootMedia?3?5Fa@ 00014080     nand.obj
 0001:000030e8       ??_C@_1KO@MJDOHGFA@?$AAE?$AAR?$AAR?$AAO?$AAR?$AA?3?$AA?5?$AAS?$AAt?$AAo?$AAr?$AAe?$AAI?$AAm?$AAa?$AAg?$AAe?$AAT?$AAo?$AAB?$AAo?$AAo?$AAt?$AAM?$AAe?$AAd?$AAi?$AAa?$AA?3?$AA?5?$AAF?$AAa@ 000140e8     nand.obj
 0001:00003198       ??_C@_1EG@FCAEHLKA@?$AAW?$AAr?$AAi?$AAt?$AAt?$AAe?$AAn?$AA?5?$AAC?$AAh?$AAa?$AAi?$AAn?$AA?5?$AAR?$AAe?$AAg?$AAi?$AAo?$AAn?$AA?5?$AAt?$AAo?$AA?5?$AAt?$AAh?$AAe?$AA?5?$AAF?$AAl?$AAa?$AAs@ 00014198     nand.obj
 0001:000031e0       ??_C@_1HA@BPAKPOPG@?$AAL?$AAo?$AAa?$AAd?$AAA?$AAd?$AAd?$AAr?$AAe?$AAs?$AAs?$AA?5?$AA?$DN?$AA?5?$AA0?$AAx?$AA?$CF?$AAX?$AA?$DL?$AA?5?$AAF?$AAl?$AAa?$AAs?$AAh?$AAA?$AAd?$AAd?$AAr?$AAe?$AAs?$AAs@ 000141e0     nand.obj
 0001:00003250       ??_C@_1LO@FPDKGGPD@?$AA?5?$AAm?$AAe?$AAm?$AAc?$AAp?$AAy?$AA?5?$AA?3?$AA?5?$AAg?$AA_?$AAp?$AAT?$AAO?$AAC?$AA?9?$AA?$DO?$AAc?$AAh?$AAa?$AAi?$AAn?$AAI?$AAn?$AAf?$AAo?$AA?4?$AAd?$AAw?$AAL?$AAo@ 00014250     nand.obj
 0001:00003310       ??_C@_1GI@JJEJHBOH@?$AAU?$AAp?$AAd?$AAa?$AAt?$AAe?$AA?5?$AAL?$AAa?$AAs?$AAt?$AA?5?$AAT?$AAO?$AAC?$AA?$FL?$AA?$CF?$AAd?$AA?$FN?$AA?5?$AAE?$AAn?$AAt?$AAr?$AAy?$AA?5?$AAt?$AAo?$AA?5?$AAT?$AAO?$AAC@ 00014310     nand.obj
 0001:00003378       ??_C@_0BJ@KKEBOGIN@BIN?5Region?5Number?5?3?5?$CFd?$AN?6?$AA@ 00014378     nand.obj
 0001:00003394       ??_C@_1BM@PDLLOMNB@?$AAn?$AAC?$AAo?$AAu?$AAn?$AAt?$AA?5?$AA?$DN?$AA?5?$AA?$CF?$AAd?$AA?5?$AA?6?$AA?$AA@ 00014394     nand.obj
 0001:000033b0       ??_C@_1IG@CHAJDFJE@?$AAE?$AAR?$AAR?$AAO?$AAR?$AA?3?$AA?5?$AAW?$AAr?$AAi?$AAt?$AAe?$AAO?$AAS?$AAI?$AAm?$AAa?$AAg?$AAe?$AAT?$AAo?$AAB?$AAo?$AAo?$AAt?$AAM?$AAe?$AAd?$AAi?$AAa?$AA?3?$AA?5@ 000143b0     nand.obj
 0001:00003438       ??_C@_1BO@IDHKDHGG@?$AAd?$AAw?$AAB?$AAl?$AAo?$AAc?$AAk?$AA?5?$AA?$DN?$AA?5?$AA?$CF?$AAd?$AA?5?$AA?6?$AA?$AA@ 00014438     nand.obj
 0001:00003458       ??_C@_1II@PAOHGILJ@?$AAW?$AAr?$AAi?$AAt?$AAi?$AAn?$AAg?$AA?5?$AAs?$AAi?$AAn?$AAg?$AAl?$AAe?$AA?5?$AAr?$AAe?$AAg?$AAi?$AAo?$AAn?$AA?1?$AAm?$AAu?$AAl?$AAt?$AAi?$AA?9?$AAr?$AAe?$AAg?$AAi@ 00014458     nand.obj
 0001:000034e0       ??_C@_1DO@OHELMHEB@?$AAd?$AAw?$AAM?$AAa?$AAx?$AAR?$AAe?$AAg?$AAi?$AAo?$AAn?$AAL?$AAe?$AAn?$AAg?$AAt?$AAh?$AA?$FL?$AA?$CF?$AAu?$AA?$FN?$AA?3?$AA?5?$AA0?$AAx?$AA?$CF?$AAx?$AA?5?$AA?$AN?$AA?6?$AA?$AA@ 000144e0     nand.obj
 0001:00003520       ??_C@_1HE@PPADBCIO@?$AAB?$AAI?$AAN?$AAF?$AAS?$AAP?$AAa?$AAr?$AAt?$AAM?$AAa?$AAx?$AAL?$AAe?$AAn?$AAg?$AAt?$AAh?$AA?$FL?$AA?$CF?$AAu?$AA?$FN?$AA?3?$AA?5?$AA0?$AAx?$AA?$CF?$AAx?$AA?0?$AA?5?$AAT?$AAt@ 00014520     nand.obj
 0001:00003598       ??_C@_1FG@KMPOIODG@?$AAW?$AAr?$AAi?$AAt?$AAi?$AAn?$AAg?$AA?5?$AAm?$AAu?$AAl?$AAt?$AAi?$AA?9?$AAr?$AAe?$AAg?$AAi?$AAo?$AAn?$AAs?$AA?5?$AA?3?$AA?5?$AAT?$AAo?$AAt?$AAa?$AAl?$AA?5?$AA?$CF?$AAd@ 00014598     nand.obj
 0001:000035f0       ??_C@_0EP@NGMELKFI@INFO?3?5?$CFs?3?5?$FL?$CFd?$FN?5Found?5?8chain?5info@ 000145f0     nand.obj
 0001:00003640       ??_C@_1HE@HNAKDIOL@?$AAF?$AAo?$AAu?$AAn?$AAd?$AA?5?$AAt?$AAh?$AAe?$AA?5?$AAC?$AAh?$AAa?$AAi?$AAn?$AA?5?$AAr?$AAe?$AAg?$AAi?$AAo?$AAn?$AA?3?$AA?5?$AAS?$AAt?$AAa?$AAr?$AAt?$AAA?$AAd?$AAd@ 00014640     nand.obj
 0001:000036b4       ??_C@_0DH@EIKLFMII@Not?5Found?5pExtPointer?0?5Check?5if?5@ 000146b4     nand.obj
 0001:000036ec       ??_C@_0BC@IKEOGALG@chain?5information?$AA@ 000146ec     nand.obj
 0001:00003700       ??_C@_0DE@DNDHKIDM@INFO?3?5?$CFs?3?5?$FL?$CFd?$FN?5Found?5chain?5exten@ 00014700     nand.obj
 0001:00003734       ??_C@_0BI@OJAPOKOJ@WriteOSImageToBootMedia?$AA@ 00014734     nand.obj
 0001:00003750       ??_C@_0EA@FKPGOBJL@INFO?3?5?$CFs?3?5?$FL?$CFd?$FN?5RegionStart?30x?$CFx?0@ 00014750     nand.obj
 0001:00003790       ??_C@_1CK@MNFIFCLN@?$AAE?$AAR?$AAR?$AAO?$AAR?$AA?3?$AA?5?$AAI?$AAN?$AAV?$AAA?$AAL?$AAI?$AAD?$AA_?$AAT?$AAO?$AAC?$AA?$AN?$AA?6?$AA?$AA@ 00014790     nand.obj
 0001:000037c0       ??_C@_1FK@CHPOOIKC@?$AAW?$AAA?$AAR?$AAN?$AA?3?$AA?5?$AAW?$AAr?$AAi?$AAt?$AAe?$AAO?$AAS?$AAI?$AAm?$AAa?$AAg?$AAe?$AAT?$AAo?$AAB?$AAo?$AAo?$AAt?$AAM?$AAe?$AAd?$AAi?$AAa?$AA?3?$AA?5?$AAI@ 000147c0     nand.obj
 0001:00003820       ??_C@_1EC@PDOLJFJI@?$AAE?$AAr?$AAa?$AAs?$AAe?$AA?5?$AAB?$AAl?$AAo?$AAc?$AAk?$AA?5?$AAf?$AAr?$AAo?$AAm?$AA?5?$AA0?$AAx?$AA?$CF?$AAx?$AA?0?$AA?5?$AAt?$AAo?$AA?5?$AA0?$AAx?$AA?$CF?$AAx?$AA?5?$AA?6@ 00014820     nand.obj
 0001:00003864       ??_C@_1DE@JIMLNKLO@?$AAg?$AA_?$AAd?$AAw?$AAM?$AAB?$AAR?$AAS?$AAe?$AAc?$AAt?$AAo?$AAr?$AAN?$AAu?$AAm?$AA?5?$AA?$DN?$AA?5?$AA0?$AAx?$AA?$CF?$AAx?$AA?$AN?$AA?6?$AA?$AA@ 00014864     nand.obj
 0001:00003898       ??_C@_1HA@HNEHDFFG@?$AAE?$AAR?$AAR?$AAO?$AAR?$AA?3?$AA?5?$AAW?$AAr?$AAi?$AAt?$AAe?$AAO?$AAS?$AAI?$AAm?$AAa?$AAg?$AAe?$AAT?$AAo?$AAB?$AAo?$AAo?$AAt?$AAM?$AAe?$AAd?$AAi?$AAa?$AA?3?$AA?5@ 00014898     nand.obj
 0001:00003908       ??_C@_1MG@MHFAIABJ@?$AA?$CL?$AAW?$AAr?$AAi?$AAt?$AAe?$AAO?$AAS?$AAI?$AAm?$AAa?$AAg?$AAe?$AAT?$AAo?$AAB?$AAo?$AAo?$AAt?$AAM?$AAe?$AAd?$AAi?$AAa?$AA?3?$AA?5?$AAg?$AA_?$AAd?$AAw?$AAT?$AAo@ 00014908     nand.obj
 0001:000039d0       ??_C@_1DG@PLPIMDGL@?$AA?$CL?$AAW?$AAr?$AAi?$AAt?$AAe?$AAO?$AAS?$AAI?$AAm?$AAa?$AAg?$AAe?$AAT?$AAo?$AAB?$AAo?$AAo?$AAt?$AAM?$AAe?$AAd?$AAi?$AAa?$AA?$AN?$AA?6?$AA?$AA@ 000149d0     nand.obj
 0001:00003a08       ??_C@_1NA@EBFDCEFM@?$AAR?$AAe?$AAa?$AAd?$AAO?$AAS?$AAI?$AAm?$AAa?$AAg?$AAe?$AAF?$AAr?$AAo?$AAm?$AAB?$AAo?$AAo?$AAt?$AAM?$AAe?$AAd?$AAi?$AAa?$AA?3?$AA?5?$AAE?$AAR?$AAR?$AAO?$AAR?$AA_@ 00014a08     nand.obj
 0001:00003ad8       ??_C@_1DI@KLCKJDOE@?$AA_?$AAR?$AAe?$AAa?$AAd?$AAO?$AAS?$AAI?$AAm?$AAa?$AAg?$AAe?$AAF?$AAr?$AAo?$AAm?$AAB?$AAo?$AAo?$AAt?$AAM?$AAe?$AAd?$AAi?$AAa?$AA?$AN?$AA?6?$AA?$AA@ 00014ad8     nand.obj
 0001:00003b10       ??_C@_1FA@LCKCOMNP@?$AA?$AN?$AA?6?$AAR?$AAe?$AAa?$AAd?$AA?5?$AAO?$AAS?$AA?5?$AAi?$AAm?$AAa?$AAg?$AAe?$AA?5?$AAt?$AAo?$AA?5?$AAB?$AAo?$AAo?$AAt?$AAM?$AAe?$AAd?$AAi?$AAa?$AA?5?$AAS?$AAu?$AAc@ 00014b10     nand.obj
 0001:00003b60       ??_C@_1EC@MGJCGBIB@?$AA?$FL?$AAE?$AAR?$AAR?$AA?$FN?$AA?5?$AAV?$AAF?$AAL?$AA?5?$AAR?$AAe?$AAa?$AAd?$AA?5?$AAE?$AAr?$AAr?$AAo?$AAr?$AA?5?$AA?$EA?$AA?5?$AA?$CF?$AAd?$AA?5?$AAp?$AAa?$AAg?$AAe?$AA?$AN?$AA?6@ 00014b60     nand.obj
 0001:00003ba8       ??_C@_1FA@BOPBJJCL@?$AAR?$AAe?$AAa?$AAd?$AA?5?$AAO?$AAS?$AA?5?$AAi?$AAm?$AAa?$AAg?$AAe?$AA?5?$AAt?$AAo?$AA?5?$AAB?$AAo?$AAo?$AAt?$AAM?$AAe?$AAd?$AAi?$AAa?$AA?5?$AAF?$AAa?$AAi?$AAl?$AAe@ 00014ba8     nand.obj
 0001:00003bf8       ??_C@_1DM@JPMGMLFA@?$AAR?$AAe?$AAa?$AAd?$AA?5?$AAO?$AAS?$AA?5?$AAi?$AAm?$AAa?$AAg?$AAe?$AA?5?$AAt?$AAo?$AA?5?$AAB?$AAo?$AAo?$AAt?$AAM?$AAe?$AAd?$AAi?$AAa?$AA?5?$AA?$AN?$AA?6?$AA?$AA@ 00014bf8     nand.obj
 0001:00003c34       ??_C@_1DC@OFIKJCHM@?$AAI?$AAm?$AAa?$AAg?$AAe?$AAL?$AAe?$AAn?$AAg?$AAt?$AAh?$AA?5?$AA?$DN?$AA?5?$AA?$CF?$AAd?$AA?5?$AAB?$AAy?$AAt?$AAe?$AA?5?$AA?$AN?$AA?6?$AA?$AA@ 00014c34     nand.obj
 0001:00003c68       ??_C@_1GE@LGNNJHBJ@?$AAS?$AAt?$AAa?$AAr?$AAt?$AA?5?$AAP?$AAa?$AAg?$AAe?$AA?5?$AA?$DN?$AA?5?$AA?$CF?$AAd?$AA?0?$AA?5?$AAE?$AAn?$AAd?$AA?5?$AAP?$AAa?$AAg?$AAe?$AA?5?$AA?$DN?$AA?5?$AA?$CF?$AAd?$AA?0?$AA?5@ 00014c68     nand.obj
 0001:00003cd0       ??_C@_1IC@JMFJGKLL@?$AAR?$AAe?$AAa?$AAd?$AAO?$AAS?$AAI?$AAm?$AAa?$AAg?$AAe?$AAF?$AAr?$AAo?$AAm?$AAB?$AAo?$AAo?$AAt?$AAM?$AAe?$AAd?$AAi?$AAa?$AA?3?$AA?5?$AAE?$AAR?$AAR?$AAO?$AAR?$AA_@ 00014cd0     nand.obj
 0001:00003d58       ??_C@_1FO@NFLBHKMP@?$AAE?$AAR?$AAR?$AAO?$AAR?$AA?3?$AA?5?$AAR?$AAe?$AAa?$AAd?$AAO?$AAS?$AAI?$AAm?$AAa?$AAg?$AAe?$AAF?$AAr?$AAo?$AAm?$AAB?$AAo?$AAo?$AAt?$AAM?$AAe?$AAd?$AAi?$AAa?$AA?3@ 00014d58     nand.obj
 0001:00003db8       ??_C@_1HC@CDNBIAAD@?$AAE?$AAR?$AAR?$AAO?$AAR?$AA?3?$AA?5?$AAR?$AAe?$AAa?$AAd?$AAO?$AAS?$AAI?$AAm?$AAa?$AAg?$AAe?$AAF?$AAr?$AAo?$AAm?$AAB?$AAo?$AAo?$AAt?$AAM?$AAe?$AAd?$AAi?$AAa?$AA?3@ 00014db8     nand.obj
 0001:00003e2c       ??_C@_1DI@NDJOHNCP@?$AA?$CL?$AAR?$AAe?$AAa?$AAd?$AAO?$AAS?$AAI?$AAm?$AAa?$AAg?$AAe?$AAF?$AAr?$AAo?$AAm?$AAB?$AAo?$AAo?$AAt?$AAM?$AAe?$AAd?$AAi?$AAa?$AA?$AN?$AA?6?$AA?$AA@ 00014e2c     nand.obj
 0001:00003e68       ??_C@_1FE@JFBKNMHC@?$AAW?$AAr?$AAi?$AAt?$AAe?$AA?5?$AAR?$AAA?$AAW?$AA?5?$AAi?$AAm?$AAa?$AAg?$AAe?$AA?5?$AAt?$AAo?$AA?5?$AAB?$AAo?$AAo?$AAt?$AAM?$AAe?$AAd?$AAi?$AAa?$AA?5?$AAF?$AAa?$AAi@ 00014e68     nand.obj
 0001:00003ec0       ??_C@_1GK@FBAKHKMK@?$AAS?$AAt?$AAa?$AAr?$AAt?$AA?5?$AAB?$AAl?$AAo?$AAc?$AAk?$AA?5?$AA?$DN?$AA?5?$AA?$CF?$AAd?$AA?0?$AA?5?$AAE?$AAn?$AAd?$AA?5?$AAB?$AAl?$AAo?$AAc?$AAk?$AA?5?$AA?$DN?$AA?5?$AA?$CF?$AAd@ 00014ec0     nand.obj
 0001:00003f30       ??_C@_1FM@MMAGEFKH@?$AAW?$AAA?$AAR?$AAN?$AA?3?$AA?5?$AAW?$AAr?$AAi?$AAt?$AAe?$AAR?$AAa?$AAw?$AAI?$AAm?$AAa?$AAg?$AAe?$AAT?$AAo?$AAB?$AAo?$AAo?$AAt?$AAM?$AAe?$AAd?$AAi?$AAa?$AA?3?$AA?5@ 00014f30     nand.obj
 0001:00003f8c       ??_C@_1DI@LKFDKOOB@?$AA_?$AAW?$AAr?$AAi?$AAt?$AAe?$AAR?$AAa?$AAw?$AAI?$AAm?$AAa?$AAg?$AAe?$AAT?$AAo?$AAB?$AAo?$AAo?$AAt?$AAM?$AAe?$AAd?$AAi?$AAa?$AA?$AN?$AA?6?$AA?$AA@ 00014f8c     nand.obj
 0001:00003fc8       ??_C@_1FM@DFDFHNCN@?$AAW?$AAr?$AAi?$AAt?$AAe?$AA?5?$AAS?$AAt?$AAe?$AAp?$AAl?$AAo?$AAa?$AAd?$AAe?$AAr?$AA?5?$AAi?$AAm?$AAa?$AAg?$AAe?$AA?5?$AAt?$AAo?$AA?5?$AAB?$AAo?$AAo?$AAt?$AAM?$AAe@ 00014fc8     nand.obj
 0001:00004028       ??_C@_1GI@IEMMEGDC@?$AAC?$AAa?$AAn?$AAn?$AAo?$AAt?$AA?5?$AAW?$AAr?$AAi?$AAt?$AAe?$AA?5?$AAi?$AAm?$AAa?$AAg?$AAe?$AA?5?$AAo?$AAn?$AA?5?$AAp?$AAa?$AAg?$AAe?$AA?5?$AA?$CF?$AAd?$AA?5?$AA?$CI?$AAR@ 00015028     nand.obj
 0001:00004090       ??_C@_1EE@JDGICMH@?$AA?$FL?$AAE?$AAR?$AAR?$AA?$FN?$AA?5?$AAF?$AAI?$AAL?$AA?5?$AAW?$AAr?$AAi?$AAt?$AAe?$AA?5?$AAE?$AAr?$AAr?$AAo?$AAr?$AA?5?$AA?$EA?$AA?5?$AA?$CF?$AAd?$AA?5?$AAp?$AAa?$AAg?$AAe?$AA?$AN@ 00015090     nand.obj
 0001:000040d8       ??_C@_1EG@FNBHEAIG@?$AA?$FL?$AAE?$AAR?$AAR?$AA?$FN?$AA?5?$AAF?$AAI?$AAL?$AA?5?$AAE?$AAr?$AAa?$AAs?$AAe?$AA?5?$AAE?$AAr?$AAr?$AAo?$AAr?$AA?5?$AA?$EA?$AA?5?$AA?$CF?$AAd?$AA?5?$AAb?$AAl?$AAo?$AAc?$AAk@ 000150d8     nand.obj
 0001:00004120       ??_C@_1GC@MJNCNPAN@?$AAW?$AAr?$AAi?$AAt?$AAe?$AA?5?$AAS?$AAt?$AAe?$AAp?$AAl?$AAo?$AAa?$AAd?$AAe?$AAr?$AA?5?$AAi?$AAm?$AAa?$AAg?$AAe?$AA?5?$AAt?$AAo?$AA?5?$AAB?$AAo?$AAo?$AAt?$AAM?$AAe@ 00015120     nand.obj
 0001:00004188       ??_C@_1EG@NAEPMLBA@?$AA?5?$AAd?$AAw?$AAP?$AAa?$AAg?$AAe?$AA?5?$AA?$DN?$AA?5?$AA0?$AAx?$AA?$CF?$AAx?$AA?0?$AA?5?$AAp?$AAb?$AAB?$AAu?$AAf?$AAf?$AAe?$AAr?$AA?5?$AA?$DN?$AA?5?$AA0?$AAx?$AA?$CF?$AAx?$AA?5@ 00015188     nand.obj
 0001:000041d0       ??_C@_1IE@CAFKOEIC@?$AAW?$AAr?$AAi?$AAt?$AAe?$AA?5?$AAS?$AAt?$AAe?$AAp?$AAl?$AAo?$AAa?$AAd?$AAe?$AAr?$AA?5?$AA?$CI?$AAN?$AAB?$AAL?$AA1?$AA?$CL?$AAN?$AAB?$AAL?$AA2?$AA?$CJ?$AA?5?$AAi?$AAm?$AAa@ 000151d0     nand.obj
 0001:00004258       ??_C@_1KO@MJEOKFDA@?$AAV?$AAF?$AAL?$AA?5?$AAF?$AAo?$AAr?$AAm?$AAa?$AAt?$AAt?$AAe?$AAd?$AA?4?$AA?4?$AA?4?$AA?5?$AAB?$AAu?$AAt?$AA?5?$AAT?$AAh?$AAe?$AAr?$AAe?$AA?5?$AAi?$AAs?$AA?5?$AAn?$AAo@ 00015258     nand.obj
 0001:00004308       ??_C@_1DA@BPGGFBOJ@?$AAV?$AAF?$AAL?$AA?5?$AAA?$AAl?$AAr?$AAe?$AAa?$AAd?$AAy?$AA?5?$AAF?$AAo?$AAr?$AAm?$AAa?$AAt?$AAt?$AAe?$AAd?$AA?$AN?$AA?6?$AA?$AA@ 00015308     nand.obj
 0001:00004338       ??_C@_1FC@LIIJKIPD@?$AAW?$AAr?$AAi?$AAt?$AAe?$AA?5?$AAE?$AAb?$AAo?$AAo?$AAt?$AA?5?$AAi?$AAm?$AAa?$AAg?$AAe?$AA?5?$AAt?$AAo?$AA?5?$AAB?$AAo?$AAo?$AAt?$AAM?$AAe?$AAd?$AAi?$AAa?$AA?5?$AAS@ 00015338     nand.obj
 0001:00004390       ??_C@_1EE@JICDIMNH@?$AAW?$AAr?$AAi?$AAt?$AAe?$AA?5?$AAE?$AAb?$AAo?$AAo?$AAt?$AA?5?$AAi?$AAm?$AAa?$AAg?$AAe?$AA?5?$AAt?$AAo?$AA?5?$AAB?$AAo?$AAo?$AAt?$AAM?$AAe?$AAd?$AAi?$AAa?$AA?5?$AA?$AN@ 00015390     nand.obj
 0001:000043d8       ??_C@_1HC@CDFDJJMD@?$AAE?$AAR?$AAR?$AAO?$AAR?$AA?3?$AA?5?$AAW?$AAr?$AAi?$AAt?$AAe?$AAR?$AAa?$AAw?$AAI?$AAm?$AAa?$AAg?$AAe?$AAT?$AAo?$AAB?$AAo?$AAo?$AAt?$AAM?$AAe?$AAd?$AAi?$AAa?$AA?3@ 000153d8     nand.obj
 0001:0000444c       ??_C@_1DI@MCOHEACK@?$AA?$CL?$AAW?$AAr?$AAi?$AAt?$AAe?$AAR?$AAa?$AAw?$AAI?$AAm?$AAa?$AAg?$AAe?$AAT?$AAo?$AAB?$AAo?$AAo?$AAt?$AAM?$AAe?$AAd?$AAi?$AAa?$AA?$AN?$AA?6?$AA?$AA@ 0001544c     nand.obj
 0001:00004484       ??_C@_1BI@DHFNLOND@?$AAS?$AAp?$AAa?$AAr?$AAe?$AA?5?$AAD?$AAa?$AAt?$AAa?$AA?6?$AA?$AA@ 00015484     nand.obj
 0001:000044a0       ??_C@_1GG@NNNAIGB@?$AA?$DN?$AA?$DN?$AA?$DN?$AA?$DN?$AA?$DN?$AA?$DN?$AA?$DN?$AA?$DN?$AA?$DN?$AA?$DN?$AA?$DN?$AA?$DN?$AA?$DN?$AA?$DN?$AA?$DN?$AA?$DN?$AA?$DN?$AA?$DN?$AA?$DN?$AA?$DN?$AA?$DN?$AA?$DN?$AA?$DN?$AA?$DN?$AA?$DN?$AA?$DN?$AA?$DN?$AA?$DN?$AA?$DN?$AA?$DN?$AA?$DN?$AA?$DN@ 000154a0     nand.obj
 0001:00004508       ??_C@_13LBAGMAIH@?$AA?6?$AA?$AA@ 00015508     nand.obj
 0001:0000450c       ??_C@_1M@OMOAGDNC@?$AA?$CF?$AA0?$AA2?$AAx?$AA?5?$AA?$AA@ 0001550c     nand.obj
 0001:00004518       ??_C@_1BA@CEJCODBI@?$AA?$CF?$AA0?$AA8?$AAx?$AAh?$AA?3?$AA?5?$AA?$AA@ 00015518     nand.obj
 0001:00004528       ??_C@_1IO@JAIAANHK@?$AA?$DN?$AA?$DN?$AA?$DN?$AA?$DN?$AA?$DN?$AA?$DN?$AA?$DN?$AA?$DN?$AA?$DN?$AA?$DN?$AA?$DN?$AA?$DN?$AA?$DN?$AA?$DN?$AA?$DN?$AA?$DN?$AA?$DN?$AA?$DN?$AA?$DN?$AA?$DN?$AA?$DN?$AA?$DN?$AA?$DN?$AA?$DN?$AA?$DN?$AA?$DN?$AA?$DN?$AA?$DN?$AA?$DN?$AA?$DN?$AA?$DN?$AA?$DN@ 00015528     nand.obj
 0001:000045b8       ??_C@_1BI@PAHGEPNF@?$AAM?$AAa?$AAi?$AAn?$AA?5?$AAD?$AAa?$AAt?$AAa?$AA?$AN?$AA?6?$AA?$AA@ 000155b8     nand.obj
 0001:000045d0       ??_C@_1HK@CFAMJGAD@?$AA?$DN?$AA?$DN?$AA?$DN?$AA?$DN?$AA?$DN?$AA?$DN?$AA?$DN?$AA?$DN?$AA?$DN?$AA?$DN?$AA?$DN?$AA?$DN?$AA?$DN?$AA?$DN?$AA?$DN?$AA?$DN?$AA?$DN?$AA?$DN?$AA?$DN?$AA?$DN?$AA?$DN?$AA?$DN?$AA?$DN?$AA?$DN?$AA?$DN?$AA?$DN?$AA?$DN?$AA?$DN?$AA?$DN?$AA?$DN?$AA?$DN?$AA?$DN@ 000155d0     nand.obj
 0001:00004650       ??_C@_1GE@PHAKMCB@?$AA?5?$AAW?$AAr?$AAo?$AAn?$AAg?$AA?5?$AAB?$AAl?$AAo?$AAc?$AAk?$AA?5?$AAN?$AAu?$AAm?$AAb?$AAe?$AAr?$AA?5?$AA?$CB?$AA?5?$AAY?$AAo?$AAu?$AA?5?$AAc?$AAa?$AAn?$AA?5?$AAe?$AAr@ 00015650     nand.obj
 0001:000046b4       ??_C@_1CM@IBKKGJCB@?$AA?5?$AAF?$AAI?$AAL?$AA?5?$AAE?$AAr?$AAa?$AAs?$AAe?$AA?5?$AAS?$AAu?$AAc?$AAc?$AAe?$AAs?$AAs?$AA?5?$AA?$AN?$AA?6?$AA?$AA@ 000156b4     nand.obj
 0001:000046e0       ??_C@_1CG@BCNEFHPF@?$AA?5?$AAF?$AAI?$AAL?$AA?5?$AAE?$AAr?$AAa?$AAs?$AAe?$AA?5?$AAF?$AAa?$AAi?$AAl?$AA?5?$AA?$AN?$AA?6?$AA?$AA@ 000156e0     nand.obj
 0001:00004708       ??_C@_1CK@HKGDLOMI@?$AA?$AN?$AA?6?$AA?5?$AAF?$AAI?$AAL?$AA?5?$AAE?$AAr?$AAa?$AAs?$AAe?$AA?5?$AAT?$AAe?$AAs?$AAt?$AA?5?$AA?$AN?$AA?6?$AA?$AA@ 00015708     nand.obj
 0001:00004738       ??_C@_1EI@DDDKFKLO@?$AA?5?$AAB?$AAl?$AAo?$AAc?$AAk?$AA?5?$AAN?$AAu?$AAm?$AAb?$AAe?$AAr?$AA?5?$AA?$FL?$AA9?$AA9?$AA9?$AA9?$AA9?$AA9?$AA9?$AA9?$AA?5?$AAt?$AAo?$AA?5?$AAe?$AAx?$AAi?$AAt?$AA?$FN@ 00015738     nand.obj
 0001:00004780       ??_C@_1GC@CHDDHIOE@?$AA?5?$AAW?$AAr?$AAo?$AAn?$AAg?$AA?5?$AAP?$AAa?$AAg?$AAe?$AA?5?$AAN?$AAu?$AAm?$AAb?$AAe?$AAr?$AA?5?$AA?$CB?$AA?5?$AAY?$AAo?$AAu?$AA?5?$AAc?$AAa?$AAn?$AA?5?$AAw?$AAr?$AAi@ 00015780     nand.obj
 0001:000047e4       ??_C@_1CM@NBGHDPLM@?$AA?5?$AAF?$AAI?$AAL?$AA?5?$AAW?$AAr?$AAi?$AAt?$AAe?$AA?5?$AAS?$AAu?$AAc?$AAc?$AAe?$AAs?$AAs?$AA?5?$AA?$AN?$AA?6?$AA?$AA@ 000157e4     nand.obj
 0001:00004810       ??_C@_1CG@LNDEHOOB@?$AA?5?$AAF?$AAI?$AAL?$AA?5?$AAW?$AAr?$AAi?$AAt?$AAe?$AA?5?$AAF?$AAa?$AAi?$AAl?$AA?5?$AA?$AN?$AA?6?$AA?$AA@ 00015810     nand.obj
 0001:00004838       ??_C@_1CK@NFIDJHNM@?$AA?$AN?$AA?6?$AA?5?$AAF?$AAI?$AAL?$AA?5?$AAW?$AAr?$AAi?$AAt?$AAe?$AA?5?$AAT?$AAe?$AAs?$AAt?$AA?5?$AA?$AN?$AA?6?$AA?$AA@ 00015838     nand.obj
 0001:00004868       ??_C@_1EG@CNLCDEHL@?$AA?5?$AAP?$AAa?$AAg?$AAe?$AA?5?$AAN?$AAu?$AAm?$AAb?$AAe?$AAr?$AA?5?$AA?$FL?$AA9?$AA9?$AA9?$AA9?$AA9?$AA9?$AA9?$AA9?$AA?5?$AAt?$AAo?$AA?5?$AAe?$AAx?$AAi?$AAt?$AA?$FN?$AA?5@ 00015868     nand.obj
 0001:000048b0       ??_C@_1FO@BHAEJECF@?$AA?5?$AAW?$AAr?$AAo?$AAn?$AAg?$AA?5?$AAP?$AAa?$AAg?$AAe?$AA?5?$AAN?$AAu?$AAm?$AAb?$AAe?$AAr?$AA?5?$AA?$CB?$AA?5?$AAY?$AAo?$AAu?$AA?5?$AAc?$AAa?$AAn?$AA?5?$AAr?$AAe?$AAa@ 000158b0     nand.obj
 0001:00004910       ??_C@_1CK@NCMGBJNL@?$AA?5?$AAF?$AAI?$AAL?$AA?5?$AAR?$AAe?$AAa?$AAd?$AA?5?$AAS?$AAu?$AAc?$AAc?$AAe?$AAs?$AAs?$AA?5?$AA?$AN?$AA?6?$AA?$AA@ 00015910     nand.obj
 0001:0000493c       ??_C@_1CE@FLLKGOIA@?$AA?5?$AAF?$AAI?$AAL?$AA?5?$AAR?$AAe?$AAa?$AAd?$AA?5?$AAF?$AAa?$AAi?$AAl?$AA?5?$AA?$AN?$AA?6?$AA?$AA@ 0001593c     nand.obj
 0001:00004960       ??_C@_1CI@CKOGPH@?$AA?$AN?$AA?6?$AA?5?$AAF?$AAI?$AAL?$AA?5?$AAR?$AAe?$AAa?$AAd?$AA?5?$AAT?$AAe?$AAs?$AAt?$AA?5?$AA?$AN?$AA?6?$AA?$AA@ 00015960     nand.obj
 0001:00004988       ??_C@_1CM@BCNCHCOH@?$AA?5?$AAV?$AAF?$AAL?$AA?5?$AAE?$AAr?$AAa?$AAs?$AAe?$AA?5?$AAS?$AAu?$AAc?$AAc?$AAe?$AAs?$AAs?$AA?5?$AA?$AN?$AA?6?$AA?$AA@ 00015988     nand.obj
 0001:000049b4       ??_C@_1CG@PDHJANNK@?$AA?5?$AAV?$AAF?$AAL?$AA?5?$AAE?$AAr?$AAa?$AAs?$AAe?$AA?5?$AAF?$AAa?$AAi?$AAl?$AA?5?$AA?$AN?$AA?6?$AA?$AA@ 000159b4     nand.obj
 0001:000049dc       ??_C@_1CK@JLMOOEOH@?$AA?$AN?$AA?6?$AA?5?$AAV?$AAF?$AAL?$AA?5?$AAE?$AAr?$AAa?$AAs?$AAe?$AA?5?$AAT?$AAe?$AAs?$AAt?$AA?5?$AA?$AN?$AA?6?$AA?$AA@ 000159dc     nand.obj
 0001:00004a08       ??_C@_1CM@ECBPCEHK@?$AA?5?$AAV?$AAF?$AAL?$AA?5?$AAW?$AAr?$AAi?$AAt?$AAe?$AA?5?$AAS?$AAu?$AAc?$AAc?$AAe?$AAs?$AAs?$AA?5?$AA?$AN?$AA?6?$AA?$AA@ 00015a08     nand.obj
 0001:00004a34       ??_C@_1CG@FMJJCEMO@?$AA?5?$AAV?$AAF?$AAL?$AA?5?$AAW?$AAr?$AAi?$AAt?$AAe?$AA?5?$AAF?$AAa?$AAi?$AAl?$AA?5?$AA?$AN?$AA?6?$AA?$AA@ 00015a34     nand.obj
 0001:00004a5c       ??_C@_1CK@DECOMNPD@?$AA?$AN?$AA?6?$AA?5?$AAV?$AAF?$AAL?$AA?5?$AAW?$AAr?$AAi?$AAt?$AAe?$AA?5?$AAT?$AAe?$AAs?$AAt?$AA?5?$AA?$AN?$AA?6?$AA?$AA@ 00015a5c     nand.obj
 0001:00004a88       ??_C@_1GA@DMIKFEBL@?$AA?5?$AAW?$AAr?$AAo?$AAn?$AAg?$AA?5?$AAP?$AAa?$AAg?$AAe?$AA?5?$AAN?$AAu?$AAm?$AAb?$AAe?$AAr?$AA?5?$AA?$CB?$AA?5?$AAY?$AAo?$AAu?$AA?5?$AAc?$AAa?$AAn?$AA?5?$AAr?$AAe?$AAa@ 00015a88     nand.obj
 0001:00004ae8       ??_C@_1CK@IHBIBNJP@?$AA?5?$AAV?$AAF?$AAL?$AA?5?$AAR?$AAe?$AAa?$AAd?$AA?5?$AAS?$AAu?$AAc?$AAc?$AAe?$AAs?$AAs?$AA?5?$AA?$AN?$AA?6?$AA?$AA@ 00015ae8     nand.obj
 0001:00004b14       ??_C@_1CE@CFINFBOC@?$AA?5?$AAV?$AAF?$AAL?$AA?5?$AAR?$AAe?$AAa?$AAd?$AA?5?$AAF?$AAa?$AAi?$AAl?$AA?5?$AA?$AN?$AA?6?$AA?$AA@ 00015b14     nand.obj
 0001:00004b38       ??_C@_1CI@HOBNNJJF@?$AA?$AN?$AA?6?$AA?5?$AAV?$AAF?$AAL?$AA?5?$AAR?$AAe?$AAa?$AAd?$AA?5?$AAT?$AAe?$AAs?$AAt?$AA?5?$AA?$AN?$AA?6?$AA?$AA@ 00015b38     nand.obj
 0001:00004b60       ??_C@_1CM@EOKBJBFH@?$AA?5?$AAR?$AAA?$AAW?$AA?5?$AAE?$AAr?$AAa?$AAs?$AAe?$AA?5?$AAS?$AAu?$AAc?$AAc?$AAe?$AAs?$AAs?$AA?5?$AA?$AN?$AA?6?$AA?$AA@ 00015b60     nand.obj
 0001:00004b8c       ??_C@_1CG@DPELAMN@?$AA?5?$AAR?$AAA?$AAW?$AA?5?$AAE?$AAr?$AAa?$AAs?$AAe?$AA?5?$AAF?$AAa?$AAi?$AAl?$AA?5?$AA?$AN?$AA?6?$AA?$AA@ 00015b8c     nand.obj
 0001:00004bb4       ??_C@_1CK@GLEDFJPA@?$AA?$AN?$AA?6?$AA?5?$AAR?$AAA?$AAW?$AA?5?$AAE?$AAr?$AAa?$AAs?$AAe?$AA?5?$AAT?$AAe?$AAs?$AAt?$AA?5?$AA?$AN?$AA?6?$AA?$AA@ 00015bb4     nand.obj
 0001:00004be0       ??_C@_1CM@BOGMMHMK@?$AA?5?$AAR?$AAA?$AAW?$AA?5?$AAW?$AAr?$AAi?$AAt?$AAe?$AA?5?$AAS?$AAu?$AAc?$AAc?$AAe?$AAs?$AAs?$AA?5?$AA?$AN?$AA?6?$AA?$AA@ 00015be0     nand.obj
 0001:00004c0c       ??_C@_1CG@KMBEJJNJ@?$AA?5?$AAR?$AAA?$AAW?$AA?5?$AAW?$AAr?$AAi?$AAt?$AAe?$AA?5?$AAF?$AAa?$AAi?$AAl?$AA?5?$AA?$AN?$AA?6?$AA?$AA@ 00015c0c     nand.obj
 0001:00004c34       ??_C@_1CK@MEKDHAOE@?$AA?$AN?$AA?6?$AA?5?$AAR?$AAA?$AAW?$AA?5?$AAW?$AAr?$AAi?$AAt?$AAe?$AA?5?$AAT?$AAe?$AAs?$AAt?$AA?5?$AA?$AN?$AA?6?$AA?$AA@ 00015c34     nand.obj
 0001:00004c60       ??_C@_1CI@FILKIIMD@?$AA?$AN?$AA?6?$AA?5?$AAR?$AAA?$AAW?$AA?5?$AAR?$AAe?$AAa?$AAd?$AA?5?$AAT?$AAe?$AAs?$AAt?$AA?5?$AA?$AN?$AA?6?$AA?$AA@ 00015c60     nand.obj
 0001:00004c88       ??_C@_1EC@JPCANEAL@?$AA?$AN?$AA?6?$AAM?$AAB?$AAR?$AA?5?$AAi?$AAs?$AA?5?$AAf?$AAo?$AAu?$AAn?$AAd?$AA?5?$AAo?$AAn?$AA?5?$AAP?$AAa?$AAg?$AAe?$AA?5?$AA?$CF?$AAd?$AA?5?$AA?$CI?$AA?$CF?$AAx?$AA?$CJ?$AA?$AN?$AA?6@ 00015c88     nand.obj
 0001:00004cd0       ??_C@_1GC@BFOJNALA@?$AA?5?$AAW?$AAr?$AAo?$AAn?$AAg?$AA?5?$AAB?$AAl?$AAo?$AAc?$AAk?$AA?5?$AAN?$AAu?$AAm?$AAb?$AAe?$AAr?$AA?5?$AA?$CB?$AA?5?$AAY?$AAo?$AAu?$AA?5?$AAc?$AAa?$AAn?$AA?5?$AAm?$AAa@ 00015cd0     nand.obj
 0001:00004d34       ??_C@_1DG@LBEAFNID@?$AA?5?$AAM?$AAa?$AAr?$AAk?$AA?5?$AAB?$AAa?$AAd?$AA?5?$AAB?$AAl?$AAo?$AAc?$AAk?$AA?5?$AAS?$AAu?$AAc?$AAc?$AAe?$AAs?$AAs?$AA?5?$AA?$AN?$AA?6?$AA?$AA@ 00015d34     nand.obj
 0001:00004d6c       ??_C@_1CK@PAGNADJK@?$AA?$AN?$AA?6?$AA?5?$AAM?$AAa?$AAr?$AAk?$AA?5?$AAB?$AAa?$AAd?$AA?5?$AAB?$AAl?$AAo?$AAc?$AAk?$AA?5?$AA?$AN?$AA?6?$AA?$AA@ 00015d6c     nand.obj
 0001:00004d98       ??_C@_1CE@EPAFOHAC@?$AAW?$AAr?$AAo?$AAn?$AAg?$AA?5?$AAs?$AAe?$AAl?$AAe?$AAc?$AAt?$AAi?$AAo?$AAn?$AA?$AN?$AA?6?$AA?$AA@ 00015d98     nand.obj
 0001:00004dbc       ??_C@_1DC@KGOALDOH@?$AA?$AN?$AA?6?$AA?$DN?$AA?$DN?$AA?$DN?$AA?$DN?$AA?$DN?$AA?$DN?$AA?$DN?$AA?$DN?$AA?$DN?$AA?$DN?$AA?$DN?$AA?$DN?$AA?$DN?$AA?$DN?$AA?$DN?$AA?$DN?$AA?$DN?$AA?$DN?$AA?$DN?$AA?$DN?$AA?$AN?$AA?6?$AA?$AA@ 00015dbc     nand.obj
 0001:00004df0       ??_C@_1CO@LEPLAOGD@?$AA?5?$AAM?$AAL?$AAC?$AA?5?$AAL?$AAo?$AAw?$AA?5?$AAL?$AAe?$AAv?$AAe?$AAl?$AA?5?$AAT?$AAe?$AAs?$AAt?$AA?5?$AA?$AN?$AA?6?$AA?$AA@ 00015df0     nand.obj
 0001:00004e20       ??_C@_1CO@BGGDBDGK@?$AA?5?$AA?5?$AA1?$AA?4?$AA?5?$AAF?$AAI?$AAL?$AA?5?$AAE?$AAr?$AAa?$AAs?$AAe?$AA?5?$AAT?$AAe?$AAs?$AAt?$AA?5?$AA?$AN?$AA?6?$AA?$AA@ 00015e20     nand.obj
 0001:00004e50       ??_C@_1CO@IBLILBAN@?$AA?5?$AA?5?$AA2?$AA?4?$AA?5?$AAF?$AAI?$AAL?$AA?5?$AAW?$AAr?$AAi?$AAt?$AAe?$AA?5?$AAT?$AAe?$AAs?$AAt?$AA?5?$AA?$AN?$AA?6?$AA?$AA@ 00015e50     nand.obj
 0001:00004e80       ??_C@_1CM@LCIIPHN@?$AA?5?$AA?5?$AA3?$AA?4?$AA?5?$AAF?$AAI?$AAL?$AA?5?$AAR?$AAe?$AAa?$AAd?$AA?5?$AAT?$AAe?$AAs?$AAt?$AA?5?$AA?$AN?$AA?6?$AA?$AA@ 00015e80     nand.obj
 0001:00004eac       ??_C@_1CO@LPICNENA@?$AA?5?$AA?5?$AA4?$AA?4?$AA?5?$AAV?$AAF?$AAL?$AA?5?$AAE?$AAr?$AAa?$AAs?$AAe?$AA?5?$AAT?$AAe?$AAs?$AAt?$AA?5?$AA?$AN?$AA?6?$AA?$AA@ 00015eac     nand.obj
 0001:00004edc       ??_C@_1CO@LBFLHJCK@?$AA?5?$AA?5?$AA5?$AA?4?$AA?5?$AAV?$AAF?$AAL?$AA?5?$AAW?$AAr?$AAi?$AAt?$AAe?$AA?5?$AAT?$AAe?$AAs?$AAt?$AA?5?$AA?$AN?$AA?6?$AA?$AA@ 00015edc     nand.obj
 0001:00004f0c       ??_C@_1CM@KNKGBIH@?$AA?5?$AA?5?$AA6?$AA?4?$AA?5?$AAV?$AAF?$AAL?$AA?5?$AAR?$AAe?$AAa?$AAd?$AA?5?$AAT?$AAe?$AAs?$AAt?$AA?5?$AA?$AN?$AA?6?$AA?$AA@ 00015f0c     nand.obj
 0001:00004f38       ??_C@_1CO@HHDEOCLE@?$AA?5?$AA?5?$AA7?$AA?4?$AA?5?$AAR?$AAA?$AAW?$AA?5?$AAE?$AAr?$AAa?$AAs?$AAe?$AA?5?$AAT?$AAe?$AAs?$AAt?$AA?5?$AA?$AN?$AA?6?$AA?$AA@ 00015f38     nand.obj
 0001:00004f68       ??_C@_1CO@BGNBP@?$AA?5?$AA?5?$AA8?$AA?4?$AA?5?$AAR?$AAA?$AAW?$AA?5?$AAW?$AAr?$AAi?$AAt?$AAe?$AA?5?$AAT?$AAe?$AAs?$AAt?$AA?5?$AA?$AN?$AA?6?$AA?$AA@ 00015f68     nand.obj
 0001:00004f98       ??_C@_1CM@KMDDECHJ@?$AA?5?$AA?5?$AA9?$AA?4?$AA?5?$AAR?$AAA?$AAW?$AA?5?$AAR?$AAe?$AAa?$AAd?$AA?5?$AAT?$AAe?$AAs?$AAt?$AA?5?$AA?$AN?$AA?6?$AA?$AA@ 00015f98     nand.obj
 0001:00004fc4       ??_C@_1CO@NIGMJOFH@?$AA?5?$AA1?$AA0?$AA?4?$AA?5?$AAM?$AAa?$AAr?$AAk?$AA?5?$AAB?$AAa?$AAd?$AA?5?$AAB?$AAl?$AAo?$AAc?$AAk?$AA?5?$AA?$AN?$AA?6?$AA?$AA@ 00015fc4     nand.obj
 0001:00004ff4       ??_C@_1CM@OJABDDDA@?$AA?5?$AA1?$AA1?$AA?4?$AA?5?$AAF?$AAi?$AAn?$AAd?$AA?5?$AAM?$AAB?$AAR?$AA?5?$AAP?$AAa?$AAg?$AAe?$AA?5?$AA?$AN?$AA?6?$AA?$AA@ 00015ff4     nand.obj
 0001:00005020       ??_C@_1CE@FILHOJCF@?$AA?5?$AA?5?$AA0?$AA?4?$AA?5?$AAE?$AAx?$AAi?$AAt?$AA?5?$AAT?$AAe?$AAs?$AAt?$AA?5?$AA?$AN?$AA?6?$AA?$AA@ 00016020     nand.obj
 0001:00005044       ??_C@_1CO@PEENNAPD@?$AA?$DN?$AA?$DN?$AA?$DN?$AA?$DN?$AA?$DN?$AA?$DN?$AA?$DN?$AA?$DN?$AA?$DN?$AA?$DN?$AA?$DN?$AA?$DN?$AA?$DN?$AA?$DN?$AA?$DN?$AA?$DN?$AA?$DN?$AA?$DN?$AA?$DN?$AA?$DN?$AA?$AN?$AA?6?$AA?$AA@ 00016044     nand.obj
 0001:00005074       ??_C@_1BE@EDFKEGIO@?$AAS?$AAe?$AAl?$AAe?$AAc?$AAt?$AA?5?$AA?3?$AA?5?$AA?$AA@ 00016074     nand.obj
 0001:00005118       aDeviceQualifierDescriptor 00016118     usb.obj
 0001:00005124       aDescStr0                  00016124     usb.obj
 0001:00005128       aDescStr1                  00016128     usb.obj
 0001:00005140       aDescStr2                  00016140     usb.obj
 0001:0000516c       ??_C@_0M@JEKLCGMJ@g_PCLK?5?$DN?5?$CFd?$AA@ 0001616c     usb.obj
 0001:00005178       ??_C@_0BA@FPFAAJMG@uSelClkSrc?5?$DN?5?$CFd?$AA@ 00016178     usb.obj
 0001:00005188       ??_C@_0P@FNJOLAO@uClkValue?5?$DN?5?$CFd?$AA@ 00016188     usb.obj
 0001:00005198       ??_C@_0BL@OGNCJIDC@?$FLEboot?$FN?5IIC_WaitTimeOut?$CB?$AN?6?$AA@ 00016198     usb.obj
 0001:000051b4       ??_C@_0BM@JCBPBCJ@?$FLEboot?$FN?5IIC_WriteTimeOut?$CB?$AN?6?$AA@ 000161b4     usb.obj
 0001:000051d0       ??_C@_0BO@JCBBMKK@Error?5?3?5Current?5Mode?5is?5Host?6?$AA@ 000161d0     usb.obj
 0001:000051f0       ??_C@_0CG@OFNBIFML@INFO?3?5?$CIunsigned?$CJC_IsrHandler?5?3?50@ 000161f0     usb.obj
 0001:00005218       ??_C@_0CI@KLGKACOG@INFO?3?5?$CIunsigned?$CJASM_IsrHandler?5?3@ 00016218     usb.obj
 0001:00005240       ??_C@_0BO@POFPGMDD@INFO?3?5?$CIunsigned?$CJpISR?5?3?50x?$CFx?$AN?6?$AA@ 00016240     usb.obj
 0001:000052f0       ??_C@_0BD@CIECMBAH@O?$CJ?5Switch?5All?5ON?$AN?6?$AA@ 000162f0     PWRCTL_MENU.obj
 0001:00005304       ??_C@_0BE@OFDFFAGE@F?$CJ?5Switch?5All?5OFF?$AN?6?$AA@ 00016304     PWRCTL_MENU.obj
 0001:00005318       ??_C@_0BL@BAHFCBGD@D?$CJ?5Load?5Factory?5defaults?$AN?6?$AA@ 00016318     PWRCTL_MENU.obj
 0001:00005334       ??_C@_09OOINKAAN@Q?$CJ?5Exit?$AN?6?$AA@ 00016334     PWRCTL_MENU.obj
 0001:00005340       ??_C@_0CH@BLBBBAFM@Choose?5?$FL1?4?4?$CFd?$FN?5for?5toggle?0?5Q?5to?5@ 00016340     PWRCTL_MENU.obj
 0001:00005368       ??_C@_0N@KEJINOAE@?$CFd?$CJ?5?$CFs?3?5?$CFs?$AN?6?$AA@ 00016368     PWRCTL_MENU.obj
 0001:00005378       ??_C@_0DC@GOBMFLLF@?$AN?6?$CD?$CD?$CD?$CD?$CD?$CD?$CD?$CD?$CD?$CD?$CD?$CD?$CD?$CD?$CD?$CD?$CD?$CD?$CD?$CD?$CD?$CD?$CD?$CD?$CD?$CD?$CD?$CD?$CD?$CD@ 00016378     PWRCTL_MENU.obj
 0001:00005460       ??_C@_0BF@DNJENAPM@?$CFs?59?$CJ?5DRVLCD?3?5?$FL?$CFu?$FN?$AN?6?$AA@ 00016460     MegaDisplay.obj
 0001:00005478       ??_C@_0DC@KCBOEBBD@?$CD?$CD?$CD?$CD?$CD?$CD?$CD?$CD?$CD?$CD?$CD?$CD?$CD?$CD?$CD?$CD?$CD?$CD?$CD?$CD?$CD?$CD?$CD?$CD?$CD?$CD?$CD?$CD?$CD?$CD?$CD?$CD@ 00016478     MegaDisplay.obj
 0001:000054ac       ??_C@_0BD@CKOCLNPL@?$CFs?58?$CJ?5PSC0?3?5?$FL?$CFu?$FN?$AN?6?$AA@ 000164ac     MegaDisplay.obj
 0001:000054c0       ??_C@_0BJ@POFKHLIH@?$CFs?57?$CJ?5FRAME_RATE?3?5?$FL?$CFu?$FN?$AN?6?$AA@ 000164c0     MegaDisplay.obj
 0001:000054dc       ??_C@_0BD@OAELIDCE@?$CFs?56?$CJ?5HSPW?3?5?$FL?$CFu?$FN?$AN?6?$AA@ 000164dc     MegaDisplay.obj
 0001:000054f0       ??_C@_0BD@JBKBJHNB@?$CFs?55?$CJ?5HFPD?3?5?$FL?$CFu?$FN?$AN?6?$AA@ 000164f0     MegaDisplay.obj
 0001:00005504       ??_C@_0BD@DMMPDNDP@?$CFs?54?$CJ?5HBPD?3?5?$FL?$CFu?$FN?$AN?6?$AA@ 00016504     MegaDisplay.obj
 0001:00005518       ??_C@_0BD@NEPDPEFI@?$CFs?53?$CJ?5VSPW?3?5?$FL?$CFu?$FN?$AN?6?$AA@ 00016518     MegaDisplay.obj
 0001:0000552c       ??_C@_0BD@CCLJMFMO@?$CFs?52?$CJ?5VFPD?3?5?$FL?$CFu?$FN?$AN?6?$AA@ 0001652c     MegaDisplay.obj
 0001:00005540       ??_C@_0N@EJAPBBEP@?$CFs?51?$CJ?5VBPD?3?5?$AA@ 00016540     MegaDisplay.obj
 0001:00005550       ??_C@_06LDMCHEGC@?$FL?$CFd?$FN?$AN?6?$AA@ 00016550     MegaDisplay.obj
 0001:00005557       ??_C@_00CNPNBAHC@?$AA@     00016557     MegaDisplay.obj
 0001:00005558       ??_C@_01NBENCBCI@?$CK?$AA@ 00016558     MegaDisplay.obj
 0001:0000555c       ??_C@_0O@OIDOPPME@Display?3?5?$CFs?$AN?6?$AA@ 0001655c     MegaDisplay.obj
 0001:0000556c       ??_C@_0CG@DOLBDMJF@Display?5has?5LED?5backlight?5boost?3@ 0001656c     MegaDisplay.obj
 0001:00005594       ??_C@_0CI@MAECMMB@?0?5but?5found?5PCA9530?5PWM?5?$FL0xC0?$FN?5d@ 00016594     MegaDisplay.obj
 0001:00005650       ??_C@_04OLFIILKC@?$CFc?$AN?6?$AA@ 00016650     utils.obj
 0001:000056e8       ??_C@_0DC@EIMBKOLF@?$AN?6?$CD?$CD?$CD?$CD?5?5?5Enter?5WEB?5FORMAT?5RGB?0?5l@ 000166e8     DisplayMenu.obj
 0001:0000571c       ??_C@_0BK@BLMPCPMC@?$CIeg?3?5FFFFFF?5for?5white?$CJ?5?$DO?$CD?$AA@ 0001671c     DisplayMenu.obj
 0001:00005738       ??_C@_0CP@KODMOGDP@Type?5number?5?$FL1?4?4?$CFd?$FN?0?5press?5RETUR@ 00016738     DisplayMenu.obj
 0001:00005768       ??_C@_0BK@FKCGPCP@2?$CJ?5?$CFsDepth?524BIT?5RGB888?$AN?6?$AA@ 00016768     DisplayMenu.obj
 0001:00005784       ??_C@_0CC@NMOBHCG@C?$CJ?5Change?5background?5Color?5?$FL?$CFx?$FN?$AN@ 00016784     DisplayMenu.obj
 0001:000057a8       ??_C@_0BI@OIJKJJFM@R?$CJ?5Test?9Fill?5with?5red?$AN?6?$AA@ 000167a8     DisplayMenu.obj
 0001:000057c0       ??_C@_0BK@EKEJNDLI@G?$CJ?5Test?9Fill?5with?5green?$AN?6?$AA@ 000167c0     DisplayMenu.obj
 0001:000057dc       ??_C@_0BJ@CGEBPCPP@B?$CJ?5Test?9Fill?5with?5blue?$AN?6?$AA@ 000167dc     DisplayMenu.obj
 0001:000057f8       ??_C@_0BK@KCENIDCD@W?$CJ?5Test?9Fill?5with?5white?$AN?6?$AA@ 000167f8     DisplayMenu.obj
 0001:00005814       ??_C@_0BK@DANDGKE@E?$CJ?5Test?9Fill?5with?5black?$AN?6?$AA@ 00016814     DisplayMenu.obj
 0001:00005830       ??_C@_0BC@MFOJONMH@T?$CJ?5Test?5Pattern?$AN?6?$AA@ 00016830     DisplayMenu.obj
 0001:00005844       ??_C@_0BL@MDAEEHAL@Choose?0?5Q?5or?5ESC?5to?5exit?$AN?6?$AA@ 00016844     DisplayMenu.obj
 0001:00005860       ??_C@_0BK@PGCCFJGB@1?$CJ?5?$CFsDepth?516BIT?5RGB565?$AN?6?$AA@ 00016860     DisplayMenu.obj
 0001:0000587c       ??_C@_0BK@LLMJHLHH@N?$CJ?5No?5display?5connected?$AN?6?$AA@ 0001687c     DisplayMenu.obj
 0001:00005898       ??_C@_0L@PODECCKJ@?$CFd?$CJ?5?$CFs?$CFs?$AN?6?$AA@ 00016898     DisplayMenu.obj
 0001:000058a4       ??_C@_0BK@PJBCCJE@S?$CJ?5Set?5Display?5manually?$AN?6?$AA@ 000168a4     DisplayMenu.obj
 0001:0000e650       ??_C@_04OKGDLNCL@NONE?$AA@ 0001f650     uartMenu.obj
 0001:0000e658       ??_C@_04CGJBIPHE@COM4?$AA@ 0001f658     uartMenu.obj
 0001:0000e660       ??_C@_04GJNABJLD@COM3?$AA@ 0001f660     uartMenu.obj
 0001:0000e668       ??_C@_04HAMLCIPC@COM2?$AA@ 0001f668     uartMenu.obj
 0001:0000e670       ??_C@_04FLOGHLDB@COM1?$AA@ 0001f670     uartMenu.obj
 0001:0000e798       ??_C@_0CG@IHIMJOIA@?9OALKitlCreateName?$CIpBuffer?5?$DN?5?8?$CFh@ 0001f798     oal_kitl:name.obj
 0001:0000e7c0       ??_C@_0CM@BCMDHFLI@?$CLOALKitlCreateName?$CI?8?$CFhs?8?0?50x?$CF04x@ 0001f7c0     oal_kitl:name.obj
 0001:0000e9a0       ??_C@_1O@INIEDEDF@?$AA?$CI?$AAN?$AAU?$AAL?$AAL?$AA?$CJ?$AA?$AA@ 0001f9a0     oal_blnk:format.obj
 0001:0000e9b0       ??_C@_06LHGEHABH@?$CINULL?$CJ?$AA@ 0001f9b0     oal_blnk:format.obj
 0001:0000e9b8       ??_C@_0M@CDHNGIPM@?$CFu?4?$CFu?4?$CFu?4?$CFu?$AA@ 0001f9b8     oal_blcommon:format.obj
 0001:0000ea58       pTOC                       0001fa58     oal_blcommon:blcommon.obj
 0001:0000ea60       NKSignon                   0001fa60     oal_blcommon:blcommon.obj
 0001:0000eabc       ??_C@_0DJ@LFHEGALA@ERROR?3?5Checksum?5failure?5?$CIexpecte@ 0001fabc     oal_blcommon:blcommon.obj
 0001:0000eaf8       ??_C@_0BM@DKIOIAMD@?$AN?6BL_IMAGE_TYPE_UNKNOWN?$AN?6?$AN?6?$AA@ 0001faf8     oal_blcommon:blcommon.obj
 0001:0000eb14       ??_C@_0BP@KNNCEABF@?$AN?6BL_IMAGE_TYPE_SIGNED_NB0?$AN?6?$AN?6?$AA@ 0001fb14     oal_blcommon:blcommon.obj
 0001:0000eb34       ??_C@_07LAGBNAEN@R000FF?6?$AA@ 0001fb34     oal_blcommon:blcommon.obj
 0001:0000eb3c       ??_C@_0BP@MJFCGNBB@?$AN?6BL_IMAGE_TYPE_SIGNED_BIN?$AN?6?$AN?6?$AA@ 0001fb3c     oal_blcommon:blcommon.obj
 0001:0000eb5c       ??_C@_07HMMLNAND@S000FF?6?$AA@ 0001fb5c     oal_blcommon:blcommon.obj
 0001:0000eb64       ??_C@_0BI@HBMHAEFD@?$AN?6BL_IMAGE_TYPE_BIN?$AN?6?$AN?6?$AA@ 0001fb64     oal_blcommon:blcommon.obj
 0001:0000eb7c       ??_C@_07MMNKOBGG@B000FF?6?$AA@ 0001fb7c     oal_blcommon:blcommon.obj
 0001:0000eb84       ??_C@_0BN@IHLEHBEK@?$AN?6BL_IMAGE_TYPE_MULTIXIP?$AN?6?$AN?6?$AA@ 0001fb84     oal_blcommon:blcommon.obj
 0001:0000eba4       ??_C@_07CBKBMMIF@X000FF?6?$AA@ 0001fba4     oal_blcommon:blcommon.obj
 0001:0000ebac       ??_C@_0BN@GCKOHOON@?$AN?6BL_IMAGE_TYPE_MANIFEST?$AN?6?$AN?6?$AA@ 0001fbac     oal_blcommon:blcommon.obj
 0001:0000ebcc       ??_C@_07JLHFPECJ@N000FF?6?$AA@ 0001fbcc     oal_blcommon:blcommon.obj
 0001:0000ebd4       ??_C@_0CL@OKMIEAHJ@?$AN?6ERROR?3?5Unable?5to?5read?5image?5si@ 0001fbd4     oal_blcommon:blcommon.obj
 0001:0000ec00       ??_C@_0DJ@PIPLIHFI@?$AN?6ERROR?3?5Unable?5to?5read?5download@ 0001fc00     oal_blcommon:blcommon.obj
 0001:0000ec40       ??_C@_0EC@LAKEOKID@?$AN?6ERROR?3?5Download?5manifest?5packe@ 0001fc40     oal_blcommon:blcommon.obj
 0001:0000ec84       ??_C@_0DG@DBBGHEAG@?$AN?6ERROR?3?5Unable?5to?5read?5download@ 0001fc84     oal_blcommon:blcommon.obj
 0001:0000ecbc       ??_C@_0DL@DCHMDHHD@ImageStart?5?$DN?50x?$CFx?0?5ImageLength?5?$DN@ 0001fcbc     oal_blcommon:blcommon.obj
 0001:0000ecf8       ??_C@_0CO@PFLGIDFG@ERROR?3?5failed?5when?5reading?5raw?5b@ 0001fcf8     oal_blcommon:blcommon.obj
 0001:0000ed28       ??_C@_0BP@EOFEMPOO@Invalid?5flash?5address?1length?$AN?6?$AA@ 0001fd28     oal_blcommon:blcommon.obj
 0001:0000ed48       ??_C@_0CC@DNECAMLM@?$CBOEMVERIFYMEMORY?3?5Invalid?5image?$AN@ 0001fd48     oal_blcommon:blcommon.obj
 0001:0000ed6c       ??_C@_0DH@GJCJAHAP@?$FL?$CFd?$FN?3?5Address?$DN0x?$CFx?5?5Length?$DN0x?$CFx?5@ 0001fd6c     oal_blcommon:blcommon.obj
 0001:0000eda4       ??_C@_03ILDADBHF@RAM?$AA@  0001fda4     oal_blcommon:blcommon.obj
 0001:0000eda8       ??_C@_05HPMNGINJ@FLASH?$AA@ 0001fda8     oal_blcommon:blcommon.obj
 0001:0000edb0       ??_C@_0BH@FIOKDOBJ@?$AN?6Completed?5file?$CIs?$CJ?3?$AN?6?$AA@ 0001fdb0     oal_blcommon:blcommon.obj
 0001:0000edc8       ??_C@_0FC@PGPOMBFM@?9?9?9?9?9?9?9?9?9?9?9?9?9?9?9?9?9?9?9?9?9?9?9?9?9?9?9?9?9?9?9?9@ 0001fdc8     oal_blcommon:blcommon.obj
 0001:0000ee1c       ??_C@_0CE@NKAMCDHO@Unable?5to?5read?5image?5start?1lengt@ 0001fe1c     oal_blcommon:blcommon.obj
 0001:0000ee40       ??_C@_0DI@FDIIHFBA@?$CK?$CK?$CK?$CK?$CK?$CK?5Checksum?5failure?5on?5recor@ 0001fe40     oal_blcommon:blcommon.obj
 0001:0000ee78       ??_C@_0DD@KHJBCIED@?$CK?$CK?$CK?$CK?$CK?$CK?5Data?5record?5?$CFd?5corrupted?0@ 0001fe78     oal_blcommon:blcommon.obj
 0001:0000eeac       ??_C@_0BD@PHLGNLDI@rom_offset?$DN0x?$CFx?4?$AN?6?$AA@ 0001feac     oal_blcommon:blcommon.obj
 0001:0000eec0       ??_C@_0EC@NABDPCJO@?$CK?$CK?5ERROR?3?5This?5boot?5loader?5does?5@ 0001fec0     oal_blcommon:blcommon.obj
 0001:0000ef08       ??_C@_0EC@MIGFFFAC@?$CK?$CK?5ERROR?3?5This?5boot?5loader?5does?5@ 0001ff08     oal_blcommon:blcommon.obj
 0001:0000ef4c       ??_C@_06BEBGGBAB@?$AN?6?$CK?$CK?$AN?6?$AA@ 0001ff4c     oal_blcommon:blcommon.obj
 0001:0000ef58       ??_C@_0GI@NIAHKKOO@?$CK?$CK?5ERROR?3?5The?5X000FF?5packet?5is?5a@ 0001ff58     oal_blcommon:blcommon.obj
 0001:0000efc0       ??_C@_0FO@KDFAPMNM@?$CK?$CK?5Please?5update?5your?5Platform?5B@ 0001ffc0     oal_blcommon:blcommon.obj
 0001:0000f020       ??_C@_04IPBEALME@?$CK?$CK?$AN?6?$AA@ 00020020     oal_blcommon:blcommon.obj
 0001:0000f028       ??_C@_0BI@OCFAEGPK@ROMHDR?5at?5Address?5?$CFXh?$AN?6?$AA@ 00020028     oal_blcommon:blcommon.obj
 0001:0000f040       ??_C@_0CL@NOFKHKJC@System?5ready?$CB?$AN?6Preparing?5for?5dow@ 00020040     oal_blcommon:blcommon.obj
 0001:0000f06c       ??_C@_1DE@DAHNLBLJ@?$AA?9?$AAO?$AAA?$AAL?$AAP?$AAA?$AAt?$AAo?$AAV?$AAA?$AA?$CI?$AAv?$AAa?$AA?5?$AA?$DN?$AA?5?$AA0?$AAx?$AA?$CF?$AA0?$AA8?$AAx?$AA?$CJ?$AA?$AN?$AA?6?$AA?$AA@ 0002006c     oal_blmemory_arm:memory.obj
 0001:0000f0a0       ??_C@_1CO@JEIJEAKF@?$AA?$CL?$AAO?$AAA?$AAL?$AAP?$AAA?$AAt?$AAo?$AAV?$AAA?$AA?$CI?$AA0?$AAx?$AA?$CF?$AAx?$AA?0?$AA?5?$AA?$CF?$AAd?$AA?$CJ?$AA?$AN?$AA?6?$AA?$AA@ 000200a0     oal_blmemory_arm:memory.obj
 0001:0000f0d0       ??_C@_1DA@BBOHBBNH@?$AA?9?$AAO?$AAA?$AAL?$AAV?$AAA?$AAt?$AAo?$AAP?$AAA?$AA?$CI?$AAp?$AAa?$AA?5?$AA?$DN?$AA?5?$AA0?$AAx?$AA?$CF?$AAx?$AA?$CJ?$AA?$AN?$AA?6?$AA?$AA@ 000200d0     oal_blmemory_arm:memory.obj
 0001:0000f100       ??_C@_1GE@IPLNFFII@?$AAE?$AAR?$AAR?$AAO?$AAR?$AA?3?$AAO?$AAA?$AAL?$AAV?$AAA?$AAt?$AAo?$AAP?$AAA?$AA?3?$AA?5?$AAi?$AAn?$AAv?$AAa?$AAl?$AAi?$AAd?$AA?5?$AAv?$AAi?$AAr?$AAt?$AAu?$AAa?$AAl@ 00020100     oal_blmemory_arm:memory.obj
 0001:0000f164       ??_C@_1CK@LKNIEAFP@?$AA?$CL?$AAO?$AAA?$AAL?$AAV?$AAA?$AAt?$AAo?$AAP?$AAA?$AA?$CI?$AA0?$AAx?$AA?$CF?$AA0?$AA8?$AAx?$AA?$CJ?$AA?$AN?$AA?6?$AA?$AA@ 00020164     oal_blmemory_arm:memory.obj
 0001:0000f194       ??_C@_0CA@LIHOEDHI@failed?5to?5receive?5header?5data?$AN?6?$AA@ 00020194     oal_blserial:serfuncs.obj
 0001:0000f1b4       ??_C@_0BH@MJPKDDID@header?5checksum?5fail?$AN?6?$AA@ 000201b4     oal_blserial:serfuncs.obj
 0001:0000f1cc       ??_C@_0CF@PODCGAIM@failed?5to?5receive?5header?5signatu@ 000201cc     oal_blserial:serfuncs.obj
 0001:0000f1f4       ??_C@_0CJ@CHGIGMLG@received?5non?9download?5packet?5typ@ 000201f4     oal_blserial:serfuncs.obj
 0001:0000f220       ??_C@_0DG@MLEBFPEB@data?5checksum?5failure?4?5expected?5@ 00020220     oal_blserial:serfuncs.obj
 0001:0000f258       ??_C@_0BN@FEFEJPIP@failed?5to?5read?5packet?5data?$AN?6?$AA@ 00020258     oal_blserial:serfuncs.obj
 0001:0000f278       ??_C@_0CM@DECDFMCF@insufficient?5buffer?5size?$DL?5ignori@ 00020278     oal_blserial:serfuncs.obj
 0001:0000f2a4       ??_C@_0BK@JKGMIDGI@header?5checksum?5failure?$AN?6?$AA@ 000202a4     oal_blserial:serfuncs.obj
 0001:0000f2c0       ??_C@_0BL@MMGBDAGN@failed?5to?5receive?5header?$AN?6?$AA@ 000202c0     oal_blserial:serfuncs.obj
 0001:0000f2dc       ??_C@_0CE@HOCBBCP@Received?5out?5of?5sequence?5block?5?$CF@ 000202dc     oal_blserial:serfuncs.obj
 0001:0000f300       ??_C@_0BE@KEIPDPMM@Expected?5block?5?$CFu?$AN?6?$AA@ 00020300     oal_blserial:serfuncs.obj
 0001:0000f314       ??_C@_0BK@IPKIMKPH@Waiting?5for?5boot?5ack?4?4?4?$AN?6?$AA@ 00020314     oal_blserial:serfuncs.obj
 0001:0000f330       ??_C@_0CK@DMEOPGMB@Got?5jump?5request?0?5KITL?5transport@ 00020330     oal_blserial:serfuncs.obj
 0001:0000f3f0       ??_C@_0CO@ILGKAEEB@An?5OACK?5packet?5is?5the?5proper?5ack@ 000203f0     eboot:tftpd.obj
 0001:0000f420       ??_C@_07JPIGAOKK@blksize?$AA@ 00020420     eboot:tftpd.obj
 0001:0000f428       ??_C@_0FD@OCECBKGJ@There?5must?5be?5an?5even?5number?0?5an@ 00020428     eboot:tftpd.obj
 0001:0000f47c       ??_C@_0DB@LKOCKFPL@Illegal?5TFTP?5Operation?5?9?5Read?1Wr@ 0002047c     eboot:tftpd.obj
 0001:0000f4b0       ??_C@_0CM@OBFBLHOG@There?5were?5no?5options?5detected?5i@ 000204b0     eboot:tftpd.obj
 0001:0000f4e0       ??_C@_0FJ@NDFKPFHG@Illegal?5TFTP?5Option?5?9?5An?5option?5@ 000204e0     eboot:tftpd.obj
 0001:0000f53c       ??_C@_05DMMIBICK@?5?$CFd?4?6?$AA@ 0002053c     eboot:tftpd.obj
 0001:0000f544       ??_C@_0DO@FNNPCMEI@with?5a?5value?5that?5is?5out?5of?5rang@ 00020544     eboot:tftpd.obj
 0001:0000f584       ??_C@_0DL@CJPGPHL@with?5a?5value?5that?5is?5in?5range?4?6B@ 00020584     eboot:tftpd.obj
 0001:0000f5c0       ??_C@_0BK@PFHMOFCD@The?5option?8s?5value?5is?5?$CFs?6?$AA@ 000205c0     eboot:tftpd.obj
 0001:0000f5dc       ??_C@_0CH@HOPLKCLP@This?5TFTP?5packet?5contains?5?$CFd?5opt@ 000205dc     eboot:tftpd.obj
 0001:0000f608       ??_C@_0EC@OALIGNGC@We?5currently?5only?5look?5at?5the?5fi@ 00020608     eboot:tftpd.obj
 0001:0000f64c       ??_C@_0CB@FLKGPIDN@The?5packet?8s?5option?5name?5is?5?$CFs?4?6@ 0002064c     eboot:tftpd.obj
 0001:0000f670       ??_C@_0CG@JBBJIFDI@You?5must?5access?5files?5in?5binary?5@ 00020670     eboot:tftpd.obj
 0001:0000f698       ??_C@_05IIBPGMLM@octet?$AA@ 00020698     eboot:tftpd.obj
 0001:0000f6a0       ??_C@_0BG@GIKNIKEH@Locked?5Down?5Link?5?$CFd?$AN?6?$AA@ 000206a0     eboot:tftpd.obj
 0001:0000f6b8       ??_C@_0BF@JDGNCBEC@Src?5IP?5?$CFs?5Port?5?$CFH?5?5?5?$AA@ 000206b8     eboot:tftpd.obj
 0001:0000f6d0       ??_C@_0BF@MOPBEBEN@Dest?5IP?5?$CFs?5Port?5?$CFH?$AN?6?$AA@ 000206d0     eboot:tftpd.obj
 0001:0000f6e8       ??_C@_0CL@HCAEOMAE@Default?5TFTP?5block?5size?5set?5to?3?5@ 000206e8     eboot:tftpd.obj
 0001:0000f714       ??_C@_0DB@OCKCBBAL@No?5Server?5Process?5Associated?5Wit@ 00020714     eboot:tftpd.obj
 0001:0000f748       ??_C@_0CM@GLFMKKGH@TFTP?5packet?5could?5have?5?$CFd?5name?1v@ 00020748     eboot:tftpd.obj
 0001:0000f774       ??_C@_01EEMJAFIK@?6?$AA@   00020774     eboot:tftpd.obj
 0001:0000f778       ??_C@_06CBLHAGFD@?$FLNULL?$FN?$AA@ 00020778     eboot:tftpd.obj
 0001:0000f780       ??_C@_02HAOIJKIC@?$CFc?$AA@ 00020780     eboot:tftpd.obj
 0001:0000f784       ??_C@_0CC@GNCPKJCA@Packet?5has?5the?5following?5data?3?6?5@ 00020784     eboot:tftpd.obj
 0001:0000f838       ??_C@_0BK@BFELHAIB@EthDown?3?3TFTPD_OPEN?3?3?$CFs?$AN?6?$AA@ 00020838     eboot:ebsimp.obj
 0001:0000f854       ??_C@_0CF@NJGKJDPK@EthDown?3?3Illegal?5Operation?5Code?5@ 00020854     eboot:ebsimp.obj
 0001:0000f87c       ??_C@_0BN@HCIGGCJK@Server?5Registration?5Failed?$AN?6?$AA@ 0002087c     eboot:ebsimp.obj
 0001:0000f89c       ??_C@_0CC@OIEKENJI@EbootSimpleTFTP?5not?5initialized?$AN@ 0002089c     eboot:ebsimp.obj
 0001:0000f8c0       ??_C@_0BM@GELEBJHM@EbootGratuitousARP?5failed?$AN?6?$AA@ 000208c0     eboot:ebsimp.obj
 0001:0000f8dc       ??_C@_0DG@LCJHGIIG@Some?5other?5station?5has?5IP?5Addres@ 000208dc     eboot:ebsimp.obj
 0001:0000f914       ??_C@_0DK@ECECEHHP@No?5ARP?5response?5in?5?$CFd?5seconds?0?5a@ 00020914     eboot:ebsimp.obj
 0001:0000f950       ??_C@_0CO@EJPPGFNA@DHCP?5server?5is?5not?5responding?5?$CB?$CB@ 00020950     eboot:ebsimp.obj
 0001:0000f980       ??_C@_0BL@PFCEMBID@Error?5On?5InitDHCP?$CI?$CJ?5Call?$AN?6?$AA@ 00020980     eboot:ebsimp.obj
 0001:0000f99c       ??_C@_0DG@KEGBCNMH@Some?5other?5station?5has?5IP?5Addres@ 0002099c     eboot:ebsimp.obj
 0001:0000f9d4       ??_C@_0DA@PMFFKPM@Got?5Response?5from?5DHCP?5server?0?5I@ 000209d4     eboot:ebsimp.obj
 0001:0000fa04       ??_C@_0CB@PCBFMPDH@?9EbootSendBootmeAndWaitForTftp?$AN?6@ 00020a04     eboot:ebsimp.obj
 0001:0000fa28       ??_C@_0CB@EEDKKNBN@?$CLEbootSendBootmeAndWaitForTftp?$AN?6@ 00020a28     eboot:ebsimp.obj
 0001:0000fa4c       ??_C@_08NMEDJLNE@boot?4bin?$AA@ 00020a4c     eboot:ebsimp.obj
 0001:0000fae8       ??_C@_0DJ@MEFFBBAC@TFTP?3?5Desktop?5losing?5ACK?0?5block?5@ 00020ae8     eboot:tftp.obj
 0001:0000fb24       ??_C@_0DC@MHCCPLAO@TFtpStateMachine?3?3TFTP_STATE_CLO@ 00020b24     eboot:tftp.obj
 0001:0000fb58       ??_C@_0CH@DEDJGHKF@TFTP?5Error?5Received?5From?5Host?5?$CFX@ 00020b58     eboot:tftp.obj
 0001:0000fb80       ??_C@_0CG@EEFEGPIL@TftpReceiver?0?5port?3?50x?$CFX?0?5wkp?3?50@ 00020b80     eboot:tftp.obj
 0001:0000fba8       ??_C@_0EA@EBMLKPMN@TFTP?5link?$FL?$CFu?$FN?3?5State?3?$CFu?0?5DestAdd@ 00020ba8     eboot:tftp.obj
 0001:0000fc78       ??_C@_0IL@GCFKAKKH@Duplicate?5IP?5Address?5Detected?3?6?9@ 00020c78     eboot:udp.obj
 0001:0000fd04       ??_C@_0CI@JEPIEHIP@?$CBCheckUDP?3?5UDP?5header?5checksum?5f@ 00020d04     eboot:udp.obj
 0001:0000fd2c       ??_C@_0CH@KMPJEONK@?$CBCheckUDP?3?5IP?5header?5checksum?5fa@ 00020d2c     eboot:udp.obj
 0001:0000fd54       ??_C@_0CD@OCEEFKNK@?$CBCheckUDP?3?5Not?5UDP?5?$CIproto?5?$DN?50x?$CFX@ 00020d54     eboot:udp.obj
 0001:0000fe08       ??_C@_0O@DFHLFDCO@netmask?3?5?$CFs?$AN?6?$AA@ 00020e08     eboot:dhcp.obj
 0001:0000fe18       ??_C@_0DK@EEIOPNMG@ProcessDHCP?$CI?$CJ?3?3DHCP_INIT?3?3SendDH@ 00020e18     eboot:dhcp.obj
 0001:0000fe54       ??_C@_0BL@LBDFFECM@ProcessDHCP?$CI?$CJ?3?3DHCP_INIT?$AN?6?$AA@ 00020e54     eboot:dhcp.obj
 0001:0000fe70       ??_C@_0DC@EKKEKBDC@ProcessDHCP?$CI?$CJ?3?3DHCP_SELECTING?3?3S@ 00020e70     eboot:dhcp.obj
 0001:0000fea8       ??_C@_0FK@JNLIFC@ProcessDHCP?$CI?$CJ?3?3DHCP_SELECTING?3?3D@ 00020ea8     eboot:dhcp.obj
 0001:0000ff08       ??_C@_0FI@KEBKGIEO@ProcessDHCP?$CI?$CJ?3?3DHCP_SELECTING?3?3D@ 00020f08     eboot:dhcp.obj
 0001:0000ff60       ??_C@_0DC@KHEOJACB@?$AN?6ProcessDHCP?$CI?$CJ?3?3DHCP?5IP?5Address@ 00020f60     eboot:dhcp.obj
 0001:0000ff94       ??_C@_0BJ@MEOPKMJJ@Lease?5time?3?5?$CFd?5seconds?$AN?6?$AA@ 00020f94     eboot:dhcp.obj
 0001:0000ffb0       ??_C@_0FI@EHEELHEE@ProcessDHCP?$CI?$CJ?3?3DHCP_REQUESTING?3?3@ 00020fb0     eboot:dhcp.obj
 0001:00010008       ??_C@_0DE@BHBNDGEJ@ProcessDHCP?$CI?$CJ?5Error?5?9?5No?5DHCP?5Me@ 00021008     eboot:dhcp.obj
 0001:0001003c       ??_C@_0DO@EHKMGFMI@InitDHCP?$CI?$CJ?5Error?5?9?5First?5DHCP?5Op@ 0002103c     eboot:dhcp.obj
 0001:0001007c       ??_C@_0CF@NLOHFKBD@InitDHCP?$CI?$CJ?3?3?5Calling?5ProcessDHCP@ 0002107c     eboot:dhcp.obj
 0001:000100a4       ??_C@_0DB@JKAMMNCP@EbootDHCPRetransmit?$CI?$CJ?3?3Error?5On?5@ 000210a4     eboot:dhcp.obj
 0001:000100d8       ??_C@_0CN@GEBEIIOD@SendDHCP?$CI?$CJ?3?3Error?5On?5DHCPRetrans@ 000210d8     eboot:dhcp.obj
 0001:00010108       ??_C@_0CG@GEIANEBC@SendDHCP?$CI?$CJ?3?3Error?5On?5SendUDP?$CI?$CJ?5C@ 00021108     eboot:dhcp.obj
 0001:000101c0       ??_C@_0BD@GIINPDL@Error?5in?5SendUDP?$AN?6?$AA@ 000211c0     eboot:edbg.obj
 0001:000101d4       ??_C@_0CC@IFLECHKJ@Got?5EDBG_CMD_CONFIG?0?5flags?30x?$CFX?$AN@ 000211d4     eboot:edbg.obj
 0001:000101f8       ??_C@_0BH@EBGODALL@Got?5EDBG_CMD_JUMPIMG?$AN?6?$AA@ 000211f8     eboot:edbg.obj
 0001:00010210       ??_C@_0EE@BGOJJHDN@TFTP?5download?5started?5previously@ 00021210     eboot:edbg.obj
 0001:00010254       ??_C@_0BE@MGGELJDD@Sent?5BOOTME?5to?5?$CFs?$AN?6?$AA@ 00021254     eboot:edbg.obj
 0001:00010268       ??_C@_0CI@BKOJILAL@SendBootme?$CI?$CJ?3?3Error?5on?5SendUDP?$CI?$CJ@ 00021268     eboot:edbg.obj
 0001:00010320       ??_C@_1CC@PNKMBGCL@?$AA?9?$AAO?$AAA?$AAL?$AAA?$AAr?$AAg?$AAs?$AAI?$AAn?$AAi?$AAt?$AA?$CI?$AA?$CJ?$AA?$AN?$AA?6?$AA?$AA@ 00021320     s3c6410_args:args.obj
 0001:00010344       ??_C@_1BM@PBHBBHJD@?$AAp?$AAA?$AAr?$AAg?$AAs?$AA?5?$AA?3?$AA0?$AAx?$AA?$CF?$AAx?$AA?$AN?$AA?6?$AA?$AA@ 00021344     s3c6410_args:args.obj
 0001:00010360       ??_C@_1GI@NAELMLKD@?$AAA?$AAr?$AAg?$AAu?$AAm?$AAe?$AAn?$AAt?$AAs?$AA?5?$AAa?$AAr?$AAe?$AAa?$AA?5?$AAh?$AAa?$AAs?$AA?5?$AAs?$AAo?$AAm?$AAe?$AA?5?$AAv?$AAa?$AAl?$AAu?$AAe?$AAs?$AA?4?$AA?5@ 00021360     s3c6410_args:args.obj
[...]
 0001:0004a648       FMD_GetInfo                0005b648 f   bootpart:fmd_stub.obj
 0001:0004a6a4       FMD_ReadSector             0005b6a4 f   bootpart:fmd_stub.obj
 0001:0004a7f0       FMD_WriteSector            0005b7f0 f   bootpart:fmd_stub.obj
 0001:0004a8fc       FMD_EraseBlock             0005b8fc f   bootpart:fmd_stub.obj
 0001:0004aaec       CreateMBR                  0005baec f   bootpart:bootpart.obj
 0001:0004ab68       IsValidMBR                 0005bb68 f   bootpart:bootpart.obj
 0001:0004ad7c       BP_WriteData               0005bd7c f   bootpart:bootpart.obj
 0001:0004b054       BP_SetDataPointer          0005c054 f   bootpart:bootpart.obj
 0001:0004b120       BP_Init                    0005c120 f   bootpart:bootpart.obj
 0001:0004b1d8       BP_LowLevelFormat          0005c1d8 f   bootpart:bootpart.obj
 0001:0004b27c       BP_OpenPartition           0005c27c f   bootpart:bootpart.obj
 0001:0004b450       WMR_Format_FIL             0005c450 f   WMR_Utils:WMR_Utils.obj
 0001:0004b704       WMR_ERASE_VFLAREA          0005c704 f   WMR_Utils:WMR_Utils.obj
 0001:0004b9a4       WMR_Format_VFL             0005c9a4 f   WMR_Utils:WMR_Utils.obj
 0001:0004bb14       WMR_Format_FTL             0005cb14 f   WMR_Utils:WMR_Utils.obj
 0001:0004bc24       OALLogSerial               0005cc24 f   oal_log:log.obj
 0001:0004bc78       __utod                     0005cc78     fulllibc:r_itod.obj
 0001:0004bc80       __itod                     0005cc80     fulllibc:r_itod.obj
 0001:0004bcd8       __dtou                     0005ccd8 f   fulllibc:r_dtou.obj
 0002:00000000       g_bDownloadImage           0005d000     main.obj
 0002:00000004       g_bWaitForConnect          0005d004     main.obj
 0002:00000008       g_DefaultBootDevice        0005d008     main.obj
 0002:0000000c       BootDeviceString           0005d00c     main.obj
 0002:00000020       red_mask                   0005d020     LogoCraft.obj
 0002:00000024       green_mask                 0005d024     LogoCraft.obj
 0002:00000028       blue_mask                  0005d028     LogoCraft.obj
 0002:0000002c       red_blue_mask              0005d02c     LogoCraft.obj
 0002:00000048       initialOALLogZones         0005d048     oal_log:debug.obj
 0002:00000050       dpCurSettings              0005d050     oal_log:debug.obj
 0002:000004f0       __fp_status_flags          0005d4f0     fulllibc:fpdata.obj
 0002:000004f4       __fp_errblock              0005d4f4     fulllibc:fpdata.obj
 0002:00000538       __rt_trap                  0005d538     fulllibc:fpdata.obj
 0002:0000053c       __security_cookie          0005d53c     gsnull:gsnull.obj
 0002:00000540       __security_cookie_complement 0005d540     gsnull:gsnull.obj
 0002:00000598       g_flipCompleted            0005d598     s3c6410_disp_lib:s3c6410_display_con.obj
 0002:00000c70       g_UsbDbgZones              0005dc70     s3c6410_usbdbgpdd:usbdbgpdd.obj
 0002:00000d80       ?g_dwMBRSectorNum@@3KA     0005dd80     bootpart:bootpart.obj
 0002:00000de8       g_bBootMediaExist          0005dde8     main.obj
 0002:00000dec       g_EraseReservedBlock       0005ddec     main.obj
 0002:00005334       g_bTransferEp0             00062334     usb.obj
 0002:000070f4       ?g_buffer@@3PAEA           000640f4     oal_blserial:serfuncs.obj
 0002:00007ce0       bDoLaunch                  00064ce0     eboot:tftpd.obj
 0002:00007ce4       TftpPeerAddr               00064ce4     eboot:tftpd.obj
 0002:0000aac8       ?g_LastRxPktStatus@@3KA    00067ac8     s3c6410_usbdbgpdd:usbdbgpdd.obj
 0002:0000aacc       g_NumEPsUsed               00067acc     s3c6410_usbdbgpdd:otgdev.obj
 0002:0000aad0       g_pusbDeviceDescriptor     00067ad0     s3c6410_usbdbgpdd:otgdev.obj
 0002:0000ab18       bReadSafeMode              00067b18     SMDK6410_MLC_FIL:S3C6410_FIL.obj
 0002:0000ab1c       bECCEngineError            00067b1c     SMDK6410_MLC_FIL:S3C6410_FIL.obj
 0002:00017124       pLocalSData                00074124     VFL_MLC:VFLInterface.obj
 0002:000193a8       pLocalMData                000763a8     VFL_MLC:VFLInterface.obj
 0002:00038f00       stDeviceInfo               00095f00     wmrglobal:WMRGlobal.obj
 0002:00038f68       stConfig                   00095f68     wmrglobal:WMRGlobal.obj
 0002:00038fb0       stLayout                   00095fb0     wmrglobal:WMRGlobal.obj
 0002:00038fd8       ?nCount@@3KA               00095fd8     bootpart:fmd_stub.obj
 0002:00038fdc       ?g_partStateTable@@3PAU_PARTSTATE@@A 00095fdc     bootpart:bootpart.obj
 0002:00038ffc       ?g_FlashInfo@@3U_FlashInfo@@A 00095ffc     bootpart:bootpart.obj
 0002:0003900c       ?g_dwDataBytesPerBlock@@3KA 0009600c     bootpart:bootpart.obj
 0002:00039010       ?g_dwLastWrittenLoc@@3KA   00096010     bootpart:bootpart.obj
 0002:00039014       ?g_dwLastLogSector@@3KA    00096014     bootpart:bootpart.obj
 0002:00039018       ?g_pSectorInfoBuf@@3PAU_SectorInfo@@A 00096018     bootpart:bootpart.obj
 0002:0003901c       ?g_pbMBRSector@@3PAEA      0009601c     bootpart:bootpart.obj
 0002:00039020       ?g_pbBlock@@3PAEA          00096020     bootpart:bootpart.obj
 0002:0003902c       video_buffer               0009602c     <common>
 0002:00039030       bpp                        00096030     <common>
 0002:00039034       readPtIndex                00096034     <common>
 0002:00039038       s6410VIC0                  00096038     <common>
 0002:0003903c       g_usConfig                 0009603c     <common>
 0002:00039040       oOtgDev                    00096040     <common>
 0002:000390b4       s6410VIC1                  000960b4     <common>
 0002:000390b8       g_pDownPt                  000960b8     <common>
 0002:000390bc       oInterfaceGet              000960bc     <common>
 0002:000390c0       oStatusGet                 000960c0     <common>
 0002:000390c8       g_PCLK                     000960c8     <common>
 0002:000390cc       pfnEDbgGetFrame            000960cc     <common>
 0002:000390d0       pfnEDbgInit                000960d0     <common>
 0002:000390d4       pfnEDbgSendFrame           000960d4     <common>
 0002:000390d8       g_pBootCfg                 000960d8     <common>
 0002:000390dc       g_KITLConfig               000960dc     <common>
 0002:000390e0       g_bCleanBootFlag           000960e0     <common>
 0002:000390e4       g_bHiveCleanFlag           000960e4     <common>
 0002:00039100       g_BINRegionInfo            00096100     <common>
 0002:0003ab30       g_DeviceAddr               00097b30     <common>
 0002:0003ab3c       g_DevID                    00097b3c     <common>
 0002:0003ab40       g_dwImageStartBlock        00097b40     <common>
 0002:0003ab44       g_ImageType                00097b44     <common>
 0002:0003ab60       g_TOC                      00097b60     <common>
 0002:0003ad60       g_dwMinImageStart          00097d60     <common>
 0002:0003ad64       g_dwTocEntry               00097d64     <common>
 0002:0003ad68       wNUM_BLOCKS                00097d68     <common>
 0002:0003ad6c       g_bFormatPartitionFlag     00097d6c     <common>
 0002:0003ad80       g_oalCacheInfo             00097d80     <common>
 0002:0003adc8       g_pOEMVerifyMemory         00097dc8     <common>
 0002:0003adcc       g_dwROMOffset              00097dcc     <common>
 0002:0003add0       g_pOEMReportError          00097dd0     <common>
 0002:0003add4       g_pOEMMultiBINNotify       00097dd4     <common>
 0002:0003add8       g_pOEMCheckSignature       00097dd8     <common>
 0002:0003addc       szSprintf                  00097ddc     <common>
 0002:0003ade0       TFtpLinks                  00097de0     <common>
 0002:0003b6a0       wOdoWellKnownServerPort    000986a0     <common>
 0002:0003b6a2       wHostWellKnownServerPort   000986a2     <common>
 0002:0003b6a4       nNumTFtpLinksInUse         000986a4     <common>
 0002:0003b6c0       TFTPFrameBuffer            000986c0     <common>
 0002:0003bb00       TFtpdServerRegistry        00098b00     <common>
 0002:0003bbc8       _soft_fp_control           00098bc8     <common>
 0002:0003bbcc       v_pIOP_PIO_regs            00098bcc     <common>
 0002:0003bbd0       Bpp                        00098bd0     <common>
 0002:0003bbe0       DOEPDMA                    00098be0     <common>
 0002:0003bc20       DOEPINT                    00098c20     <common>
 0002:0003bc60       DIEPINT                    00098c60     <common>
 0002:0003bca0       DIEPCTL                    00098ca0     <common>
 0002:0003bce0       g_usbDeviceDescriptor      00098ce0     <common>
 0002:0003bd00       DOEPTSIZ                   00098d00     <common>
 0002:0003bd40       DOEPCTL                    00098d40     <common>
 0002:0003bd80       DIEPTSIZ                   00098d80     <common>
 0002:0003bdc0       EP_FIFO                    00098dc0     <common>
 0002:0003be00       EndPointsInfo              00098e00     <common>
 0002:0003be40       DIEPDMA                    00098e40     <common>
 0002:0003be7c       gnPpn                      00098e7c     <common>

 entry point at        0001:0002b5a4

 Static symbols

 0001:00021760       SetCS8900MACAddress        00032760 f   main.obj
 0001:00021910       PrintMainMenu              00032910 f   main.obj
 0001:00021e44       OEMUpdateTOC               00032e44 f   main.obj
 0001:00022668       InitializeDisplay          00033668 f   main.obj
 0001:00022994       InitializeOTGCLK           00033994 f   main.obj
 0001:00022a40       MainMenu                   00033a40 f   main.obj
 0001:00024adc       ?BootConfigInit@@YAXK@Z    00035adc f   nand.obj
 0001:00026ce0       ?GetDecimalNumber@@YAKXZ   00037ce0 f   nand.obj
 0001:00026d6c       ?MLC_Print_Page_Data_VFL@@YAXPAE0I@Z 00037d6c f   nand.obj
 0001:00026fa0       ?MLC_Print_Page_Data@@YAXPAE0@Z 00037fa0 f   nand.obj
 0001:00027154       ?MLC_FIL_Write_Test@@YAXXZ 00038154 f   nand.obj
 0001:000272b8       ?MLC_VFL_Write_Test@@YAXXZ 000382b8 f   nand.obj
 0001:00027400       ?MLC_VFL_Read_Test@@YAXXZ  00038400 f   nand.obj
 0001:0002753c       ?MLC_RAW_Erase_Test@@YAXXZ 0003853c f   nand.obj
 0001:000275f4       ?MLC_RAW_Write_Test@@YAXXZ 000385f4 f   nand.obj
 0001:00027724       ?MLC_RAW_Read_Test@@YAXXZ  00038724 f   nand.obj
 0001:000277fc       ?MLC_RAW_Find_MBR_Test@@YAXXZ 000387fc f   nand.obj
 0001:00027ab0       ?MLC_Mark_BadBlock_Test@@YAXXZ 00038ab0 f   nand.obj
 0001:00028570       VIC_InitializeVectTable    00039570 f   usb.obj
 0001:0002888c       delayLoop                  0003988c f   usb.obj
 0001:00028bf4       IIC_SetWrite               00039bf4 f   usb.obj
 0001:00028c54       IIC_Wait                   00039c54 f   usb.obj
 0001:0002a148       setPCA9530PWM              0003b148 f   MegaDisplay.obj
 0001:0002bf5c       GetFormatValue             0003cf5c f   oal_blnk:format.obj
 0001:0002c928       pOutputByte                0003d928 f   oal_blcommon:format.obj
 0001:0002c958       pOutputNumHex              0003d958 f   oal_blcommon:format.obj
 0001:0002c9a0       pOutputNumDecimal          0003d9a0 f   oal_blcommon:format.obj
 0001:0002cd9c       GetImageType               0003dd9c f   oal_blcommon:blcommon.obj
 0001:0002cedc       CheckImageManifest         0003dedc f   oal_blcommon:blcommon.obj
 0001:0002d008       DownloadNB0                0003e008 f   oal_blcommon:blcommon.obj
 0001:0002d208       WriteImageToFlash          0003e208 f   oal_blcommon:blcommon.obj
 0001:0002d2e8       IsKernelRegion             0003e2e8 f   oal_blcommon:blcommon.obj
 0001:0002d3a4       DownloadBin                0003e3a4 f   oal_blcommon:blcommon.obj
 0001:0002d7bc       DownloadImage              0003e7bc f   oal_blcommon:blcommon.obj
 0001:0002ec3c       EbootSimpleCallback        0003fc3c f   eboot:ebsimp.obj
 0001:0002fc3c       CRC                        00040c3c f   eboot:udp.obj
 0001:000303f8       FormatDHCPName             000413f8 f   eboot:dhcp.obj
 0001:0003497c       xtoa                       0004597c f   fulllibc:xtoa.obj
 0001:00036ebc       Disp_initialize_port_RGBIF 00047ebc f   s3c6410_disp_lib:s3c6410_display_con.obj
 0001:00036f80       Disp_initialize_TVEnc      00047f80 f   s3c6410_disp_lib:s3c6410_display_con.obj
 0001:00037090       Disp_window0_initialize    00048090 f   s3c6410_disp_lib:s3c6410_display_con.obj
 0001:000372ac       Disp_window1_initialize    000482ac f   s3c6410_disp_lib:s3c6410_display_con.obj
 0001:000374c0       Disp_window2_initialize    000484c0 f   s3c6410_disp_lib:s3c6410_display_con.obj
 0001:000376d4       Disp_window3_initialize    000486d4 f   s3c6410_disp_lib:s3c6410_display_con.obj
 0001:00037838       Disp_window4_initialize    00048838 f   s3c6410_disp_lib:s3c6410_display_con.obj
 0001:0003799c       Disp_get_vclk_direction_divider 0004899c f   s3c6410_disp_lib:s3c6410_display_con.obj
 0001:00037d54       Disp_initialize_RGBIF      00048d54 f   s3c6410_disp_lib:s3c6410_display_con.obj
 0001:00037ea4       Disp_initialize_RGBIF_withTVEnc 00048ea4 f   s3c6410_disp_lib:s3c6410_display_con.obj
 0001:000384cc       WaitForInit                000494cc f   oal_usbdbgsermdd:serifc.obj
 0001:000387d4       StartTransfer              000497d4 f   oal_usbdbgsermdd:usbser.obj
 0001:000388c4       ContinueRxTransfer         000498c4 f   oal_usbdbgsermdd:usbser.obj
 0001:000389f4       ContinueTxTransfer         000499f4 f   oal_usbdbgsermdd:usbser.obj
 0001:00038b20       AbortTransfer              00049b20 f   oal_usbdbgsermdd:usbser.obj
 0001:00038b6c       SendDescriptor             00049b6c f   oal_usbdbgsermdd:usbser.obj
 0001:00038e34       ProcessSetupPacket         00049e34 f   oal_usbdbgsermdd:usbser.obj
 0001:0003916c       UpdateUSBDesc              0004a16c f   oal_usbdbgsermdd:usbser.obj
 0001:00039664       SendRecvData               0004a664 f   oal_usbdbgsermdd:usbser.obj
 0001:000397a4       HostMiniQueryInformation   0004a7a4 f   oal_usbdbgrndismdd:rndismin.obj
 0001:000399e8       HostMiniSetInformation     0004a9e8 f   oal_usbdbgrndismdd:rndismin.obj
 0001:00039b44       PrepareRndisPacket         0004ab44 f   oal_usbdbgrndismdd:rndismin.obj
 0001:00039c38       SendRndisMessage           0004ac38 f   oal_usbdbgrndismdd:rndismin.obj
 0001:0003a610       StartTransfer              0004b610 f   oal_usbdbgrndismdd:usbrndis.obj
 0001:0003a700       ContinueRxTransfer         0004b700 f   oal_usbdbgrndismdd:usbrndis.obj
 0001:0003a824       ContinueTxTransfer         0004b824 f   oal_usbdbgrndismdd:usbrndis.obj
 0001:0003a94c       AbortTransfer              0004b94c f   oal_usbdbgrndismdd:usbrndis.obj
 0001:0003a994       SendDescriptor             0004b994 f   oal_usbdbgrndismdd:usbrndis.obj
 0001:0003ac78       ProcessRndisMsg            0004bc78 f   oal_usbdbgrndismdd:usbrndis.obj
 0001:0003ad04       ProcessSetupPacket         0004bd04 f   oal_usbdbgrndismdd:usbrndis.obj
 0001:0003b0a0       UpdateUSBDesc              0004c0a0 f   oal_usbdbgrndismdd:usbrndis.obj
 0001:0003b650       SendRecvData               0004c650 f   oal_usbdbgrndismdd:usbrndis.obj
 0001:0003b830       ?DevStatChangeEvent@@YAXKPAW4USBDBG_MSG@@PAE@Z 0004c830 f   s3c6410_usbdbgpdd:usbdbgpdd.obj
 0001:0003b95c       ?WaitForSetupXferDone@@YAXXZ 0004c95c f   s3c6410_usbdbgpdd:usbdbgpdd.obj
 0001:0003d2e0       Read_DeviceID              0004e2e0 f   SMDK6410_MLC_FIL:S3C6410_FIL.obj
 0001:0003d458       MLC_Print_Page_Data        0004e458 f   SMDK6410_MLC_FIL:S3C6410_FIL.obj
 0001:0003d544       Write_Spare                0004e544 f   SMDK6410_MLC_FIL:S3C6410_FIL.obj
 0001:0003d850       Write_Spare_Separate       0004e850 f   SMDK6410_MLC_FIL:S3C6410_FIL.obj
 0001:0003dc70       Write_Spare_8BitECC        0004ec70 f   SMDK6410_MLC_FIL:S3C6410_FIL.obj
 0001:0003dfd8       Decoding_MainECC           0004efd8 f   SMDK6410_MLC_FIL:S3C6410_FIL.obj
 0001:0003e0b8       Decoding_Main8BitECC       0004f0b8 f   SMDK6410_MLC_FIL:S3C6410_FIL.obj
 0001:0003e240       Decoding_SpareECC          0004f240 f   SMDK6410_MLC_FIL:S3C6410_FIL.obj
 0001:0003e37c       Decoding_Spare8BitECC      0004f37c f   SMDK6410_MLC_FIL:S3C6410_FIL.obj
 0001:0003e8b0       MLC_Print_SFR              0004f8b0 f   SMDK6410_MLC_FIL:S3C6410_FIL.obj
 0001:0003f7b8       Read_Sector                000507b8 f   SMDK6410_MLC_FIL:S3C6410_FIL.obj
 0001:0003fa04       Read_Sector_8BitECC        00050a04 f   SMDK6410_MLC_FIL:S3C6410_FIL.obj
 0001:0003fc54       Read_Spare                 00050c54 f   SMDK6410_MLC_FIL:S3C6410_FIL.obj
 0001:00040274       Read_Spare_Separate        00051274 f   SMDK6410_MLC_FIL:S3C6410_FIL.obj
 0001:0004081c       Read_Spare_8BitECC         0005181c f   SMDK6410_MLC_FIL:S3C6410_FIL.obj
 0001:00041afc       _InitBackupLBCxt           00052afc f   FTL_MLC:FTLInterface.obj
 0001:00041b70       _GetBackupLBIdx            00052b70 f   FTL_MLC:FTLInterface.obj
 0001:00041bb8       _LogBlockFreePO            00052bb8 f   FTL_MLC:FTLInterface.obj
 0001:00041c5c       _DisableCopyMerge          00052c5c f   FTL_MLC:FTLInterface.obj
 0001:00041d18       _ScanLogSection            00052d18 f   FTL_MLC:FTLInterface.obj
 0001:00041da4       _GetFreeVb                 00052da4 f   FTL_MLC:FTLInterface.obj
 0001:00041fac       _SetFreeVb                 00052fac f   FTL_MLC:FTLInterface.obj
 0001:00042080       _InitLogCxt                00053080 f   FTL_MLC:FTLInterface.obj
 0001:000420e0       _ConvertL2V                000530e0 f   FTL_MLC:FTLInterface.obj
 0001:00042218       _GetEC                     00053218 f   FTL_MLC:FTLInterface.obj
 0001:000422b4       _ModifyMap                 000532b4 f   FTL_MLC:FTLInterface.obj
 0001:00042378       _ModifyReclaimMap          00053378 f   FTL_MLC:FTLInterface.obj
 0001:00042484       _ModifyECTbl               00053484 f   FTL_MLC:FTLInterface.obj
 0001:00042584       _DoSimpleMerge             00053584 f   FTL_MLC:FTLInterface.obj
 0001:000428e4       _PrintFTLCxt               000538e4 f   FTL_MLC:FTLInterface.obj
 0001:00043268       _ShouldLSBCopy             00054268 f   FTL_MLC:FTLInterface.obj
 0001:00043388       _EraseBackupLB             00054388 f   FTL_MLC:FTLInterface.obj
 0001:00043420       _BackupLSB                 00054420 f   FTL_MLC:FTLInterface.obj
 0001:000437e4       _StoreFTLCxt               000547e4 f   FTL_MLC:FTLInterface.obj
 0001:00043a5c       _LoadFTLCxt                00054a5c f   FTL_MLC:FTLInterface.obj
 0001:00043e10       _DoTripleMerge             00054e10 f   FTL_MLC:FTLInterface.obj
 0001:00044618       _MakeLogMap                00055618 f   FTL_MLC:FTLInterface.obj
 0001:00044e88       _GetReservedBlk            00055e88 f   VFL_MLC:VFLInterface.obj
 0001:00045008       _RemapBadBlk               00056008 f   VFL_MLC:VFLInterface.obj
 0001:0004522c       _GetPhysicalAddr           0005622c f   VFL_MLC:VFLInterface.obj
 0001:00045350       _CheckInitialBad           00056350 f   VFL_MLC:VFLInterface.obj
 0001:000454dc       _WriteBadMark              000564dc f   VFL_MLC:VFLInterface.obj
 0001:000458e8       _PrintVFLCxt               000568e8 f   VFL_MLC:VFLInterface.obj
 0001:00045c44       _StoreVFLCxt               00056c44 f   VFL_MLC:VFLInterface.obj
 0001:00045f48       _LoadVFLCxt                00056f48 f   VFL_MLC:VFLInterface.obj
 0001:000461bc       _ReplaceBadBlk             000571bc f   VFL_MLC:VFLInterface.obj
 0001:00046618       _WaitEraseComplete         00057618 f   VFL_MLC:VFLInterface.obj
 0001:00049674       _WriteInitBadList          0005a674 f   VFL_MLC:VFLInterface.obj
 0001:0004a938       ?LBAtoCHS@@YA?AU_Addr@@PAU_FlashInfo@@U1@@Z 0005b938 f   bootpart:bootpart.obj
 0001:0004a9c0       WriteMBR                   0005b9c0 f   bootpart:bootpart.obj
 0001:0004ac00       ?CreatePartition@@YAPAXKKKHK@Z 0005bc00 f   bootpart:bootpart.obj
