 NAV_LED

 Timestamp is 5243da1b (Thu Sep 26 14:54:19 2013)

 Preferred load address is 10000000

 Start         Length     Name                   Class
 0001:00000000 0000001cH .rdata                  CODE
 0001:0000001c 00000024H .rdata$debug            CODE
 0001:00000040 00000508H .text                   CODE
 0001:00000548 00000028H .idata$2                CODE
 0001:00000570 00000014H .idata$3                CODE
 0001:00000584 00000010H .idata$4                CODE
 0001:00000594 00000016H .idata$6                CODE
 0001:000005b0 000000ffH .edata                  CODE
 0002:00000000 00000010H .idata$5                DATA
 0002:00000010 00000004H .bss                    DATA
 0003:00000000 00000078H .pdata                  DATA

  Address         Publics by Value              Rva+Base       Lib:Object

 0000:00000000       ___safe_se_handler_table   00000000     <absolute>
 0000:00000000       ___safe_se_handler_count   00000000     <absolute>
 0001:00000040       InitLedAddr                10001040 f   Led.obj
 0001:0000007c       GPIOInit                   1000107c f   Led.obj
 0001:000002f4       ControlLed                 100012f4 f   Led.obj
 0001:0000036c       ProcLed                    1000136c f   Led.obj
 0001:000003cc       DllMain                    100013cc f   Led.obj
 0001:000003e4       LED_Close                  100013e4 f   Led.obj
 0001:000003ec       LED_Deinit                 100013ec f   Led.obj
 0001:000003f4       LED_Init                   100013f4 f   Led.obj
 0001:0000040c       LED_IOControl              1000140c f   Led.obj
 0001:00000458       LED_Open                   10001458 f   Led.obj
 0001:00000460       LED_PowerDown              10001460 f   Led.obj
 0001:0000050c       LED_PowerUp                1000150c f   Led.obj
 0001:00000510       LED_Read                   10001510 f   Led.obj
 0001:00000518       LED_Seek                   10001518 f   Led.obj
 0001:00000520       LED_Write                  10001520 f   Led.obj
 0001:00000528       DisableThreadLibraryCalls  10001528 f   coredll:COREDLL.dll
 0001:00000538       MmMapIoSpace               10001538 f   ceddk:CEDDK.dll
 0001:00000548       __IMPORT_DESCRIPTOR_COREDLL 10001548     coredll:COREDLL.dll
 0001:0000055c       __IMPORT_DESCRIPTOR_CEDDK  1000155c     ceddk:CEDDK.dll
 0001:00000570       __NULL_IMPORT_DESCRIPTOR   10001570     coredll:COREDLL.dll
 0002:00000000       __imp_MmMapIoSpace         10002000     ceddk:CEDDK.dll
 0002:00000004       \177CEDDK_NULL_THUNK_DATA  10002004     ceddk:CEDDK.dll
 0002:00000008       __imp_DisableThreadLibraryCalls 10002008     coredll:COREDLL.dll
 0002:0000000c       \177COREDLL_NULL_THUNK_DATA 1000200c     coredll:COREDLL.dll
 0002:00000010       v_pIOP_LED_regs            10002010     Led.obj

 entry point at        0001:000003cc

 Static symbols

