 oal

 Timestamp is 52959dbc (Wed Nov 27 15:22:36 2013)

 Preferred load address is 00010000

 Start         Length     Name                   Class
 0001:00000000 00000654H .astart                 CODE
 0001:00000660 000128f2H .rdata                  CODE
 0001:00012f54 00000020H .rdata$debug            CODE
 0001:00012f74 00019240H .text                   CODE
 0001:0002c1b4 0000008cH .xdata                  CODE
 0001:0002c240 00000000H .edata                  CODE
 0002:00000000 00006000H .KDATA                  DATA
 0003:00000000 0000090cH .data                   DATA
 0003:00000920 0002f188H .bss                    DATA
 0004:00000000 000008a0H .pdata                  DATA

  Address         Publics by Value              Rva+Base       Lib:Object

 0000:00000000       ___safe_se_handler_table   00000000     <absolute>
 0000:00000000       ___safe_se_handler_count   00000000     <absolute>
 0001:00000000       StartUp                    00011000 f   oal:startup.obj
 0001:000002cc       g_oalAddressTable          000112cc     oal:startup.obj
 0001:000003bc       OALCPUPowerOff             000113bc f   oal:startup.obj
 0001:0000067c       pTOC                       0001167c     nkldr:ldrcmn.obj
 0001:00000680       RomExt                     00011680     nkldr:ldrcmn.obj
 0001:000006ac       ??_C@_0L@CPPPICDM@kernel?4dll?$AA@ 000116ac     nkldr:ldrcmn.obj
 0001:00000748       ??_C@_1CG@MGLHDDDB@?$AAI?$AAn?$AAi?$AAt?$AAi?$AAa?$AAl?$AAi?$AAz?$AAe?$AAB?$AAa?$AAn?$AAk?$AA?$CL?$AA?$CL?$AA?$AN?$AA?6?$AA?$AA@ 00011748     oal:init.obj
 0001:00000770       ??_C@_1CG@NMGEKPB@?$AAI?$AAn?$AAi?$AAt?$AAi?$AAa?$AAl?$AAi?$AAz?$AAe?$AAB?$AAa?$AAn?$AAk?$AA?9?$AA?9?$AA?$AN?$AA?6?$AA?$AA@ 00011770     oal:init.obj
 0001:00000798       ??_C@_1DM@HBGEPDCH@?$AA?$FL?$AAO?$AAA?$AAL?$AA?$FN?$AA?5?$AAI?$AAn?$AAi?$AAt?$AAi?$AAa?$AAl?$AAi?$AAz?$AAe?$AAC?$AAL?$AAK?$AAG?$AAa?$AAt?$AAi?$AAn?$AAg?$AA?$CI?$AA?$CJ?$AA?$AN?$AA?6?$AA?$AA@ 00011798     oal:init.obj
 0001:000007d4       ??_C@_1DO@OHHJBPNM@?$AA?$FL?$AAO?$AAA?$AAL?$AA?$FN?$AA?5?$AAI?$AAn?$AAi?$AAt?$AAi?$AAa?$AAl?$AAi?$AAz?$AAe?$AAB?$AAl?$AAo?$AAc?$AAk?$AAP?$AAo?$AAw?$AAe?$AAr?$AA?$CI?$AA?$CJ?$AA?$AN?$AA?6?$AA?$AA@ 000117d4     oal:init.obj
 0001:00000814       ??_C@_1DM@JFKFCMAH@?$AA?$FL?$AAO?$AAA?$AAL?$AA?$FN?$AA?5?$AAI?$AAn?$AAi?$AAt?$AAi?$AAa?$AAl?$AAi?$AAz?$AAe?$AAC?$AAL?$AAK?$AAS?$AAo?$AAu?$AAr?$AAc?$AAe?$AA?$CI?$AA?$CJ?$AA?$AN?$AA?6?$AA?$AA@ 00011814     oal:init.obj
 0001:00000850       ??_C@_1CI@KBBLDFCK@?$AA?$FL?$AAO?$AAA?$AAL?$AA?$FN?$AA?5?$AA?9?$AA?9?$AAO?$AAE?$AAM?$AAI?$AAn?$AAi?$AAt?$AA?$CI?$AA?$CJ?$AA?$AN?$AA?6?$AA?$AA@ 00011850     oal:init.obj
 0001:00000878       ??_C@_1HA@BCLFEIAF@?$AA?$FL?$AAO?$AAA?$AAL?$AA?3?$AAE?$AAR?$AAR?$AA?$FN?$AA?5?$AAO?$AAE?$AAM?$AAI?$AAn?$AAi?$AAt?$AA?$CI?$AA?$CJ?$AA?5?$AA?3?$AA?5?$AAf?$AAa?$AAi?$AAl?$AAe?$AAd?$AA?5?$AAt?$AAo?$AA?5@ 00011878     oal:init.obj
 0001:000008e8       ??_C@_1FO@JLHMMDBF@?$AA?$FL?$AAO?$AAA?$AAL?$AA?$FN?$AA?5?$AAO?$AAE?$AAM?$AAI?$AAn?$AAi?$AAt?$AA?$CI?$AA?$CJ?$AA?5?$AA?3?$AA?5?$AAB?$AAS?$AAP?$AA?5?$AAA?$AAr?$AAg?$AAs?$AA?5?$AAf?$AAo?$AAr?$AAc?$AAe@ 000118e8     oal:init.obj
 0001:00000948       ??_C@_1GE@CAKBAMHM@?$AAD?$AAC?$AAa?$AAc?$AAh?$AAe?$AA?3?$AA?5?$AA?$CF?$AAd?$AA?5?$AAs?$AAe?$AAt?$AAs?$AA?0?$AA?5?$AA?$CF?$AAd?$AA?5?$AAw?$AAa?$AAy?$AAs?$AA?0?$AA?5?$AA?$CF?$AAd?$AA?5?$AAl?$AAi?$AAn@ 00011948     oal:init.obj
 0001:000009b0       ??_C@_1GE@ECCMOOLO@?$AAI?$AAC?$AAa?$AAc?$AAh?$AAe?$AA?3?$AA?5?$AA?$CF?$AAd?$AA?5?$AAs?$AAe?$AAt?$AAs?$AA?0?$AA?5?$AA?$CF?$AAd?$AA?5?$AAw?$AAa?$AAy?$AAs?$AA?0?$AA?5?$AA?$CF?$AAd?$AA?5?$AAl?$AAi?$AAn@ 000119b0     oal:init.obj
 0001:00000a14       ??_C@_1CI@HCNPOOEI@?$AA?$FL?$AAO?$AAA?$AAL?$AA?$FN?$AA?5?$AAP?$AAC?$AAL?$AAK?$AA?5?$AA?5?$AA?5?$AA?3?$AA?5?$AA?$CF?$AAd?$AA?6?$AA?$AN?$AA?$AA@ 00011a14     oal:init.obj
 0001:00000a3c       ??_C@_1CI@GECPNHHA@?$AA?$FL?$AAO?$AAA?$AAL?$AA?$FN?$AA?5?$AAH?$AAC?$AAL?$AAK?$AA?5?$AA?5?$AA?5?$AA?3?$AA?5?$AA?$CF?$AAd?$AA?6?$AA?$AN?$AA?$AA@ 00011a3c     oal:init.obj
 0001:00000a64       ??_C@_1CI@PLDCAKIF@?$AA?$FL?$AAO?$AAA?$AAL?$AA?$FN?$AA?5?$AAA?$AAR?$AAM?$AAC?$AAL?$AAK?$AA?5?$AA?3?$AA?5?$AA?$CF?$AAd?$AA?6?$AA?$AN?$AA?$AA@ 00011a64     oal:init.obj
 0001:00000a90       ??_C@_1EA@MCBEEPHO@?$AA?$FL?$AAO?$AAA?$AAL?$AA?$FN?$AA?5?$AAS?$AA3?$AAC?$AA6?$AA4?$AA1?$AA0?$AA_?$AAA?$AAP?$AAL?$AAL?$AA_?$AAC?$AAL?$AAK?$AA?5?$AA?5?$AA?5?$AA?3?$AA?5?$AA?$CF?$AAd?$AA?6?$AA?$AN?$AA?$AA@ 00011a90     oal:init.obj
 0001:00000ad0       ??_C@_1CI@JLHJOGNF@?$AA?$FL?$AAO?$AAA?$AAL?$AA?$FN?$AA?5?$AA?$CL?$AA?$CL?$AAO?$AAE?$AAM?$AAI?$AAn?$AAi?$AAt?$AA?$CI?$AA?$CJ?$AA?$AN?$AA?6?$AA?$AA@ 00011ad0     oal:init.obj
 0001:00000bc8       ??_C@_05MBDEGLCK@ERROR?$AA@ 00011bc8     oal:ExtPowerCTL_LIB.obj
 0001:00000bd0       ??_C@_03GDJFABIP@CAM?$AA@  00011bd0     oal:ExtPowerCTL_LIB.obj
 0001:00000bd4       ??_C@_04FOAJLA@WIFI?$AA@   00011bd4     oal:ExtPowerCTL_LIB.obj
 0001:00000bdc       ??_C@_03CBGEMLIN@ETH?$AA@  00011bdc     oal:ExtPowerCTL_LIB.obj
 0001:00000be0       ??_C@_04DIHPNBI@DAC1?$AA@  00011be0     oal:ExtPowerCTL_LIB.obj
 0001:00000be8       ??_C@_04BKJMMMFJ@DAC0?$AA@ 00011be8     oal:ExtPowerCTL_LIB.obj
 0001:00000bf0       ??_C@_03OJLAHOPO@LCD?$AA@  00011bf0     oal:ExtPowerCTL_LIB.obj
 0001:00000bf4       ??_C@_03IONNGCBN@USB?$AA@  00011bf4     oal:ExtPowerCTL_LIB.obj
 0001:00000bf8       ??_C@_06EOPOAAHK@CUSTOM?$AA@ 00011bf8     oal:ExtPowerCTL_LIB.obj
 0001:00000c00       ??_C@_08MDDIMDJM@DEFAULTS?$AA@ 00011c00     oal:ExtPowerCTL_LIB.obj
 0001:00000c0c       ??_C@_02BFICIOJL@ON?$AA@   00011c0c     oal:ExtPowerCTL_LIB.obj
 0001:00000c10       ??_C@_03MPPIHBHJ@OFF?$AA@  00011c10     oal:ExtPowerCTL_LIB.obj
 0001:00000d38       ??_C@_1CC@PNKMBGCL@?$AA?9?$AAO?$AAA?$AAL?$AAA?$AAr?$AAg?$AAs?$AAI?$AAn?$AAi?$AAt?$AA?$CI?$AA?$CJ?$AA?$AN?$AA?6?$AA?$AA@ 00011d38     s3c6410_args:args.obj
 0001:00000d5c       ??_C@_1BA@FDKAAGHI@?$AA0?$AAx?$AA?$CF?$AA0?$AA2?$AAx?$AA?5?$AA?$AA@ 00011d5c     s3c6410_args:args.obj
 0001:00000d6c       ??_C@_1BM@PBHBBHJD@?$AAp?$AAA?$AAr?$AAg?$AAs?$AA?5?$AA?3?$AA0?$AAx?$AA?$CF?$AAx?$AA?$AN?$AA?6?$AA?$AA@ 00011d6c     s3c6410_args:args.obj
 0001:00000d88       ??_C@_1GI@NAELMLKD@?$AAA?$AAr?$AAg?$AAu?$AAm?$AAe?$AAn?$AAt?$AAs?$AA?5?$AAa?$AAr?$AAe?$AAa?$AA?5?$AAh?$AAa?$AAs?$AA?5?$AAs?$AAo?$AAm?$AAe?$AA?5?$AAv?$AAa?$AAl?$AAu?$AAe?$AAs?$AA?4?$AA?5@ 00011d88     s3c6410_args:args.obj
 0001:00000df0       ??_C@_1EA@GBPBKONK@?$AAA?$AAr?$AAg?$AAu?$AAm?$AAe?$AAn?$AAt?$AAs?$AA?5?$AAa?$AAr?$AAe?$AAa?$AA?5?$AAi?$AAs?$AA?5?$AAi?$AAn?$AAi?$AAt?$AAi?$AAa?$AAl?$AAi?$AAz?$AAe?$AAd?$AA?$AN?$AA?6?$AA?$AA@ 00011df0     s3c6410_args:args.obj
 0001:00000e30       ??_C@_07KEPNGIJP@TBT6410?$AA@ 00011e30     s3c6410_args:args.obj
 0001:00000e38       ??_C@_1BI@EKLMLBKB@?$AAS?$AAo?$AAc?$AAI?$AAD?$AA?3?$AA0?$AAx?$AA?$CF?$AAx?$AA?6?$AA?$AA@ 00011e38     s3c6410_args:args.obj
 0001:00000e50       ??_C@_1CC@CGKBPAJP@?$AA?$CL?$AAO?$AAA?$AAL?$AAA?$AAr?$AAg?$AAs?$AAI?$AAn?$AAi?$AAt?$AA?$CI?$AA?$CJ?$AA?$AN?$AA?6?$AA?$AA@ 00011e50     s3c6410_args:args.obj
 0001:00000e78       ??_C@_1EA@DJGHLELP@?$AA?9?$AAO?$AAA?$AAL?$AAA?$AAr?$AAg?$AAs?$AAQ?$AAu?$AAe?$AAr?$AAy?$AA?$CI?$AAp?$AAD?$AAa?$AAt?$AAa?$AA?5?$AA?$DN?$AA?5?$AA0?$AAx?$AA?$CF?$AA0?$AA8?$AAx?$AA?$CJ?$AA?$AN?$AA?6?$AA?$AA@ 00011e78     s3c6410_args:args.obj
 0001:00000eb8       ??_C@_1EM@ODHMAKKI@?$AA?$FL?$AAO?$AAA?$AAL?$AA?3?$AAE?$AAR?$AAR?$AA?$FN?$AA?5?$AAA?$AAr?$AAg?$AAu?$AAm?$AAe?$AAn?$AAt?$AAs?$AA?5?$AAa?$AAr?$AAe?$AAa?$AA?5?$AAi?$AAs?$AA?5?$AAi?$AAn?$AAv?$AAa@ 00011eb8     s3c6410_args:args.obj
 0001:00000f04       ??_C@_1CI@CLMEBIJE@?$AA?$CL?$AAO?$AAA?$AAL?$AAA?$AAr?$AAg?$AAs?$AAQ?$AAu?$AAe?$AAr?$AAy?$AA?$CI?$AA?$CF?$AAd?$AA?$CJ?$AA?$AN?$AA?6?$AA?$AA@ 00011f04     s3c6410_args:args.obj
 0001:000012e8       ??_C@_1DO@NDIEKHNP@?$AA?9?$AAO?$AAA?$AAL?$AAI?$AAn?$AAt?$AAr?$AAR?$AAe?$AAq?$AAu?$AAe?$AAs?$AAt?$AAI?$AAr?$AAq?$AAs?$AA?$CI?$AAr?$AAc?$AA?5?$AA?$DN?$AA?5?$AA?$CF?$AAd?$AA?$CJ?$AA?$AN?$AA?6?$AA?$AA@ 000122e8     oal_intr_s3c6410_sec_v1:intr.obj
 0001:00001328       ??_C@_1HO@EBPJKEJJ@?$AA?$CL?$AAO?$AAA?$AAL?$AAI?$AAn?$AAt?$AAr?$AAR?$AAe?$AAq?$AAu?$AAe?$AAs?$AAt?$AAI?$AAr?$AAq?$AAs?$AA?$CI?$AA0?$AAx?$AA?$CF?$AA0?$AA8?$AAx?$AA?9?$AA?$DO?$AA?$CF?$AAd?$AA?1?$AA?$CF@ 00012328     oal_intr_s3c6410_sec_v1:intr.obj
 0001:000013a8       ??_C@_1DM@INNHDHDJ@?$AA?9?$AAO?$AAA?$AAL?$AAI?$AAn?$AAt?$AAr?$AAE?$AAn?$AAa?$AAb?$AAl?$AAe?$AAI?$AAr?$AAq?$AAs?$AA?$CI?$AAr?$AAc?$AA?5?$AA?$DN?$AA?5?$AA?$CF?$AAd?$AA?$CJ?$AA?$AN?$AA?6?$AA?$AA@ 000123a8     oal_intr_s3c6410_sec_v1:intr.obj
 0001:000013e8       ??_C@_1EC@MDFPIGAB@?$AA?$CL?$AAO?$AAA?$AAL?$AAI?$AAn?$AAt?$AAr?$AAE?$AAn?$AAa?$AAb?$AAl?$AAe?$AAI?$AAr?$AAq?$AAs?$AA?$CI?$AA?$CF?$AAd?$AA?0?$AA?5?$AA0?$AAx?$AA?$CF?$AA0?$AA8?$AAx?$AA?$CJ?$AA?$AN?$AA?6@ 000123e8     oal_intr_s3c6410_sec_v1:intr.obj
 0001:0000142c       ??_C@_1CM@GPENGBBP@?$AA?9?$AAO?$AAA?$AAL?$AAI?$AAn?$AAt?$AAr?$AAD?$AAi?$AAs?$AAa?$AAb?$AAl?$AAe?$AAI?$AAr?$AAq?$AAs?$AA?$AN?$AA?6?$AA?$AA@ 0001242c     oal_intr_s3c6410_sec_v1:intr.obj
 0001:00001458       ??_C@_1EE@NIPMEMC@?$AA?$CL?$AAO?$AAA?$AAL?$AAI?$AAn?$AAt?$AAr?$AAD?$AAi?$AAs?$AAa?$AAb?$AAl?$AAe?$AAI?$AAr?$AAq?$AAs?$AA?$CI?$AA?$CF?$AAd?$AA?0?$AA?5?$AA0?$AAx?$AA?$CF?$AA0?$AA8?$AAx?$AA?$CJ?$AA?$AN@ 00012458     oal_intr_s3c6410_sec_v1:intr.obj
 0001:0000149c       ??_C@_1CG@LBOJEJPE@?$AA?9?$AAO?$AAA?$AAL?$AAI?$AAn?$AAt?$AAr?$AAD?$AAo?$AAn?$AAe?$AAI?$AAr?$AAq?$AAs?$AA?$AN?$AA?6?$AA?$AA@ 0001249c     oal_intr_s3c6410_sec_v1:intr.obj
 0001:000014c4       ??_C@_1DO@FCJPHKGC@?$AA?$CL?$AAO?$AAA?$AAL?$AAI?$AAn?$AAt?$AAr?$AAD?$AAo?$AAn?$AAe?$AAI?$AAr?$AAq?$AAs?$AA?$CI?$AA?$CF?$AAd?$AA?0?$AA?5?$AA0?$AAx?$AA?$CF?$AA0?$AA8?$AAx?$AA?$CJ?$AA?$AN?$AA?6?$AA?$AA@ 000124c4     oal_intr_s3c6410_sec_v1:intr.obj
 0001:00001508       ??_C@_1IC@HGAPONJL@?$AA?$FL?$AAO?$AAA?$AAL?$AA?3?$AAE?$AAR?$AAR?$AA?$FN?$AA?5?$AAP?$AAH?$AAY?$AAI?$AAR?$AAQ?$AA_?$AAT?$AAI?$AAM?$AAE?$AAR?$AA4?$AA?5?$AAI?$AAn?$AAt?$AAe?$AAr?$AAr?$AAu?$AAp@ 00012508     oal_intr_s3c6410_sec_v1:intr.obj
 0001:0000158c       ??_C@_1DK@JEFKKIKI@?$AA?9?$AAO?$AAA?$AAL?$AAI?$AAn?$AAt?$AAe?$AAr?$AAr?$AAu?$AAp?$AAt?$AAI?$AAn?$AAi?$AAt?$AA?$CI?$AAr?$AAc?$AA?5?$AA?$DN?$AA?5?$AA?$CF?$AAd?$AA?$CJ?$AA?$AN?$AA?6?$AA?$AA@ 0001258c     oal_intr_s3c6410_sec_v1:intr.obj
 0001:000015c8       ??_C@_1CI@LJHDCJDG@?$AA?$CL?$AAO?$AAA?$AAL?$AAI?$AAn?$AAt?$AAe?$AAr?$AAr?$AAu?$AAp?$AAt?$AAI?$AAn?$AAi?$AAt?$AA?$AN?$AA?6?$AA?$AA@ 000125c8     oal_intr_s3c6410_sec_v1:intr.obj
 0001:000015f0       ??_C@_1CE@HFBIALPK@?$AA?9?$AAO?$AAA?$AAL?$AAI?$AAn?$AAt?$AAr?$AAM?$AAa?$AAp?$AAI?$AAn?$AAi?$AAt?$AA?$AN?$AA?6?$AA?$AA@ 000125f0     oal_intr_s3c6410_sec_v1:map.obj
 0001:00001614       ??_C@_1CE@LMNIPMAG@?$AA?$CL?$AAO?$AAA?$AAL?$AAI?$AAn?$AAt?$AAr?$AAM?$AAa?$AAp?$AAI?$AAn?$AAi?$AAt?$AA?$AN?$AA?6?$AA?$AA@ 00012614     oal_intr_s3c6410_sec_v1:map.obj
 0001:00001638       ??_C@_1DE@CBLJKBBB@?$AA?9?$AAO?$AAA?$AAL?$AAI?$AAn?$AAt?$AAr?$AAS?$AAt?$AAa?$AAt?$AAi?$AAc?$AAT?$AAr?$AAa?$AAn?$AAs?$AAl?$AAa?$AAt?$AAe?$AA?$AN?$AA?6?$AA?$AA@ 00012638     oal_intr_s3c6410_sec_v1:map.obj
 0001:00001670       ??_C@_1EE@DPKCCBO@?$AA?$CL?$AAO?$AAA?$AAL?$AAI?$AAn?$AAt?$AAr?$AAS?$AAt?$AAa?$AAt?$AAi?$AAc?$AAT?$AAr?$AAa?$AAn?$AAs?$AAl?$AAa?$AAt?$AAe?$AA?$CI?$AA?$CF?$AAd?$AA?0?$AA?5?$AA?$CF?$AAd?$AA?$CJ?$AA?$AN@ 00012670     oal_intr_s3c6410_sec_v1:map.obj
 0001:000016b8       ??_C@_1EK@JOJPHPGP@?$AA?9?$AAO?$AAA?$AAL?$AAI?$AAn?$AAt?$AAr?$AAT?$AAr?$AAa?$AAn?$AAs?$AAl?$AAa?$AAt?$AAe?$AAI?$AAr?$AAq?$AA?$CI?$AAs?$AAy?$AAs?$AAI?$AAn?$AAt?$AAr?$AA?5?$AA?$DN?$AA?5?$AA?$CF@ 000126b8     oal_intr_s3c6410_sec_v1:map.obj
 0001:00001704       ??_C@_1DG@IAFKCJEB@?$AA?$CL?$AAO?$AAA?$AAL?$AAI?$AAn?$AAt?$AAr?$AAT?$AAr?$AAa?$AAn?$AAs?$AAl?$AAa?$AAt?$AAe?$AAI?$AAr?$AAq?$AA?$CI?$AA?$CF?$AAd?$AA?$CJ?$AA?$AN?$AA?6?$AA?$AA@ 00012704     oal_intr_s3c6410_sec_v1:map.obj
 0001:00001740       ??_C@_1EO@CCPDBEFN@?$AA?9?$AAO?$AAA?$AAL?$AAI?$AAn?$AAt?$AAr?$AAR?$AAe?$AAq?$AAu?$AAe?$AAs?$AAt?$AAS?$AAy?$AAs?$AAI?$AAn?$AAt?$AAr?$AA?$CI?$AAs?$AAy?$AAs?$AAI?$AAn?$AAt?$AAr?$AA?5?$AA?$DN@ 00012740     oal_intr_s3c6410_sec_v1:map.obj
 0001:00001790       ??_C@_1GC@JJGCGEOC@?$AA?9?$AAO?$AAA?$AAL?$AAI?$AAn?$AAt?$AAr?$AAR?$AAe?$AAq?$AAu?$AAe?$AAs?$AAt?$AAS?$AAy?$AAs?$AAI?$AAn?$AAt?$AAr?$AA?$CI?$AAi?$AAr?$AAq?$AA?5?$AA?$DN?$AA?5?$AA?$CF?$AAd?$AA?0@ 00012790     oal_intr_s3c6410_sec_v1:map.obj
 0001:000017f8       ??_C@_1HE@LGNFBECO@?$AAE?$AAR?$AAR?$AAO?$AAR?$AA?3?$AA?5?$AAO?$AAA?$AAL?$AAI?$AAn?$AAt?$AAr?$AAR?$AAe?$AAq?$AAu?$AAe?$AAs?$AAt?$AAS?$AAy?$AAs?$AAI?$AAn?$AAt?$AAr?$AA?3?$AA?5?$AAN?$AAo@ 000127f8     oal_intr_s3c6410_sec_v1:map.obj
 0001:00001870       ??_C@_1JG@CKDDKDGB@?$AAE?$AAR?$AAR?$AAO?$AAR?$AA?3?$AA?5?$AAO?$AAA?$AAL?$AAI?$AAn?$AAt?$AAr?$AAR?$AAe?$AAq?$AAu?$AAe?$AAs?$AAt?$AAS?$AAy?$AAs?$AAI?$AAn?$AAt?$AAr?$AA?3?$AA?5?$AAS?$AAt@ 00012870     oal_intr_s3c6410_sec_v1:map.obj
 0001:00001908       ??_C@_1FK@JNHCPMAP@?$AA?$CL?$AAO?$AAA?$AAL?$AAI?$AAn?$AAt?$AAr?$AAR?$AAe?$AAq?$AAu?$AAe?$AAs?$AAt?$AAS?$AAy?$AAs?$AAI?$AAn?$AAt?$AAr?$AA?$CI?$AA?$CF?$AAd?$AA?0?$AA?5?$AA0?$AAx?$AA?$CF?$AA0?$AA8@ 00012908     oal_intr_s3c6410_sec_v1:map.obj
 0001:00001968       ??_C@_1EE@GBADJBKJ@?$AA?9?$AAO?$AAA?$AAL?$AAI?$AAn?$AAt?$AAr?$AAR?$AAe?$AAl?$AAe?$AAa?$AAs?$AAe?$AAS?$AAy?$AAs?$AAI?$AAn?$AAt?$AAr?$AA?$CI?$AAr?$AAc?$AA?5?$AA?$DN?$AA?5?$AA?$CF?$AAd?$AA?$CJ?$AA?$AN@ 00012968     oal_intr_s3c6410_sec_v1:map.obj
 0001:000019b0       ??_C@_1HC@BIEMDHNG@?$AAE?$AAR?$AAR?$AAO?$AAR?$AA?3?$AA?5?$AAO?$AAA?$AAL?$AAI?$AAn?$AAt?$AAr?$AAR?$AAe?$AAl?$AAe?$AAa?$AAs?$AAe?$AAS?$AAy?$AAs?$AAI?$AAn?$AAt?$AAr?$AA?3?$AA?5?$AAI?$AAn@ 000129b0     oal_intr_s3c6410_sec_v1:map.obj
 0001:00001a24       ??_C@_1DK@GDEEGDPM@?$AA?$CL?$AAO?$AAA?$AAL?$AAI?$AAn?$AAt?$AAr?$AAR?$AAe?$AAl?$AAe?$AAa?$AAs?$AAe?$AAS?$AAy?$AAs?$AAI?$AAn?$AAt?$AAr?$AA?$CI?$AA?$CF?$AAd?$AA?$CJ?$AA?$AN?$AA?6?$AA?$AA@ 00012a24     oal_intr_s3c6410_sec_v1:map.obj
 0001:00001a60       ??_C@_1DM@KHBFOEPK@?$AA?9?$AAO?$AAE?$AAM?$AAI?$AAn?$AAt?$AAe?$AAr?$AAr?$AAu?$AAp?$AAt?$AAE?$AAn?$AAa?$AAb?$AAl?$AAe?$AA?$CI?$AAr?$AAc?$AA?5?$AA?$DN?$AA?5?$AA1?$AA?$CJ?$AA?$AN?$AA?6?$AA?$AA@ 00012a60     oal_intr_s3c6410_sec_v1:map.obj
 0001:00001aa0       ??_C@_1EI@HHGIJMMI@?$AA?$CL?$AAO?$AAE?$AAM?$AAI?$AAn?$AAt?$AAe?$AAr?$AAr?$AAu?$AAp?$AAt?$AAE?$AAn?$AAa?$AAb?$AAl?$AAe?$AA?$CI?$AA?$CF?$AAd?$AA?0?$AA?5?$AA0?$AAx?$AA?$CF?$AAx?$AA?0?$AA?5?$AA?$CF?$AAd@ 00012aa0     oal_intr_s3c6410_sec_v1:map.obj
 0001:00001ae8       ??_C@_1CO@FKOPLHGO@?$AA?9?$AAO?$AAE?$AAM?$AAI?$AAn?$AAt?$AAe?$AAr?$AAr?$AAu?$AAp?$AAt?$AAD?$AAi?$AAs?$AAa?$AAb?$AAl?$AAe?$AA?$AN?$AA?6?$AA?$AA@ 00012ae8     oal_intr_s3c6410_sec_v1:map.obj
 0001:00001b18       ??_C@_1DG@HOKLDENP@?$AA?$CL?$AAO?$AAE?$AAM?$AAI?$AAn?$AAt?$AAe?$AAr?$AAr?$AAu?$AAp?$AAt?$AAD?$AAi?$AAs?$AAa?$AAb?$AAl?$AAe?$AA?$CI?$AA?$CF?$AAd?$AA?$CJ?$AA?$AN?$AA?6?$AA?$AA@ 00012b18     oal_intr_s3c6410_sec_v1:map.obj
 0001:00001b50       ??_C@_1CI@OPHGDEL@?$AA?9?$AAO?$AAE?$AAM?$AAI?$AAn?$AAt?$AAe?$AAr?$AAr?$AAu?$AAp?$AAt?$AAM?$AAa?$AAs?$AAk?$AA?$AN?$AA?6?$AA?$AA@ 00012b50     oal_intr_s3c6410_sec_v1:map.obj
 0001:00001b78       ??_C@_1DI@MFEEGIMP@?$AA?$CL?$AAO?$AAE?$AAM?$AAI?$AAn?$AAt?$AAe?$AAr?$AAr?$AAu?$AAp?$AAt?$AAM?$AAa?$AAs?$AAk?$AA?$CI?$AA?$CF?$AAd?$AA?0?$AA?5?$AA?$CF?$AAd?$AA?$CJ?$AA?$AN?$AA?6?$AA?$AA@ 00012b78     oal_intr_s3c6410_sec_v1:map.obj
 0001:00001bb0       ??_C@_1CI@IOEKFHHP@?$AA?9?$AAO?$AAE?$AAM?$AAI?$AAn?$AAt?$AAe?$AAr?$AAr?$AAu?$AAp?$AAt?$AAD?$AAo?$AAn?$AAe?$AA?$AN?$AA?6?$AA?$AA@ 00012bb0     oal_intr_s3c6410_sec_v1:map.obj
 0001:00001bd8       ??_C@_1DA@HAMHGFMF@?$AA?$CL?$AAO?$AAE?$AAM?$AAI?$AAn?$AAt?$AAe?$AAr?$AAr?$AAu?$AAp?$AAt?$AAD?$AAo?$AAn?$AAe?$AA?$CI?$AA?$CF?$AAd?$AA?$CJ?$AA?$AN?$AA?6?$AA?$AA@ 00012bd8     oal_intr_s3c6410_sec_v1:map.obj
 0001:00001c98       ??_C@_1DC@EGGJEANK@?$AA?9?$AAO?$AAE?$AAM?$AAI?$AAo?$AAC?$AAo?$AAn?$AAt?$AAr?$AAo?$AAl?$AA?$CI?$AAr?$AAc?$AA?5?$AA?$DN?$AA?5?$AA?$CF?$AAd?$AA?$CJ?$AA?$AN?$AA?6?$AA?$AA@ 00012c98     oal_ioctl_s3c6410_sec_v1:ioctl.obj
 0001:00001cd0       ??_C@_1HM@LHHDIECD@?$AAO?$AAE?$AAM?$AAI?$AAo?$AAC?$AAo?$AAn?$AAt?$AAr?$AAo?$AAl?$AA?3?$AA?5?$AAU?$AAn?$AAs?$AAu?$AAp?$AAp?$AAo?$AAr?$AAt?$AAe?$AAd?$AA?5?$AAC?$AAo?$AAd?$AAe?$AA?5?$AA0@ 00012cd0     oal_ioctl_s3c6410_sec_v1:ioctl.obj
 0001:00001d50       ??_C@_1GA@KJDOLNLD@?$AA?$CL?$AAO?$AAE?$AAM?$AAI?$AAo?$AAC?$AAo?$AAn?$AAt?$AAr?$AAo?$AAl?$AA?$CI?$AA0?$AAx?$AA?$CF?$AAx?$AA?0?$AA?5?$AA0?$AAx?$AA?$CF?$AAx?$AA?0?$AA?5?$AA?$CF?$AAd?$AA?0?$AA?5?$AA0?$AAx@ 00012d50     oal_ioctl_s3c6410_sec_v1:ioctl.obj
 0001:00001e40       ??_C@_1CM@PCOKJND@?$AA?$FL?$AAO?$AAE?$AAM?$AA?$FN?$AA?5?$AA?9?$AA?9?$AAO?$AAE?$AAM?$AAP?$AAo?$AAw?$AAe?$AAr?$AAO?$AAf?$AAf?$AA?$CI?$AA?$CJ?$AA?$AA@ 00012e40     oal_power_s3c6410_sec_v1:off.obj
 0001:00001e6c       ??_C@_1DK@GPINFMBJ@?$AAO?$AAE?$AAM?$AAP?$AAo?$AAw?$AAe?$AAr?$AAO?$AAf?$AAf?$AA?3?$AA?5?$AAK?$AAI?$AAT?$AAL?$AA?5?$AAD?$AAi?$AAs?$AAa?$AAb?$AAl?$AAe?$AAd?$AA?$AN?$AA?6?$AA?$AA@ 00012e6c     oal_power_s3c6410_sec_v1:off.obj
 0001:00001ea8       ??_C@_1CM@MPCDPENM@?$AA?$FL?$AAO?$AAE?$AAM?$AA?$FN?$AA?5?$AA?$CL?$AA?$CL?$AAO?$AAE?$AAM?$AAP?$AAo?$AAw?$AAe?$AAr?$AAO?$AAf?$AAf?$AA?$CI?$AA?$CJ?$AA?$AA@ 00012ea8     oal_power_s3c6410_sec_v1:off.obj
 0001:00001f68       ??_C@_1DE@DGCDHBJ@?$AA?9?$AAO?$AAE?$AAM?$AAP?$AAr?$AAo?$AAf?$AAi?$AAl?$AAe?$AAT?$AAi?$AAm?$AAe?$AAr?$AAD?$AAi?$AAs?$AAa?$AAb?$AAl?$AAe?$AA?$AN?$AA?6?$AA?$AA@ 00012f68     oal_profiler_s3c6410_sec_v1:profiler.obj
 0001:00001f9c       ??_C@_1DI@ICCHIFPG@?$AA?$CL?$AAO?$AAE?$AAM?$AAP?$AAr?$AAo?$AAf?$AAi?$AAl?$AAe?$AAT?$AAi?$AAm?$AAe?$AAr?$AAD?$AAi?$AAs?$AAa?$AAb?$AAl?$AAe?$AA?$CI?$AA?$CJ?$AA?$AN?$AA?6?$AA?$AA@ 00012f9c     oal_profiler_s3c6410_sec_v1:profiler.obj
 0001:00001fd4       ??_C@_1DC@ONFHCFK@?$AA?9?$AAO?$AAE?$AAM?$AAP?$AAr?$AAo?$AAf?$AAi?$AAl?$AAe?$AAT?$AAi?$AAm?$AAe?$AAr?$AAE?$AAn?$AAa?$AAb?$AAl?$AAe?$AA?$AN?$AA?6?$AA?$AA@ 00012fd4     oal_profiler_s3c6410_sec_v1:profiler.obj
 0001:00002008       ??_C@_1DK@OJEFEGCL@?$AA?$CL?$AAO?$AAE?$AAM?$AAP?$AAr?$AAo?$AAf?$AAi?$AAl?$AAe?$AAT?$AAi?$AAm?$AAe?$AAr?$AAE?$AAn?$AAa?$AAb?$AAl?$AAe?$AA?$CI?$AA?$CF?$AAd?$AA?$CJ?$AA?$AN?$AA?6?$AA?$AA@ 00013008     oal_profiler_s3c6410_sec_v1:profiler.obj
 0001:000020d8       ??_C@_1DG@HLFPOJPE@?$AA?9?$AAO?$AAE?$AAM?$AAG?$AAe?$AAt?$AAR?$AAe?$AAa?$AAl?$AAT?$AAi?$AAm?$AAe?$AA?$CI?$AAr?$AAc?$AA?5?$AA?$DN?$AA?5?$AA?$CF?$AAd?$AA?$CJ?$AA?$AN?$AA?6?$AA?$AA@ 000130d8     oal_rtc_s3c6410_sec_v1:rtc.obj
 0001:00002110       ??_C@_1EA@JJILIKOH@?$AA?$CL?$AAO?$AAE?$AAM?$AAG?$AAe?$AAt?$AAR?$AAe?$AAa?$AAl?$AAT?$AAi?$AAm?$AAe?$AA?$CI?$AAp?$AAT?$AAi?$AAm?$AAe?$AA?5?$AA?$DN?$AA?5?$AA0?$AAx?$AA?$CF?$AAx?$AA?$CJ?$AA?$AN?$AA?6?$AA?$AA@ 00013110     oal_rtc_s3c6410_sec_v1:rtc.obj
 0001:00002150       ??_C@_1DG@MOFFCBMN@?$AA?9?$AAO?$AAE?$AAM?$AAS?$AAe?$AAt?$AAR?$AAe?$AAa?$AAl?$AAT?$AAi?$AAm?$AAe?$AA?$CI?$AAr?$AAc?$AA?5?$AA?$DN?$AA?5?$AA?$CF?$AAd?$AA?$CJ?$AA?$AN?$AA?6?$AA?$AA@ 00013150     oal_rtc_s3c6410_sec_v1:rtc.obj
 0001:00002188       ??_C@_1LM@OMFKANDO@?$AAE?$AAR?$AAR?$AAO?$AAR?$AA?3?$AA?5?$AAO?$AAE?$AAM?$AAS?$AAe?$AAt?$AAR?$AAe?$AAa?$AAl?$AAT?$AAi?$AAm?$AAe?$AA?3?$AA?5?$AAR?$AAT?$AAC?$AA?5?$AAc?$AAa?$AAn?$AAn?$AAo@ 00013188     oal_rtc_s3c6410_sec_v1:rtc.obj
 0001:00002248       ??_C@_1FC@DNBEFFJD@?$AAO?$AAE?$AAM?$AAS?$AAe?$AAt?$AAR?$AAe?$AAa?$AAl?$AAT?$AAi?$AAm?$AAe?$AA?$CI?$AA?$CF?$AAd?$AA?1?$AA?$CF?$AAd?$AA?1?$AA?$CF?$AAd?$AA?5?$AA?$CF?$AAd?$AA?3?$AA?$CF?$AAd?$AA?3?$AA?$CF?$AAd@ 00013248     oal_rtc_s3c6410_sec_v1:rtc.obj
 0001:000022a0       ??_C@_1FE@NLGIDKMA@?$AA?$CL?$AAO?$AAE?$AAM?$AAS?$AAe?$AAt?$AAR?$AAe?$AAa?$AAl?$AAT?$AAi?$AAm?$AAe?$AA?$CI?$AA?$CF?$AAd?$AA?1?$AA?$CF?$AAd?$AA?1?$AA?$CF?$AAd?$AA?5?$AA?$CF?$AAd?$AA?3?$AA?$CF?$AAd?$AA?3?$AA?$CF@ 000132a0     oal_rtc_s3c6410_sec_v1:rtc.obj
 0001:000022f4       ??_C@_1DI@MKCLCMDC@?$AA?9?$AAO?$AAE?$AAM?$AAS?$AAe?$AAt?$AAA?$AAl?$AAa?$AAr?$AAm?$AAT?$AAi?$AAm?$AAe?$AA?$CI?$AAr?$AAc?$AA?5?$AA?$DN?$AA?5?$AA?$CF?$AAd?$AA?$CJ?$AA?$AN?$AA?6?$AA?$AA@ 000132f4     oal_rtc_s3c6410_sec_v1:rtc.obj
 0001:00002330       ??_C@_1FG@LDBAHALN@?$AA?$CL?$AAO?$AAE?$AAM?$AAS?$AAe?$AAt?$AAA?$AAl?$AAa?$AAr?$AAm?$AAT?$AAi?$AAm?$AAe?$AA?$CI?$AA?$CF?$AAd?$AA?1?$AA?$CF?$AAd?$AA?1?$AA?$CF?$AAd?$AA?5?$AA?$CF?$AAd?$AA?3?$AA?$CF?$AAd?$AA?3@ 00013330     oal_rtc_s3c6410_sec_v1:rtc.obj
 0001:00002388       ??_C@_1DO@FGGICPPB@?$AA?9?$AAO?$AAA?$AAL?$AAI?$AAo?$AAC?$AAt?$AAl?$AAH?$AAa?$AAl?$AAI?$AAn?$AAi?$AAt?$AAR?$AAT?$AAC?$AA?$CI?$AAr?$AAc?$AA?5?$AA?$DN?$AA?5?$AA?$CF?$AAd?$AA?$CJ?$AA?$AN?$AA?6?$AA?$AA@ 00013388     oal_rtc_s3c6410_sec_v1:rtc.obj
 0001:000023c8       ??_C@_1FO@ODJLIDFO@?$AAE?$AAR?$AAR?$AAO?$AAR?$AA?3?$AA?5?$AAO?$AAA?$AAL?$AAI?$AAo?$AAC?$AAt?$AAl?$AAH?$AAa?$AAl?$AAI?$AAn?$AAi?$AAt?$AAR?$AAT?$AAC?$AA?3?$AA?5?$AAI?$AAn?$AAv?$AAa?$AAl@ 000133c8     oal_rtc_s3c6410_sec_v1:rtc.obj
 0001:00002428       ??_C@_1HI@HFHAIBHN@?$AAI?$AAn?$AAv?$AAa?$AAl?$AAi?$AAd?$AA?5?$AAR?$AAT?$AAC?$AA?5?$AAT?$AAi?$AAm?$AAe?$AA?5?$AA?$CI?$AA?$CF?$AAd?$AA?4?$AA?$CF?$AAd?$AA?4?$AA?$CF?$AAd?$AA?0?$AA?5?$AA?$CF?$AAd?$AA?3?$AA?$CF@ 00013428     oal_rtc_s3c6410_sec_v1:rtc.obj
 0001:000024a0       ??_C@_1DG@PECFOPGF@?$AA?$CL?$AAO?$AAA?$AAL?$AAI?$AAo?$AAC?$AAt?$AAl?$AAH?$AAa?$AAl?$AAI?$AAn?$AAi?$AAt?$AAR?$AAT?$AAC?$AA?$CI?$AA?4?$AA?4?$AA?4?$AA?$CJ?$AA?$AN?$AA?6?$AA?$AA@ 000134a0     oal_rtc_s3c6410_sec_v1:rtc.obj
 0001:00002568       ??_C@_1DC@BNLGCJKD@?$AA?9?$AAO?$AAA?$AAL?$AAT?$AAi?$AAm?$AAe?$AAr?$AAI?$AAn?$AAi?$AAt?$AA?$CI?$AAr?$AAc?$AA?5?$AA?$DN?$AA?5?$AA?$CF?$AAd?$AA?$CJ?$AA?$AN?$AA?6?$AA?$AA@ 00013568     oal_timer_s3c6410_sec_v1:timer.obj
 0001:000025a0       ??_C@_1HA@CPDFBGLD@?$AAE?$AAR?$AAR?$AAO?$AAR?$AA?3?$AA?5?$AAO?$AAA?$AAL?$AAT?$AAi?$AAm?$AAe?$AAr?$AAI?$AAn?$AAi?$AAt?$AA?3?$AA?5?$AAS?$AAy?$AAs?$AAt?$AAe?$AAm?$AA?5?$AAt?$AAi?$AAc?$AAk@ 000135a0     oal_timer_s3c6410_sec_v1:timer.obj
 0001:00002610       ??_C@_1HM@CJGLDOPJ@?$AAE?$AAR?$AAR?$AAO?$AAR?$AA?3?$AA?5?$AAO?$AAA?$AAL?$AAT?$AAi?$AAm?$AAe?$AAr?$AAI?$AAn?$AAi?$AAt?$AA?3?$AA?5?$AAI?$AAn?$AAt?$AAe?$AAr?$AAr?$AAu?$AAp?$AAt?$AA?5?$AAe@ 00013610     oal_timer_s3c6410_sec_v1:timer.obj
 0001:0000268c       ??_C@_1DM@HOCGOKJC@?$AA?$CL?$AAO?$AAA?$AAL?$AAT?$AAi?$AAm?$AAe?$AAr?$AAI?$AAn?$AAi?$AAt?$AA?$CI?$AA?5?$AA?$CF?$AAd?$AA?0?$AA?5?$AA?$CF?$AAd?$AA?0?$AA?5?$AA?$CF?$AAd?$AA?5?$AA?$CJ?$AA?$AN?$AA?6?$AA?$AA@ 0001368c     oal_timer_s3c6410_sec_v1:timer.obj
 0001:000027e8       ??_C@_1CM@BMDDLKDO@?$AA?9?$AAO?$AAE?$AAM?$AAC?$AAa?$AAc?$AAh?$AAe?$AAR?$AAa?$AAn?$AAg?$AAe?$AAF?$AAl?$AAu?$AAs?$AAh?$AA?$AN?$AA?6?$AA?$AA@ 000137e8     oal_cache_s3c6410_sec_v1:flush.obj
 0001:00002818       ??_C@_1FE@FFFKHHBK@?$AA?$CL?$AAO?$AAE?$AAM?$AAC?$AAa?$AAc?$AAh?$AAe?$AAR?$AAa?$AAn?$AAg?$AAe?$AAF?$AAl?$AAu?$AAs?$AAh?$AA?$CI?$AA0?$AAx?$AA?$CF?$AA0?$AA8?$AAx?$AA?0?$AA?5?$AA?$CF?$AAd?$AA?0?$AA?5@ 00013818     oal_cache_s3c6410_sec_v1:flush.obj
 0001:0000286c       ??_C@_1DE@DAHNLBLJ@?$AA?9?$AAO?$AAA?$AAL?$AAP?$AAA?$AAt?$AAo?$AAV?$AAA?$AA?$CI?$AAv?$AAa?$AA?5?$AA?$DN?$AA?5?$AA0?$AAx?$AA?$CF?$AA0?$AA8?$AAx?$AA?$CJ?$AA?$AN?$AA?6?$AA?$AA@ 0001386c     oal_memory_arm:memory.obj
 0001:000028a0       ??_C@_1CO@JEIJEAKF@?$AA?$CL?$AAO?$AAA?$AAL?$AAP?$AAA?$AAt?$AAo?$AAV?$AAA?$AA?$CI?$AA0?$AAx?$AA?$CF?$AAx?$AA?0?$AA?5?$AA?$CF?$AAd?$AA?$CJ?$AA?$AN?$AA?6?$AA?$AA@ 000138a0     oal_memory_arm:memory.obj
 0001:00002a80       ??_C@_1DA@IFJDAPD@?$AA?$FL?$AAO?$AAA?$AAL?$AA?$FN?$AA?5?$AA?9?$AA?9?$AAB?$AAS?$AAP?$AAI?$AAn?$AAt?$AAr?$AAI?$AAn?$AAi?$AAt?$AA?$CI?$AA?$CJ?$AA?$AN?$AA?6?$AA?$AA@ 00013a80     oal:intr.obj
 0001:00002ab0       ??_C@_1GM@HIGIMHNP@?$AAB?$AAS?$AAP?$AAI?$AAn?$AAt?$AAr?$AAI?$AAn?$AAi?$AAt?$AA?3?$AA?5?$AAS?$AAY?$AAS?$AAI?$AAN?$AAT?$AAR?$AA_?$AAD?$AAM?$AA9?$AA0?$AA0?$AA0?$AAA?$AA1?$AA?5?$AAH?$AAi@ 00013ab0     oal:intr.obj
 0001:00002b20       ??_C@_1EM@DPLNINPM@?$AA?$CK?$AA?$CK?$AA?$CK?$AA?$CK?$AA?$CK?$AA?$CK?$AAD?$AAM?$AA9?$AA0?$AA0?$AA0?$AAA?$AA1?$AA?5?$AAp?$AAG?$AAP?$AAI?$AAO?$AAR?$AAe?$AAg?$AA?9?$AA?$DO?$AAG?$AAP?$AAN?$AAC?$AAO?$AAN?$AA?$DN@ 00013b20     oal:intr.obj
 0001:00002b70       ??_C@_1FG@DEGIFAM@?$AA?$CK?$AA?$CK?$AA?$CK?$AA?$CK?$AA?$CK?$AA?$CK?$AAD?$AAM?$AA9?$AA0?$AA0?$AA0?$AAA?$AA1?$AA?5?$AA?7?$AAp?$AAG?$AAP?$AAI?$AAO?$AAR?$AAe?$AAg?$AA?9?$AA?$DO?$AAE?$AAI?$AAN?$AAT?$AA0?$AAC@ 00013b70     oal:intr.obj
 0001:00002bc8       ??_C@_1FG@EMHCGHAG@?$AA?$CK?$AA?$CK?$AA?$CK?$AA?$CK?$AA?$CK?$AA?$CK?$AAD?$AAM?$AA9?$AA0?$AA0?$AA0?$AAA?$AA1?$AA?5?$AAp?$AAG?$AAP?$AAI?$AAO?$AAR?$AAe?$AAg?$AA?9?$AA?$DO?$AAE?$AAI?$AAN?$AAT?$AA0?$AAM?$AAA@ 00013bc8     oal:intr.obj
 0001:00002c20       ??_C@_1FG@DACEFEHE@?$AA?$CK?$AA?$CK?$AA?$CK?$AA?$CK?$AA?$CK?$AA?$CK?$AAD?$AAM?$AA9?$AA0?$AA0?$AA0?$AAA?$AA1?$AA?5?$AAp?$AAG?$AAP?$AAI?$AAO?$AAR?$AAe?$AAg?$AA?9?$AA?$DO?$AAE?$AAI?$AAN?$AAT?$AA0?$AAP?$AAE@ 00013c20     oal:intr.obj
 0001:00002c78       ??_C@_1DA@BKJECBLL@?$AA?$FL?$AAO?$AAA?$AAL?$AA?$FN?$AA?5?$AA?$CL?$AA?$CL?$AAB?$AAS?$AAP?$AAI?$AAn?$AAt?$AAr?$AAI?$AAn?$AAi?$AAt?$AA?$CI?$AA?$CJ?$AA?$AN?$AA?6?$AA?$AA@ 00013c78     oal:intr.obj
 0001:00002ca8       ??_C@_1DM@POOLLMMJ@?$AA?9?$AAB?$AAS?$AAP?$AAI?$AAn?$AAt?$AAr?$AAR?$AAe?$AAq?$AAu?$AAe?$AAs?$AAt?$AAI?$AAr?$AAq?$AA?$CI?$AAr?$AAc?$AA?5?$AA?$DN?$AA?5?$AA?$CF?$AAd?$AA?$CJ?$AA?$AN?$AA?6?$AA?$AA@ 00013ca8     oal:intr.obj
 0001:00002ce8       ??_C@_1HM@BJHIHKHI@?$AA?$CL?$AAB?$AAS?$AAP?$AAI?$AAn?$AAt?$AAr?$AAR?$AAe?$AAq?$AAu?$AAe?$AAs?$AAt?$AAI?$AAr?$AAq?$AA?$CI?$AA0?$AAx?$AA?$CF?$AA0?$AA8?$AAx?$AA?9?$AA?$DO?$AA?$CF?$AAd?$AA?1?$AA?$CF?$AAd@ 00013ce8     oal:intr.obj
 0001:00002d64       ??_C@_1DM@GADKKEEP@?$AA?9?$AAB?$AAS?$AAP?$AAI?$AAn?$AAt?$AAr?$AAE?$AAn?$AAa?$AAb?$AAl?$AAe?$AAI?$AAr?$AAq?$AA?$CI?$AAi?$AAr?$AAq?$AA?5?$AA?$DN?$AA?5?$AA?$CF?$AAd?$AA?$CJ?$AA?$AN?$AA?6?$AA?$AA@ 00013d64     oal:intr.obj
 0001:00002da0       ??_C@_1DA@PAHKCAOI@?$AA?$CL?$AAB?$AAS?$AAP?$AAI?$AAn?$AAt?$AAr?$AAE?$AAn?$AAa?$AAb?$AAl?$AAe?$AAI?$AAr?$AAq?$AA?$CI?$AA?$CF?$AAd?$AA?$CJ?$AA?$AN?$AA?6?$AA?$AA@ 00013da0     oal:intr.obj
 0001:00002dd0       ??_C@_1DM@GBABPOAA@?$AA?9?$AAB?$AAS?$AAP?$AAI?$AAn?$AAt?$AAr?$AAD?$AAi?$AAs?$AAa?$AAb?$AAl?$AAe?$AAI?$AAr?$AAq?$AA?$CI?$AAi?$AAr?$AAq?$AA?5?$AA?$DN?$AA?5?$AA?$CF?$AAd?$AA?$AN?$AA?6?$AA?$AA@ 00013dd0     oal:intr.obj
 0001:00002e0c       ??_C@_1DC@CAJPFJLN@?$AA?$CL?$AAB?$AAS?$AAP?$AAI?$AAn?$AAt?$AAr?$AAD?$AAi?$AAs?$AAa?$AAb?$AAl?$AAe?$AAI?$AAr?$AAq?$AA?$CI?$AA?$CF?$AAd?$AA?$CJ?$AA?$AN?$AA?6?$AA?$AA@ 00013e0c     oal:intr.obj
 0001:00002e40       ??_C@_1DI@MKBFOAP@?$AA?9?$AAB?$AAS?$AAP?$AAI?$AAn?$AAt?$AAr?$AAD?$AAo?$AAn?$AAe?$AAI?$AAr?$AAq?$AA?$CI?$AAi?$AAr?$AAq?$AA?5?$AA?$DN?$AA?5?$AA?$CF?$AAd?$AA?$CJ?$AA?$AN?$AA?6?$AA?$AA@ 00013e40     oal:intr.obj
 0001:00002e78       ??_C@_1CM@KNGKPFDP@?$AA?$CL?$AAB?$AAS?$AAP?$AAI?$AAn?$AAt?$AAr?$AAD?$AAo?$AAn?$AAe?$AAI?$AAr?$AAq?$AA?$CI?$AA?$CF?$AAd?$AA?$CJ?$AA?$AN?$AA?6?$AA?$AA@ 00013e78     oal:intr.obj
 0001:00002ea4       ??_C@_1BK@GONJCPBC@?$AAA?$AAR?$AAM?$AA1?$AA1?$AA7?$AA6?$AAJ?$AAZ?$AAF?$AA?9?$AAS?$AA?$AA@ 00013ea4     oal:ioctl.obj
 0001:00002ec0       ??_C@_1BA@DJPIEPAC@?$AAS?$AA3?$AAC?$AA6?$AA4?$AA1?$AA0?$AA?$AA@ 00013ec0     oal:ioctl.obj
 0001:00002ed0       ??_C@_1CI@MOPCLBBK@?$AAS?$AAa?$AAm?$AAs?$AAu?$AAn?$AAg?$AA?5?$AAE?$AAl?$AAe?$AAc?$AAt?$AAr?$AAo?$AAn?$AAi?$AAc?$AAs?$AA?$AA@ 00013ed0     oal:ioctl.obj
 0001:00002ef8       ??_C@_1DO@CBDBCKPF@?$AAH?$AAI?$AAT?$AAE?$AAG?$AA?5?$AAL?$AAi?$AAm?$AAi?$AAt?$AAe?$AAd?$AA?5?$AAT?$AAe?$AAn?$AAB?$AAy?$AAT?$AAe?$AAn?$AA6?$AA4?$AA1?$AA0?$AA6?$AA4?$AA1?$AA0?$AA?$AA@ 00013ef8     oal:ioctl.obj
 0001:00002f38       ??_C@_1CC@FMJFHMFN@?$AAT?$AAe?$AAn?$AAB?$AAy?$AAT?$AAe?$AAn?$AA6?$AA4?$AA1?$AA0?$AA?5?$AAM?$AAL?$AAC?$AA?$AA@ 00013f38     oal:ioctl.obj
 0001:000030b0       g_oalIoCtlTable            000140b0     oal:ioctl.obj
 0001:00003230       ??_C@_1DM@MPOGLEOC@?$AA?$FL?$AAO?$AAA?$AAL?$AA?$FN?$AA?5?$AA?9?$AA?9?$AAO?$AAA?$AAL?$AAI?$AAo?$AAC?$AAt?$AAl?$AAH?$AAa?$AAl?$AAR?$AAe?$AAb?$AAo?$AAo?$AAt?$AA?$CI?$AA?$CJ?$AA?$AN?$AA?6?$AA?$AA@ 00014230     oal:ioctl.obj
 0001:0000326c       ??_C@_1DM@JJIGIBAB@?$AA?$FL?$AAO?$AAA?$AAL?$AA?$FN?$AA?5?$AA?$CL?$AA?$CL?$AAO?$AAA?$AAL?$AAI?$AAo?$AAC?$AAt?$AAl?$AAH?$AAa?$AAl?$AAR?$AAe?$AAb?$AAo?$AAo?$AAt?$AA?$CI?$AA?$CJ?$AA?$AN?$AA?6?$AA?$AA@ 0001426c     oal:ioctl.obj
 0001:000032a8       ??_C@_1EI@MCIJGMLN@?$AA?9?$AAO?$AAA?$AAL?$AAI?$AAo?$AAC?$AAt?$AAl?$AAH?$AAa?$AAl?$AAG?$AAe?$AAt?$AAH?$AAW?$AAE?$AAn?$AAt?$AAr?$AAo?$AAp?$AAy?$AA?$CI?$AAr?$AAc?$AA?5?$AA?$DN?$AA?5?$AA?$CF?$AAd@ 000142a8     oal:ioctl.obj
 0001:000032f0       ??_C@_1GE@KDBGDMBH@?$AAW?$AAA?$AAR?$AAN?$AA?3?$AA?5?$AAO?$AAA?$AAL?$AAI?$AAo?$AAC?$AAt?$AAl?$AAH?$AAa?$AAl?$AAG?$AAe?$AAt?$AAH?$AAW?$AAE?$AAn?$AAt?$AAr?$AAo?$AAp?$AAy?$AA?3?$AA?5?$AAB@ 000142f0     oal:ioctl.obj
 0001:00003354       ??_C@_1DG@BJFJNOHG@?$AA?$CL?$AAO?$AAA?$AAL?$AAI?$AAo?$AAC?$AAt?$AAl?$AAH?$AAa?$AAl?$AAG?$AAe?$AAt?$AAH?$AAW?$AAE?$AAn?$AAt?$AAr?$AAo?$AAp?$AAy?$AA?$AN?$AA?6?$AA?$AA@ 00014354     oal:ioctl.obj
 0001:0000338c       ??_C@_1DK@JIIIANOG@?$AA?9?$AAO?$AAA?$AAL?$AAI?$AAo?$AAC?$AAt?$AAl?$AAE?$AAB?$AAo?$AAo?$AAt?$AAM?$AAA?$AAC?$AA?$CI?$AAr?$AAc?$AA?5?$AA?$DN?$AA?5?$AA?$CF?$AAd?$AA?$CJ?$AA?$AN?$AA?6?$AA?$AA@ 0001438c     oal:ioctl.obj
 0001:000033c8       ??_C@_1FG@KPPCNOJJ@?$AAW?$AAA?$AAR?$AAN?$AA?3?$AA?5?$AAO?$AAA?$AAL?$AAI?$AAo?$AAC?$AAt?$AAl?$AAE?$AAB?$AAo?$AAo?$AAt?$AAM?$AAA?$AAC?$AA?3?$AA?5?$AAB?$AAu?$AAf?$AAf?$AAe?$AAr?$AA?5?$AAt@ 000143c8     oal:ioctl.obj
 0001:00003420       ??_C@_1IE@JHKIHHMO@?$AA?$FL?$AAO?$AAA?$AAL?$AA?3?$AAE?$AAR?$AAR?$AA?$FN?$AA?5?$AAO?$AAA?$AAL?$AAI?$AAo?$AAC?$AAt?$AAl?$AAH?$AAa?$AAl?$AAG?$AAe?$AAt?$AAH?$AAi?$AAv?$AAe?$AAC?$AAl?$AAe?$AAa@ 00014420     oal:ioctl.obj
 0001:000034a8       ??_C@_1EE@JIDPAOAD@?$AA?9?$AA?9?$AAO?$AAA?$AAL?$AAI?$AAo?$AAC?$AAt?$AAl?$AAH?$AAa?$AAl?$AAG?$AAe?$AAt?$AAH?$AAi?$AAv?$AAe?$AAC?$AAl?$AAe?$AAa?$AAn?$AAF?$AAl?$AAa?$AAg?$AA?$CI?$AA?$CJ?$AA?$AN@ 000144a8     oal:ioctl.obj
 0001:000034ec       ??_C@_1DE@PIAGMDMK@?$AA?$FL?$AAO?$AAA?$AAL?$AA?$FN?$AA?5?$AAU?$AAn?$AAk?$AAn?$AAo?$AAw?$AAn?$AA?5?$AAF?$AAl?$AAa?$AAg?$AA?5?$AA0?$AAx?$AA?$CF?$AAx?$AA?$AN?$AA?6?$AA?$AA@ 000144ec     oal:ioctl.obj
 0001:00003520       ??_C@_1DI@BBPJJEEM@?$AA?$FL?$AAO?$AAA?$AAL?$AA?$FN?$AA?5?$AAN?$AAo?$AAt?$AA?5?$AAC?$AAl?$AAe?$AAa?$AAr?$AA?5?$AAU?$AAs?$AAe?$AAr?$AA?5?$AAH?$AAi?$AAv?$AAe?$AA?$AN?$AA?6?$AA?$AA@ 00014520     oal:ioctl.obj
 0001:00003558       ??_C@_1DA@HKECOKDH@?$AA?$FL?$AAO?$AAA?$AAL?$AA?$FN?$AA?5?$AAC?$AAl?$AAe?$AAa?$AAr?$AA?5?$AAU?$AAs?$AAe?$AAr?$AA?5?$AAH?$AAi?$AAv?$AAe?$AA?$AN?$AA?6?$AA?$AA@ 00014558     oal:ioctl.obj
 0001:00003588       ??_C@_1DM@JJKDKAFC@?$AA?$FL?$AAO?$AAA?$AAL?$AA?$FN?$AA?5?$AAN?$AAo?$AAt?$AA?5?$AAC?$AAl?$AAe?$AAa?$AAr?$AA?5?$AAS?$AAy?$AAs?$AAt?$AAe?$AAm?$AA?5?$AAH?$AAi?$AAv?$AAe?$AA?$AN?$AA?6?$AA?$AA@ 00014588     oal:ioctl.obj
 0001:000035c4       ??_C@_1DE@KGKDANDG@?$AA?$FL?$AAO?$AAA?$AAL?$AA?$FN?$AA?5?$AAC?$AAl?$AAe?$AAa?$AAr?$AA?5?$AAS?$AAy?$AAs?$AAt?$AAe?$AAm?$AA?5?$AAH?$AAi?$AAv?$AAe?$AA?$AN?$AA?6?$AA?$AA@ 000145c4     oal:ioctl.obj
 0001:000035f8       ??_C@_1EE@HCMHLAIN@?$AA?$CL?$AA?$CL?$AAO?$AAA?$AAL?$AAI?$AAo?$AAC?$AAt?$AAl?$AAH?$AAa?$AAl?$AAG?$AAe?$AAt?$AAH?$AAi?$AAv?$AAe?$AAC?$AAl?$AAe?$AAa?$AAn?$AAF?$AAl?$AAa?$AAg?$AA?$CI?$AA?$CJ?$AA?$AN@ 000145f8     oal:ioctl.obj
 0001:00003640       ??_C@_1IC@MJMJJPBL@?$AA?$FL?$AAO?$AAA?$AAL?$AA?3?$AAE?$AAR?$AAR?$AA?$FN?$AA?5?$AAO?$AAA?$AAL?$AAI?$AAo?$AAC?$AAt?$AAl?$AAH?$AAa?$AAl?$AAF?$AAo?$AAr?$AAm?$AAa?$AAt?$AAP?$AAa?$AAr?$AAt?$AAi@ 00014640     oal:ioctl.obj
 0001:000036c8       ??_C@_1EC@JMNBEJDJ@?$AA?9?$AA?9?$AAO?$AAA?$AAL?$AAI?$AAo?$AAC?$AAt?$AAl?$AAH?$AAa?$AAl?$AAF?$AAo?$AAr?$AAm?$AAa?$AAt?$AAP?$AAa?$AAr?$AAt?$AAi?$AAt?$AAi?$AAo?$AAn?$AA?$CI?$AA?$CJ?$AA?$AN?$AA?6@ 000146c8     oal:ioctl.obj
 0001:0000370c       ??_C@_1DE@PJCFCKCO@?$AA?$FL?$AAO?$AAA?$AAL?$AA?$FN?$AA?5?$AAN?$AAo?$AAt?$AA?5?$AAC?$AAl?$AAe?$AAa?$AAr?$AA?5?$AAS?$AAt?$AAo?$AAr?$AAa?$AAg?$AAe?$AA?$AN?$AA?6?$AA?$AA@ 0001470c     oal:ioctl.obj
 0001:00003740       ??_C@_1CM@MFCMPAIB@?$AA?$FL?$AAO?$AAA?$AAL?$AA?$FN?$AA?5?$AAC?$AAl?$AAe?$AAa?$AAr?$AA?5?$AAS?$AAt?$AAo?$AAr?$AAa?$AAg?$AAe?$AA?$AN?$AA?6?$AA?$AA@ 00014740     oal:ioctl.obj
 0001:00003770       ??_C@_1FK@LNBNIOOD@?$AA?$FL?$AAO?$AAA?$AAL?$AA?$FN?$AA?5?$AAC?$AAl?$AAe?$AAa?$AAr?$AA?5?$AAS?$AAt?$AAo?$AAr?$AAa?$AAg?$AAe?$AA?5?$AA?$CI?$AAS?$AAy?$AAs?$AAt?$AAe?$AAm?$AA?5?$AAR?$AAe?$AAg?$AAi@ 00014770     oal:ioctl.obj
 0001:000037cc       ??_C@_1DA@JNANAIM@?$AA?$FL?$AAO?$AAA?$AAL?$AA?$FN?$AA?5?$AA?7?$AAb?$AAP?$AAa?$AAr?$AAt?$AAT?$AAy?$AAp?$AAe?$AA?$DN?$AA0?$AAx?$AA?$CF?$AAx?$AA?$AN?$AA?6?$AA?$AA@ 000147cc     oal:ioctl.obj
 0001:000037fc       ??_C@_1DG@GFMEKLLN@?$AA?$FL?$AAO?$AAA?$AAL?$AA?$FN?$AA?5?$AA?7?$AAd?$AAw?$AAA?$AAt?$AAt?$AAr?$AAi?$AAb?$AAu?$AAt?$AAe?$AAs?$AA?$DN?$AA0?$AAx?$AA?$CF?$AAx?$AA?$AN?$AA?6?$AA?$AA@ 000147fc     oal:ioctl.obj
 0001:00003834       ??_C@_1DC@GJEHOMIF@?$AA?$FL?$AAO?$AAA?$AAL?$AA?$FN?$AA?5?$AA?7?$AAs?$AAn?$AAN?$AAu?$AAm?$AAS?$AAe?$AAc?$AAt?$AAo?$AAr?$AAs?$AA?$DN?$AA?$CF?$AAd?$AA?$AN?$AA?6?$AA?$AA@ 00014834     oal:ioctl.obj
 0001:00003868       ??_C@_1DI@NGIMIABK@?$AA?$FL?$AAO?$AAA?$AAL?$AA?$FN?$AA?5?$AA?7?$AAs?$AAz?$AAP?$AAa?$AAr?$AAt?$AAi?$AAt?$AAi?$AAo?$AAn?$AAN?$AAa?$AAm?$AAe?$AA?$DN?$AA?$CF?$AAs?$AA?$AN?$AA?6?$AA?$AA@ 00014868     oal:ioctl.obj
 0001:000038a0       ??_C@_1DM@DGIAEALB@?$AA?$FL?$AAO?$AAA?$AAL?$AA?$FN?$AA?5?$AAS?$AAt?$AAo?$AAr?$AAe?$AA?5?$AAp?$AAa?$AAr?$AAt?$AAi?$AAt?$AAi?$AAo?$AAn?$AA?5?$AAi?$AAn?$AAf?$AAo?$AA?3?$AA?$AN?$AA?6?$AA?$AA@ 000148a0     oal:ioctl.obj
 0001:000038e0       ??_C@_1EC@GHIJEAMG@?$AA?$CL?$AA?$CL?$AAO?$AAA?$AAL?$AAI?$AAo?$AAC?$AAt?$AAl?$AAH?$AAa?$AAl?$AAF?$AAo?$AAr?$AAm?$AAa?$AAt?$AAP?$AAa?$AAr?$AAt?$AAi?$AAt?$AAi?$AAo?$AAn?$AA?$CI?$AA?$CJ?$AA?$AN?$AA?6@ 000148e0     oal:ioctl.obj
 0001:00003928       ??_C@_1IA@NEICIIMN@?$AA?$FL?$AAO?$AAA?$AAL?$AA?3?$AAE?$AAR?$AAR?$AA?$FN?$AA?5?$AAO?$AAA?$AAL?$AAI?$AAo?$AAC?$AAt?$AAl?$AAH?$AAa?$AAl?$AAQ?$AAu?$AAe?$AAr?$AAy?$AAD?$AAi?$AAs?$AAp?$AAl?$AAa@ 00014928     oal:ioctl.obj
 0001:000039a8       ??_C@_0BM@CKOCJIAI@size?5of?5outbuf?5is?5too?5small?$AA@ 000149a8     oal:ioctl.obj
 0001:000039c4       ??_C@_0P@BENLFCOL@outbuf?5is?5NULL?$AA@ 000149c4     oal:ioctl.obj
 0001:000039d8       ??_C@_1FA@DHMMIHDI@?$AA?$CL?$AA?$CL?$AAB?$AAS?$AAP?$AA_?$AAA?$AAR?$AAG?$AAS?$AA_?$AAQ?$AAU?$AAE?$AAR?$AAY?$AA_?$AAF?$AAR?$AAA?$AAM?$AAE?$AAB?$AAU?$AAF?$AAF?$AAE?$AAR?$AAD?$AAE?$AAP?$AAT@ 000149d8     oal:ioctl.obj
 0001:00003a28       ??_C@_1EG@HDNMEJDE@?$AA?$CL?$AA?$CL?$AAB?$AAS?$AAP?$AA_?$AAA?$AAR?$AAG?$AAS?$AA_?$AAQ?$AAU?$AAE?$AAR?$AAY?$AA_?$AAD?$AAI?$AAS?$AAP?$AAL?$AAA?$AAY?$AAT?$AAY?$AAP?$AAE?$AA?3?$AA?5?$AA?$CF?$AAd@ 00014a28     oal:ioctl.obj
 0001:00003a70       ??_C@_1EM@KAAGNNHE@?$AA?$CL?$AA?$CL?$AAO?$AAA?$AAL?$AAI?$AAo?$AAC?$AAt?$AAl?$AAH?$AAa?$AAl?$AAQ?$AAu?$AAe?$AAr?$AAy?$AAD?$AAi?$AAs?$AAp?$AAl?$AAa?$AAy?$AAS?$AAe?$AAt?$AAt?$AAi?$AAn?$AAg@ 00014a70     oal:ioctl.obj
 0001:00003ac0       ??_C@_1HA@LOIFJLBK@?$AA?$FL?$AAO?$AAA?$AAL?$AA?3?$AAE?$AAR?$AAR?$AA?$FN?$AA?5?$AAO?$AAA?$AAL?$AAI?$AAo?$AAC?$AAt?$AAl?$AAH?$AAa?$AAl?$AAP?$AAo?$AAw?$AAe?$AAr?$AAC?$AAT?$AAL?$AA?$CI?$AA?$CJ?$AA?5@ 00014ac0     oal:ioctl.obj
 0001:00003b30       ??_C@_1DE@DCMMJNCM@?$AA?$CL?$AA?$CL?$AAO?$AAA?$AAL?$AAI?$AAo?$AAC?$AAt?$AAl?$AAH?$AAa?$AAl?$AAP?$AAo?$AAw?$AAe?$AAr?$AAC?$AAT?$AAL?$AA?$CI?$AA?$CJ?$AA?$AN?$AA?6?$AA?$AA@ 00014b30     oal:ioctl.obj
 0001:00003b68       ??_C@_1HM@HGIOIOEF@?$AA?$FL?$AAO?$AAA?$AAL?$AA?3?$AAE?$AAR?$AAR?$AA?$FN?$AA?5?$AAO?$AAA?$AAL?$AAI?$AAo?$AAC?$AAt?$AAl?$AAH?$AAa?$AAl?$AAS?$AAe?$AAt?$AAS?$AAy?$AAs?$AAt?$AAe?$AAm?$AAL?$AAe@ 00014b68     oal:ioctl.obj
 0001:00003be8       ??_C@_1EA@JADLMALA@?$AA?$CL?$AA?$CL?$AAO?$AAA?$AAL?$AAI?$AAo?$AAC?$AAt?$AAl?$AAH?$AAa?$AAl?$AAS?$AAe?$AAt?$AAS?$AAy?$AAs?$AAt?$AAe?$AAm?$AAL?$AAe?$AAv?$AAe?$AAl?$AA?$CI?$AA?$CJ?$AA?$AN?$AA?6?$AA?$AA@ 00014be8     oal:ioctl.obj
 0001:00003c28       ??_C@_1HE@OFHCHDAN@?$AA?$FL?$AAO?$AAA?$AAL?$AA?3?$AAE?$AAR?$AAR?$AA?$FN?$AA?5?$AAO?$AAA?$AAL?$AAI?$AAo?$AAC?$AAt?$AAl?$AAH?$AAa?$AAl?$AAP?$AAr?$AAo?$AAf?$AAi?$AAl?$AAe?$AAD?$AAV?$AAS?$AA?$CI@ 00014c28     oal:ioctl.obj
 0001:00003c9c       ??_C@_1DI@EEGMOADM@?$AA?$CL?$AA?$CL?$AAO?$AAA?$AAL?$AAI?$AAo?$AAC?$AAt?$AAl?$AAH?$AAa?$AAl?$AAP?$AAr?$AAo?$AAf?$AAi?$AAl?$AAe?$AAD?$AAV?$AAS?$AA?$CI?$AA?$CJ?$AA?$AN?$AA?6?$AA?$AA@ 00014c9c     oal:ioctl.obj
 0001:00003cd8       ??_C@_1HC@COAMLJMP@?$AA?$FL?$AAO?$AAA?$AAL?$AA?3?$AAE?$AAR?$AAR?$AA?$FN?$AA?5?$AAO?$AAA?$AAL?$AAI?$AAo?$AAC?$AAt?$AAl?$AAH?$AAa?$AAl?$AAC?$AAl?$AAo?$AAc?$AAk?$AAI?$AAn?$AAf?$AAo?$AA?$CI?$AA?$CJ@ 00014cd8     oal:ioctl.obj
 0001:00003d4c       ??_C@_1DG@DHHEMDHE@?$AA?$CL?$AA?$CL?$AAO?$AAA?$AAL?$AAI?$AAo?$AAC?$AAt?$AAl?$AAH?$AAa?$AAl?$AAC?$AAl?$AAo?$AAc?$AAk?$AAI?$AAn?$AAf?$AAo?$AA?$CI?$AA?$CJ?$AA?$AN?$AA?6?$AA?$AA@ 00014d4c     oal:ioctl.obj
 0001:00003d88       ??_C@_1EI@HJNICNPJ@?$AA?$FL?$AAO?$AAE?$AAM?$AAI?$AAO?$AA?3?$AAI?$AAN?$AAF?$AA?$FN?$AA?5?$AA?5?$AA?$CL?$AA?5?$AAI?$AAO?$AAC?$AAT?$AAL?$AA_?$AAH?$AAA?$AAL?$AA_?$AAP?$AAO?$AAS?$AAT?$AAI?$AAN?$AAI@ 00014d88     oal:ioctl.obj
 0001:00003dd0       ??_C@_1EI@KCBMHCNC@?$AA?$FL?$AAO?$AAE?$AAM?$AAI?$AAO?$AA?3?$AAI?$AAN?$AAF?$AA?$FN?$AA?5?$AA?5?$AA?9?$AA?5?$AAI?$AAO?$AAC?$AAT?$AAL?$AA_?$AAH?$AAA?$AAL?$AA_?$AAP?$AAO?$AAS?$AAT?$AAI?$AAN?$AAI@ 00014dd0     oal:ioctl.obj
 0001:00003e18       ??_C@_1GA@HHIDOGC@?$AA?$FL?$AAO?$AAE?$AAM?$AAI?$AAO?$AA?3?$AAI?$AAN?$AAF?$AA?$FN?$AA?5?$AA?5?$AA?$CK?$AA?5?$AAI?$AAO?$AAC?$AAT?$AAL?$AA_?$AAP?$AAO?$AAC?$AAK?$AAE?$AAT?$AAS?$AAT?$AAO?$AAR?$AAE@ 00014e18     oal:ioctl.obj
 0001:00003f08       ??_C@_1IC@CEBADIDJ@?$AA?$FL?$AAO?$AAE?$AAM?$AA?3?$AAE?$AAR?$AAR?$AA?$FN?$AA?5?$AAO?$AAE?$AAM?$AAP?$AAo?$AAw?$AAe?$AAr?$AAO?$AAf?$AAf?$AA?$CI?$AA?$CJ?$AA?5?$AA?3?$AA?5?$AAS?$AAY?$AAS?$AAW?$AAA?$AAK@ 00014f08     oal:power.obj
 0001:00003f8c       ??_C@_1DM@FPBGEPL@?$AA?9?$AA?9?$AAB?$AAS?$AAP?$AAC?$AAo?$AAn?$AAf?$AAi?$AAg?$AAG?$AAP?$AAI?$AAO?$AAf?$AAo?$AAr?$AAP?$AAo?$AAw?$AAe?$AAr?$AAO?$AAf?$AAf?$AA?$CI?$AA?$CJ?$AA?6?$AA?$AA@ 00014f8c     oal:power.obj
 0001:00003fc8       ??_C@_1DM@LDGIGODB@?$AA?$CL?$AA?$CL?$AAB?$AAS?$AAP?$AAC?$AAo?$AAn?$AAf?$AAi?$AAg?$AAG?$AAP?$AAI?$AAO?$AAf?$AAo?$AAr?$AAP?$AAo?$AAw?$AAe?$AAr?$AAO?$AAf?$AAf?$AA?$CI?$AA?$CJ?$AA?6?$AA?$AA@ 00014fc8     oal:power.obj
 0001:00004004       ??_C@_1CC@EEDBIMDE@?$AA?9?$AA?9?$AAB?$AAS?$AAP?$AAP?$AAo?$AAw?$AAe?$AAr?$AAO?$AAf?$AAf?$AA?$CI?$AA?$CJ?$AA?6?$AA?$AA@ 00015004     oal:power.obj
 0001:00004028       ??_C@_1CC@NGHDHNLP@?$AA?$CL?$AA?$CL?$AAB?$AAS?$AAP?$AAP?$AAo?$AAw?$AAe?$AAr?$AAO?$AAf?$AAf?$AA?$CI?$AA?$CJ?$AA?6?$AA?$AA@ 00015028     oal:power.obj
 0001:0000404c       ??_C@_1CA@LIBLDNPM@?$AA?9?$AA?9?$AAB?$AAS?$AAP?$AAP?$AAo?$AAw?$AAe?$AAr?$AAO?$AAn?$AA?$CI?$AA?$CJ?$AA?6?$AA?$AA@ 0001504c     oal:power.obj
 0001:0000406c       ??_C@_1CA@HIBGGAPD@?$AA?$CL?$AA?$CL?$AAB?$AAS?$AAP?$AAP?$AAo?$AAw?$AAe?$AAr?$AAO?$AAn?$AA?$CI?$AA?$CJ?$AA?6?$AA?$AA@ 0001506c     oal:power.obj
 0001:00004090       ??_C@_1EE@IHAHFOHN@?$AA?$FL?$AAH?$AAA?$AAL?$AAW?$AAP?$AA?3?$AAI?$AAN?$AAF?$AA?$FN?$AA?5?$AA?5?$AAp?$AAT?$AAo?$AAt?$AAa?$AAl?$AAS?$AAc?$AAt?$AAs?$AA?5?$AAi?$AAs?$AA?5?$AAN?$AAU?$AAL?$AAL?$AA?$AN@ 00015090     oal:HALWrapper.obj
 0001:000040d4       ??_C@_1DO@IMEBAIOG@?$AA?$FL?$AAH?$AAA?$AAL?$AAW?$AAP?$AA?3?$AAI?$AAN?$AAF?$AA?$FN?$AA?5?$AA?5?$AAT?$AAo?$AAt?$AAa?$AAl?$AAS?$AAc?$AAt?$AAs?$AA?5?$AA?5?$AA?$DN?$AA?5?$AA?$CF?$AAd?$AA?$AN?$AA?6?$AA?$AA@ 000150d4     oal:HALWrapper.obj
 0001:00004118       ??_C@_1FG@LLFFIILJ@?$AA?$FL?$AAH?$AAA?$AAL?$AAW?$AAP?$AA?3?$AAI?$AAN?$AAF?$AA?$FN?$AA?5?$AA?5?$AAn?$AAC?$AAt?$AAr?$AAl?$AAC?$AAo?$AAd?$AAe?$AA?5?$AA?$DN?$AA?5?$AAP?$AAM?$AA_?$AAH?$AAA?$AAL?$AA_@ 00015118     oal:HALWrapper.obj
 0001:00004170       ??_C@_1FG@IEJBAKOA@?$AA?$FL?$AAH?$AAA?$AAL?$AAW?$AAP?$AA?3?$AAI?$AAN?$AAF?$AA?$FN?$AA?5?$AA?5?$AAn?$AAC?$AAt?$AAr?$AAl?$AAC?$AAo?$AAd?$AAe?$AA?5?$AA?$DN?$AA?5?$AAP?$AAM?$AA_?$AAH?$AAA?$AAL?$AA_@ 00015170     oal:HALWrapper.obj
 0001:000041c8       ??_C@_1FG@GODNLCNJ@?$AA?$FL?$AAH?$AAA?$AAL?$AAW?$AAP?$AA?3?$AAI?$AAN?$AAF?$AA?$FN?$AA?5?$AA?5?$AAn?$AAC?$AAt?$AAr?$AAl?$AAC?$AAo?$AAd?$AAe?$AA?5?$AA?$DN?$AA?5?$AAP?$AAM?$AA_?$AAH?$AAA?$AAL?$AA_@ 000151c8     oal:HALWrapper.obj
 0001:000042b0       ??_C@_1FI@GFHCGAFP@?$AA?$FL?$AAV?$AAF?$AAL?$AA?3?$AAE?$AAR?$AAR?$AA?$FN?$AA?5?$AA_?$AAS?$AAe?$AAt?$AAV?$AAF?$AAL?$AAS?$AAp?$AAa?$AAr?$AAe?$AA?5?$AA?9?$AA?5?$AA?$CB?$AA?$CI?$AAp?$AAS?$AAB?$AAu?$AAf@ 000152b0     oal:VFLInterface.obj
 0001:00004308       ??_C@_1IG@KPIACCPP@?$AA?$FL?$AAV?$AAF?$AAL?$AA?3?$AAE?$AAR?$AAR?$AA?$FN?$AA?5?$AA_?$AAG?$AAe?$AAt?$AAR?$AAe?$AAs?$AAe?$AAr?$AAv?$AAe?$AAd?$AAB?$AAl?$AAk?$AA?$CI?$AAn?$AAB?$AAa?$AAn?$AAk?$AA?3@ 00015308     oal:VFLInterface.obj
 0001:00004390       ??_C@_1IO@GPFFICPB@?$AAF?$AA?3?$AA?2?$AAW?$AAI?$AAN?$AAC?$AAE?$AA6?$AA0?$AA0?$AA?2?$AAP?$AAL?$AAA?$AAT?$AAF?$AAO?$AAR?$AAM?$AA?2?$AAS?$AAM?$AAD?$AAK?$AA6?$AA4?$AA1?$AA0?$AA_?$AAP?$AAM@ 00015390     oal:VFLInterface.obj
 0001:00004420       ??_C@_1JC@CJCNENLB@?$AA?$FL?$AAV?$AAF?$AAL?$AA?3?$AAE?$AAR?$AAR?$AA?$FN?$AA?5?$AA_?$AAR?$AAe?$AAm?$AAa?$AAp?$AAB?$AAa?$AAd?$AAB?$AAl?$AAk?$AA?5?$AA?9?$AA?5?$AA?$CB?$AA?$CI?$AA?$CK?$AAp?$AAD?$AAe?$AAs@ 00015420     oal:VFLInterface.obj
 0001:000044b8       ??_C@_1JC@COEFDJBK@?$AA?$FL?$AAV?$AAF?$AAL?$AA?3?$AAE?$AAR?$AAR?$AA?$FN?$AA?5?$AA_?$AAR?$AAe?$AAm?$AAa?$AAp?$AAB?$AAa?$AAd?$AAB?$AAl?$AAk?$AA?5?$AA?9?$AA?5?$AA?$CB?$AA?$CI?$AA?$CK?$AAp?$AAD?$AAe?$AAs@ 000154b8     oal:VFLInterface.obj
 0001:00004550       ??_C@_1KK@JIABHAP@?$AA?$FL?$AAV?$AAF?$AAL?$AA?3?$AAE?$AAR?$AAR?$AA?$FN?$AA?5?$AA_?$AAW?$AAa?$AAi?$AAt?$AAW?$AAr?$AAi?$AAt?$AAe?$AAC?$AAo?$AAm?$AAp?$AAl?$AAe?$AAt?$AAe?$AA?5?$AA?9?$AA?5?$AAw@ 00015550     oal:VFLInterface.obj
 0001:00004600       ??_C@_1IE@FJHCMFDP@?$AA?$FL?$AAV?$AAF?$AAL?$AA?3?$AAE?$AAR?$AAR?$AA?$FN?$AA?5?$AA_?$AAG?$AAe?$AAt?$AAP?$AAh?$AAy?$AAs?$AAi?$AAc?$AAa?$AAl?$AAA?$AAd?$AAd?$AAr?$AA?5?$AA?9?$AA?5?$AA?$CB?$AA?$CI?$AAn@ 00015600     oal:VFLInterface.obj
 0001:00004688       ??_C@_1HK@EGJFEFBO@?$AA?$FL?$AAV?$AAF?$AAL?$AA?3?$AAE?$AAR?$AAR?$AA?$FN?$AA?5?$AA_?$AAG?$AAe?$AAt?$AAP?$AAh?$AAy?$AAs?$AAi?$AAc?$AAa?$AAl?$AAA?$AAd?$AAd?$AAr?$AA?5?$AA?9?$AA?5?$AA?$CB?$AA?$CI?$AAn@ 00015688     oal:VFLInterface.obj
 0001:00004708       ??_C@_1MI@HLCPMJOM@?$AA?$FL?$AAV?$AAF?$AAL?$AA?3?$AAE?$AAR?$AAR?$AA?$FN?$AA?5?$AA_?$AAC?$AAh?$AAe?$AAc?$AAk?$AAI?$AAn?$AAi?$AAt?$AAi?$AAa?$AAl?$AAB?$AAa?$AAd?$AA?5?$AA?9?$AA?5?$AA?$CB?$AA?$CI?$AA?$CI@ 00015708     oal:VFLInterface.obj
 0001:000047d0       ??_C@_1GI@BMHFMAMF@?$AA?$FL?$AAV?$AAF?$AAL?$AA?3?$AAE?$AAR?$AAR?$AA?$FN?$AA?5?$AA_?$AAC?$AAh?$AAe?$AAc?$AAk?$AAI?$AAn?$AAi?$AAt?$AAi?$AAa?$AAl?$AAB?$AAa?$AAd?$AA?5?$AA?9?$AA?5?$AAR?$AAe?$AAa@ 000157d0     oal:VFLInterface.obj
 0001:00004838       ??_C@_1GA@DNLIHKAA@?$AA?$FL?$AAV?$AAF?$AAL?$AA?3?$AAE?$AAR?$AAR?$AA?$FN?$AA?5?$AA_?$AAC?$AAh?$AAe?$AAc?$AAk?$AAI?$AAn?$AAi?$AAt?$AAi?$AAa?$AAl?$AAB?$AAa?$AAd?$AA?5?$AA?9?$AA?5?$AA?$CB?$AA?$CI?$AAp@ 00015838     oal:VFLInterface.obj
 0001:00004898       ??_C@_1FI@MFAEIEHD@?$AA?$FL?$AAV?$AAF?$AAL?$AA?3?$AAE?$AAR?$AAR?$AA?$FN?$AA?5?$AAV?$AAF?$AAL?$AA_?$AAI?$AAn?$AAi?$AAt?$AA?5?$AA?9?$AA?5?$AAS?$AAY?$AAS?$AA_?$AAI?$AAD?$AA?5?$AAC?$AAh?$AAe?$AAc@ 00015898     oal:VFLInterface.obj
 0001:000048f0       ??_C@_1EI@JNFCMBKE@?$AA?$FL?$AAV?$AAF?$AAL?$AA?3?$AAI?$AAN?$AAF?$AA?$FN?$AA?5?$AAV?$AAF?$AAL?$AA_?$AAI?$AAn?$AAi?$AAt?$AA?5?$AA?9?$AA?5?$AAS?$AAY?$AAS?$AA_?$AAI?$AAD?$AA?$CI?$AA0?$AAx?$AA?$CF?$AAx@ 000158f0     oal:VFLInterface.obj
 0001:00004938       ??_C@_1FM@DNJKKCML@?$AA?$FL?$AAV?$AAF?$AAL?$AA?3?$AAE?$AAR?$AAR?$AA?$FN?$AA?5?$AAV?$AAF?$AAL?$AA_?$AAI?$AAn?$AAi?$AAt?$AA?5?$AA?9?$AA?5?$AAF?$AAI?$AAL?$AA_?$AAG?$AAe?$AAt?$AAF?$AAu?$AAn?$AAc@ 00015938     oal:VFLInterface.obj
 0001:00004998       ??_C@_1FM@INLOEMAG@?$AA?$FL?$AAV?$AAF?$AAL?$AA?3?$AAE?$AAR?$AAR?$AA?$FN?$AA?5?$AAV?$AAF?$AAL?$AA_?$AAI?$AAn?$AAi?$AAt?$AA?5?$AA?9?$AA?5?$AAB?$AAU?$AAF?$AA_?$AAI?$AAn?$AAi?$AAt?$AA?5?$AAe?$AAr@ 00015998     oal:VFLInterface.obj
 0001:000049f8       ??_C@_1EE@LPEBMPGK@?$AAV?$AAF?$AAL?$AA_?$AAv?$AA1?$AA?4?$AA0?$AA3?$AA_?$AAW?$AAC?$AAE?$AA6?$AA?4?$AA0?$AA_?$AAS?$AA3?$AAC?$AA6?$AA4?$AA1?$AA0?$AA_?$AA2?$AA0?$AA0?$AA9?$AA1?$AA2?$AA1@ 000159f8     oal:VFLInterface.obj
 0001:00004a3c       ??_C@_1DK@GFHCEHJL@?$AA?$FL?$AAV?$AAF?$AAL?$AA?3?$AAI?$AAN?$AAF?$AA?$FN?$AA?5?$AAV?$AAF?$AAL?$AA?5?$AAV?$AAe?$AAr?$AAs?$AAi?$AAo?$AAn?$AA?5?$AA?$DN?$AA?5?$AA?$CF?$AAs?$AA?$AN?$AA?6?$AA?$AA@ 00015a3c     oal:VFLInterface.obj
 0001:00004a78       ??_C@_1HI@KCPLGOI@?$AA?$FL?$AAV?$AAF?$AAL?$AA?3?$AAE?$AAR?$AAR?$AA?$FN?$AA?5?$AA_?$AAC?$AAh?$AAe?$AAc?$AAk?$AAN?$AAA?$AAN?$AAD?$AAF?$AAl?$AAa?$AAs?$AAh?$AA?5?$AAi?$AAs?$AA?5?$AAf?$AAa?$AAi@ 00015a78     oal:VFLInterface.obj
 0001:00004af0       ??_C@_1FE@NJGHEACP@?$AA?$FL?$AAV?$AAF?$AAL?$AA?3?$AAE?$AAR?$AAR?$AA?$FN?$AA?5?$AA_?$AAC?$AAh?$AAe?$AAc?$AAk?$AAN?$AAA?$AAN?$AAD?$AAF?$AAl?$AAa?$AAs?$AAh?$AA?5?$AA?9?$AA?5?$AAn?$AAM?$AAI?$AAD@ 00015af0     oal:VFLInterface.obj
 0001:00004b48       ??_C@_1HM@IPCIKEMK@?$AA?$FL?$AAV?$AAF?$AAL?$AAC?$AAx?$AAt?$AA?$FN?$AA?5?$AA?$DN?$AA?$DN?$AA?$DN?$AA?$DN?$AA?$DN?$AA?$DN?$AA?$DN?$AA?$DN?$AA?$DN?$AA?$DN?$AA?$DN?$AA?$DN?$AA?$DN?$AA?$DN?$AA?$DN?$AA?$DN?$AA?$DN?$AA?$DN?$AA?$DN?$AA?$DN?$AA?$DN?$AA?$DN?$AA?$DN@ 00015b48     oal:VFLInterface.obj
 0001:00004bc4       ??_C@_19DBPMJLCP@?$AA?$CF?$AAd?$AA?0?$AA?5?$AA?$AA@ 00015bc4     oal:VFLInterface.obj
 0001:00004bd0       ??_C@_1FA@ICNBMACI@?$AA?$FL?$AAV?$AAF?$AAL?$AAC?$AAx?$AAt?$AA?$FN?$AA?5?$AAI?$AAn?$AAi?$AAt?$AAi?$AAa?$AAl?$AA?5?$AAB?$AAa?$AAd?$AA?5?$AAB?$AAl?$AAo?$AAc?$AAk?$AA?5?$AAL?$AAi?$AAs?$AAt?$AA?$CI@ 00015bd0     oal:VFLInterface.obj
 0001:00004c20       ??_C@_1DA@EOMMBLKP@?$AA?$FL?$AAV?$AAF?$AAL?$AAC?$AAx?$AAt?$AA?$FN?$AA?5?$AAa?$AAB?$AAa?$AAd?$AAI?$AAn?$AAf?$AAo?$AAB?$AAl?$AAk?$AA?5?$AA?$DN?$AA?5?$AA?$AA@ 00015c20     oal:VFLInterface.obj
 0001:00004c50       ??_C@_1CK@GCLICAL@?$AA?$FL?$AAV?$AAF?$AAL?$AAC?$AAx?$AAt?$AA?$FN?$AA?5?$AAa?$AAB?$AAa?$AAd?$AAM?$AAa?$AAr?$AAk?$AA?5?$AA?$DN?$AA?5?$AA?$AA@ 00015c50     oal:VFLInterface.obj
 0001:00004c7c       ??_C@_1DE@JOELIGAC@?$AA?$FL?$AAV?$AAF?$AAL?$AAC?$AAx?$AAt?$AA?$FN?$AA?5?$AAn?$AAC?$AAx?$AAt?$AAA?$AAg?$AAe?$AA?5?$AA?$DN?$AA?5?$AA0?$AAx?$AA?$CF?$AAx?$AA?$AN?$AA?6?$AA?$AA@ 00015c7c     oal:VFLInterface.obj
 0001:00004cb0       ??_C@_1DO@NGFFMKCO@?$AA?$FL?$AAV?$AAF?$AAL?$AAC?$AAx?$AAt?$AA?$FN?$AA?5?$AAn?$AAC?$AAx?$AAt?$AAL?$AAo?$AAc?$AAa?$AAt?$AAi?$AAo?$AAn?$AA?5?$AA?$DN?$AA?5?$AA0?$AAx?$AA?$CF?$AAx?$AA?$AN?$AA?6?$AA?$AA@ 00015cb0     oal:VFLInterface.obj
 0001:00004cf0       ??_C@_1EG@NKFPCIII@?$AA?$FL?$AAV?$AAF?$AAL?$AAC?$AAx?$AAt?$AA?$FN?$AA?5?$AAn?$AAN?$AAu?$AAm?$AAO?$AAf?$AAI?$AAn?$AAi?$AAt?$AAB?$AAa?$AAd?$AAB?$AAl?$AAk?$AA?5?$AA?$DN?$AA?5?$AA0?$AAx?$AA?$CF?$AAx@ 00015cf0     oal:VFLInterface.obj
 0001:00004d38       ??_C@_1EE@BBMAGAIK@?$AA?$FL?$AAV?$AAF?$AAL?$AAC?$AAx?$AAt?$AA?$FN?$AA?5?$AAn?$AAN?$AAu?$AAm?$AAO?$AAf?$AAW?$AAr?$AAi?$AAt?$AAe?$AAF?$AAa?$AAi?$AAl?$AA?5?$AA?$DN?$AA?5?$AA0?$AAx?$AA?$CF?$AAx?$AA?$AN@ 00015d38     oal:VFLInterface.obj
 0001:00004d80       ??_C@_1EE@CDOEPDAG@?$AA?$FL?$AAV?$AAF?$AAL?$AAC?$AAx?$AAt?$AA?$FN?$AA?5?$AAn?$AAN?$AAu?$AAm?$AAO?$AAf?$AAE?$AAr?$AAa?$AAs?$AAe?$AAF?$AAa?$AAi?$AAl?$AA?5?$AA?$DN?$AA?5?$AA0?$AAx?$AA?$CF?$AAx?$AA?$AN@ 00015d80     oal:VFLInterface.obj
 0001:00004dc8       ??_C@_1EK@FPNHIANP@?$AA?$FL?$AAV?$AAF?$AAL?$AAC?$AAx?$AAt?$AA?$FN?$AA?5?$AAn?$AAB?$AAa?$AAd?$AAM?$AAa?$AAp?$AAT?$AAa?$AAb?$AAl?$AAe?$AAM?$AAa?$AAx?$AAI?$AAd?$AAx?$AA?5?$AA?$DN?$AA?5?$AA0?$AAx@ 00015dc8     oal:VFLInterface.obj
 0001:00004e14       ??_C@_1DC@PNBCCFEK@?$AA?$FL?$AAV?$AAF?$AAL?$AAC?$AAx?$AAt?$AA?$FN?$AA?5?$AAa?$AAB?$AAa?$AAd?$AAM?$AAa?$AAp?$AAT?$AAa?$AAb?$AAl?$AAe?$AA?5?$AA?$DN?$AA?5?$AA?$AA@ 00015e14     oal:VFLInterface.obj
 0001:00004e48       ??_C@_15JNBOKNOG@?$AA?$AN?$AA?6?$AA?$AA@ 00015e48     oal:VFLInterface.obj
 0001:00004e50       ??_C@_1CA@NMAFDOBB@?$AA?$FL?$AA0?$AAx?$AA?$CF?$AAx?$AA?$FN?$AA?5?$AA?$DN?$AA?5?$AA0?$AAx?$AA?$CF?$AAx?$AA?0?$AA?5?$AA?$AA@ 00015e50     oal:VFLInterface.obj
 0001:00004e70       ??_C@_1HM@LCHIEOAD@?$AA?6?$AA?$FL?$AAV?$AAF?$AAL?$AAC?$AAx?$AAt?$AA?$FN?$AA?5?$AA?$DN?$AA?$DN?$AA?$DN?$AA?$DN?$AA?$DN?$AA?$DN?$AA?$DN?$AA?$DN?$AA?$DN?$AA?$DN?$AA?$DN?$AA?$DN?$AA?$DN?$AA?$DN?$AA?$DN?$AA?$DN?$AA?$DN?$AA?$DN?$AA?$DN?$AA?$DN?$AA?$DN?$AA?$DN@ 00015e70     oal:VFLInterface.obj
 0001:00004ef0       ??_C@_1EA@CJOHHMCE@?$AA?$FL?$AAV?$AAF?$AAL?$AAC?$AAx?$AAt?$AA?$FN?$AA?5?$AAn?$AAG?$AAl?$AAo?$AAb?$AAa?$AAl?$AAC?$AAx?$AAt?$AAA?$AAg?$AAe?$AA?5?$AA?$DN?$AA?5?$AA0?$AAx?$AA?$CF?$AAx?$AA?$AN?$AA?6?$AA?$AA@ 00015ef0     oal:VFLInterface.obj
 0001:00004f30       ??_C@_1CO@MODNLFGB@?$AA?$FL?$AAV?$AAF?$AAL?$AAC?$AAx?$AAt?$AA?$FN?$AA?5?$AAa?$AAF?$AAT?$AAL?$AAC?$AAx?$AAt?$AAV?$AAb?$AAn?$AA?5?$AA?$DN?$AA?5?$AA?$AA@ 00015f30     oal:VFLInterface.obj
 0001:00004f60       ??_C@_1FK@FMGPKEJM@?$AA?$FL?$AAV?$AAF?$AAL?$AA?3?$AAE?$AAR?$AAR?$AA?$FN?$AA?5?$AA_?$AAP?$AAr?$AAi?$AAn?$AAt?$AAV?$AAF?$AAL?$AAC?$AAx?$AAt?$AA?5?$AA?9?$AA?5?$AA?$CI?$AAp?$AAV?$AAF?$AAL?$AAC?$AAx@ 00015f60     oal:VFLInterface.obj
 0001:00004fc0       ??_C@_1HE@JINCHODK@?$AA?$FL?$AAV?$AAF?$AAL?$AA?3?$AAE?$AAR?$AAR?$AA?$FN?$AA?5?$AA_?$AAP?$AAr?$AAi?$AAn?$AAt?$AAV?$AAF?$AAL?$AAC?$AAx?$AAt?$AA?5?$AA?9?$AA?5?$AA?$CB?$AA?$CI?$AAn?$AAB?$AAa?$AAn?$AAk@ 00015fc0     oal:VFLInterface.obj
 0001:00005038       ??_C@_1HM@KBLHLELB@?$AA?$FL?$AAV?$AAF?$AAL?$AA?3?$AAE?$AAR?$AAR?$AA?$FN?$AA?5?$AA_?$AAG?$AAe?$AAt?$AAF?$AAl?$AAa?$AAg?$AAF?$AAo?$AAr?$AAD?$AAB?$AAG?$AAM?$AAS?$AAG?$AA?5?$AA?9?$AA?5?$AAB?$AAU@ 00016038     oal:VFLInterface.obj
 0001:000050b8       ??_C@_1LK@OLBECDPK@?$AA?$FL?$AAV?$AAF?$AAL?$AA?3?$AAE?$AAR?$AAR?$AA?$FN?$AA?5?$AAt?$AAh?$AAe?$AAr?$AAe?$AA?5?$AAi?$AAs?$AA?5?$AAn?$AAo?$AA?5?$AAs?$AAp?$AAa?$AAr?$AAe?$AA?5?$AAt?$AAo?$AA?5?$AAw@ 000160b8     oal:VFLInterface.obj
 0001:00005178       ??_C@_1IM@IKDDDMME@?$AA?$FL?$AAV?$AAF?$AAL?$AA?3?$AAE?$AAR?$AAR?$AA?$FN?$AA?5?$AA_?$AAS?$AAt?$AAo?$AAr?$AAe?$AAV?$AAF?$AAL?$AAC?$AAx?$AAt?$AA?5?$AA?9?$AA?5?$AA?$CB?$AA?$CI?$AAn?$AAB?$AAl?$AAk?$AAI@ 00016178     oal:VFLInterface.obj
 0001:00005208       ??_C@_1KE@ILGPCGCF@?$AA?$FL?$AAV?$AAF?$AAL?$AA?3?$AAE?$AAR?$AAR?$AA?$FN?$AA?5?$AA_?$AAS?$AAt?$AAo?$AAr?$AAe?$AAV?$AAF?$AAL?$AAC?$AAx?$AAt?$AA?5?$AA?9?$AA?5?$AA?$CB?$AA?$CI?$AAG?$AAE?$AAT?$AA_?$AAA@ 00016208     oal:VFLInterface.obj
 0001:000052b0       ??_C@_1GE@NMFCFHNJ@?$AA?$FL?$AAV?$AAF?$AAL?$AA?3?$AAE?$AAR?$AAR?$AA?$FN?$AA?5?$AA_?$AAS?$AAt?$AAo?$AAr?$AAe?$AAV?$AAF?$AAL?$AAC?$AAx?$AAt?$AA?5?$AA?9?$AA?5?$AA?$CB?$AA?$CI?$AAn?$AAB?$AAa?$AAn?$AAk@ 000162b0     oal:VFLInterface.obj
 0001:00005318       ??_C@_1FE@CCLPHHLG@?$AA?$FL?$AAV?$AAF?$AAL?$AA?3?$AAE?$AAR?$AAR?$AA?$FN?$AA?5?$AAB?$AAU?$AAF?$AA_?$AAG?$AAe?$AAt?$AA?$CI?$AAn?$AAB?$AAa?$AAn?$AAk?$AA?3?$AA?$CF?$AAd?$AA?$CJ?$AA?5?$AAi?$AAs?$AA?5?$AAf@ 00016318     oal:VFLInterface.obj
 0001:00005370       ??_C@_1GO@DPECPEAO@?$AA?$FL?$AAV?$AAF?$AAL?$AA?3?$AAE?$AAR?$AAR?$AA?$FN?$AA?5?$AA_?$AAL?$AAo?$AAa?$AAd?$AAV?$AAF?$AAL?$AAC?$AAx?$AAt?$AA?$CI?$AAn?$AAB?$AAa?$AAn?$AAk?$AA?3?$AA?$CF?$AAd?$AA?$CJ?$AA?5@ 00016370     oal:VFLInterface.obj
 0001:000053e0       ??_C@_1IK@JEDALCDM@?$AA?$FL?$AAV?$AAF?$AAL?$AA?3?$AAE?$AAR?$AAR?$AA?$FN?$AA?5?$AA_?$AAR?$AAe?$AAp?$AAl?$AAa?$AAc?$AAe?$AAB?$AAa?$AAd?$AAB?$AAl?$AAk?$AA?$CI?$AAn?$AAB?$AAa?$AAn?$AAk?$AA?3?$AA?$CF@ 000163e0     oal:VFLInterface.obj
 0001:00005470       ??_C@_1FG@JLICNLIK@?$AA?$FL?$AAV?$AAF?$AAL?$AA?3?$AAE?$AAR?$AAR?$AA?$FN?$AA?5?$AA?5?$AAt?$AAh?$AAe?$AAr?$AAe?$AA?5?$AAi?$AAs?$AA?5?$AAn?$AAo?$AA?5?$AAr?$AAe?$AAs?$AAe?$AAr?$AAv?$AAe?$AAd?$AA?5@ 00016470     oal:VFLInterface.obj
 0001:000054c8       ??_C@_1HE@IKHDMNAF@?$AA?$FL?$AAV?$AAF?$AAL?$AA?3?$AAE?$AAR?$AAR?$AA?$FN?$AA?5?$AA_?$AAR?$AAe?$AAp?$AAl?$AAa?$AAc?$AAe?$AAB?$AAa?$AAd?$AAB?$AAl?$AAk?$AA?5?$AA?9?$AA?5?$AA_?$AAS?$AAt?$AAo?$AAr@ 000164c8     oal:VFLInterface.obj
 0001:00005540       ??_C@_1HC@MCDFCHFO@?$AA?$FL?$AAV?$AAF?$AAL?$AA?3?$AAE?$AAR?$AAR?$AA?$FN?$AA?5?$AA_?$AAR?$AAe?$AAp?$AAl?$AAa?$AAc?$AAe?$AAB?$AAa?$AAd?$AAB?$AAl?$AAk?$AA?5?$AA?9?$AA?5?$AAt?$AAh?$AAe?$AAr?$AAe@ 00016540     oal:VFLInterface.obj
 0001:000055b8       ??_C@_1HG@EEMDGHPO@?$AA?$FL?$AAV?$AAF?$AAL?$AA?3?$AAE?$AAR?$AAR?$AA?$FN?$AA?5?$AA_?$AAR?$AAe?$AAp?$AAl?$AAa?$AAc?$AAe?$AAB?$AAa?$AAd?$AAB?$AAl?$AAk?$AA?5?$AA?9?$AA?5?$AA_?$AAS?$AAt?$AAo?$AAr@ 000165b8     oal:VFLInterface.obj
 0001:00005630       ??_C@_1HC@PEHCIHCI@?$AA?$FL?$AAV?$AAF?$AAL?$AA?3?$AAE?$AAR?$AAR?$AA?$FN?$AA?5?$AA_?$AAR?$AAe?$AAp?$AAl?$AAa?$AAc?$AAe?$AAB?$AAa?$AAd?$AAB?$AAl?$AAk?$AA?5?$AA?9?$AA?5?$AAT?$AAh?$AAe?$AAr?$AAe@ 00016630     oal:VFLInterface.obj
 0001:000056a8       ??_C@_1JC@EPDDFCJ@?$AA?$FL?$AAV?$AAF?$AAL?$AA?3?$AAE?$AAR?$AAR?$AA?$FN?$AA?5?$AA_?$AAR?$AAe?$AAp?$AAl?$AAa?$AAc?$AAe?$AAB?$AAa?$AAd?$AAB?$AAl?$AAk?$AA?5?$AA?9?$AA?5?$AA_?$AAG?$AAe?$AAt?$AAR@ 000166a8     oal:VFLInterface.obj
 0001:00005740       ??_C@_1JA@NMODNJGN@?$AA?$FL?$AAV?$AAF?$AAL?$AA?3?$AAE?$AAR?$AAR?$AA?$FN?$AA?5?$AA_?$AAR?$AAe?$AAp?$AAl?$AAa?$AAc?$AAe?$AAB?$AAa?$AAd?$AAB?$AAl?$AAk?$AA?5?$AA?9?$AA?5?$AAr?$AAi?$AAg?$AAh?$AAt@ 00016740     oal:VFLInterface.obj
 0001:000057d0       ??_C@_1IM@FPMJEBAB@?$AA?$FL?$AAV?$AAF?$AAL?$AA?3?$AAE?$AAR?$AAR?$AA?$FN?$AA?5?$AA_?$AAR?$AAe?$AAp?$AAl?$AAa?$AAc?$AAe?$AAB?$AAa?$AAd?$AAB?$AAl?$AAk?$AA?5?$AA?9?$AA?5?$AAL?$AAe?$AAf?$AAt?$AA?5@ 000167d0     oal:VFLInterface.obj
 0001:00005860       ??_C@_1JG@BLPFGFDA@?$AA?$FL?$AAV?$AAF?$AAL?$AA?3?$AAI?$AAN?$AAF?$AA?$FN?$AA?5?$AA_?$AAW?$AAa?$AAi?$AAt?$AAE?$AAr?$AAa?$AAs?$AAe?$AAC?$AAo?$AAm?$AAp?$AAl?$AAe?$AAt?$AAe?$AA?5?$AA?9?$AA?5?$AAr@ 00016860     oal:VFLInterface.obj
 0001:000058f8       ??_C@_1KI@CEDLPDPL@?$AA?$FL?$AAV?$AAF?$AAL?$AA?3?$AAI?$AAN?$AAF?$AA?$FN?$AA?5?$AA_?$AAW?$AAa?$AAi?$AAt?$AAE?$AAr?$AAa?$AAs?$AAe?$AAC?$AAo?$AAm?$AAp?$AAl?$AAe?$AAt?$AAe?$AA?5?$AA?9?$AA?5?$AAr@ 000168f8     oal:VFLInterface.obj
 0001:000059a0       ??_C@_1JE@LAEMGDPJ@?$AA?$FL?$AAV?$AAF?$AAL?$AA?3?$AAI?$AAN?$AAF?$AA?$FN?$AA?5?$AA_?$AAW?$AAa?$AAi?$AAt?$AAE?$AAr?$AAa?$AAs?$AAe?$AAC?$AAo?$AAm?$AAp?$AAl?$AAe?$AAt?$AAe?$AA?5?$AA?9?$AA?5?$AAl@ 000169a0     oal:VFLInterface.obj
 0001:00005a38       ??_C@_1HM@EDBFNDDC@?$AA?$FL?$AAV?$AAF?$AAL?$AA?3?$AAE?$AAR?$AAR?$AA?$FN?$AA?5?$AA_?$AAW?$AAa?$AAi?$AAt?$AAE?$AAr?$AAa?$AAs?$AAe?$AAC?$AAo?$AAm?$AAp?$AAl?$AAe?$AAt?$AAe?$AA?5?$AA?9?$AA?5?$AA_@ 00016a38     oal:VFLInterface.obj
 0001:00005ab8       ??_C@_1IA@HDFEJDNG@?$AA?$FL?$AAV?$AAF?$AAL?$AA?3?$AAE?$AAR?$AAR?$AA?$FN?$AA?5?$AA_?$AAW?$AAa?$AAi?$AAt?$AAE?$AAr?$AAa?$AAs?$AAe?$AAC?$AAo?$AAm?$AAp?$AAl?$AAe?$AAt?$AAe?$AA?5?$AA?9?$AA?5?$AA_@ 00016ab8     oal:VFLInterface.obj
 0001:00005b38       ??_C@_1KG@HMCAEON@?$AA?$FL?$AAV?$AAF?$AAL?$AA?3?$AAI?$AAN?$AAF?$AA?$FN?$AA?5?$AA_?$AAW?$AAa?$AAi?$AAt?$AAE?$AAr?$AAa?$AAs?$AAe?$AAC?$AAo?$AAm?$AAp?$AAl?$AAe?$AAt?$AAe?$AA?5?$AA?9?$AA?5?$AAl@ 00016b38     oal:VFLInterface.obj
 0001:00005be0       ??_C@_1KC@JDBDAPJJ@?$AA?$FL?$AAV?$AAF?$AAL?$AA?3?$AAE?$AAR?$AAR?$AA?$FN?$AA?5?$AA_?$AAW?$AAa?$AAi?$AAt?$AAE?$AAr?$AAa?$AAs?$AAe?$AAC?$AAo?$AAm?$AAp?$AAl?$AAe?$AAt?$AAe?$AA?5?$AA?9?$AA?5?$AA?$CB@ 00016be0     oal:VFLInterface.obj
 0001:00005c88       ??_C@_1KC@BGPAMEAN@?$AA?$FL?$AAV?$AAF?$AAL?$AA?3?$AAE?$AAR?$AAR?$AA?$FN?$AA?5?$AA_?$AAW?$AAa?$AAi?$AAt?$AAE?$AAr?$AAa?$AAs?$AAe?$AAC?$AAo?$AAm?$AAp?$AAl?$AAe?$AAt?$AAe?$AA?5?$AA?9?$AA?5?$AAe@ 00016c88     oal:VFLInterface.obj
 0001:00005d30       ??_C@_1GO@LELAHACB@?$AA?6?$AA?6?$AA?$FL?$AAV?$AAF?$AAL?$AA?3?$AAI?$AAN?$AAF?$AA?$FN?$AA?5?$AAV?$AAF?$AAL?$AA_?$AAO?$AAp?$AAe?$AAn?$AA?5?$AA?9?$AA?5?$AAW?$AAM?$AAR?$AA_?$AAE?$AAR?$AAR?$AA_?$AAI@ 00016d30     oal:VFLInterface.obj
 0001:00005da0       ??_C@_1FO@MBLHFEKJ@?$AA?$FL?$AAV?$AAF?$AAL?$AA?3?$AAE?$AAR?$AAR?$AA?$FN?$AA?5?$AAV?$AAF?$AAL?$AA_?$AAO?$AAp?$AAe?$AAn?$AA?5?$AA?9?$AA?5?$AAS?$AAy?$AAn?$AAc?$AA?$CI?$AAn?$AAB?$AAa?$AAn?$AAk?$AAI@ 00016da0     oal:VFLInterface.obj
 0001:00005e00       ??_C@_1GA@PFJDMCBH@?$AA?$FL?$AAV?$AAF?$AAL?$AA?3?$AAE?$AAR?$AAR?$AA?$FN?$AA?5?$AAV?$AAF?$AAL?$AA_?$AAO?$AAp?$AAe?$AAn?$AA?5?$AA?9?$AA?5?$AAE?$AAr?$AAa?$AAs?$AAe?$AA?$CI?$AAn?$AAB?$AAa?$AAn?$AAk@ 00016e00     oal:VFLInterface.obj
 0001:00005e60       ??_C@_1HE@DMDANJBJ@?$AA?$FL?$AAV?$AAF?$AAL?$AA?3?$AAE?$AAR?$AAR?$AA?$FN?$AA?5?$AAV?$AAF?$AAL?$AA_?$AAO?$AAp?$AAe?$AAn?$AA?$CI?$AAi?$AAn?$AAd?$AAe?$AAx?$AA?5?$AAe?$AAr?$AAr?$AAo?$AAr?$AA?5?$AAf@ 00016e60     oal:VFLInterface.obj
 0001:00005ed8       ??_C@_1GG@PEHNHICB@?$AA?$FL?$AAV?$AAF?$AAL?$AA?3?$AAE?$AAR?$AAR?$AA?$FN?$AA?5?$AAV?$AAF?$AAL?$AA_?$AAO?$AAp?$AAe?$AAn?$AA?5?$AA?9?$AA?5?$AA_?$AAL?$AAo?$AAa?$AAd?$AAV?$AAF?$AAL?$AAC?$AAx?$AAt@ 00016ed8     oal:VFLInterface.obj
 0001:00005f40       ??_C@_1GA@BLPFIEAO@?$AA?$FL?$AAV?$AAF?$AAL?$AA?3?$AAE?$AAR?$AAR?$AA?$FN?$AA?5?$AAV?$AAF?$AAL?$AA_?$AAO?$AAp?$AAe?$AAn?$AA?5?$AA?9?$AA?5?$AA_?$AAC?$AAh?$AAe?$AAc?$AAk?$AAN?$AAA?$AAN?$AAD?$AAF@ 00016f40     oal:VFLInterface.obj
 0001:00005fa0       ??_C@_1FK@PCOFNNAC@?$AA?$FL?$AAV?$AAF?$AAL?$AA?3?$AAE?$AAR?$AAR?$AA?$FN?$AA?5?$AAV?$AAF?$AAL?$AA_?$AAR?$AAe?$AAa?$AAd?$AA?$CI?$AAn?$AAV?$AAp?$AAn?$AA?3?$AA?$CF?$AAd?$AA?$CJ?$AA?5?$AAn?$AAV?$AAp?$AAn@ 00016fa0     oal:VFLInterface.obj
 0001:00006000       ??_C@_1LG@HBLLEPHL@?$AA?$FL?$AAV?$AAF?$AAL?$AA?3?$AAE?$AAR?$AAR?$AA?$FN?$AA?5?$AAV?$AAF?$AAL?$AA_?$AAR?$AAe?$AAa?$AAd?$AA?$CI?$AAn?$AAV?$AAp?$AAn?$AA?3?$AA?$CF?$AAd?$AA?$CJ?$AA?5?$AAn?$AAV?$AAp?$AAn@ 00017000     oal:VFLInterface.obj
 0001:000060b8       ??_C@_1OE@BEAKNLDB@?$AA?$FL?$AAV?$AAF?$AAL?$AA?3?$AAI?$AAN?$AAF?$AA?$FN?$AA?5?$AAV?$AAF?$AAL?$AA_?$AAR?$AAe?$AAa?$AAd?$AA?$CI?$AAW?$AAM?$AAR?$AA_?$AAR?$AAE?$AAA?$AAD?$AA_?$AAR?$AAE?$AAC?$AAL@ 000170b8     oal:VFLInterface.obj
 0001:000061a0       ??_C@_1OC@JKEENKFO@?$AA?$FL?$AAV?$AAF?$AAL?$AA?3?$AAI?$AAN?$AAF?$AA?$FN?$AA?5?$AAV?$AAF?$AAL?$AA_?$AAR?$AAe?$AAa?$AAd?$AA?$CI?$AAW?$AAM?$AAR?$AA_?$AAR?$AAE?$AAA?$AAD?$AA_?$AAR?$AAE?$AAC?$AAL@ 000171a0     oal:VFLInterface.obj
 0001:00006288       ??_C@_1NE@CPFCHBFH@?$AA?$FL?$AAV?$AAF?$AAL?$AA?3?$AAI?$AAN?$AAF?$AA?$FN?$AA?5?$AAV?$AAF?$AAL?$AA_?$AAR?$AAe?$AAa?$AAd?$AA?$CI?$AAW?$AAM?$AAR?$AA_?$AAR?$AAE?$AAA?$AAD?$AA_?$AAR?$AAE?$AAC?$AAL@ 00017288     oal:VFLInterface.obj
 0001:00006360       ??_C@_1FI@HKCDLGJN@?$AA?$FL?$AAV?$AAF?$AAL?$AA?3?$AAE?$AAR?$AAR?$AA?$FN?$AA?5?$AAV?$AAF?$AAL?$AA_?$AAR?$AAe?$AAa?$AAd?$AA?5?$AA?9?$AA?5?$AAR?$AAe?$AAa?$AAd?$AA?$CI?$AAn?$AAB?$AAa?$AAn?$AAk?$AA?3@ 00017360     oal:VFLInterface.obj
 0001:000063b8       ??_C@_1KC@OLBKCFCK@?$AA?$FL?$AAV?$AAF?$AAL?$AA?3?$AAI?$AAN?$AAF?$AA?$FN?$AA?5?$AAV?$AAF?$AAL?$AA_?$AAR?$AAe?$AAa?$AAd?$AA?$CI?$AAW?$AAM?$AAR?$AA_?$AAR?$AAE?$AAA?$AAD?$AA_?$AAR?$AAE?$AAC?$AAL@ 000173b8     oal:VFLInterface.obj
 0001:00006460       ??_C@_1KA@OIKJEFNP@?$AA?$FL?$AAV?$AAF?$AAL?$AA?3?$AAI?$AAN?$AAF?$AA?$FN?$AA?5?$AAV?$AAF?$AAL?$AA_?$AAR?$AAe?$AAa?$AAd?$AA?$CI?$AAW?$AAM?$AAR?$AA_?$AAR?$AAE?$AAA?$AAD?$AA_?$AAR?$AAE?$AAC?$AAL@ 00017460     oal:VFLInterface.obj
 0001:00006500       ??_C@_1JC@FEHEMBLD@?$AA?$FL?$AAV?$AAF?$AAL?$AA?3?$AAI?$AAN?$AAF?$AA?$FN?$AA?5?$AAV?$AAF?$AAL?$AA_?$AAR?$AAe?$AAa?$AAd?$AA?$CI?$AAW?$AAM?$AAR?$AA_?$AAR?$AAE?$AAA?$AAD?$AA_?$AAR?$AAE?$AAC?$AAL@ 00017500     oal:VFLInterface.obj
 0001:00006598       ??_C@_1II@KHPMHCLA@?$AA?$FL?$AAV?$AAF?$AAL?$AA?3?$AAE?$AAR?$AAR?$AA?$FN?$AA?5?$AAV?$AAF?$AAL?$AA_?$AAR?$AAe?$AAa?$AAd?$AA?$CI?$AAO?$AAS?$AAR?$AAE?$AAC?$AAL?$AAA?$AAI?$AAM?$AA?$CJ?$AA?5?$AA?9?$AA?5@ 00017598     oal:VFLInterface.obj
 0001:00006620       ??_C@_1HC@MFOCDPBM@?$AA?$FL?$AAV?$AAF?$AAL?$AA?3?$AAE?$AAR?$AAR?$AA?$FN?$AA?5?$AAV?$AAF?$AAL?$AA_?$AAR?$AAe?$AAa?$AAd?$AA?$CI?$AAO?$AAS?$AAR?$AAE?$AAC?$AAL?$AAA?$AAI?$AAM?$AA?$CJ?$AA?5?$AA?9?$AA?5@ 00017620     oal:VFLInterface.obj
 0001:00006698       ??_C@_1II@GLPBBODN@?$AA?$FL?$AAV?$AAF?$AAL?$AA?3?$AAE?$AAR?$AAR?$AA?$FN?$AA?5?$AAV?$AAF?$AAL?$AA_?$AAR?$AAe?$AAa?$AAd?$AA?$CI?$AAO?$AAS?$AAR?$AAE?$AAC?$AAL?$AAA?$AAI?$AAM?$AA?$CJ?$AA?5?$AA?9?$AA?5@ 00017698     oal:VFLInterface.obj
 0001:00006720       ??_C@_1II@ILIOAPH@?$AA?$FL?$AAV?$AAF?$AAL?$AA?3?$AAE?$AAR?$AAR?$AA?$FN?$AA?5?$AAV?$AAF?$AAL?$AA_?$AAR?$AAe?$AAa?$AAd?$AA?$CI?$AAO?$AAS?$AAR?$AAE?$AAC?$AAL?$AAA?$AAI?$AAM?$AA?$CJ?$AA?5?$AA?9?$AA?5@ 00017720     oal:VFLInterface.obj
 0001:000067a8       ??_C@_1II@EBENKOLF@?$AA?$FL?$AAV?$AAF?$AAL?$AA?3?$AAE?$AAR?$AAR?$AA?$FN?$AA?5?$AAV?$AAF?$AAL?$AA_?$AAR?$AAe?$AAa?$AAd?$AA?$CI?$AAO?$AAS?$AAR?$AAE?$AAC?$AAL?$AAA?$AAI?$AAM?$AA?$CJ?$AA?5?$AA?9?$AA?5@ 000177a8     oal:VFLInterface.obj
 0001:00006830       ??_C@_1II@CCAEFAHP@?$AA?$FL?$AAV?$AAF?$AAL?$AA?3?$AAE?$AAR?$AAR?$AA?$FN?$AA?5?$AAV?$AAF?$AAL?$AA_?$AAR?$AAe?$AAa?$AAd?$AA?$CI?$AAO?$AAS?$AAR?$AAE?$AAC?$AAL?$AAA?$AAI?$AAM?$AA?$CJ?$AA?5?$AA?9?$AA?5@ 00017830     oal:VFLInterface.obj
 0001:000068b8       ??_C@_1HO@LIGGPMGG@?$AA?$FL?$AAV?$AAF?$AAL?$AA?3?$AAE?$AAR?$AAR?$AA?$FN?$AA?5?$AAV?$AAF?$AAL?$AA_?$AAR?$AAe?$AAa?$AAd?$AA?5?$AA?9?$AA?5?$AA_?$AAR?$AAe?$AAm?$AAa?$AAp?$AAB?$AAa?$AAd?$AAB?$AAl@ 000178b8     oal:VFLInterface.obj
 0001:00006938       ??_C@_1FM@GMPMNGE@?$AA?$FL?$AAV?$AAF?$AAL?$AA?3?$AAE?$AAR?$AAR?$AA?$FN?$AA?5?$AAV?$AAF?$AAL?$AA_?$AAR?$AAe?$AAa?$AAd?$AA?5?$AA?9?$AA?5?$AAD?$AAo?$AAS?$AAy?$AAn?$AAc?$AA?$CI?$AAn?$AAB?$AAa?$AAn@ 00017938     oal:VFLInterface.obj
 0001:00006998       ??_C@_1FM@PDAMLBPM@?$AA?$FL?$AAV?$AAF?$AAL?$AA?3?$AAE?$AAR?$AAR?$AA?$FN?$AA?5?$AAV?$AAF?$AAL?$AA_?$AAW?$AAr?$AAi?$AAt?$AAe?$AA?$CI?$AAn?$AAV?$AAp?$AAn?$AA?3?$AA?$CF?$AAd?$AA?$CJ?$AA?5?$AAn?$AAV?$AAp@ 00017998     oal:VFLInterface.obj
 0001:000069f8       ??_C@_1FK@PBGHCPA@?$AA?$FL?$AAV?$AAF?$AAL?$AA?3?$AAE?$AAR?$AAR?$AA?$FN?$AA?5?$AAV?$AAF?$AAL?$AA_?$AAW?$AAr?$AAi?$AAt?$AAe?$AA?5?$AA?9?$AA?5?$AAS?$AAy?$AAn?$AAc?$AA?$CI?$AAn?$AAB?$AAa?$AAn?$AAk@ 000179f8     oal:VFLInterface.obj
 0001:00006a58       ??_C@_1IA@FCEJCJPM@?$AA?$FL?$AAV?$AAF?$AAL?$AA?3?$AAE?$AAR?$AAR?$AA?$FN?$AA?5?$AAV?$AAF?$AAL?$AA_?$AAW?$AAr?$AAi?$AAt?$AAe?$AA?5?$AA?9?$AA?5?$AA_?$AAR?$AAe?$AAm?$AAa?$AAp?$AAB?$AAa?$AAd?$AAB@ 00017a58     oal:VFLInterface.obj
 0001:00006ad8       ??_C@_1FO@MIPECNMN@?$AA?$FL?$AAV?$AAF?$AAL?$AA?3?$AAE?$AAR?$AAR?$AA?$FN?$AA?5?$AAV?$AAF?$AAL?$AA_?$AAW?$AAr?$AAi?$AAt?$AAe?$AA?5?$AA?9?$AA?5?$AAD?$AAo?$AAS?$AAy?$AAn?$AAc?$AA?$CI?$AAn?$AAB?$AAa@ 00017ad8     oal:VFLInterface.obj
 0001:00006b38       ??_C@_1FM@OAELLNJB@?$AA?$FL?$AAV?$AAF?$AAL?$AA?3?$AAE?$AAR?$AAR?$AA?$FN?$AA?5?$AAV?$AAF?$AAL?$AA_?$AAS?$AAy?$AAn?$AAc?$AA?5?$AA?9?$AA?5?$AAD?$AAo?$AAS?$AAy?$AAn?$AAc?$AA?$CI?$AAn?$AAB?$AAa?$AAn@ 00017b38     oal:VFLInterface.obj
 0001:00006b98       ??_C@_1FO@IDNGAEIA@?$AA?$FL?$AAV?$AAF?$AAL?$AA?3?$AAE?$AAR?$AAR?$AA?$FN?$AA?5?$AAV?$AAF?$AAL?$AA_?$AAE?$AAr?$AAa?$AAs?$AAe?$AA?$CI?$AAn?$AAV?$AAb?$AAn?$AA?3?$AA?$CF?$AAd?$AA?$CJ?$AA?5?$AAi?$AAn?$AAp@ 00017b98     oal:VFLInterface.obj
 0001:00006bf8       ??_C@_1EE@EHGNDGKL@?$AA?$FL?$AAV?$AAF?$AAL?$AA?3?$AAE?$AAR?$AAR?$AA?$FN?$AA?5?$AA?5?$AAS?$AAy?$AAn?$AAc?$AA?$CI?$AAn?$AAB?$AAa?$AAn?$AAk?$AA?3?$AA?$CF?$AAd?$AA?$CJ?$AA?5?$AAf?$AAa?$AAi?$AAl?$AA?$CB?$AA?$AN@ 00017bf8     oal:VFLInterface.obj
 0001:00006c40       ??_C@_1IA@CEBJJDAA@?$AA?$FL?$AAV?$AAF?$AAL?$AA?3?$AAE?$AAR?$AAR?$AA?$FN?$AA?5?$AAV?$AAF?$AAL?$AA_?$AAE?$AAr?$AAa?$AAs?$AAe?$AA?5?$AA?9?$AA?5?$AA_?$AAR?$AAe?$AAm?$AAa?$AAp?$AAB?$AAa?$AAd?$AAB@ 00017c40     oal:VFLInterface.obj
 0001:00006cc0       ??_C@_1EI@BHKHOJON@?$AA?$FL?$AAV?$AAF?$AAL?$AA?3?$AAE?$AAR?$AAR?$AA?$FN?$AA?5?$AA?5?$AAD?$AAo?$AAS?$AAy?$AAn?$AAc?$AA?$CI?$AAn?$AAB?$AAa?$AAn?$AAk?$AA?3?$AA?$CF?$AAd?$AA?$CJ?$AA?5?$AAf?$AAa?$AAi?$AAl@ 00017cc0     oal:VFLInterface.obj
 0001:00006d08       ??_C@_1FE@LKBALJHF@?$AA?$FL?$AAV?$AAF?$AAL?$AA?3?$AAE?$AAR?$AAR?$AA?$FN?$AA?5?$AA?5?$AA_?$AAS?$AAt?$AAo?$AAr?$AAe?$AAV?$AAF?$AAL?$AAC?$AAx?$AAt?$AA?$CI?$AAn?$AAB?$AAa?$AAn?$AAk?$AA?3?$AA?$CF?$AAd@ 00017d08     oal:VFLInterface.obj
 0001:00006d60       ??_C@_1FI@IJMBADFJ@?$AA?$FL?$AAV?$AAF?$AAL?$AA?3?$AAE?$AAR?$AAR?$AA?$FN?$AA?5?$AA?5?$AA_?$AAR?$AAe?$AAp?$AAl?$AAa?$AAc?$AAe?$AAB?$AAa?$AAd?$AAB?$AAl?$AAk?$AA?$CI?$AAn?$AAB?$AAa?$AAn?$AAk?$AA?3@ 00017d60     oal:VFLInterface.obj
 0001:00006db8       ??_C@_1GG@KAMBNOBD@?$AA?$FL?$AAV?$AAF?$AAL?$AA?3?$AAI?$AAN?$AAF?$AA?$FN?$AA?5?$AAV?$AAF?$AAL?$AA_?$AAE?$AAr?$AAa?$AAs?$AAe?$AA?5?$AAe?$AAr?$AAa?$AAs?$AAe?$AA?5?$AAf?$AAa?$AAi?$AAl?$AA?5?$AAo@ 00017db8     oal:VFLInterface.obj
 0001:00006e20       ??_C@_1GK@HLFKFHHM@?$AA?$FL?$AAV?$AAF?$AAL?$AA?3?$AAE?$AAR?$AAR?$AA?$FN?$AA?5?$AAV?$AAF?$AAL?$AA_?$AAE?$AAr?$AAa?$AAs?$AAe?$AA?5?$AA?9?$AA?5?$AA_?$AAS?$AAt?$AAo?$AAr?$AAe?$AAV?$AAF?$AAL?$AAC@ 00017e20     oal:VFLInterface.obj
 0001:00006e90       ??_C@_1GO@LBEAOENA@?$AA?$FL?$AAV?$AAF?$AAL?$AA?3?$AAE?$AAR?$AAR?$AA?$FN?$AA?5?$AAV?$AAF?$AAL?$AA_?$AAE?$AAr?$AAa?$AAs?$AAe?$AA?5?$AA?9?$AA?5?$AA_?$AAR?$AAe?$AAp?$AAl?$AAa?$AAc?$AAe?$AAB?$AAa@ 00017e90     oal:VFLInterface.obj
 0001:00006f00       ??_C@_1GK@JALLNNDF@?$AA?$FL?$AAV?$AAF?$AAL?$AA?3?$AAI?$AAN?$AAF?$AA?$FN?$AA?5?$AAV?$AAF?$AAL?$AA_?$AAE?$AAr?$AAa?$AAs?$AAe?$AA?5?$AA?9?$AA?5?$AAe?$AAr?$AAa?$AAs?$AAe?$AA?5?$AAf?$AAa?$AAi?$AAl@ 00017f00     oal:VFLInterface.obj
 0001:00006f70       ??_C@_1IG@EOAOMFEC@?$AA?$FL?$AAV?$AAF?$AAL?$AA?3?$AAE?$AAR?$AAR?$AA?$FN?$AA?5?$AAV?$AAF?$AAL?$AA_?$AAE?$AAr?$AAa?$AAs?$AAe?$AA?5?$AA?9?$AA?5?$AA_?$AAR?$AAe?$AAm?$AAa?$AAp?$AAB?$AAa?$AAd?$AAB@ 00017f70     oal:VFLInterface.obj
 0001:00006ff8       ??_C@_1FO@LHLKAAKM@?$AA?$FL?$AAV?$AAF?$AAL?$AA?3?$AAE?$AAR?$AAR?$AA?$FN?$AA?5?$AAV?$AAF?$AAL?$AA_?$AAE?$AAr?$AAa?$AAs?$AAe?$AA?5?$AA?9?$AA?5?$AAD?$AAo?$AAS?$AAy?$AAn?$AAc?$AA?$CI?$AAn?$AAB?$AAa@ 00017ff8     oal:VFLInterface.obj
 0001:00007058       ??_C@_1IC@NBMOJNEB@?$AA?$FL?$AAV?$AAF?$AAL?$AA?3?$AAE?$AAR?$AAR?$AA?$FN?$AA?5?$AAV?$AAF?$AAL?$AA_?$AAC?$AAo?$AAp?$AAy?$AAb?$AAa?$AAc?$AAk?$AA?$CI?$AAn?$AAS?$AAr?$AAc?$AAV?$AAp?$AAn?$AA?3?$AA?$CF@ 00018058     oal:VFLInterface.obj
 0001:000070e0       ??_C@_1GA@CPPECIHC@?$AA?$FL?$AAV?$AAF?$AAL?$AA?3?$AAE?$AAR?$AAR?$AA?$FN?$AA?5?$AAV?$AAF?$AAL?$AA_?$AAC?$AAo?$AAp?$AAy?$AAb?$AAa?$AAc?$AAk?$AA?5?$AA?9?$AA?5?$AAS?$AAy?$AAn?$AAc?$AA?$CI?$AAn?$AAB@ 000180e0     oal:VFLInterface.obj
 0001:00007140       ??_C@_1FC@CMCEGLDE@?$AA?$FL?$AAV?$AAF?$AAL?$AA?3?$AAE?$AAR?$AAR?$AA?$FN?$AA?5?$AAV?$AAF?$AAL?$AA_?$AAC?$AAo?$AAp?$AAy?$AAb?$AAa?$AAc?$AAk?$AA?5?$AA?9?$AA?5?$AAB?$AAU?$AAF?$AA_?$AAG?$AAe?$AAt@ 00018140     oal:VFLInterface.obj
 0001:00007198       ??_C@_1GA@JPFFEODD@?$AA?$FL?$AAV?$AAF?$AAL?$AA?3?$AAE?$AAR?$AAR?$AA?$FN?$AA?5?$AAV?$AAF?$AAL?$AA_?$AAC?$AAo?$AAp?$AAy?$AAb?$AAa?$AAc?$AAk?$AA?5?$AA?9?$AA?5?$AAR?$AAe?$AAa?$AAd?$AA?$CI?$AAn?$AAB@ 00018198     oal:VFLInterface.obj
 0001:000071f8       ??_C@_1GE@LJKJEJLN@?$AA?$FL?$AAV?$AAF?$AAL?$AA?3?$AAE?$AAR?$AAR?$AA?$FN?$AA?5?$AAV?$AAF?$AAL?$AA_?$AAC?$AAo?$AAp?$AAy?$AAb?$AAa?$AAc?$AAk?$AA?5?$AA?9?$AA?5?$AAD?$AAo?$AAS?$AAy?$AAn?$AAc?$AA?$CI@ 000181f8     oal:VFLInterface.obj
 0001:00007260       ??_C@_1LM@JEDENOEG@?$AA?$FL?$AAV?$AAF?$AAL?$AA?3?$AAE?$AAR?$AAR?$AA?$FN?$AA?5?$AAV?$AAF?$AAL?$AA_?$AAC?$AAo?$AAp?$AAy?$AAb?$AAa?$AAc?$AAk?$AA?5?$AA?9?$AA?5?$AA?$CB?$AA?$CI?$AAn?$AAS?$AAr?$AAc?$AAP@ 00018260     oal:VFLInterface.obj
 0001:00007320       ??_C@_1GG@NNIPGECJ@?$AA?$FL?$AAV?$AAF?$AAL?$AA?3?$AAE?$AAR?$AAR?$AA?$FN?$AA?5?$AAV?$AAF?$AAL?$AA_?$AAC?$AAo?$AAp?$AAy?$AAb?$AAa?$AAc?$AAk?$AA?5?$AA?9?$AA?5?$AA?$CB?$AA?$CI?$AAn?$AAS?$AAr?$AAc?$AAB@ 00018320     oal:VFLInterface.obj
 0001:00007388       ??_C@_1JG@BAIPBHDI@?$AA?$FL?$AAV?$AAF?$AAL?$AA?3?$AAE?$AAR?$AAR?$AA?$FN?$AA?5?$AAV?$AAF?$AAL?$AA_?$AAC?$AAo?$AAp?$AAy?$AAb?$AAa?$AAc?$AAk?$AA?5?$AA?9?$AA?5?$AA?$CB?$AA?$CI?$AA?$CI?$AAp?$AAB?$AAu?$AAf@ 00018388     oal:VFLInterface.obj
 0001:00007420       ??_C@_1HG@DNACGLCP@?$AA?$FL?$AAV?$AAF?$AAL?$AA?3?$AAE?$AAR?$AAR?$AA?$FN?$AA?5?$AAV?$AAF?$AAL?$AA_?$AAC?$AAh?$AAa?$AAn?$AAg?$AAe?$AAF?$AAT?$AAL?$AAC?$AAx?$AAt?$AAV?$AAb?$AAn?$AA?5?$AA?9?$AA?5@ 00018420     oal:VFLInterface.obj
 0001:00007498       ??_C@_1GK@BFPMMCJB@?$AA?$FL?$AAV?$AAF?$AAL?$AA?3?$AAE?$AAR?$AAR?$AA?$FN?$AA?5?$AA_?$AAW?$AAr?$AAi?$AAt?$AAe?$AAI?$AAn?$AAi?$AAt?$AAB?$AAa?$AAd?$AAL?$AAi?$AAs?$AAt?$AA?5?$AA?9?$AA?5?$AAS?$AAy@ 00018498     oal:VFLInterface.obj
 0001:00007508       ??_C@_1GC@EBCMNHBJ@?$AA?$FL?$AAV?$AAF?$AAL?$AA?3?$AAE?$AAR?$AAR?$AA?$FN?$AA?5?$AA_?$AAW?$AAr?$AAi?$AAt?$AAe?$AAI?$AAn?$AAi?$AAt?$AAB?$AAa?$AAd?$AAL?$AAi?$AAs?$AAt?$AA?5?$AA?9?$AA?5?$AAV?$AAF@ 00018508     oal:VFLInterface.obj
 0001:00007570       ??_C@_1GA@NDNDFHHD@?$AA?$FL?$AAV?$AAF?$AAL?$AA?3?$AAE?$AAR?$AAR?$AA?$FN?$AA?5?$AA_?$AAW?$AAr?$AAi?$AAt?$AAe?$AAI?$AAn?$AAi?$AAt?$AAB?$AAa?$AAd?$AAL?$AAi?$AAs?$AAt?$AA?5?$AA?9?$AA?5?$AAB?$AAU@ 00018570     oal:VFLInterface.obj
 0001:000075d0       ??_C@_1GC@LJBBCCFN@?$AA?$FL?$AAV?$AAF?$AAL?$AA?3?$AAE?$AAR?$AAR?$AA?$FN?$AA?5?$AAV?$AAF?$AAL?$AA_?$AAF?$AAo?$AAr?$AAm?$AAa?$AAt?$AA?5?$AA?9?$AA?5?$AA_?$AAW?$AAr?$AAi?$AAt?$AAe?$AAI?$AAn?$AAi@ 000185d0     oal:VFLInterface.obj
 0001:00007638       ??_C@_1FI@OCHHCELL@?$AA?$FL?$AAV?$AAF?$AAL?$AA?3?$AAE?$AAR?$AAR?$AA?$FN?$AA?5?$AAV?$AAF?$AAL?$AA_?$AAF?$AAo?$AAr?$AAm?$AAa?$AAt?$AA?5?$AA?9?$AA?5?$AA_?$AAS?$AAt?$AAo?$AAr?$AAe?$AAV?$AAF?$AAL@ 00018638     oal:VFLInterface.obj
 0001:00007690       ??_C@_1FM@FHKEAIGE@?$AA?$FL?$AAV?$AAF?$AAL?$AA?3?$AAE?$AAR?$AAR?$AA?$FN?$AA?5?$AAV?$AAF?$AAL?$AA_?$AAF?$AAo?$AAr?$AAm?$AAa?$AAt?$AA?5?$AA?9?$AA?5?$AA_?$AAR?$AAe?$AAp?$AAl?$AAa?$AAc?$AAe?$AAB@ 00018690     oal:VFLInterface.obj
 0001:000076f0       ??_C@_1GA@FDEFHAMK@?$AA?$FL?$AAV?$AAF?$AAL?$AA?3?$AAE?$AAR?$AAR?$AA?$FN?$AA?5?$AAV?$AAF?$AAL?$AA_?$AAF?$AAo?$AAr?$AAm?$AAa?$AAt?$AA?5?$AA?9?$AA?5?$AA_?$AAC?$AAh?$AAe?$AAc?$AAk?$AAI?$AAn?$AAi@ 000186f0     oal:VFLInterface.obj
 0001:00007750       ??_C@_1EO@EMDKPNGM@?$AA?$FL?$AAV?$AAF?$AAL?$AA?3?$AAE?$AAR?$AAR?$AA?$FN?$AA?5?$AAV?$AAF?$AAL?$AA_?$AAF?$AAo?$AAr?$AAm?$AAa?$AAt?$AA?5?$AA?9?$AA?5?$AAB?$AAU?$AAF?$AA_?$AAG?$AAe?$AAt?$AA?5?$AAf@ 00018750     oal:VFLInterface.obj
 0001:000078e0       ??_C@_1DO@KEJNDMJE@?$AA?$FL?$AAI?$AAN?$AAF?$AAO?$AA?$FN?$AA?5?$AA?9?$AA?9?$AAN?$AAA?$AAN?$AAD?$AA_?$AAG?$AAe?$AAt?$AAP?$AAl?$AAa?$AAt?$AAf?$AAo?$AAr?$AAm?$AAI?$AAn?$AAf?$AAo?$AA?6?$AA?$AA@ 000188e0     oal:S3C6410_FIL.obj
 0001:00007920       ??_C@_1DO@PCPNAJHH@?$AA?$FL?$AAI?$AAN?$AAF?$AAO?$AA?$FN?$AA?5?$AA?$CL?$AA?$CL?$AAN?$AAA?$AAN?$AAD?$AA_?$AAG?$AAe?$AAt?$AAP?$AAl?$AAa?$AAt?$AAf?$AAo?$AAr?$AAm?$AAI?$AAn?$AAf?$AAo?$AA?6?$AA?$AA@ 00018920     oal:S3C6410_FIL.obj
 0001:00007960       ??_C@_1FO@MEDJLPGO@?$AA?$FL?$AAF?$AAI?$AAL?$AA?3?$AAE?$AAR?$AAR?$AA?$FN?$AA?9?$AA?9?$AAN?$AAA?$AAN?$AAD?$AA_?$AAW?$AAr?$AAi?$AAt?$AAe?$AA?$CI?$AA?$CJ?$AA?5?$AA?3?$AA?5?$AAP?$AAa?$AAr?$AAa?$AAm?$AAe@ 00018960     oal:S3C6410_FIL.obj
 0001:000079c0       ??_C@_1KG@NBIGFAHM@?$AAC?$AA?3?$AA?2?$AAW?$AAI?$AAN?$AAC?$AAE?$AA6?$AA0?$AA0?$AA?2?$AAP?$AAL?$AAA?$AAT?$AAF?$AAO?$AAR?$AAM?$AA?2?$AAT?$AAe?$AAn?$AAB?$AAy?$AAT?$AAe?$AAn?$AA6?$AA4?$AA1@ 000189c0     oal:S3C6410_FIL.obj
 0001:00007a68       ??_C@_1EI@EGDLFOCE@?$AA?$CD?$AA?$CD?$AA?$CD?$AA?$CD?$AA?$CD?$AA?5?$AAE?$AAr?$AAr?$AAo?$AAr?$AA?5?$AAw?$AAr?$AAi?$AAt?$AAe?$AA?5?$AAo?$AAp?$AAe?$AAr?$AAa?$AAt?$AAi?$AAo?$AAn?$AA?5?$AA?$CD?$AA?$CD?$AA?$CD?$AA?$CD@ 00018a68     oal:S3C6410_FIL.obj
 0001:00007ab0       ??_C@_1EO@BNEFEJPM@?$AA?$FL?$AAF?$AAI?$AAL?$AA?3?$AAE?$AAR?$AAR?$AA?$FN?$AA?5?$AAN?$AAA?$AAN?$AAD?$AA_?$AAS?$AAy?$AAn?$AAc?$AA?$CI?$AA?$CJ?$AA?5?$AA?3?$AA?5?$AAS?$AAt?$AAa?$AAt?$AAu?$AAs?$AA?5?$AAE@ 00018ab0     oal:S3C6410_FIL.obj
 0001:00007b00       ??_C@_1GC@KHNKCKGP@?$AA?$FL?$AAF?$AAI?$AAL?$AA?3?$AAE?$AAR?$AAR?$AA?$FN?$AA?5?$AAN?$AAA?$AAN?$AAD?$AA_?$AAS?$AAy?$AAn?$AAc?$AA?$CI?$AA?$CJ?$AA?5?$AA?3?$AA?5?$AAR?$AAi?$AAg?$AAh?$AAt?$AA?9?$AAp?$AAl@ 00018b00     oal:S3C6410_FIL.obj
 0001:00007b68       ??_C@_1GA@LNGDCHAJ@?$AA?$FL?$AAF?$AAI?$AAL?$AA?3?$AAE?$AAR?$AAR?$AA?$FN?$AA?5?$AAN?$AAA?$AAN?$AAD?$AA_?$AAS?$AAy?$AAn?$AAc?$AA?$CI?$AA?$CJ?$AA?5?$AA?3?$AA?5?$AAL?$AAe?$AAf?$AAt?$AA?9?$AAp?$AAl?$AAa@ 00018b68     oal:S3C6410_FIL.obj
 0001:00007bc8       ??_C@_1FM@MGJKCIAI@?$AA?$FL?$AAF?$AAI?$AAL?$AA?3?$AAE?$AAR?$AAR?$AA?$FN?$AA?9?$AA?9?$AAN?$AAA?$AAN?$AAD?$AA_?$AAS?$AAy?$AAn?$AAc?$AA?$CI?$AA?$CJ?$AA?5?$AA?3?$AA?5?$AAP?$AAa?$AAr?$AAa?$AAm?$AAe?$AAt@ 00018bc8     oal:S3C6410_FIL.obj
 0001:00007c24       ??_C@_1DC@JLAIJHOC@?$AA?$FL?$AAF?$AAI?$AAL?$AA?$FN?$AA?5?$AA?5?$AAM?$AAI?$AAD?$AA?5?$AA?5?$AA?5?$AA?5?$AA?$DN?$AA?5?$AA0?$AAx?$AA?$CF?$AA0?$AA2?$AAx?$AA?$AN?$AA?6?$AA?$AA@ 00018c24     oal:S3C6410_FIL.obj
 0001:00007c58       ??_C@_1DC@HONIPCFJ@?$AA?$FL?$AAF?$AAI?$AAL?$AA?$FN?$AA?5?$AA?5?$AAD?$AAI?$AAD?$AA?5?$AA?5?$AA?5?$AA?5?$AA?$DN?$AA?5?$AA0?$AAx?$AA?$CF?$AA0?$AA2?$AAx?$AA?$AN?$AA?6?$AA?$AA@ 00018c58     oal:S3C6410_FIL.obj
 0001:00007c8c       ??_C@_1DC@KBKINCHJ@?$AA?$FL?$AAF?$AAI?$AAL?$AA?$FN?$AA?5?$AA?5?$AAH?$AAI?$AAD?$AA?$FL?$AA0?$AA?$FN?$AA?5?$AA?$DN?$AA?5?$AA0?$AAx?$AA?$CF?$AA0?$AA2?$AAx?$AA?$AN?$AA?6?$AA?$AA@ 00018c8c     oal:S3C6410_FIL.obj
 0001:00007cc0       ??_C@_1DC@KABNCPGE@?$AA?$FL?$AAF?$AAI?$AAL?$AA?$FN?$AA?5?$AA?5?$AAH?$AAI?$AAD?$AA?$FL?$AA1?$AA?$FN?$AA?5?$AA?$DN?$AA?5?$AA0?$AAx?$AA?$CF?$AA0?$AA2?$AAx?$AA?$AN?$AA?6?$AA?$AA@ 00018cc0     oal:S3C6410_FIL.obj
 0001:00007cf4       ??_C@_1DC@KCMDCIED@?$AA?$FL?$AAF?$AAI?$AAL?$AA?$FN?$AA?5?$AA?5?$AAH?$AAI?$AAD?$AA?$FL?$AA2?$AA?$FN?$AA?5?$AA?$DN?$AA?5?$AA0?$AAx?$AA?$CF?$AA0?$AA2?$AAx?$AA?$AN?$AA?6?$AA?$AA@ 00018cf4     oal:S3C6410_FIL.obj
 0001:00007d28       ??_C@_1DC@ONBMJEFD@?$AA?$FL?$AAF?$AAI?$AAL?$AA?$FN?$AA?5?$AA?$CD?$AA?$CD?$AA?$CD?$AA?$CD?$AA?$CD?$AA?$CD?$AA?$CD?$AA?$CD?$AA?$CD?$AA?$CD?$AA?$CD?$AA?$CD?$AA?$CD?$AA?$CD?$AA?$CD?$AA?$CD?$AA?$AN?$AA?6?$AA?$AA@ 00018d28     oal:S3C6410_FIL.obj
 0001:00007d60       ??_C@_1GM@OHKOLCPC@?$AA?$AN?$AA?6?$AA?$DN?$AA?$DN?$AA?$DN?$AA?$DN?$AA?$DN?$AA?$DN?$AA?$DN?$AA?$DN?$AA?$DN?$AA?$DN?$AA?$DN?$AA?$DN?$AA?$DN?$AA?$DN?$AA?$DN?$AA?$DN?$AA?$DN?$AA?$DN?$AA?$DN?$AA?$DN?$AA?$DN?$AA?$DN?$AA?$DN?$AA?$DN?$AA?$DN?$AA?$DN?$AA?$DN?$AA?$DN?$AA?$DN?$AA?$DN@ 00018d60     oal:S3C6410_FIL.obj
 0001:00007dcc       ??_C@_1BK@PEHEOPNG@?$AAS?$AAp?$AAa?$AAr?$AAe?$AA?5?$AAD?$AAa?$AAt?$AAa?$AA?$AN?$AA?6?$AA?$AA@ 00018dcc     oal:S3C6410_FIL.obj
 0001:00007de8       ??_C@_1M@OMOAGDNC@?$AA?$CF?$AA0?$AA2?$AAx?$AA?5?$AA?$AA@ 00018de8     oal:S3C6410_FIL.obj
 0001:00007df4       ??_C@_1BI@PAHGEPNF@?$AAM?$AAa?$AAi?$AAn?$AA?5?$AAD?$AAa?$AAt?$AAa?$AA?$AN?$AA?6?$AA?$AA@ 00018df4     oal:S3C6410_FIL.obj
 0001:00007e10       ??_C@_1GI@IFAPNF@?$AA?$DN?$AA?$DN?$AA?$DN?$AA?$DN?$AA?$DN?$AA?$DN?$AA?$DN?$AA?$DN?$AA?$DN?$AA?$DN?$AA?$DN?$AA?$DN?$AA?$DN?$AA?$DN?$AA?$DN?$AA?$DN?$AA?$DN?$AA?$DN?$AA?$DN?$AA?$DN?$AA?$DN?$AA?$DN?$AA?$DN?$AA?$DN?$AA?$DN?$AA?$DN?$AA?$DN?$AA?$DN?$AA?$DN?$AA?$DN?$AA?$DN?$AA?$DN@ 00018e10     oal:S3C6410_FIL.obj
 0001:00007e78       ??_C@_1GK@LBMDBNGG@?$AA?$FL?$AAF?$AAI?$AAL?$AA?3?$AAE?$AAR?$AAR?$AA?$FN?$AA?5?$AAD?$AAe?$AAc?$AAo?$AAd?$AAi?$AAn?$AAg?$AA_?$AAM?$AAa?$AAi?$AAn?$AAE?$AAC?$AAC?$AA?$CI?$AA?$CJ?$AA?5?$AA?3?$AA?5?$AAU@ 00018e78     oal:S3C6410_FIL.obj
 0001:00007ee8       ??_C@_1IK@CDLGPKO@?$AA?$FL?$AAF?$AAI?$AAL?$AA?3?$AAE?$AAR?$AAR?$AA?$FN?$AA?5?$AAD?$AAe?$AAc?$AAo?$AAd?$AAi?$AAn?$AAg?$AA_?$AAM?$AAa?$AAi?$AAn?$AA8?$AAB?$AAi?$AAt?$AAE?$AAC?$AAC?$AA?$CI?$AA?$CJ@ 00018ee8     oal:S3C6410_FIL.obj
 0001:00007f78       ??_C@_1GM@NOINCGID@?$AA?$FL?$AAF?$AAI?$AAL?$AA?$FN?$AA?5?$AAD?$AAe?$AAc?$AAo?$AAd?$AAi?$AAn?$AAg?$AA_?$AAS?$AAp?$AAa?$AAr?$AAe?$AAE?$AAC?$AAC?$AA?$CI?$AA?$CJ?$AA?5?$AA?3?$AA?5?$AAE?$AAC?$AAC?$AA?5@ 00018f78     oal:S3C6410_FIL.obj
 0001:00007fe8       ??_C@_1GM@NGBGEBAN@?$AA?$FL?$AAF?$AAI?$AAL?$AA?3?$AAE?$AAR?$AAR?$AA?$FN?$AA?5?$AAD?$AAe?$AAc?$AAo?$AAd?$AAi?$AAn?$AAg?$AA_?$AAS?$AAp?$AAa?$AAr?$AAe?$AAE?$AAC?$AAC?$AA?$CI?$AA?$CJ?$AA?5?$AA?3?$AA?5@ 00018fe8     oal:S3C6410_FIL.obj
 0001:00008058       ??_C@_1HE@IICIMJLL@?$AA?$FL?$AAF?$AAI?$AAL?$AA?$FN?$AA?5?$AAD?$AAe?$AAc?$AAo?$AAd?$AAi?$AAn?$AAg?$AA_?$AAS?$AAp?$AAa?$AAr?$AAe?$AA8?$AAB?$AAi?$AAt?$AAE?$AAC?$AAC?$AA?$CI?$AA?$CJ?$AA?5?$AA?3?$AA?5@ 00019058     oal:S3C6410_FIL.obj
 0001:000080d0       ??_C@_1IM@MFLAHPN@?$AA?$FL?$AAF?$AAI?$AAL?$AA?3?$AAE?$AAR?$AAR?$AA?$FN?$AA?5?$AAD?$AAe?$AAc?$AAo?$AAd?$AAi?$AAn?$AAg?$AA_?$AAS?$AAp?$AAa?$AAr?$AAe?$AA8?$AAB?$AAi?$AAt?$AAE?$AAC?$AAC?$AA?$CI@ 000190d0     oal:S3C6410_FIL.obj
 0001:00008160       ??_C@_1GK@LIHJAHPP@?$AA?6?$AA?$DN?$AA?$DN?$AA?$DN?$AA?$DN?$AA?$DN?$AA?$DN?$AA?$DN?$AA?$DN?$AA?$DN?$AA?$DN?$AA?$DN?$AA?$DN?$AA?$DN?$AA?$DN?$AA?$DN?$AA?$DN?$AA?$DN?$AA?$DN?$AA?$DN?$AA?$DN?$AA?$DN?$AA?$DN?$AA?$DN?$AA?$DN?$AA?$DN?$AA?$DN?$AA?$DN?$AA?$DN?$AA?$DN?$AA?$DN?$AA?$DN@ 00019160     oal:S3C6410_FIL.obj
 0001:000081cc       ??_C@_1CM@COKADDOB@?$AAN?$AAF?$AAC?$AAO?$AAN?$AAF?$AA?5?$AA?5?$AA?5?$AA?5?$AA?5?$AA?$DN?$AA?5?$AA0?$AAx?$AA?$CF?$AA0?$AA8?$AAx?$AA?$AN?$AA?6?$AA?$AA@ 000191cc     oal:S3C6410_FIL.obj
 0001:000081f8       ??_C@_1CM@ECBCIICO@?$AAN?$AAF?$AAC?$AAO?$AAN?$AAT?$AA?5?$AA?5?$AA?5?$AA?5?$AA?5?$AA?$DN?$AA?5?$AA0?$AAx?$AA?$CF?$AA0?$AA8?$AAx?$AA?$AN?$AA?6?$AA?$AA@ 000191f8     oal:S3C6410_FIL.obj
 0001:00008224       ??_C@_1CM@FDBBLMIB@?$AAN?$AAF?$AAM?$AAE?$AAC?$AAC?$AAD?$AA0?$AA?5?$AA?5?$AA?5?$AA?$DN?$AA?5?$AA0?$AAx?$AA?$CF?$AA0?$AA8?$AAx?$AA?$AN?$AA?6?$AA?$AA@ 00019224     oal:S3C6410_FIL.obj
 0001:00008250       ??_C@_1CM@GPHBFPIJ@?$AAN?$AAF?$AAM?$AAE?$AAC?$AAC?$AAD?$AA1?$AA?5?$AA?5?$AA?5?$AA?$DN?$AA?5?$AA0?$AAx?$AA?$CF?$AA0?$AA8?$AAx?$AA?$AN?$AA?6?$AA?$AA@ 00019250     oal:S3C6410_FIL.obj
 0001:0000827c       ??_C@_1CM@PIBAGDJC@?$AAN?$AAF?$AAS?$AAE?$AAC?$AAC?$AAD?$AA?5?$AA?5?$AA?5?$AA?5?$AA?$DN?$AA?5?$AA0?$AAx?$AA?$CF?$AA0?$AA8?$AAx?$AA?$AN?$AA?6?$AA?$AA@ 0001927c     oal:S3C6410_FIL.obj
 0001:000082a8       ??_C@_1CM@DGGPPFE@?$AAN?$AAF?$AAS?$AAB?$AAL?$AAK?$AA?5?$AA?5?$AA?5?$AA?5?$AA?5?$AA?$DN?$AA?5?$AA0?$AAx?$AA?$CF?$AA0?$AA8?$AAx?$AA?$AN?$AA?6?$AA?$AA@ 000192a8     oal:S3C6410_FIL.obj
 0001:000082d4       ??_C@_1CM@KCPIJNLK@?$AAN?$AAF?$AAE?$AAB?$AAL?$AAK?$AA?5?$AA?5?$AA?5?$AA?5?$AA?5?$AA?$DN?$AA?5?$AA0?$AAx?$AA?$CF?$AA0?$AA8?$AAx?$AA?$AN?$AA?6?$AA?$AA@ 000192d4     oal:S3C6410_FIL.obj
 0001:00008300       ??_C@_1CM@NFNOBAAL@?$AAN?$AAF?$AAS?$AAT?$AAA?$AAT?$AA?5?$AA?5?$AA?5?$AA?5?$AA?5?$AA?$DN?$AA?5?$AA0?$AAx?$AA?$CF?$AA0?$AA8?$AAx?$AA?$AN?$AA?6?$AA?$AA@ 00019300     oal:S3C6410_FIL.obj
 0001:0000832c       ??_C@_1CM@KHCODLFP@?$AAN?$AAF?$AAE?$AAC?$AAC?$AAE?$AAR?$AAR?$AA0?$AA?5?$AA?5?$AA?$DN?$AA?5?$AA0?$AAx?$AA?$CF?$AA0?$AA8?$AAx?$AA?$AN?$AA?6?$AA?$AA@ 0001932c     oal:S3C6410_FIL.obj
 0001:00008358       ??_C@_1CM@KGJLMGEC@?$AAN?$AAF?$AAE?$AAC?$AAC?$AAE?$AAR?$AAR?$AA1?$AA?5?$AA?5?$AA?$DN?$AA?5?$AA0?$AAx?$AA?$CF?$AA0?$AA8?$AAx?$AA?$AN?$AA?6?$AA?$AA@ 00019358     oal:S3C6410_FIL.obj
 0001:00008384       ??_C@_1CM@PJJCDG@?$AAN?$AAF?$AAM?$AAE?$AAC?$AAC?$AA0?$AA?5?$AA?5?$AA?5?$AA?5?$AA?$DN?$AA?5?$AA0?$AAx?$AA?$CF?$AA0?$AA8?$AAx?$AA?$AN?$AA?6?$AA?$AA@ 00019384     oal:S3C6410_FIL.obj
 0001:000083b0       ??_C@_1CM@PBCDJHJM@?$AAN?$AAF?$AAM?$AAE?$AAC?$AAC?$AA1?$AA?5?$AA?5?$AA?5?$AA?5?$AA?$DN?$AA?5?$AA0?$AAx?$AA?$CF?$AA0?$AA8?$AAx?$AA?$AN?$AA?6?$AA?$AA@ 000193b0     oal:S3C6410_FIL.obj
 0001:000083dc       ??_C@_1CM@MGENBPMO@?$AAN?$AAF?$AAS?$AAE?$AAC?$AAC?$AA?5?$AA?5?$AA?5?$AA?5?$AA?5?$AA?$DN?$AA?5?$AA0?$AAx?$AA?$CF?$AA0?$AA8?$AAx?$AA?$AN?$AA?6?$AA?$AA@ 000193dc     oal:S3C6410_FIL.obj
 0001:00008408       ??_C@_1CM@KNPCOMHO@?$AAN?$AAF?$AAM?$AAL?$AAC?$AAB?$AAI?$AAT?$AAP?$AAT?$AA?5?$AA?$DN?$AA?5?$AA0?$AAx?$AA?$CF?$AA0?$AA8?$AAx?$AA?$AN?$AA?6?$AA?$AA@ 00019408     oal:S3C6410_FIL.obj
 0001:00008438       ??_C@_1GK@DENMMCK@?$AA?$DN?$AA?$DN?$AA?$DN?$AA?$DN?$AA?$DN?$AA?$DN?$AA?$DN?$AA?$DN?$AA?$DN?$AA?$DN?$AA?$DN?$AA?$DN?$AA?$DN?$AA?$DN?$AA?$DN?$AA?$DN?$AA?$DN?$AA?$DN?$AA?$DN?$AA?$DN?$AA?$DN?$AA?$DN?$AA?$DN?$AA?$DN?$AA?$DN?$AA?$DN?$AA?$DN?$AA?$DN?$AA?$DN?$AA?$DN?$AA?$DN?$AA?$DN@ 00019438     oal:S3C6410_FIL.obj
 0001:000084a8       ??_C@_1EO@IKLFPLOF@?$AA?$FL?$AAF?$AAI?$AAL?$AA?$FN?$AA?5?$AA?$CD?$AA?$CD?$AA?$CD?$AA?$CD?$AA?$CD?$AA?$CD?$AA?$CD?$AA?$CD?$AA?$CD?$AA?$CD?$AA?$CD?$AA?$CD?$AA?$CD?$AA?$CD?$AA?$CD?$AA?$CD?$AA?$CD?$AA?$CD?$AA?$CD?$AA?$CD?$AA?$CD?$AA?$CD?$AA?$CD?$AA?$CD?$AA?$CD?$AA?$CD@ 000194a8     oal:S3C6410_FIL.obj
 0001:000084f8       ??_C@_1EA@OMJKFEEE@?$AA?$FL?$AAF?$AAI?$AAL?$AA?$FN?$AA?5?$AA?5?$AAF?$AAI?$AAL?$AA?5?$AAG?$AAl?$AAo?$AAb?$AAa?$AAl?$AA?5?$AAI?$AAn?$AAf?$AAo?$AAr?$AAm?$AAa?$AAt?$AAi?$AAo?$AAn?$AA?$AN?$AA?6?$AA?$AA@ 000194f8     oal:S3C6410_FIL.obj
 0001:00008538       ??_C@_1DE@IIOGFKIP@?$AA?$FL?$AAF?$AAI?$AAL?$AA?$FN?$AA?5?$AA?5?$AAB?$AAA?$AAN?$AAK?$AAS?$AA_?$AAT?$AAO?$AAT?$AAA?$AAL?$AA?5?$AA?$DN?$AA?5?$AA?$CF?$AAd?$AA?$AN?$AA?6?$AA?$AA@ 00019538     oal:S3C6410_FIL.obj
[...]
 0001:000189e0       OALFlushICacheLines        000299e0 f   oal_cache_s3c6410_sec_v1:flushiclines.obj
 0001:00018a00       OALCleanDCacheLines        00029a00 f   oal_cache_s3c6410_sec_v1:cleandclines.obj
 0001:00018a28       OALCleanDCache             00029a28 f   oal_cache_s3c6410_sec_v1:cleandc.obj
 0001:00018a9c       OALFlushDCacheLines        00029a9c f   oal_cache_s3c6410_sec_v1:flushdclines.obj
 0001:00018abc       OALPAtoVA                  00029abc f   oal_memory_arm:memory.obj
 0001:00018b48       OALLogSerial               00029b48 f   oal_log:log.obj
 0001:00018b9c       __GSHandlerCheckCommon     00029b9c f   fulllibc:gshandler.obj
 0001:00018bd8       __GSHandlerCheck           00029bd8 f   fulllibc:gshandler.obj
 0001:00018bfc       __security_check_cookie    00029bfc f   fulllibc:armsecgs.obj
 0001:00018c10       __gsfailure                00029c10 f   fulllibc:armsecgs.obj
 0001:00018c54       __rt_udiv                  00029c54 f   fulllibc:__udiv.obj
 0001:00018d18       __rt_udivrem64by64         00029d18 f   fulllibc:mdsdiv64.obj
 0001:00018e10       __rt_divrem64by64          00029e10 f   fulllibc:mdsdiv64.obj
 0001:00018e60       __rt_udiv64by64            00029e60 f   fulllibc:mdsdiv64.obj
 0001:00018e70       __rt_urem64by64            00029e70 f   fulllibc:mdsdiv64.obj
 0001:00018e88       __rt_sdiv64by64            00029e88 f   fulllibc:mdsdiv64.obj
 0001:00018e98       __rt_srem64by64            00029e98 f   fulllibc:mdsdiv64.obj
 0001:00018eb0       __raise_int_divide_by_zero 00029eb0 f   fulllibc:diverr.obj
 0001:00018ed4       __crtRaiseException        00029ed4 f   fulllibc:raiseexc.obj
 0001:00018ef0       KITLIoctl                  00029ef0 f   nkstub:kitlstub.obj
 0001:00018f2c       BSPIntrInit                00029f2c f   oal:intr.obj
 0001:00019064       BSPIntrRequestIrqs         0002a064 f   oal:intr.obj
 0001:00019180       BSPIntrEnableIrq           0002a180 f   oal:intr.obj
 0001:000191dc       BSPIntrDisableIrq          0002a1dc f   oal:intr.obj
 0001:00019238       BSPIntrDoneIrq             0002a238 f   oal:intr.obj
 0001:00019c60       OALIoCtlPostInit           0002ac60 f   oal:ioctl.obj
 0001:00019c94       OALIoCtlPocketStoreCMD     0002ac94 f   oal:ioctl.obj
 0001:00019e48       BSPPowerOff                0002ae48 f   oal:power.obj
 0001:00019f84       BSPPowerOn                 0002af84 f   oal:power.obj
 0001:00019fcc       PSII_HALWrapper            0002afcc f   oal:HALWrapper.obj
 0001:0001aa28       VFL_Init                   0002ba28 f   oal:VFLInterface.obj
 0001:0001ab9c       _CheckNANDFlash            0002bb9c f   oal:VFLInterface.obj
 0001:0001af10       VFL_GetFTLCxtVbn           0002bf10 f   oal:VFLInterface.obj
 0001:0001bfe0       DoSync                     0002cfe0 f   oal:VFLInterface.obj
 0001:0001c08c       VFL_Open                   0002d08c f   oal:VFLInterface.obj
 0001:0001c5c4       VFL_Read                   0002d5c4 f   oal:VFLInterface.obj
 0001:0001d424       VFL_Write                  0002e424 f   oal:VFLInterface.obj
 0001:0001d6e4       VFL_Sync                   0002e6e4 f   oal:VFLInterface.obj
 0001:0001d744       VFL_Erase                  0002e744 f   oal:VFLInterface.obj
 0001:0001dfa8       VFL_Copyback               0002efa8 f   oal:VFLInterface.obj
 0001:0001e990       VFL_ChangeFTLCxtVbn        0002f990 f   oal:VFLInterface.obj
 0001:0001eb88       VFL_Format                 0002fb88 f   oal:VFLInterface.obj
 0001:0001f024       NF_WAIT_ECC_DEC_DONE       00030024 f   oal:S3C6410_FIL.obj
 0001:0001f0a8       NAND_GetPlatformInfo       000300a8 f   oal:S3C6410_FIL.obj
 0001:0001f148       NAND_Steploader_Write      00030148 f   oal:S3C6410_FIL.obj
 0001:0001f448       NAND_Sync                  00030448 f   oal:S3C6410_FIL.obj
 0001:0001f650       NAND_Reset                 00030650 f   oal:S3C6410_FIL.obj
 0001:00020a4c       NAND_Init                  00031a4c f   oal:S3C6410_FIL.obj
 0001:00020f4c       NAND_Write                 00031f4c f   oal:S3C6410_FIL.obj
 0001:000215cc       NAND_Erase                 000325cc f   oal:S3C6410_FIL.obj
 0001:00022e74       NAND_Read                  00033e74 f   oal:S3C6410_FIL.obj
 0001:00023548       NAND_Read_Retry            00034548 f   oal:S3C6410_FIL.obj
 0001:00023780       WMR_Format_FIL             00034780 f   oal:WMR_Utils.obj
 0001:00023a34       WMR_ERASE_VFLAREA          00034a34 f   oal:WMR_Utils.obj
 0001:00023cd4       WMR_Format_VFL             00034cd4 f   oal:WMR_Utils.obj
 0001:00023e44       WMR_Format_FTL             00034e44 f   oal:WMR_Utils.obj
 0001:00025584       FTL_Format                 00036584 f   oal:FTLInterface.obj
 0001:000257f4       FTL_Init                   000367f4 f   oal:FTLInterface.obj
 0001:00025a00       FTL_Close                  00036a00 f   oal:FTLInterface.obj
 0001:000274f4       FTL_Read                   000384f4 f   oal:FTLInterface.obj
 0001:00027944       FTL_Scan                   00038944 f   oal:FTLInterface.obj
 0001:00027b38       FTL_ReadReclaim            00038b38 f   oal:FTLInterface.obj
 0001:00027ce4       FTL_GarbageCollect         00038ce4 f   oal:FTLInterface.obj
 0001:00028558       FTL_Open                   00039558 f   oal:FTLInterface.obj
 0001:000287ac       FTL_Write                  000397ac f   oal:FTLInterface.obj
 0001:00028fe8       FTL_Delete                 00039fe8 f   oal:FTLInterface.obj
 0001:00029334       FIL_Init                   0003a334 f   oal:FIL.obj
 0001:000293b8       FIL_GetFuncTbl             0003a3b8 f   oal:FIL.obj
 0001:000293c4       GetNandInfo                0003a3c4 f   oal:FIL.obj
 0001:000293f8       CalcGlobal                 0003a3f8 f   oal:WMRGlobal.obj
 0001:00029590       GetMlcClass                0003a590 f   oal:WMRGlobal.obj
 0001:00029598       WMR_GetChkSum              0003a598 f   oal:OSLessWMROAM.obj
 0001:00029658       OAM_Memcpy                 0003a658 f   oal:OSLessWMROAM.obj
 0001:00029700       OAM_Memset                 0003a700 f   oal:OSLessWMROAM.obj
 0001:00029774       OAM_Assert                 0003a774 f   oal:OSLessWMROAM.obj
 0001:000297b4       BUF_Init                   0003a7b4 f   oal:VFLBuffer.obj
 0001:00029878       BUF_Get                    0003a878 f   oal:VFLBuffer.obj
 0001:000299bc       BUF_Release                0003a9bc f   oal:VFLBuffer.obj
 0001:00029acc       BUF_Reget                  0003aacc f   oal:VFLBuffer.obj
 0001:00029b64       _Read_512Byte              0003ab64 f   oal:S3C6410_FIL_opt.obj
 0001:00029ba4       _Read_512Byte_Unaligned    0003aba4 f   oal:S3C6410_FIL_opt.obj
 0001:00029c40       _Write_512Byte             0003ac40 f   oal:S3C6410_FIL_opt.obj
 0001:00029c80       _Write_512Byte_Unaligned   0003ac80 f   oal:S3C6410_FIL_opt.obj
 0001:00029d1c       _Write_Dummy_468Byte_AllFF 0003ad1c f   oal:S3C6410_FIL_opt.obj
 0001:00029d70       _Write_Dummy_428Byte_AllFF 0003ad70 f   oal:S3C6410_FIL_opt.obj
 0001:00029dbc       _Write_Dummy_364Byte_AllFF 0003adbc f   oal:S3C6410_FIL_opt.obj
 0001:00029e08       _Write_Dummy_500Byte_AllFF 0003ae08 f   oal:S3C6410_FIL_opt.obj
 0001:00029e5c       _Write_Dummy_492Byte_AllFF 0003ae5c f   oal:S3C6410_FIL_opt.obj
 0001:00029ea8       _Write_Dummy_480Byte_AllFF 0003aea8 f   oal:S3C6410_FIL_opt.obj
 0001:00029ee8       _Write_Dummy_448Byte_AllFF 0003aee8 f   oal:S3C6410_FIL_opt.obj
 0001:00029f28       _STOP_FOR_BREAK            0003af28 f   oal:S3C6410_FIL_opt.obj
 0001:00029f40       InitializeDVS              0003af40 f   s3c6410_PM:dvs.obj
 0001:00029f90       SetCurrentIdleTime         0003af90 f   s3c6410_PM:dvs.obj
 0001:00029fa0       ChangeClockDivider         0003afa0 f   s3c6410_PM:dvs.obj
 0001:0002a01c       ProfileDVSOnOff            0003b01c f   s3c6410_PM:dvs.obj
 0001:0002a1c0       ChangeDVSLevel             0003b1c0 f   s3c6410_PM:dvs.obj
 0001:0002a220       UpdateDVS                  0003b220 f   s3c6410_PM:dvs.obj
 0001:0002a498       OALStall_us                0003b498 f   s3c6410_system_lib_sec_v1:s3c6410_stall.obj
 0001:0002a4fc       OALStall_ms                0003b4fc f   s3c6410_system_lib_sec_v1:s3c6410_stall.obj
 0001:0002a564       OALIoCtlHalRequestSysIntr  0003b564 f   oal_intr_s3c6410_sec_v1:ioctl.obj
 0001:0002a6b0       OALIoCtlHalReleaseSysIntr  0003b6b0 f   oal_intr_s3c6410_sec_v1:ioctl.obj
 0001:0002a760       OALIoCtlHalRequestIrq      0003b760 f   oal_intr_s3c6410_sec_v1:ioctl.obj
 0001:0002a860       OALIoCtlHalGetCPUID        0003b860 f   oal_ioctl_s3c6410_sec_v1:CPUIDCheck.obj
 0001:0002a93c       OALIoCtlHalUpdateMode      0003b93c f   oal_ioctl_s3c6410_sec_v1:imgupd.obj
 0001:0002a9e0       OALIoCtlHalGetRegSecureKeys 0003b9e0 f   oal_ioctl_s3c6410_sec_v1:securekeys.obj
 0001:0002aa64       OALIoCtlProcessorInfo      0003ba64 f   oal_ioctl_s3c6410_sec_v1:procinfo.obj
 0001:0002ac4c       OALIoCtlHalGetRandomSeed   0003bc4c f   oal_ioctl_s3c6410_sec_v1:randomseed.obj
 0001:0002ae10       OALIoCtlHalGetUUID         0003be10 f   oal_ioctl_s3c6410_sec_v1:uuid.obj
 0001:0002b104       OALIoCtlHalGetDeviceInfo   0003c104 f   oal_ioctl_s3c6410_sec_v1:deviceinfo.obj
 0001:0002b4cc       OALIoCtlHalGetDeviceId     0003c4cc f   oal_ioctl_s3c6410_sec_v1:deviceid.obj
 0001:0002b6d8       OALIoCtlHalEnableWake      0003c6d8 f   oal_power_s3c6410_sec_v1:ioctl.obj
 0001:0002b7bc       OALIoCtlHalDisableWake     0003c7bc f   oal_power_s3c6410_sec_v1:ioctl.obj
 0001:0002b8a0       OALIoCtlHalGetWakeSource   0003c8a0 f   oal_power_s3c6410_sec_v1:ioctl.obj
 0001:0002b948       OEMSWReset                 0003c948 f   oal_power_s3c6410_sec_v1:reset.obj
 0001:0002b994       _OEMSWReset                0003c994 f   oal_power_s3c6410_sec_v1:watchdog_sw_rst.obj
 0001:0002ba04       OALIoCtlHalGetCacheInfo    0003ca04 f   oal_cache_s3c6410_sec_v1:ioctl.obj
 0001:0002bb4c       OALIoCtlHalDdkCall         0003cb4c f   oal_io:ioctl.obj
 0001:0002bda8       OALIoBusPowerOff           0003cda8 f   oal_io:power.obj
 0001:0002be08       OALIoBusPowerOn            0003ce08 f   oal_io:power.obj
 0001:0002be68       OALIoTransBusAddress       0003ce68 f   oal_io:trans.obj
 0001:0002bf28       OALIoTransSystemAddress    0003cf28 f   oal_io:trans.obj
 0001:0002bfb4       OALIoReadBusData           0003cfb4 f   oal_io:data.obj
 0001:0002bfbc       OALIoWriteBusData          0003cfbc f   oal_io:data.obj
 0001:0002bfc4       __C_specific_handler       0003cfc4 f   fulllibc:chandler.obj
 0001:0002c110       strlen                     0003d110 f   fulllibc:mdsstrlen.obj
 0001:0002c174       __C_ExecuteTerminationHandler 0003d174 f   fulllibc:jmpuwind.obj
 0001:0002c174       __C_ExecuteExceptionFilter 0003d174 f   fulllibc:jmpuwind.obj
 0003:00000000       OsAxsDataBlock_2           00044000     nkldr:kdinfo.obj
 0003:00000080       OsAxsHwTrap                00044080     nkldr:kdinfo.obj
 0003:0000021c       g_pOemGlobal               0004421c     oemmain:oemglobal.obj
 0003:00000220       __security_cookie          00044220     nkstub:nkstub.obj
 0003:00000224       __security_cookie_complement 00044224     nkstub:nkstub.obj
 0003:00000228       g_oalRtcResetTime          00044228     oal:init.obj
 0003:00000290       initialOALLogZones         00044290     oal_log:debug.obj
 0003:00000298       dpCurSettings              00044298     oal_log:debug.obj
 0003:000006dc       g_oalIoCtlPlatformType     000446dc     oal:ioctl.obj
 0003:000006e0       g_oalIoCtlPlatformOEM      000446e0     oal:ioctl.obj
 0003:000006e4       g_oalIoCtlProcessorVendor  000446e4     oal:ioctl.obj
 0003:000006e8       g_oalIoCtlProcessorName    000446e8     oal:ioctl.obj
 0003:000006ec       g_oalIoCtlProcessorCore    000446ec     oal:ioctl.obj
 0003:00000800       g_aTransitionTable         00044800     s3c6410_PM:dvs.obj
 0003:00000908       g_oalWakeSource            00044908     oal_power_s3c6410_sec_v1:ioctl.obj
 0003:0000094c       g_pProfilerISR             0004494c     oal_intr_s3c6410_sec_v1:intr.obj
 0003:000013fc       g_oalRTCcsInit             000453fc     oal_rtc_s3c6410_sec_v1:rtc.obj
 0003:00001418       g_oalIoCtlInstructionSet   00045418     oal:ioctl.obj
 0003:0000143c       pLocalSData                0004543c     oal:VFLInterface.obj
 0003:000036c0       pLocalMData                000476c0     oal:VFLInterface.obj
 0003:000147e4       bReadSafeMode              000587e4     oal:S3C6410_FIL.obj
 0003:000147e8       bECCEngineError            000587e8     oal:S3C6410_FIL.obj
 0003:00020df8       stDeviceInfo               00064df8     oal:WMRGlobal.obj
 0003:00020e60       stConfig                   00064e60     oal:WMRGlobal.obj
 0003:00020ea8       stLayout                   00064ea8     oal:WMRGlobal.obj
 0003:0002f9d0       g_pNKGlobal                000739d0     <common>
 0003:0002f9d4       gnPpn                      000739d4     <common>
 0003:0002f9e0       csPocketStoreVFL           000739e0     <common>
 0003:0002f9f4       v_pIOP_PIO_regs            000739f4     <common>
 0003:0002f9f8       g_oalIoCtlClockSpeed       000739f8     <common>
 0003:0002fa00       g_oalRTCcs                 00073a00     <common>
 0003:0002fa20       g_oalTimer                 00073a20     <common>
 0003:0002fa60       g_oalCacheInfo             00073a60     <common>

 entry point at        0001:00000000

 Static symbols

 0001:00014640       ReturnFalse                00025640 f   oemmain:oemglobal.obj
 0001:00014648       ReturnSelf                 00025648 f   oemmain:oemglobal.obj
 0001:0001464c       FakeCalcPage               0002564c f   oemmain:oemglobal.obj
 0001:00015d90       PrepareDMACIntr            00026d90 f   oal_intr_s3c6410_sec_v1:intr.obj
 0001:00016980       S3C6410_SaveState_GPIO     00027980 f   oal_power_s3c6410_sec_v1:off.obj
 0001:00016c2c       S3C6410_RestoreState_GPIO  00027c2c f   oal_power_s3c6410_sec_v1:off.obj
 0001:00016ed8       S3C6410_SaveState_DMACon   00027ed8 f   oal_power_s3c6410_sec_v1:off.obj
 0001:0001706c       S3C6410_RestoreState_DMACon 0002806c f   oal_power_s3c6410_sec_v1:off.obj
 0001:00019294       OALIoCtlHalReboot          0002a294 f   oal:ioctl.obj
 0001:000192e8       OALIoCtlHalGetHWEntropy    0002a2e8 f   oal:ioctl.obj
 0001:000193a0       OALIoCtlEBootMAC           0002a3a0 f   oal:ioctl.obj
 0001:00019420       OALIoCtlHalGetHiveCleanFlag 0002a420 f   oal:ioctl.obj
 0001:00019550       OALIoCtlHalQueryFormatPartition 0002a550 f   oal:ioctl.obj
 0001:000196e4       OALIoCtlHalQueryDisplaySettings 0002a6e4 f   oal:ioctl.obj
 0001:00019848       OALIoCtlHalPowerCTL        0002a848 f   oal:ioctl.obj
 0001:00019948       OALIoCtlHalSetSystemLevel  0002a948 f   oal:ioctl.obj
 0001:00019a44       OALIoCtlHalProfileDVS      0002aa44 f   oal:ioctl.obj
 0001:00019b40       OALIoCtlHalClockInfo       0002ab40 f   oal:ioctl.obj
 0001:00019c24       OALIoCtlHalInitRegistry    0002ac24 f   oal:ioctl.obj
 0001:00019cf4       S3C6410_WakeUpSource_Detect 0002acf4 f   oal:power.obj
 0001:0001a1f4       _GetReservedBlk            0002b1f4 f   oal:VFLInterface.obj
 0001:0001a374       _RemapBadBlk               0002b374 f   oal:VFLInterface.obj
 0001:0001a598       _GetPhysicalAddr           0002b598 f   oal:VFLInterface.obj
 0001:0001a6bc       _CheckInitialBad           0002b6bc f   oal:VFLInterface.obj
 0001:0001a848       _WriteBadMark              0002b848 f   oal:VFLInterface.obj
 0001:0001ac54       _PrintVFLCxt               0002bc54 f   oal:VFLInterface.obj
 0001:0001af60       _StoreVFLCxt               0002bf60 f   oal:VFLInterface.obj
 0001:0001b264       _LoadVFLCxt                0002c264 f   oal:VFLInterface.obj
 0001:0001b4d8       _ReplaceBadBlk             0002c4d8 f   oal:VFLInterface.obj
 0001:0001b934       _WaitEraseComplete         0002c934 f   oal:VFLInterface.obj
 0001:0001ea10       _WriteInitBadList          0002fa10 f   oal:VFLInterface.obj
 0001:0001f6b0       Read_DeviceID              000306b0 f   oal:S3C6410_FIL.obj
 0001:0001f828       MLC_Print_Page_Data        00030828 f   oal:S3C6410_FIL.obj
 0001:0001f914       Write_Spare                00030914 f   oal:S3C6410_FIL.obj
 0001:0001fc20       Write_Spare_Separate       00030c20 f   oal:S3C6410_FIL.obj
 0001:00020040       Write_Spare_8BitECC        00031040 f   oal:S3C6410_FIL.obj
 0001:000203a8       Decoding_MainECC           000313a8 f   oal:S3C6410_FIL.obj
 0001:00020488       Decoding_Main8BitECC       00031488 f   oal:S3C6410_FIL.obj
 0001:00020610       Decoding_SpareECC          00031610 f   oal:S3C6410_FIL.obj
 0001:0002074c       Decoding_Spare8BitECC      0003174c f   oal:S3C6410_FIL.obj
 0001:00020908       MLC_Print_SFR              00031908 f   oal:S3C6410_FIL.obj
 0001:00021810       Read_Sector                00032810 f   oal:S3C6410_FIL.obj
 0001:00021a5c       Read_Sector_8BitECC        00032a5c f   oal:S3C6410_FIL.obj
 0001:00021cac       Read_Spare                 00032cac f   oal:S3C6410_FIL.obj
 0001:000222cc       Read_Spare_Separate        000332cc f   oal:S3C6410_FIL.obj
 0001:00022874       Read_Spare_8BitECC         00033874 f   oal:S3C6410_FIL.obj
 0001:00023f4c       _InitBackupLBCxt           00034f4c f   oal:FTLInterface.obj
 0001:00023fc0       _GetBackupLBIdx            00034fc0 f   oal:FTLInterface.obj
 0001:00024008       _LogBlockFreePO            00035008 f   oal:FTLInterface.obj
 0001:000240ac       _DisableCopyMerge          000350ac f   oal:FTLInterface.obj
 0001:00024168       _ScanLogSection            00035168 f   oal:FTLInterface.obj
 0001:000241f4       _GetFreeVb                 000351f4 f   oal:FTLInterface.obj
 0001:000243fc       _SetFreeVb                 000353fc f   oal:FTLInterface.obj
 0001:000244d0       _InitLogCxt                000354d0 f   oal:FTLInterface.obj
 0001:00024530       _ConvertL2V                00035530 f   oal:FTLInterface.obj
 0001:00024668       _GetEC                     00035668 f   oal:FTLInterface.obj
 0001:00024704       _ModifyMap                 00035704 f   oal:FTLInterface.obj
 0001:000247c8       _ModifyReclaimMap          000357c8 f   oal:FTLInterface.obj
 0001:000248d4       _ModifyECTbl               000358d4 f   oal:FTLInterface.obj
 0001:000249d4       _DoCopyMerge               000359d4 f   oal:FTLInterface.obj
 0001:00024df0       _DoSimpleMerge             00035df0 f   oal:FTLInterface.obj
 0001:00025150       _PrintFTLCxt               00036150 f   oal:FTLInterface.obj
 0001:00025ad4       _ShouldLSBCopy             00036ad4 f   oal:FTLInterface.obj
 0001:00025bf4       _EraseBackupLB             00036bf4 f   oal:FTLInterface.obj
 0001:00025c8c       _BackupLSB                 00036c8c f   oal:FTLInterface.obj
 0001:00026050       _StoreFTLCxt               00037050 f   oal:FTLInterface.obj
 0001:000262c8       _LoadFTLCxt                000372c8 f   oal:FTLInterface.obj
 0001:0002667c       _MoveD2F                   0003767c f   oal:FTLInterface.obj
 0001:000267dc       _AutoWearLevel             000377dc f   oal:FTLInterface.obj
 0001:00026a18       _MetaWearLevel             00037a18 f   oal:FTLInterface.obj
 0001:00026bb0       _DoMoveMerge               00037bb0 f   oal:FTLInterface.obj
 0001:00026ef0       _DoTripleMerge             00037ef0 f   oal:FTLInterface.obj
 0001:000272a8       _Merge                     000382a8 f   oal:FTLInterface.obj
 0001:00027d30       _MakeLogMap                00038d30 f   oal:FTLInterface.obj
 0001:0002834c       _PrepareLog                0003934c f   oal:FTLInterface.obj
 0001:0002af4c       ?CheckBufferSize@@YAHPBXABIPAI1PBG@Z 0003bf4c f   oal_ioctl_s3c6410_sec_v1:deviceinfo.obj
 0001:0002aff8       ?GetBootMeName@@YAHPAXIPAIPAPBG@Z 0003bff8 f   oal_ioctl_s3c6410_sec_v1:deviceinfo.obj
