 oal

 Timestamp is 5329104e (Wed Mar 19 11:34:38 2014)

 Preferred load address is 00010000

 Start         Length     Name                   Class
 0001:00000000 00000654H .astart                 CODE
 0001:00000660 00012942H .rdata                  CODE
 0001:00012fa4 00000020H .rdata$debug            CODE
 0001:00012fc4 000192c8H .text                   CODE
 0001:0002c28c 0000008cH .xdata                  CODE
 0001:0002c318 00000000H .edata                  CODE
 0002:00000000 00006000H .KDATA                  DATA
 0003:00000000 0000090cH .data                   DATA
 0003:00000920 0002f188H .bss                    DATA
 0004:00000000 000008a0H .pdata                  DATA

  Address         Publics by Value              Rva+Base       Lib:Object

 0000:00000000       ___safe_se_handler_count   00000000     <absolute>
 0000:00000000       ___safe_se_handler_table   00000000     <absolute>
 0001:00000000       StartUp                    00011000 f   oal:startup.obj
 0001:000002cc       g_oalAddressTable          000112cc     oal:startup.obj
 0001:000003bc       OALCPUPowerOff             000113bc f   oal:startup.obj
 0001:0000067c       pTOC                       0001167c     nkldr:ldrcmn.obj
 0001:00000680       RomExt                     00011680     nkldr:ldrcmn.obj
 0001:000006ac       ??_C@_0L@CPPPICDM@kernel?4dll?$AA@ 000116ac     nkldr:ldrcmn.obj
 0001:00000748       ??_C@_1CG@MGLHDDDB@?$AAI?$AAn?$AAi?$AAt?$AAi?$AAa?$AAl?$AAi?$AAz?$AAe?$AAB?$AAa?$AAn?$AAk?$AA?$CL?$AA?$CL?$AA?$AN?$AA?6?$AA?$AA@ 00011748     oal:init.obj
 0001:00000770       ??_C@_1CG@NMGEKPB@?$AAI?$AAn?$AAi?$AAt?$AAi?$AAa?$AAl?$AAi?$AAz?$AAe?$AAB?$AAa?$AAn?$AAk?$AA?9?$AA?9?$AA?$AN?$AA?6?$AA?$AA@ 00011770     oal:init.obj
 0001:00000798       ??_C@_1DM@HBGEPDCH@?$AA?$FL?$AAO?$AAA?$AAL?$AA?$FN?$AA?5?$AAI?$AAn?$AAi?$AAt?$AAi?$AAa?$AAl?$AAi?$AAz?$AAe?$AAC?$AAL?$AAK?$AAG?$AAa?$AAt?$AAi?$AAn?$AAg?$AA?$CI?$AA?$CJ?$AA?$AN?$AA?6?$AA?$AA@ 00011798     oal:init.obj
 0001:000007d4       ??_C@_1DO@OHHJBPNM@?$AA?$FL?$AAO?$AAA?$AAL?$AA?$FN?$AA?5?$AAI?$AAn?$AAi?$AAt?$AAi?$AAa?$AAl?$AAi?$AAz?$AAe?$AAB?$AAl?$AAo?$AAc?$AAk?$AAP?$AAo?$AAw?$AAe?$AAr?$AA?$CI?$AA?$CJ?$AA?$AN?$AA?6?$AA?$AA@ 000117d4     oal:init.obj
 0001:00000814       ??_C@_1DM@JFKFCMAH@?$AA?$FL?$AAO?$AAA?$AAL?$AA?$FN?$AA?5?$AAI?$AAn?$AAi?$AAt?$AAi?$AAa?$AAl?$AAi?$AAz?$AAe?$AAC?$AAL?$AAK?$AAS?$AAo?$AAu?$AAr?$AAc?$AAe?$AA?$CI?$AA?$CJ?$AA?$AN?$AA?6?$AA?$AA@ 00011814     oal:init.obj
 0001:00000850       ??_C@_1CI@KBBLDFCK@?$AA?$FL?$AAO?$AAA?$AAL?$AA?$FN?$AA?5?$AA?9?$AA?9?$AAO?$AAE?$AAM?$AAI?$AAn?$AAi?$AAt?$AA?$CI?$AA?$CJ?$AA?$AN?$AA?6?$AA?$AA@ 00011850     oal:init.obj
 0001:00000878       ??_C@_1HA@BCLFEIAF@?$AA?$FL?$AAO?$AAA?$AAL?$AA?3?$AAE?$AAR?$AAR?$AA?$FN?$AA?5?$AAO?$AAE?$AAM?$AAI?$AAn?$AAi?$AAt?$AA?$CI?$AA?$CJ?$AA?5?$AA?3?$AA?5?$AAf?$AAa?$AAi?$AAl?$AAe?$AAd?$AA?5?$AAt?$AAo?$AA?5@ 00011878     oal:init.obj
 0001:000008e8       ??_C@_1FO@JLHMMDBF@?$AA?$FL?$AAO?$AAA?$AAL?$AA?$FN?$AA?5?$AAO?$AAE?$AAM?$AAI?$AAn?$AAi?$AAt?$AA?$CI?$AA?$CJ?$AA?5?$AA?3?$AA?5?$AAB?$AAS?$AAP?$AA?5?$AAA?$AAr?$AAg?$AAs?$AA?5?$AAf?$AAo?$AAr?$AAc?$AAe@ 000118e8     oal:init.obj
 0001:00000948       ??_C@_1GE@CAKBAMHM@?$AAD?$AAC?$AAa?$AAc?$AAh?$AAe?$AA?3?$AA?5?$AA?$CF?$AAd?$AA?5?$AAs?$AAe?$AAt?$AAs?$AA?0?$AA?5?$AA?$CF?$AAd?$AA?5?$AAw?$AAa?$AAy?$AAs?$AA?0?$AA?5?$AA?$CF?$AAd?$AA?5?$AAl?$AAi?$AAn@ 00011948     oal:init.obj
 0001:000009b0       ??_C@_1GE@ECCMOOLO@?$AAI?$AAC?$AAa?$AAc?$AAh?$AAe?$AA?3?$AA?5?$AA?$CF?$AAd?$AA?5?$AAs?$AAe?$AAt?$AAs?$AA?0?$AA?5?$AA?$CF?$AAd?$AA?5?$AAw?$AAa?$AAy?$AAs?$AA?0?$AA?5?$AA?$CF?$AAd?$AA?5?$AAl?$AAi?$AAn@ 000119b0     oal:init.obj
 0001:00000a14       ??_C@_1CI@HCNPOOEI@?$AA?$FL?$AAO?$AAA?$AAL?$AA?$FN?$AA?5?$AAP?$AAC?$AAL?$AAK?$AA?5?$AA?5?$AA?5?$AA?3?$AA?5?$AA?$CF?$AAd?$AA?6?$AA?$AN?$AA?$AA@ 00011a14     oal:init.obj
 0001:00000a3c       ??_C@_1CI@GECPNHHA@?$AA?$FL?$AAO?$AAA?$AAL?$AA?$FN?$AA?5?$AAH?$AAC?$AAL?$AAK?$AA?5?$AA?5?$AA?5?$AA?3?$AA?5?$AA?$CF?$AAd?$AA?6?$AA?$AN?$AA?$AA@ 00011a3c     oal:init.obj
 0001:00000a64       ??_C@_1CI@PLDCAKIF@?$AA?$FL?$AAO?$AAA?$AAL?$AA?$FN?$AA?5?$AAA?$AAR?$AAM?$AAC?$AAL?$AAK?$AA?5?$AA?3?$AA?5?$AA?$CF?$AAd?$AA?6?$AA?$AN?$AA?$AA@ 00011a64     oal:init.obj
 0001:00000a90       ??_C@_1EA@MCBEEPHO@?$AA?$FL?$AAO?$AAA?$AAL?$AA?$FN?$AA?5?$AAS?$AA3?$AAC?$AA6?$AA4?$AA1?$AA0?$AA_?$AAA?$AAP?$AAL?$AAL?$AA_?$AAC?$AAL?$AAK?$AA?5?$AA?5?$AA?5?$AA?3?$AA?5?$AA?$CF?$AAd?$AA?6?$AA?$AN?$AA?$AA@ 00011a90     oal:init.obj
 0001:00000ad0       ??_C@_1CI@JLHJOGNF@?$AA?$FL?$AAO?$AAA?$AAL?$AA?$FN?$AA?5?$AA?$CL?$AA?$CL?$AAO?$AAE?$AAM?$AAI?$AAn?$AAi?$AAt?$AA?$CI?$AA?$CJ?$AA?$AN?$AA?6?$AA?$AA@ 00011ad0     oal:init.obj
 0001:00000bc8       ??_C@_05MBDEGLCK@ERROR?$AA@ 00011bc8     oal:ExtPowerCTL_LIB.obj
 0001:00000bd0       ??_C@_03GDJFABIP@CAM?$AA@  00011bd0     oal:ExtPowerCTL_LIB.obj
 0001:00000bd4       ??_C@_04FOAJLA@WIFI?$AA@   00011bd4     oal:ExtPowerCTL_LIB.obj
 0001:00000bdc       ??_C@_03CBGEMLIN@ETH?$AA@  00011bdc     oal:ExtPowerCTL_LIB.obj
 0001:00000be0       ??_C@_04DIHPNBI@DAC1?$AA@  00011be0     oal:ExtPowerCTL_LIB.obj
 0001:00000be8       ??_C@_04BKJMMMFJ@DAC0?$AA@ 00011be8     oal:ExtPowerCTL_LIB.obj
 0001:00000bf0       ??_C@_03OJLAHOPO@LCD?$AA@  00011bf0     oal:ExtPowerCTL_LIB.obj
 0001:00000bf4       ??_C@_03IONNGCBN@USB?$AA@  00011bf4     oal:ExtPowerCTL_LIB.obj
 0001:00000bf8       ??_C@_06EOPOAAHK@CUSTOM?$AA@ 00011bf8     oal:ExtPowerCTL_LIB.obj
 0001:00000c00       ??_C@_08MDDIMDJM@DEFAULTS?$AA@ 00011c00     oal:ExtPowerCTL_LIB.obj
 0001:00000c0c       ??_C@_02BFICIOJL@ON?$AA@   00011c0c     oal:ExtPowerCTL_LIB.obj
 0001:00000c10       ??_C@_03MPPIHBHJ@OFF?$AA@  00011c10     oal:ExtPowerCTL_LIB.obj
 0001:00000d38       ??_C@_1CC@PNKMBGCL@?$AA?9?$AAO?$AAA?$AAL?$AAA?$AAr?$AAg?$AAs?$AAI?$AAn?$AAi?$AAt?$AA?$CI?$AA?$CJ?$AA?$AN?$AA?6?$AA?$AA@ 00011d38     s3c6410_args:args.obj
 0001:00000d5c       ??_C@_1BA@FDKAAGHI@?$AA0?$AAx?$AA?$CF?$AA0?$AA2?$AAx?$AA?5?$AA?$AA@ 00011d5c     s3c6410_args:args.obj
 0001:00000d6c       ??_C@_1BM@PBHBBHJD@?$AAp?$AAA?$AAr?$AAg?$AAs?$AA?5?$AA?3?$AA0?$AAx?$AA?$CF?$AAx?$AA?$AN?$AA?6?$AA?$AA@ 00011d6c     s3c6410_args:args.obj
 0001:00000d88       ??_C@_1GI@NAELMLKD@?$AAA?$AAr?$AAg?$AAu?$AAm?$AAe?$AAn?$AAt?$AAs?$AA?5?$AAa?$AAr?$AAe?$AAa?$AA?5?$AAh?$AAa?$AAs?$AA?5?$AAs?$AAo?$AAm?$AAe?$AA?5?$AAv?$AAa?$AAl?$AAu?$AAe?$AAs?$AA?4?$AA?5@ 00011d88     s3c6410_args:args.obj
 0001:00000df0       ??_C@_1EA@GBPBKONK@?$AAA?$AAr?$AAg?$AAu?$AAm?$AAe?$AAn?$AAt?$AAs?$AA?5?$AAa?$AAr?$AAe?$AAa?$AA?5?$AAi?$AAs?$AA?5?$AAi?$AAn?$AAi?$AAt?$AAi?$AAa?$AAl?$AAi?$AAz?$AAe?$AAd?$AA?$AN?$AA?6?$AA?$AA@ 00011df0     s3c6410_args:args.obj
 0001:00000e30       ??_C@_07KEPNGIJP@TBT6410?$AA@ 00011e30     s3c6410_args:args.obj
 0001:00000e38       ??_C@_1BI@EKLMLBKB@?$AAS?$AAo?$AAc?$AAI?$AAD?$AA?3?$AA0?$AAx?$AA?$CF?$AAx?$AA?6?$AA?$AA@ 00011e38     s3c6410_args:args.obj
 0001:00000e50       ??_C@_1CC@CGKBPAJP@?$AA?$CL?$AAO?$AAA?$AAL?$AAA?$AAr?$AAg?$AAs?$AAI?$AAn?$AAi?$AAt?$AA?$CI?$AA?$CJ?$AA?$AN?$AA?6?$AA?$AA@ 00011e50     s3c6410_args:args.obj
 0001:00000e78       ??_C@_1EA@DJGHLELP@?$AA?9?$AAO?$AAA?$AAL?$AAA?$AAr?$AAg?$AAs?$AAQ?$AAu?$AAe?$AAr?$AAy?$AA?$CI?$AAp?$AAD?$AAa?$AAt?$AAa?$AA?5?$AA?$DN?$AA?5?$AA0?$AAx?$AA?$CF?$AA0?$AA8?$AAx?$AA?$CJ?$AA?$AN?$AA?6?$AA?$AA@ 00011e78     s3c6410_args:args.obj
 0001:00000eb8       ??_C@_1EM@ODHMAKKI@?$AA?$FL?$AAO?$AAA?$AAL?$AA?3?$AAE?$AAR?$AAR?$AA?$FN?$AA?5?$AAA?$AAr?$AAg?$AAu?$AAm?$AAe?$AAn?$AAt?$AAs?$AA?5?$AAa?$AAr?$AAe?$AAa?$AA?5?$AAi?$AAs?$AA?5?$AAi?$AAn?$AAv?$AAa@ 00011eb8     s3c6410_args:args.obj
 0001:00000f04       ??_C@_1CI@CLMEBIJE@?$AA?$CL?$AAO?$AAA?$AAL?$AAA?$AAr?$AAg?$AAs?$AAQ?$AAu?$AAe?$AAr?$AAy?$AA?$CI?$AA?$CF?$AAd?$AA?$CJ?$AA?$AN?$AA?6?$AA?$AA@ 00011f04     s3c6410_args:args.obj
 0001:000012e8       ??_C@_1DO@NDIEKHNP@?$AA?9?$AAO?$AAA?$AAL?$AAI?$AAn?$AAt?$AAr?$AAR?$AAe?$AAq?$AAu?$AAe?$AAs?$AAt?$AAI?$AAr?$AAq?$AAs?$AA?$CI?$AAr?$AAc?$AA?5?$AA?$DN?$AA?5?$AA?$CF?$AAd?$AA?$CJ?$AA?$AN?$AA?6?$AA?$AA@ 000122e8     oal_intr_s3c6410_sec_v1:intr.obj
 0001:00001328       ??_C@_1HO@EBPJKEJJ@?$AA?$CL?$AAO?$AAA?$AAL?$AAI?$AAn?$AAt?$AAr?$AAR?$AAe?$AAq?$AAu?$AAe?$AAs?$AAt?$AAI?$AAr?$AAq?$AAs?$AA?$CI?$AA0?$AAx?$AA?$CF?$AA0?$AA8?$AAx?$AA?9?$AA?$DO?$AA?$CF?$AAd?$AA?1?$AA?$CF@ 00012328     oal_intr_s3c6410_sec_v1:intr.obj
 0001:000013a8       ??_C@_1DM@INNHDHDJ@?$AA?9?$AAO?$AAA?$AAL?$AAI?$AAn?$AAt?$AAr?$AAE?$AAn?$AAa?$AAb?$AAl?$AAe?$AAI?$AAr?$AAq?$AAs?$AA?$CI?$AAr?$AAc?$AA?5?$AA?$DN?$AA?5?$AA?$CF?$AAd?$AA?$CJ?$AA?$AN?$AA?6?$AA?$AA@ 000123a8     oal_intr_s3c6410_sec_v1:intr.obj
 0001:000013e8       ??_C@_1EC@MDFPIGAB@?$AA?$CL?$AAO?$AAA?$AAL?$AAI?$AAn?$AAt?$AAr?$AAE?$AAn?$AAa?$AAb?$AAl?$AAe?$AAI?$AAr?$AAq?$AAs?$AA?$CI?$AA?$CF?$AAd?$AA?0?$AA?5?$AA0?$AAx?$AA?$CF?$AA0?$AA8?$AAx?$AA?$CJ?$AA?$AN?$AA?6@ 000123e8     oal_intr_s3c6410_sec_v1:intr.obj
 0001:0000142c       ??_C@_1CM@GPENGBBP@?$AA?9?$AAO?$AAA?$AAL?$AAI?$AAn?$AAt?$AAr?$AAD?$AAi?$AAs?$AAa?$AAb?$AAl?$AAe?$AAI?$AAr?$AAq?$AAs?$AA?$AN?$AA?6?$AA?$AA@ 0001242c     oal_intr_s3c6410_sec_v1:intr.obj
 0001:00001458       ??_C@_1EE@NIPMEMC@?$AA?$CL?$AAO?$AAA?$AAL?$AAI?$AAn?$AAt?$AAr?$AAD?$AAi?$AAs?$AAa?$AAb?$AAl?$AAe?$AAI?$AAr?$AAq?$AAs?$AA?$CI?$AA?$CF?$AAd?$AA?0?$AA?5?$AA0?$AAx?$AA?$CF?$AA0?$AA8?$AAx?$AA?$CJ?$AA?$AN@ 00012458     oal_intr_s3c6410_sec_v1:intr.obj
 0001:0000149c       ??_C@_1CG@LBOJEJPE@?$AA?9?$AAO?$AAA?$AAL?$AAI?$AAn?$AAt?$AAr?$AAD?$AAo?$AAn?$AAe?$AAI?$AAr?$AAq?$AAs?$AA?$AN?$AA?6?$AA?$AA@ 0001249c     oal_intr_s3c6410_sec_v1:intr.obj
 0001:000014c4       ??_C@_1DO@FCJPHKGC@?$AA?$CL?$AAO?$AAA?$AAL?$AAI?$AAn?$AAt?$AAr?$AAD?$AAo?$AAn?$AAe?$AAI?$AAr?$AAq?$AAs?$AA?$CI?$AA?$CF?$AAd?$AA?0?$AA?5?$AA0?$AAx?$AA?$CF?$AA0?$AA8?$AAx?$AA?$CJ?$AA?$AN?$AA?6?$AA?$AA@ 000124c4     oal_intr_s3c6410_sec_v1:intr.obj
 0001:00001508       ??_C@_1IC@HGAPONJL@?$AA?$FL?$AAO?$AAA?$AAL?$AA?3?$AAE?$AAR?$AAR?$AA?$FN?$AA?5?$AAP?$AAH?$AAY?$AAI?$AAR?$AAQ?$AA_?$AAT?$AAI?$AAM?$AAE?$AAR?$AA4?$AA?5?$AAI?$AAn?$AAt?$AAe?$AAr?$AAr?$AAu?$AAp@ 00012508     oal_intr_s3c6410_sec_v1:intr.obj
 0001:0000158c       ??_C@_1DK@JEFKKIKI@?$AA?9?$AAO?$AAA?$AAL?$AAI?$AAn?$AAt?$AAe?$AAr?$AAr?$AAu?$AAp?$AAt?$AAI?$AAn?$AAi?$AAt?$AA?$CI?$AAr?$AAc?$AA?5?$AA?$DN?$AA?5?$AA?$CF?$AAd?$AA?$CJ?$AA?$AN?$AA?6?$AA?$AA@ 0001258c     oal_intr_s3c6410_sec_v1:intr.obj
 0001:000015c8       ??_C@_1CI@LJHDCJDG@?$AA?$CL?$AAO?$AAA?$AAL?$AAI?$AAn?$AAt?$AAe?$AAr?$AAr?$AAu?$AAp?$AAt?$AAI?$AAn?$AAi?$AAt?$AA?$AN?$AA?6?$AA?$AA@ 000125c8     oal_intr_s3c6410_sec_v1:intr.obj
 0001:000015f0       ??_C@_1CE@HFBIALPK@?$AA?9?$AAO?$AAA?$AAL?$AAI?$AAn?$AAt?$AAr?$AAM?$AAa?$AAp?$AAI?$AAn?$AAi?$AAt?$AA?$AN?$AA?6?$AA?$AA@ 000125f0     oal_intr_s3c6410_sec_v1:map.obj
 0001:00001614       ??_C@_1CE@LMNIPMAG@?$AA?$CL?$AAO?$AAA?$AAL?$AAI?$AAn?$AAt?$AAr?$AAM?$AAa?$AAp?$AAI?$AAn?$AAi?$AAt?$AA?$AN?$AA?6?$AA?$AA@ 00012614     oal_intr_s3c6410_sec_v1:map.obj
 0001:00001638       ??_C@_1DE@CBLJKBBB@?$AA?9?$AAO?$AAA?$AAL?$AAI?$AAn?$AAt?$AAr?$AAS?$AAt?$AAa?$AAt?$AAi?$AAc?$AAT?$AAr?$AAa?$AAn?$AAs?$AAl?$AAa?$AAt?$AAe?$AA?$AN?$AA?6?$AA?$AA@ 00012638     oal_intr_s3c6410_sec_v1:map.obj
 0001:00001670       ??_C@_1EE@DPKCCBO@?$AA?$CL?$AAO?$AAA?$AAL?$AAI?$AAn?$AAt?$AAr?$AAS?$AAt?$AAa?$AAt?$AAi?$AAc?$AAT?$AAr?$AAa?$AAn?$AAs?$AAl?$AAa?$AAt?$AAe?$AA?$CI?$AA?$CF?$AAd?$AA?0?$AA?5?$AA?$CF?$AAd?$AA?$CJ?$AA?$AN@ 00012670     oal_intr_s3c6410_sec_v1:map.obj
 0001:000016b8       ??_C@_1EK@JOJPHPGP@?$AA?9?$AAO?$AAA?$AAL?$AAI?$AAn?$AAt?$AAr?$AAT?$AAr?$AAa?$AAn?$AAs?$AAl?$AAa?$AAt?$AAe?$AAI?$AAr?$AAq?$AA?$CI?$AAs?$AAy?$AAs?$AAI?$AAn?$AAt?$AAr?$AA?5?$AA?$DN?$AA?5?$AA?$CF@ 000126b8     oal_intr_s3c6410_sec_v1:map.obj
 0001:00001704       ??_C@_1DG@IAFKCJEB@?$AA?$CL?$AAO?$AAA?$AAL?$AAI?$AAn?$AAt?$AAr?$AAT?$AAr?$AAa?$AAn?$AAs?$AAl?$AAa?$AAt?$AAe?$AAI?$AAr?$AAq?$AA?$CI?$AA?$CF?$AAd?$AA?$CJ?$AA?$AN?$AA?6?$AA?$AA@ 00012704     oal_intr_s3c6410_sec_v1:map.obj
 0001:00001740       ??_C@_1EO@CCPDBEFN@?$AA?9?$AAO?$AAA?$AAL?$AAI?$AAn?$AAt?$AAr?$AAR?$AAe?$AAq?$AAu?$AAe?$AAs?$AAt?$AAS?$AAy?$AAs?$AAI?$AAn?$AAt?$AAr?$AA?$CI?$AAs?$AAy?$AAs?$AAI?$AAn?$AAt?$AAr?$AA?5?$AA?$DN@ 00012740     oal_intr_s3c6410_sec_v1:map.obj
 0001:00001790       ??_C@_1GC@JJGCGEOC@?$AA?9?$AAO?$AAA?$AAL?$AAI?$AAn?$AAt?$AAr?$AAR?$AAe?$AAq?$AAu?$AAe?$AAs?$AAt?$AAS?$AAy?$AAs?$AAI?$AAn?$AAt?$AAr?$AA?$CI?$AAi?$AAr?$AAq?$AA?5?$AA?$DN?$AA?5?$AA?$CF?$AAd?$AA?0@ 00012790     oal_intr_s3c6410_sec_v1:map.obj
 0001:000017f8       ??_C@_1HE@LGNFBECO@?$AAE?$AAR?$AAR?$AAO?$AAR?$AA?3?$AA?5?$AAO?$AAA?$AAL?$AAI?$AAn?$AAt?$AAr?$AAR?$AAe?$AAq?$AAu?$AAe?$AAs?$AAt?$AAS?$AAy?$AAs?$AAI?$AAn?$AAt?$AAr?$AA?3?$AA?5?$AAN?$AAo@ 000127f8     oal_intr_s3c6410_sec_v1:map.obj
 0001:00001870       ??_C@_1JG@CKDDKDGB@?$AAE?$AAR?$AAR?$AAO?$AAR?$AA?3?$AA?5?$AAO?$AAA?$AAL?$AAI?$AAn?$AAt?$AAr?$AAR?$AAe?$AAq?$AAu?$AAe?$AAs?$AAt?$AAS?$AAy?$AAs?$AAI?$AAn?$AAt?$AAr?$AA?3?$AA?5?$AAS?$AAt@ 00012870     oal_intr_s3c6410_sec_v1:map.obj
 0001:00001908       ??_C@_1FK@JNHCPMAP@?$AA?$CL?$AAO?$AAA?$AAL?$AAI?$AAn?$AAt?$AAr?$AAR?$AAe?$AAq?$AAu?$AAe?$AAs?$AAt?$AAS?$AAy?$AAs?$AAI?$AAn?$AAt?$AAr?$AA?$CI?$AA?$CF?$AAd?$AA?0?$AA?5?$AA0?$AAx?$AA?$CF?$AA0?$AA8@ 00012908     oal_intr_s3c6410_sec_v1:map.obj
 0001:00001968       ??_C@_1EE@GBADJBKJ@?$AA?9?$AAO?$AAA?$AAL?$AAI?$AAn?$AAt?$AAr?$AAR?$AAe?$AAl?$AAe?$AAa?$AAs?$AAe?$AAS?$AAy?$AAs?$AAI?$AAn?$AAt?$AAr?$AA?$CI?$AAr?$AAc?$AA?5?$AA?$DN?$AA?5?$AA?$CF?$AAd?$AA?$CJ?$AA?$AN@ 00012968     oal_intr_s3c6410_sec_v1:map.obj
 0001:000019b0       ??_C@_1HC@BIEMDHNG@?$AAE?$AAR?$AAR?$AAO?$AAR?$AA?3?$AA?5?$AAO?$AAA?$AAL?$AAI?$AAn?$AAt?$AAr?$AAR?$AAe?$AAl?$AAe?$AAa?$AAs?$AAe?$AAS?$AAy?$AAs?$AAI?$AAn?$AAt?$AAr?$AA?3?$AA?5?$AAI?$AAn@ 000129b0     oal_intr_s3c6410_sec_v1:map.obj
 0001:00001a24       ??_C@_1DK@GDEEGDPM@?$AA?$CL?$AAO?$AAA?$AAL?$AAI?$AAn?$AAt?$AAr?$AAR?$AAe?$AAl?$AAe?$AAa?$AAs?$AAe?$AAS?$AAy?$AAs?$AAI?$AAn?$AAt?$AAr?$AA?$CI?$AA?$CF?$AAd?$AA?$CJ?$AA?$AN?$AA?6?$AA?$AA@ 00012a24     oal_intr_s3c6410_sec_v1:map.obj
 0001:00001a60       ??_C@_1DM@KHBFOEPK@?$AA?9?$AAO?$AAE?$AAM?$AAI?$AAn?$AAt?$AAe?$AAr?$AAr?$AAu?$AAp?$AAt?$AAE?$AAn?$AAa?$AAb?$AAl?$AAe?$AA?$CI?$AAr?$AAc?$AA?5?$AA?$DN?$AA?5?$AA1?$AA?$CJ?$AA?$AN?$AA?6?$AA?$AA@ 00012a60     oal_intr_s3c6410_sec_v1:map.obj
 0001:00001aa0       ??_C@_1EI@HHGIJMMI@?$AA?$CL?$AAO?$AAE?$AAM?$AAI?$AAn?$AAt?$AAe?$AAr?$AAr?$AAu?$AAp?$AAt?$AAE?$AAn?$AAa?$AAb?$AAl?$AAe?$AA?$CI?$AA?$CF?$AAd?$AA?0?$AA?5?$AA0?$AAx?$AA?$CF?$AAx?$AA?0?$AA?5?$AA?$CF?$AAd@ 00012aa0     oal_intr_s3c6410_sec_v1:map.obj
 0001:00001ae8       ??_C@_1CO@FKOPLHGO@?$AA?9?$AAO?$AAE?$AAM?$AAI?$AAn?$AAt?$AAe?$AAr?$AAr?$AAu?$AAp?$AAt?$AAD?$AAi?$AAs?$AAa?$AAb?$AAl?$AAe?$AA?$AN?$AA?6?$AA?$AA@ 00012ae8     oal_intr_s3c6410_sec_v1:map.obj
 0001:00001b18       ??_C@_1DG@HOKLDENP@?$AA?$CL?$AAO?$AAE?$AAM?$AAI?$AAn?$AAt?$AAe?$AAr?$AAr?$AAu?$AAp?$AAt?$AAD?$AAi?$AAs?$AAa?$AAb?$AAl?$AAe?$AA?$CI?$AA?$CF?$AAd?$AA?$CJ?$AA?$AN?$AA?6?$AA?$AA@ 00012b18     oal_intr_s3c6410_sec_v1:map.obj
 0001:00001b50       ??_C@_1CI@OPHGDEL@?$AA?9?$AAO?$AAE?$AAM?$AAI?$AAn?$AAt?$AAe?$AAr?$AAr?$AAu?$AAp?$AAt?$AAM?$AAa?$AAs?$AAk?$AA?$AN?$AA?6?$AA?$AA@ 00012b50     oal_intr_s3c6410_sec_v1:map.obj
 0001:00001b78       ??_C@_1DI@MFEEGIMP@?$AA?$CL?$AAO?$AAE?$AAM?$AAI?$AAn?$AAt?$AAe?$AAr?$AAr?$AAu?$AAp?$AAt?$AAM?$AAa?$AAs?$AAk?$AA?$CI?$AA?$CF?$AAd?$AA?0?$AA?5?$AA?$CF?$AAd?$AA?$CJ?$AA?$AN?$AA?6?$AA?$AA@ 00012b78     oal_intr_s3c6410_sec_v1:map.obj
 0001:00001bb0       ??_C@_1CI@IOEKFHHP@?$AA?9?$AAO?$AAE?$AAM?$AAI?$AAn?$AAt?$AAe?$AAr?$AAr?$AAu?$AAp?$AAt?$AAD?$AAo?$AAn?$AAe?$AA?$AN?$AA?6?$AA?$AA@ 00012bb0     oal_intr_s3c6410_sec_v1:map.obj
 0001:00001bd8       ??_C@_1DA@HAMHGFMF@?$AA?$CL?$AAO?$AAE?$AAM?$AAI?$AAn?$AAt?$AAe?$AAr?$AAr?$AAu?$AAp?$AAt?$AAD?$AAo?$AAn?$AAe?$AA?$CI?$AA?$CF?$AAd?$AA?$CJ?$AA?$AN?$AA?6?$AA?$AA@ 00012bd8     oal_intr_s3c6410_sec_v1:map.obj
 0001:00001c98       ??_C@_1DC@EGGJEANK@?$AA?9?$AAO?$AAE?$AAM?$AAI?$AAo?$AAC?$AAo?$AAn?$AAt?$AAr?$AAo?$AAl?$AA?$CI?$AAr?$AAc?$AA?5?$AA?$DN?$AA?5?$AA?$CF?$AAd?$AA?$CJ?$AA?$AN?$AA?6?$AA?$AA@ 00012c98     oal_ioctl_s3c6410_sec_v1:ioctl.obj
 0001:00001cd0       ??_C@_1HM@LHHDIECD@?$AAO?$AAE?$AAM?$AAI?$AAo?$AAC?$AAo?$AAn?$AAt?$AAr?$AAo?$AAl?$AA?3?$AA?5?$AAU?$AAn?$AAs?$AAu?$AAp?$AAp?$AAo?$AAr?$AAt?$AAe?$AAd?$AA?5?$AAC?$AAo?$AAd?$AAe?$AA?5?$AA0@ 00012cd0     oal_ioctl_s3c6410_sec_v1:ioctl.obj
 0001:00001d50       ??_C@_1GA@KJDOLNLD@?$AA?$CL?$AAO?$AAE?$AAM?$AAI?$AAo?$AAC?$AAo?$AAn?$AAt?$AAr?$AAo?$AAl?$AA?$CI?$AA0?$AAx?$AA?$CF?$AAx?$AA?0?$AA?5?$AA0?$AAx?$AA?$CF?$AAx?$AA?0?$AA?5?$AA?$CF?$AAd?$AA?0?$AA?5?$AA0?$AAx@ 00012d50     oal_ioctl_s3c6410_sec_v1:ioctl.obj
 0001:00001e40       ??_C@_1CM@PCOKJND@?$AA?$FL?$AAO?$AAE?$AAM?$AA?$FN?$AA?5?$AA?9?$AA?9?$AAO?$AAE?$AAM?$AAP?$AAo?$AAw?$AAe?$AAr?$AAO?$AAf?$AAf?$AA?$CI?$AA?$CJ?$AA?$AA@ 00012e40     oal_power_s3c6410_sec_v1:off.obj
 0001:00001e6c       ??_C@_1DK@GPINFMBJ@?$AAO?$AAE?$AAM?$AAP?$AAo?$AAw?$AAe?$AAr?$AAO?$AAf?$AAf?$AA?3?$AA?5?$AAK?$AAI?$AAT?$AAL?$AA?5?$AAD?$AAi?$AAs?$AAa?$AAb?$AAl?$AAe?$AAd?$AA?$AN?$AA?6?$AA?$AA@ 00012e6c     oal_power_s3c6410_sec_v1:off.obj
 0001:00001ea8       ??_C@_1CM@MPCDPENM@?$AA?$FL?$AAO?$AAE?$AAM?$AA?$FN?$AA?5?$AA?$CL?$AA?$CL?$AAO?$AAE?$AAM?$AAP?$AAo?$AAw?$AAe?$AAr?$AAO?$AAf?$AAf?$AA?$CI?$AA?$CJ?$AA?$AA@ 00012ea8     oal_power_s3c6410_sec_v1:off.obj
 0001:00001f68       ??_C@_1DE@DGCDHBJ@?$AA?9?$AAO?$AAE?$AAM?$AAP?$AAr?$AAo?$AAf?$AAi?$AAl?$AAe?$AAT?$AAi?$AAm?$AAe?$AAr?$AAD?$AAi?$AAs?$AAa?$AAb?$AAl?$AAe?$AA?$AN?$AA?6?$AA?$AA@ 00012f68     oal_profiler_s3c6410_sec_v1:profiler.obj
 0001:00001f9c       ??_C@_1DI@ICCHIFPG@?$AA?$CL?$AAO?$AAE?$AAM?$AAP?$AAr?$AAo?$AAf?$AAi?$AAl?$AAe?$AAT?$AAi?$AAm?$AAe?$AAr?$AAD?$AAi?$AAs?$AAa?$AAb?$AAl?$AAe?$AA?$CI?$AA?$CJ?$AA?$AN?$AA?6?$AA?$AA@ 00012f9c     oal_profiler_s3c6410_sec_v1:profiler.obj
 0001:00001fd4       ??_C@_1DC@ONFHCFK@?$AA?9?$AAO?$AAE?$AAM?$AAP?$AAr?$AAo?$AAf?$AAi?$AAl?$AAe?$AAT?$AAi?$AAm?$AAe?$AAr?$AAE?$AAn?$AAa?$AAb?$AAl?$AAe?$AA?$AN?$AA?6?$AA?$AA@ 00012fd4     oal_profiler_s3c6410_sec_v1:profiler.obj
 0001:00002008       ??_C@_1DK@OJEFEGCL@?$AA?$CL?$AAO?$AAE?$AAM?$AAP?$AAr?$AAo?$AAf?$AAi?$AAl?$AAe?$AAT?$AAi?$AAm?$AAe?$AAr?$AAE?$AAn?$AAa?$AAb?$AAl?$AAe?$AA?$CI?$AA?$CF?$AAd?$AA?$CJ?$AA?$AN?$AA?6?$AA?$AA@ 00013008     oal_profiler_s3c6410_sec_v1:profiler.obj
 0001:000020d8       ??_C@_1DG@HLFPOJPE@?$AA?9?$AAO?$AAE?$AAM?$AAG?$AAe?$AAt?$AAR?$AAe?$AAa?$AAl?$AAT?$AAi?$AAm?$AAe?$AA?$CI?$AAr?$AAc?$AA?5?$AA?$DN?$AA?5?$AA?$CF?$AAd?$AA?$CJ?$AA?$AN?$AA?6?$AA?$AA@ 000130d8     oal_rtc_s3c6410_sec_v1:rtc.obj
 0001:00002110       ??_C@_1EA@JJILIKOH@?$AA?$CL?$AAO?$AAE?$AAM?$AAG?$AAe?$AAt?$AAR?$AAe?$AAa?$AAl?$AAT?$AAi?$AAm?$AAe?$AA?$CI?$AAp?$AAT?$AAi?$AAm?$AAe?$AA?5?$AA?$DN?$AA?5?$AA0?$AAx?$AA?$CF?$AAx?$AA?$CJ?$AA?$AN?$AA?6?$AA?$AA@ 00013110     oal_rtc_s3c6410_sec_v1:rtc.obj
 0001:00002150       ??_C@_1DG@MOFFCBMN@?$AA?9?$AAO?$AAE?$AAM?$AAS?$AAe?$AAt?$AAR?$AAe?$AAa?$AAl?$AAT?$AAi?$AAm?$AAe?$AA?$CI?$AAr?$AAc?$AA?5?$AA?$DN?$AA?5?$AA?$CF?$AAd?$AA?$CJ?$AA?$AN?$AA?6?$AA?$AA@ 00013150     oal_rtc_s3c6410_sec_v1:rtc.obj
 0001:00002188       ??_C@_1LM@OMFKANDO@?$AAE?$AAR?$AAR?$AAO?$AAR?$AA?3?$AA?5?$AAO?$AAE?$AAM?$AAS?$AAe?$AAt?$AAR?$AAe?$AAa?$AAl?$AAT?$AAi?$AAm?$AAe?$AA?3?$AA?5?$AAR?$AAT?$AAC?$AA?5?$AAc?$AAa?$AAn?$AAn?$AAo@ 00013188     oal_rtc_s3c6410_sec_v1:rtc.obj
 0001:00002248       ??_C@_1FC@DNBEFFJD@?$AAO?$AAE?$AAM?$AAS?$AAe?$AAt?$AAR?$AAe?$AAa?$AAl?$AAT?$AAi?$AAm?$AAe?$AA?$CI?$AA?$CF?$AAd?$AA?1?$AA?$CF?$AAd?$AA?1?$AA?$CF?$AAd?$AA?5?$AA?$CF?$AAd?$AA?3?$AA?$CF?$AAd?$AA?3?$AA?$CF?$AAd@ 00013248     oal_rtc_s3c6410_sec_v1:rtc.obj
 0001:000022a0       ??_C@_1FE@NLGIDKMA@?$AA?$CL?$AAO?$AAE?$AAM?$AAS?$AAe?$AAt?$AAR?$AAe?$AAa?$AAl?$AAT?$AAi?$AAm?$AAe?$AA?$CI?$AA?$CF?$AAd?$AA?1?$AA?$CF?$AAd?$AA?1?$AA?$CF?$AAd?$AA?5?$AA?$CF?$AAd?$AA?3?$AA?$CF?$AAd?$AA?3?$AA?$CF@ 000132a0     oal_rtc_s3c6410_sec_v1:rtc.obj
 0001:000022f4       ??_C@_1DI@MKCLCMDC@?$AA?9?$AAO?$AAE?$AAM?$AAS?$AAe?$AAt?$AAA?$AAl?$AAa?$AAr?$AAm?$AAT?$AAi?$AAm?$AAe?$AA?$CI?$AAr?$AAc?$AA?5?$AA?$DN?$AA?5?$AA?$CF?$AAd?$AA?$CJ?$AA?$AN?$AA?6?$AA?$AA@ 000132f4     oal_rtc_s3c6410_sec_v1:rtc.obj
 0001:00002330       ??_C@_1FG@LDBAHALN@?$AA?$CL?$AAO?$AAE?$AAM?$AAS?$AAe?$AAt?$AAA?$AAl?$AAa?$AAr?$AAm?$AAT?$AAi?$AAm?$AAe?$AA?$CI?$AA?$CF?$AAd?$AA?1?$AA?$CF?$AAd?$AA?1?$AA?$CF?$AAd?$AA?5?$AA?$CF?$AAd?$AA?3?$AA?$CF?$AAd?$AA?3@ 00013330     oal_rtc_s3c6410_sec_v1:rtc.obj
 0001:00002388       ??_C@_1DO@FGGICPPB@?$AA?9?$AAO?$AAA?$AAL?$AAI?$AAo?$AAC?$AAt?$AAl?$AAH?$AAa?$AAl?$AAI?$AAn?$AAi?$AAt?$AAR?$AAT?$AAC?$AA?$CI?$AAr?$AAc?$AA?5?$AA?$DN?$AA?5?$AA?$CF?$AAd?$AA?$CJ?$AA?$AN?$AA?6?$AA?$AA@ 00013388     oal_rtc_s3c6410_sec_v1:rtc.obj
 0001:000023c8       ??_C@_1FO@ODJLIDFO@?$AAE?$AAR?$AAR?$AAO?$AAR?$AA?3?$AA?5?$AAO?$AAA?$AAL?$AAI?$AAo?$AAC?$AAt?$AAl?$AAH?$AAa?$AAl?$AAI?$AAn?$AAi?$AAt?$AAR?$AAT?$AAC?$AA?3?$AA?5?$AAI?$AAn?$AAv?$AAa?$AAl@ 000133c8     oal_rtc_s3c6410_sec_v1:rtc.obj
 0001:00002428       ??_C@_1HI@HFHAIBHN@?$AAI?$AAn?$AAv?$AAa?$AAl?$AAi?$AAd?$AA?5?$AAR?$AAT?$AAC?$AA?5?$AAT?$AAi?$AAm?$AAe?$AA?5?$AA?$CI?$AA?$CF?$AAd?$AA?4?$AA?$CF?$AAd?$AA?4?$AA?$CF?$AAd?$AA?0?$AA?5?$AA?$CF?$AAd?$AA?3?$AA?$CF@ 00013428     oal_rtc_s3c6410_sec_v1:rtc.obj
 0001:000024a0       ??_C@_1DG@PECFOPGF@?$AA?$CL?$AAO?$AAA?$AAL?$AAI?$AAo?$AAC?$AAt?$AAl?$AAH?$AAa?$AAl?$AAI?$AAn?$AAi?$AAt?$AAR?$AAT?$AAC?$AA?$CI?$AA?4?$AA?4?$AA?4?$AA?$CJ?$AA?$AN?$AA?6?$AA?$AA@ 000134a0     oal_rtc_s3c6410_sec_v1:rtc.obj
 0001:00002568       ??_C@_1DC@BNLGCJKD@?$AA?9?$AAO?$AAA?$AAL?$AAT?$AAi?$AAm?$AAe?$AAr?$AAI?$AAn?$AAi?$AAt?$AA?$CI?$AAr?$AAc?$AA?5?$AA?$DN?$AA?5?$AA?$CF?$AAd?$AA?$CJ?$AA?$AN?$AA?6?$AA?$AA@ 00013568     oal_timer_s3c6410_sec_v1:timer.obj
 0001:000025a0       ??_C@_1HA@CPDFBGLD@?$AAE?$AAR?$AAR?$AAO?$AAR?$AA?3?$AA?5?$AAO?$AAA?$AAL?$AAT?$AAi?$AAm?$AAe?$AAr?$AAI?$AAn?$AAi?$AAt?$AA?3?$AA?5?$AAS?$AAy?$AAs?$AAt?$AAe?$AAm?$AA?5?$AAt?$AAi?$AAc?$AAk@ 000135a0     oal_timer_s3c6410_sec_v1:timer.obj
 0001:00002610       ??_C@_1HM@CJGLDOPJ@?$AAE?$AAR?$AAR?$AAO?$AAR?$AA?3?$AA?5?$AAO?$AAA?$AAL?$AAT?$AAi?$AAm?$AAe?$AAr?$AAI?$AAn?$AAi?$AAt?$AA?3?$AA?5?$AAI?$AAn?$AAt?$AAe?$AAr?$AAr?$AAu?$AAp?$AAt?$AA?5?$AAe@ 00013610     oal_timer_s3c6410_sec_v1:timer.obj
 0001:0000268c       ??_C@_1DM@HOCGOKJC@?$AA?$CL?$AAO?$AAA?$AAL?$AAT?$AAi?$AAm?$AAe?$AAr?$AAI?$AAn?$AAi?$AAt?$AA?$CI?$AA?5?$AA?$CF?$AAd?$AA?0?$AA?5?$AA?$CF?$AAd?$AA?0?$AA?5?$AA?$CF?$AAd?$AA?5?$AA?$CJ?$AA?$AN?$AA?6?$AA?$AA@ 0001368c     oal_timer_s3c6410_sec_v1:timer.obj
 0001:000027e8       ??_C@_1CM@BMDDLKDO@?$AA?9?$AAO?$AAE?$AAM?$AAC?$AAa?$AAc?$AAh?$AAe?$AAR?$AAa?$AAn?$AAg?$AAe?$AAF?$AAl?$AAu?$AAs?$AAh?$AA?$AN?$AA?6?$AA?$AA@ 000137e8     oal_cache_s3c6410_sec_v1:flush.obj
 0001:00002818       ??_C@_1FE@FFFKHHBK@?$AA?$CL?$AAO?$AAE?$AAM?$AAC?$AAa?$AAc?$AAh?$AAe?$AAR?$AAa?$AAn?$AAg?$AAe?$AAF?$AAl?$AAu?$AAs?$AAh?$AA?$CI?$AA0?$AAx?$AA?$CF?$AA0?$AA8?$AAx?$AA?0?$AA?5?$AA?$CF?$AAd?$AA?0?$AA?5@ 00013818     oal_cache_s3c6410_sec_v1:flush.obj
 0001:0000286c       ??_C@_1DE@DAHNLBLJ@?$AA?9?$AAO?$AAA?$AAL?$AAP?$AAA?$AAt?$AAo?$AAV?$AAA?$AA?$CI?$AAv?$AAa?$AA?5?$AA?$DN?$AA?5?$AA0?$AAx?$AA?$CF?$AA0?$AA8?$AAx?$AA?$CJ?$AA?$AN?$AA?6?$AA?$AA@ 0001386c     oal_memory_arm:memory.obj
 0001:000028a0       ??_C@_1CO@JEIJEAKF@?$AA?$CL?$AAO?$AAA?$AAL?$AAP?$AAA?$AAt?$AAo?$AAV?$AAA?$AA?$CI?$AA0?$AAx?$AA?$CF?$AAx?$AA?0?$AA?5?$AA?$CF?$AAd?$AA?$CJ?$AA?$AN?$AA?6?$AA?$AA@ 000138a0     oal_memory_arm:memory.obj
 0001:00002a80       ??_C@_1DA@IFJDAPD@?$AA?$FL?$AAO?$AAA?$AAL?$AA?$FN?$AA?5?$AA?9?$AA?9?$AAB?$AAS?$AAP?$AAI?$AAn?$AAt?$AAr?$AAI?$AAn?$AAi?$AAt?$AA?$CI?$AA?$CJ?$AA?$AN?$AA?6?$AA?$AA@ 00013a80     oal:intr.obj
 0001:00002ab0       ??_C@_1GM@HIGIMHNP@?$AAB?$AAS?$AAP?$AAI?$AAn?$AAt?$AAr?$AAI?$AAn?$AAi?$AAt?$AA?3?$AA?5?$AAS?$AAY?$AAS?$AAI?$AAN?$AAT?$AAR?$AA_?$AAD?$AAM?$AA9?$AA0?$AA0?$AA0?$AAA?$AA1?$AA?5?$AAH?$AAi@ 00013ab0     oal:intr.obj
 0001:00002b20       ??_C@_1EM@DPLNINPM@?$AA?$CK?$AA?$CK?$AA?$CK?$AA?$CK?$AA?$CK?$AA?$CK?$AAD?$AAM?$AA9?$AA0?$AA0?$AA0?$AAA?$AA1?$AA?5?$AAp?$AAG?$AAP?$AAI?$AAO?$AAR?$AAe?$AAg?$AA?9?$AA?$DO?$AAG?$AAP?$AAN?$AAC?$AAO?$AAN?$AA?$DN@ 00013b20     oal:intr.obj
 0001:00002b70       ??_C@_1FG@DEGIFAM@?$AA?$CK?$AA?$CK?$AA?$CK?$AA?$CK?$AA?$CK?$AA?$CK?$AAD?$AAM?$AA9?$AA0?$AA0?$AA0?$AAA?$AA1?$AA?5?$AA?7?$AAp?$AAG?$AAP?$AAI?$AAO?$AAR?$AAe?$AAg?$AA?9?$AA?$DO?$AAE?$AAI?$AAN?$AAT?$AA0?$AAC@ 00013b70     oal:intr.obj
 0001:00002bc8       ??_C@_1FG@EMHCGHAG@?$AA?$CK?$AA?$CK?$AA?$CK?$AA?$CK?$AA?$CK?$AA?$CK?$AAD?$AAM?$AA9?$AA0?$AA0?$AA0?$AAA?$AA1?$AA?5?$AAp?$AAG?$AAP?$AAI?$AAO?$AAR?$AAe?$AAg?$AA?9?$AA?$DO?$AAE?$AAI?$AAN?$AAT?$AA0?$AAM?$AAA@ 00013bc8     oal:intr.obj
 0001:00002c20       ??_C@_1FG@DACEFEHE@?$AA?$CK?$AA?$CK?$AA?$CK?$AA?$CK?$AA?$CK?$AA?$CK?$AAD?$AAM?$AA9?$AA0?$AA0?$AA0?$AAA?$AA1?$AA?5?$AAp?$AAG?$AAP?$AAI?$AAO?$AAR?$AAe?$AAg?$AA?9?$AA?$DO?$AAE?$AAI?$AAN?$AAT?$AA0?$AAP?$AAE@ 00013c20     oal:intr.obj
 0001:00002c78       ??_C@_1DA@BKJECBLL@?$AA?$FL?$AAO?$AAA?$AAL?$AA?$FN?$AA?5?$AA?$CL?$AA?$CL?$AAB?$AAS?$AAP?$AAI?$AAn?$AAt?$AAr?$AAI?$AAn?$AAi?$AAt?$AA?$CI?$AA?$CJ?$AA?$AN?$AA?6?$AA?$AA@ 00013c78     oal:intr.obj
 0001:00002ca8       ??_C@_1DM@POOLLMMJ@?$AA?9?$AAB?$AAS?$AAP?$AAI?$AAn?$AAt?$AAr?$AAR?$AAe?$AAq?$AAu?$AAe?$AAs?$AAt?$AAI?$AAr?$AAq?$AA?$CI?$AAr?$AAc?$AA?5?$AA?$DN?$AA?5?$AA?$CF?$AAd?$AA?$CJ?$AA?$AN?$AA?6?$AA?$AA@ 00013ca8     oal:intr.obj
 0001:00002ce8       ??_C@_1HM@BJHIHKHI@?$AA?$CL?$AAB?$AAS?$AAP?$AAI?$AAn?$AAt?$AAr?$AAR?$AAe?$AAq?$AAu?$AAe?$AAs?$AAt?$AAI?$AAr?$AAq?$AA?$CI?$AA0?$AAx?$AA?$CF?$AA0?$AA8?$AAx?$AA?9?$AA?$DO?$AA?$CF?$AAd?$AA?1?$AA?$CF?$AAd@ 00013ce8     oal:intr.obj
 0001:00002d64       ??_C@_1DM@GADKKEEP@?$AA?9?$AAB?$AAS?$AAP?$AAI?$AAn?$AAt?$AAr?$AAE?$AAn?$AAa?$AAb?$AAl?$AAe?$AAI?$AAr?$AAq?$AA?$CI?$AAi?$AAr?$AAq?$AA?5?$AA?$DN?$AA?5?$AA?$CF?$AAd?$AA?$CJ?$AA?$AN?$AA?6?$AA?$AA@ 00013d64     oal:intr.obj
 0001:00002da0       ??_C@_1DA@PAHKCAOI@?$AA?$CL?$AAB?$AAS?$AAP?$AAI?$AAn?$AAt?$AAr?$AAE?$AAn?$AAa?$AAb?$AAl?$AAe?$AAI?$AAr?$AAq?$AA?$CI?$AA?$CF?$AAd?$AA?$CJ?$AA?$AN?$AA?6?$AA?$AA@ 00013da0     oal:intr.obj
 0001:00002dd0       ??_C@_1DM@GBABPOAA@?$AA?9?$AAB?$AAS?$AAP?$AAI?$AAn?$AAt?$AAr?$AAD?$AAi?$AAs?$AAa?$AAb?$AAl?$AAe?$AAI?$AAr?$AAq?$AA?$CI?$AAi?$AAr?$AAq?$AA?5?$AA?$DN?$AA?5?$AA?$CF?$AAd?$AA?$AN?$AA?6?$AA?$AA@ 00013dd0     oal:intr.obj
 0001:00002e0c       ??_C@_1DC@CAJPFJLN@?$AA?$CL?$AAB?$AAS?$AAP?$AAI?$AAn?$AAt?$AAr?$AAD?$AAi?$AAs?$AAa?$AAb?$AAl?$AAe?$AAI?$AAr?$AAq?$AA?$CI?$AA?$CF?$AAd?$AA?$CJ?$AA?$AN?$AA?6?$AA?$AA@ 00013e0c     oal:intr.obj
 0001:00002e40       ??_C@_1DI@MKBFOAP@?$AA?9?$AAB?$AAS?$AAP?$AAI?$AAn?$AAt?$AAr?$AAD?$AAo?$AAn?$AAe?$AAI?$AAr?$AAq?$AA?$CI?$AAi?$AAr?$AAq?$AA?5?$AA?$DN?$AA?5?$AA?$CF?$AAd?$AA?$CJ?$AA?$AN?$AA?6?$AA?$AA@ 00013e40     oal:intr.obj
 0001:00002e78       ??_C@_1CM@KNGKPFDP@?$AA?$CL?$AAB?$AAS?$AAP?$AAI?$AAn?$AAt?$AAr?$AAD?$AAo?$AAn?$AAe?$AAI?$AAr?$AAq?$AA?$CI?$AA?$CF?$AAd?$AA?$CJ?$AA?$AN?$AA?6?$AA?$AA@ 00013e78     oal:intr.obj
 0001:00002ea4       ??_C@_1BK@GONJCPBC@?$AAA?$AAR?$AAM?$AA1?$AA1?$AA7?$AA6?$AAJ?$AAZ?$AAF?$AA?9?$AAS?$AA?$AA@ 00013ea4     oal:ioctl.obj
 0001:00002ec0       ??_C@_1BA@DJPIEPAC@?$AAS?$AA3?$AAC?$AA6?$AA4?$AA1?$AA0?$AA?$AA@ 00013ec0     oal:ioctl.obj
 0001:00002ed0       ??_C@_1CI@MOPCLBBK@?$AAS?$AAa?$AAm?$AAs?$AAu?$AAn?$AAg?$AA?5?$AAE?$AAl?$AAe?$AAc?$AAt?$AAr?$AAo?$AAn?$AAi?$AAc?$AAs?$AA?$AA@ 00013ed0     oal:ioctl.obj
 0001:00002ef8       ??_C@_1DO@CBDBCKPF@?$AAH?$AAI?$AAT?$AAE?$AAG?$AA?5?$AAL?$AAi?$AAm?$AAi?$AAt?$AAe?$AAd?$AA?5?$AAT?$AAe?$AAn?$AAB?$AAy?$AAT?$AAe?$AAn?$AA6?$AA4?$AA1?$AA0?$AA6?$AA4?$AA1?$AA0?$AA?$AA@ 00013ef8     oal:ioctl.obj
 0001:00002f38       ??_C@_1CC@FMJFHMFN@?$AAT?$AAe?$AAn?$AAB?$AAy?$AAT?$AAe?$AAn?$AA6?$AA4?$AA1?$AA0?$AA?5?$AAM?$AAL?$AAC?$AA?$AA@ 00013f38     oal:ioctl.obj
 0001:000030b0       g_oalIoCtlTable            000140b0     oal:ioctl.obj
 0001:00003230       ??_C@_1DM@MPOGLEOC@?$AA?$FL?$AAO?$AAA?$AAL?$AA?$FN?$AA?5?$AA?9?$AA?9?$AAO?$AAA?$AAL?$AAI?$AAo?$AAC?$AAt?$AAl?$AAH?$AAa?$AAl?$AAR?$AAe?$AAb?$AAo?$AAo?$AAt?$AA?$CI?$AA?$CJ?$AA?$AN?$AA?6?$AA?$AA@ 00014230     oal:ioctl.obj
 0001:0000326c       ??_C@_1DM@JJIGIBAB@?$AA?$FL?$AAO?$AAA?$AAL?$AA?$FN?$AA?5?$AA?$CL?$AA?$CL?$AAO?$AAA?$AAL?$AAI?$AAo?$AAC?$AAt?$AAl?$AAH?$AAa?$AAl?$AAR?$AAe?$AAb?$AAo?$AAo?$AAt?$AA?$CI?$AA?$CJ?$AA?$AN?$AA?6?$AA?$AA@ 0001426c     oal:ioctl.obj
 0001:000032a8       ??_C@_1EI@MCIJGMLN@?$AA?9?$AAO?$AAA?$AAL?$AAI?$AAo?$AAC?$AAt?$AAl?$AAH?$AAa?$AAl?$AAG?$AAe?$AAt?$AAH?$AAW?$AAE?$AAn?$AAt?$AAr?$AAo?$AAp?$AAy?$AA?$CI?$AAr?$AAc?$AA?5?$AA?$DN?$AA?5?$AA?$CF?$AAd@ 000142a8     oal:ioctl.obj
 0001:000032f0       ??_C@_1GE@KDBGDMBH@?$AAW?$AAA?$AAR?$AAN?$AA?3?$AA?5?$AAO?$AAA?$AAL?$AAI?$AAo?$AAC?$AAt?$AAl?$AAH?$AAa?$AAl?$AAG?$AAe?$AAt?$AAH?$AAW?$AAE?$AAn?$AAt?$AAr?$AAo?$AAp?$AAy?$AA?3?$AA?5?$AAB@ 000142f0     oal:ioctl.obj
 0001:00003354       ??_C@_1DG@BJFJNOHG@?$AA?$CL?$AAO?$AAA?$AAL?$AAI?$AAo?$AAC?$AAt?$AAl?$AAH?$AAa?$AAl?$AAG?$AAe?$AAt?$AAH?$AAW?$AAE?$AAn?$AAt?$AAr?$AAo?$AAp?$AAy?$AA?$AN?$AA?6?$AA?$AA@ 00014354     oal:ioctl.obj
 0001:0000338c       ??_C@_1DK@JIIIANOG@?$AA?9?$AAO?$AAA?$AAL?$AAI?$AAo?$AAC?$AAt?$AAl?$AAE?$AAB?$AAo?$AAo?$AAt?$AAM?$AAA?$AAC?$AA?$CI?$AAr?$AAc?$AA?5?$AA?$DN?$AA?5?$AA?$CF?$AAd?$AA?$CJ?$AA?$AN?$AA?6?$AA?$AA@ 0001438c     oal:ioctl.obj
 0001:000033c8       ??_C@_1FG@KPPCNOJJ@?$AAW?$AAA?$AAR?$AAN?$AA?3?$AA?5?$AAO?$AAA?$AAL?$AAI?$AAo?$AAC?$AAt?$AAl?$AAE?$AAB?$AAo?$AAo?$AAt?$AAM?$AAA?$AAC?$AA?3?$AA?5?$AAB?$AAu?$AAf?$AAf?$AAe?$AAr?$AA?5?$AAt@ 000143c8     oal:ioctl.obj
 0001:00003420       ??_C@_1IE@JHKIHHMO@?$AA?$FL?$AAO?$AAA?$AAL?$AA?3?$AAE?$AAR?$AAR?$AA?$FN?$AA?5?$AAO?$AAA?$AAL?$AAI?$AAo?$AAC?$AAt?$AAl?$AAH?$AAa?$AAl?$AAG?$AAe?$AAt?$AAH?$AAi?$AAv?$AAe?$AAC?$AAl?$AAe?$AAa@ 00014420     oal:ioctl.obj
 0001:000034a8       ??_C@_1EE@JIDPAOAD@?$AA?9?$AA?9?$AAO?$AAA?$AAL?$AAI?$AAo?$AAC?$AAt?$AAl?$AAH?$AAa?$AAl?$AAG?$AAe?$AAt?$AAH?$AAi?$AAv?$AAe?$AAC?$AAl?$AAe?$AAa?$AAn?$AAF?$AAl?$AAa?$AAg?$AA?$CI?$AA?$CJ?$AA?$AN@ 000144a8     oal:ioctl.obj
 0001:000034ec       ??_C@_1DE@PIAGMDMK@?$AA?$FL?$AAO?$AAA?$AAL?$AA?$FN?$AA?5?$AAU?$AAn?$AAk?$AAn?$AAo?$AAw?$AAn?$AA?5?$AAF?$AAl?$AAa?$AAg?$AA?5?$AA0?$AAx?$AA?$CF?$AAx?$AA?$AN?$AA?6?$AA?$AA@ 000144ec     oal:ioctl.obj
 0001:00003520       ??_C@_1DI@BBPJJEEM@?$AA?$FL?$AAO?$AAA?$AAL?$AA?$FN?$AA?5?$AAN?$AAo?$AAt?$AA?5?$AAC?$AAl?$AAe?$AAa?$AAr?$AA?5?$AAU?$AAs?$AAe?$AAr?$AA?5?$AAH?$AAi?$AAv?$AAe?$AA?$AN?$AA?6?$AA?$AA@ 00014520     oal:ioctl.obj
 0001:00003558       ??_C@_1DA@HKECOKDH@?$AA?$FL?$AAO?$AAA?$AAL?$AA?$FN?$AA?5?$AAC?$AAl?$AAe?$AAa?$AAr?$AA?5?$AAU?$AAs?$AAe?$AAr?$AA?5?$AAH?$AAi?$AAv?$AAe?$AA?$AN?$AA?6?$AA?$AA@ 00014558     oal:ioctl.obj
 0001:00003588       ??_C@_1DM@JJKDKAFC@?$AA?$FL?$AAO?$AAA?$AAL?$AA?$FN?$AA?5?$AAN?$AAo?$AAt?$AA?5?$AAC?$AAl?$AAe?$AAa?$AAr?$AA?5?$AAS?$AAy?$AAs?$AAt?$AAe?$AAm?$AA?5?$AAH?$AAi?$AAv?$AAe?$AA?$AN?$AA?6?$AA?$AA@ 00014588     oal:ioctl.obj
 0001:000035c4       ??_C@_1DE@KGKDANDG@?$AA?$FL?$AAO?$AAA?$AAL?$AA?$FN?$AA?5?$AAC?$AAl?$AAe?$AAa?$AAr?$AA?5?$AAS?$AAy?$AAs?$AAt?$AAe?$AAm?$AA?5?$AAH?$AAi?$AAv?$AAe?$AA?$AN?$AA?6?$AA?$AA@ 000145c4     oal:ioctl.obj
 0001:000035f8       ??_C@_1EE@HCMHLAIN@?$AA?$CL?$AA?$CL?$AAO?$AAA?$AAL?$AAI?$AAo?$AAC?$AAt?$AAl?$AAH?$AAa?$AAl?$AAG?$AAe?$AAt?$AAH?$AAi?$AAv?$AAe?$AAC?$AAl?$AAe?$AAa?$AAn?$AAF?$AAl?$AAa?$AAg?$AA?$CI?$AA?$CJ?$AA?$AN@ 000145f8     oal:ioctl.obj
 0001:00003640       ??_C@_1IC@MJMJJPBL@?$AA?$FL?$AAO?$AAA?$AAL?$AA?3?$AAE?$AAR?$AAR?$AA?$FN?$AA?5?$AAO?$AAA?$AAL?$AAI?$AAo?$AAC?$AAt?$AAl?$AAH?$AAa?$AAl?$AAF?$AAo?$AAr?$AAm?$AAa?$AAt?$AAP?$AAa?$AAr?$AAt?$AAi@ 00014640     oal:ioctl.obj
 0001:000036c8       ??_C@_1EC@JMNBEJDJ@?$AA?9?$AA?9?$AAO?$AAA?$AAL?$AAI?$AAo?$AAC?$AAt?$AAl?$AAH?$AAa?$AAl?$AAF?$AAo?$AAr?$AAm?$AAa?$AAt?$AAP?$AAa?$AAr?$AAt?$AAi?$AAt?$AAi?$AAo?$AAn?$AA?$CI?$AA?$CJ?$AA?$AN?$AA?6@ 000146c8     oal:ioctl.obj
 0001:0000370c       ??_C@_1DE@PJCFCKCO@?$AA?$FL?$AAO?$AAA?$AAL?$AA?$FN?$AA?5?$AAN?$AAo?$AAt?$AA?5?$AAC?$AAl?$AAe?$AAa?$AAr?$AA?5?$AAS?$AAt?$AAo?$AAr?$AAa?$AAg?$AAe?$AA?$AN?$AA?6?$AA?$AA@ 0001470c     oal:ioctl.obj
 0001:00003740       ??_C@_1CM@MFCMPAIB@?$AA?$FL?$AAO?$AAA?$AAL?$AA?$FN?$AA?5?$AAC?$AAl?$AAe?$AAa?$AAr?$AA?5?$AAS?$AAt?$AAo?$AAr?$AAa?$AAg?$AAe?$AA?$AN?$AA?6?$AA?$AA@ 00014740     oal:ioctl.obj
 0001:00003770       ??_C@_1FK@LNBNIOOD@?$AA?$FL?$AAO?$AAA?$AAL?$AA?$FN?$AA?5?$AAC?$AAl?$AAe?$AAa?$AAr?$AA?5?$AAS?$AAt?$AAo?$AAr?$AAa?$AAg?$AAe?$AA?5?$AA?$CI?$AAS?$AAy?$AAs?$AAt?$AAe?$AAm?$AA?5?$AAR?$AAe?$AAg?$AAi@ 00014770     oal:ioctl.obj
 0001:000037cc       ??_C@_1DA@JNANAIM@?$AA?$FL?$AAO?$AAA?$AAL?$AA?$FN?$AA?5?$AA?7?$AAb?$AAP?$AAa?$AAr?$AAt?$AAT?$AAy?$AAp?$AAe?$AA?$DN?$AA0?$AAx?$AA?$CF?$AAx?$AA?$AN?$AA?6?$AA?$AA@ 000147cc     oal:ioctl.obj
 0001:000037fc       ??_C@_1DG@GFMEKLLN@?$AA?$FL?$AAO?$AAA?$AAL?$AA?$FN?$AA?5?$AA?7?$AAd?$AAw?$AAA?$AAt?$AAt?$AAr?$AAi?$AAb?$AAu?$AAt?$AAe?$AAs?$AA?$DN?$AA0?$AAx?$AA?$CF?$AAx?$AA?$AN?$AA?6?$AA?$AA@ 000147fc     oal:ioctl.obj
 0001:00003834       ??_C@_1DC@GJEHOMIF@?$AA?$FL?$AAO?$AAA?$AAL?$AA?$FN?$AA?5?$AA?7?$AAs?$AAn?$AAN?$AAu?$AAm?$AAS?$AAe?$AAc?$AAt?$AAo?$AAr?$AAs?$AA?$DN?$AA?$CF?$AAd?$AA?$AN?$AA?6?$AA?$AA@ 00014834     oal:ioctl.obj
 0001:00003868       ??_C@_1DI@NGIMIABK@?$AA?$FL?$AAO?$AAA?$AAL?$AA?$FN?$AA?5?$AA?7?$AAs?$AAz?$AAP?$AAa?$AAr?$AAt?$AAi?$AAt?$AAi?$AAo?$AAn?$AAN?$AAa?$AAm?$AAe?$AA?$DN?$AA?$CF?$AAs?$AA?$AN?$AA?6?$AA?$AA@ 00014868     oal:ioctl.obj
 0001:000038a0       ??_C@_1DM@DGIAEALB@?$AA?$FL?$AAO?$AAA?$AAL?$AA?$FN?$AA?5?$AAS?$AAt?$AAo?$AAr?$AAe?$AA?5?$AAp?$AAa?$AAr?$AAt?$AAi?$AAt?$AAi?$AAo?$AAn?$AA?5?$AAi?$AAn?$AAf?$AAo?$AA?3?$AA?$AN?$AA?6?$AA?$AA@ 000148a0     oal:ioctl.obj
 0001:000038e0       ??_C@_1EC@GHIJEAMG@?$AA?$CL?$AA?$CL?$AAO?$AAA?$AAL?$AAI?$AAo?$AAC?$AAt?$AAl?$AAH?$AAa?$AAl?$AAF?$AAo?$AAr?$AAm?$AAa?$AAt?$AAP?$AAa?$AAr?$AAt?$AAi?$AAt?$AAi?$AAo?$AAn?$AA?$CI?$AA?$CJ?$AA?$AN?$AA?6@ 000148e0     oal:ioctl.obj
 0001:00003928       ??_C@_1IA@NEICIIMN@?$AA?$FL?$AAO?$AAA?$AAL?$AA?3?$AAE?$AAR?$AAR?$AA?$FN?$AA?5?$AAO?$AAA?$AAL?$AAI?$AAo?$AAC?$AAt?$AAl?$AAH?$AAa?$AAl?$AAQ?$AAu?$AAe?$AAr?$AAy?$AAD?$AAi?$AAs?$AAp?$AAl?$AAa@ 00014928     oal:ioctl.obj
 0001:000039a8       ??_C@_0BM@CKOCJIAI@size?5of?5outbuf?5is?5too?5small?$AA@ 000149a8     oal:ioctl.obj
 0001:000039c4       ??_C@_0P@BENLFCOL@outbuf?5is?5NULL?$AA@ 000149c4     oal:ioctl.obj
 0001:000039d8       ??_C@_1EM@OKKMBMKB@?$AA?$CL?$AA?$CL?$AAB?$AAS?$AAP?$AA_?$AAA?$AAR?$AAG?$AAS?$AA_?$AAQ?$AAU?$AAE?$AAR?$AAY?$AA_?$AAD?$AAI?$AAS?$AAP?$AAL?$AAA?$AAY?$AAC?$AAU?$AAR?$AAR?$AAE?$AAN?$AAT?$AA?3@ 000149d8     oal:ioctl.obj
 0001:00003a28       ??_C@_1FA@DHMMIHDI@?$AA?$CL?$AA?$CL?$AAB?$AAS?$AAP?$AA_?$AAA?$AAR?$AAG?$AAS?$AA_?$AAQ?$AAU?$AAE?$AAR?$AAY?$AA_?$AAF?$AAR?$AAA?$AAM?$AAE?$AAB?$AAU?$AAF?$AAF?$AAE?$AAR?$AAD?$AAE?$AAP?$AAT@ 00014a28     oal:ioctl.obj
 0001:00003a78       ??_C@_1EG@HDNMEJDE@?$AA?$CL?$AA?$CL?$AAB?$AAS?$AAP?$AA_?$AAA?$AAR?$AAG?$AAS?$AA_?$AAQ?$AAU?$AAE?$AAR?$AAY?$AA_?$AAD?$AAI?$AAS?$AAP?$AAL?$AAA?$AAY?$AAT?$AAY?$AAP?$AAE?$AA?3?$AA?5?$AA?$CF?$AAd@ 00014a78     oal:ioctl.obj
 0001:00003ac0       ??_C@_1EM@KAAGNNHE@?$AA?$CL?$AA?$CL?$AAO?$AAA?$AAL?$AAI?$AAo?$AAC?$AAt?$AAl?$AAH?$AAa?$AAl?$AAQ?$AAu?$AAe?$AAr?$AAy?$AAD?$AAi?$AAs?$AAp?$AAl?$AAa?$AAy?$AAS?$AAe?$AAt?$AAt?$AAi?$AAn?$AAg@ 00014ac0     oal:ioctl.obj
 0001:00003b10       ??_C@_1HA@LOIFJLBK@?$AA?$FL?$AAO?$AAA?$AAL?$AA?3?$AAE?$AAR?$AAR?$AA?$FN?$AA?5?$AAO?$AAA?$AAL?$AAI?$AAo?$AAC?$AAt?$AAl?$AAH?$AAa?$AAl?$AAP?$AAo?$AAw?$AAe?$AAr?$AAC?$AAT?$AAL?$AA?$CI?$AA?$CJ?$AA?5@ 00014b10     oal:ioctl.obj
 0001:00003b80       ??_C@_1DE@DCMMJNCM@?$AA?$CL?$AA?$CL?$AAO?$AAA?$AAL?$AAI?$AAo?$AAC?$AAt?$AAl?$AAH?$AAa?$AAl?$AAP?$AAo?$AAw?$AAe?$AAr?$AAC?$AAT?$AAL?$AA?$CI?$AA?$CJ?$AA?$AN?$AA?6?$AA?$AA@ 00014b80     oal:ioctl.obj
 0001:00003bb8       ??_C@_1HM@HGIOIOEF@?$AA?$FL?$AAO?$AAA?$AAL?$AA?3?$AAE?$AAR?$AAR?$AA?$FN?$AA?5?$AAO?$AAA?$AAL?$AAI?$AAo?$AAC?$AAt?$AAl?$AAH?$AAa?$AAl?$AAS?$AAe?$AAt?$AAS?$AAy?$AAs?$AAt?$AAe?$AAm?$AAL?$AAe@ 00014bb8     oal:ioctl.obj
 0001:00003c38       ??_C@_1EA@JADLMALA@?$AA?$CL?$AA?$CL?$AAO?$AAA?$AAL?$AAI?$AAo?$AAC?$AAt?$AAl?$AAH?$AAa?$AAl?$AAS?$AAe?$AAt?$AAS?$AAy?$AAs?$AAt?$AAe?$AAm?$AAL?$AAe?$AAv?$AAe?$AAl?$AA?$CI?$AA?$CJ?$AA?$AN?$AA?6?$AA?$AA@ 00014c38     oal:ioctl.obj
 0001:00003c78       ??_C@_1HE@OFHCHDAN@?$AA?$FL?$AAO?$AAA?$AAL?$AA?3?$AAE?$AAR?$AAR?$AA?$FN?$AA?5?$AAO?$AAA?$AAL?$AAI?$AAo?$AAC?$AAt?$AAl?$AAH?$AAa?$AAl?$AAP?$AAr?$AAo?$AAf?$AAi?$AAl?$AAe?$AAD?$AAV?$AAS?$AA?$CI@ 00014c78     oal:ioctl.obj
 0001:00003cec       ??_C@_1DI@EEGMOADM@?$AA?$CL?$AA?$CL?$AAO?$AAA?$AAL?$AAI?$AAo?$AAC?$AAt?$AAl?$AAH?$AAa?$AAl?$AAP?$AAr?$AAo?$AAf?$AAi?$AAl?$AAe?$AAD?$AAV?$AAS?$AA?$CI?$AA?$CJ?$AA?$AN?$AA?6?$AA?$AA@ 00014cec     oal:ioctl.obj
 0001:00003d28       ??_C@_1HC@COAMLJMP@?$AA?$FL?$AAO?$AAA?$AAL?$AA?3?$AAE?$AAR?$AAR?$AA?$FN?$AA?5?$AAO?$AAA?$AAL?$AAI?$AAo?$AAC?$AAt?$AAl?$AAH?$AAa?$AAl?$AAC?$AAl?$AAo?$AAc?$AAk?$AAI?$AAn?$AAf?$AAo?$AA?$CI?$AA?$CJ@ 00014d28     oal:ioctl.obj
 0001:00003d9c       ??_C@_1DG@DHHEMDHE@?$AA?$CL?$AA?$CL?$AAO?$AAA?$AAL?$AAI?$AAo?$AAC?$AAt?$AAl?$AAH?$AAa?$AAl?$AAC?$AAl?$AAo?$AAc?$AAk?$AAI?$AAn?$AAf?$AAo?$AA?$CI?$AA?$CJ?$AA?$AN?$AA?6?$AA?$AA@ 00014d9c     oal:ioctl.obj
 0001:00003dd8       ??_C@_1EI@HJNICNPJ@?$AA?$FL?$AAO?$AAE?$AAM?$AAI?$AAO?$AA?3?$AAI?$AAN?$AAF?$AA?$FN?$AA?5?$AA?5?$AA?$CL?$AA?5?$AAI?$AAO?$AAC?$AAT?$AAL?$AA_?$AAH?$AAA?$AAL?$AA_?$AAP?$AAO?$AAS?$AAT?$AAI?$AAN?$AAI@ 00014dd8     oal:ioctl.obj
 0001:00003e20       ??_C@_1EI@KCBMHCNC@?$AA?$FL?$AAO?$AAE?$AAM?$AAI?$AAO?$AA?3?$AAI?$AAN?$AAF?$AA?$FN?$AA?5?$AA?5?$AA?9?$AA?5?$AAI?$AAO?$AAC?$AAT?$AAL?$AA_?$AAH?$AAA?$AAL?$AA_?$AAP?$AAO?$AAS?$AAT?$AAI?$AAN?$AAI@ 00014e20     oal:ioctl.obj
 0001:00003e68       ??_C@_1GA@HHIDOGC@?$AA?$FL?$AAO?$AAE?$AAM?$AAI?$AAO?$AA?3?$AAI?$AAN?$AAF?$AA?$FN?$AA?5?$AA?5?$AA?$CK?$AA?5?$AAI?$AAO?$AAC?$AAT?$AAL?$AA_?$AAP?$AAO?$AAC?$AAK?$AAE?$AAT?$AAS?$AAT?$AAO?$AAR?$AAE@ 00014e68     oal:ioctl.obj
 0001:00003f58       ??_C@_1IC@CEBADIDJ@?$AA?$FL?$AAO?$AAE?$AAM?$AA?3?$AAE?$AAR?$AAR?$AA?$FN?$AA?5?$AAO?$AAE?$AAM?$AAP?$AAo?$AAw?$AAe?$AAr?$AAO?$AAf?$AAf?$AA?$CI?$AA?$CJ?$AA?5?$AA?3?$AA?5?$AAS?$AAY?$AAS?$AAW?$AAA?$AAK@ 00014f58     oal:power.obj
 0001:00003fdc       ??_C@_1DM@FPBGEPL@?$AA?9?$AA?9?$AAB?$AAS?$AAP?$AAC?$AAo?$AAn?$AAf?$AAi?$AAg?$AAG?$AAP?$AAI?$AAO?$AAf?$AAo?$AAr?$AAP?$AAo?$AAw?$AAe?$AAr?$AAO?$AAf?$AAf?$AA?$CI?$AA?$CJ?$AA?6?$AA?$AA@ 00014fdc     oal:power.obj
 0001:00004018       ??_C@_1DM@LDGIGODB@?$AA?$CL?$AA?$CL?$AAB?$AAS?$AAP?$AAC?$AAo?$AAn?$AAf?$AAi?$AAg?$AAG?$AAP?$AAI?$AAO?$AAf?$AAo?$AAr?$AAP?$AAo?$AAw?$AAe?$AAr?$AAO?$AAf?$AAf?$AA?$CI?$AA?$CJ?$AA?6?$AA?$AA@ 00015018     oal:power.obj
 0001:00004054       ??_C@_1CC@EEDBIMDE@?$AA?9?$AA?9?$AAB?$AAS?$AAP?$AAP?$AAo?$AAw?$AAe?$AAr?$AAO?$AAf?$AAf?$AA?$CI?$AA?$CJ?$AA?6?$AA?$AA@ 00015054     oal:power.obj
 0001:00004078       ??_C@_1CC@NGHDHNLP@?$AA?$CL?$AA?$CL?$AAB?$AAS?$AAP?$AAP?$AAo?$AAw?$AAe?$AAr?$AAO?$AAf?$AAf?$AA?$CI?$AA?$CJ?$AA?6?$AA?$AA@ 00015078     oal:power.obj
 0001:0000409c       ??_C@_1CA@LIBLDNPM@?$AA?9?$AA?9?$AAB?$AAS?$AAP?$AAP?$AAo?$AAw?$AAe?$AAr?$AAO?$AAn?$AA?$CI?$AA?$CJ?$AA?6?$AA?$AA@ 0001509c     oal:power.obj
 0001:000040bc       ??_C@_1CA@HIBGGAPD@?$AA?$CL?$AA?$CL?$AAB?$AAS?$AAP?$AAP?$AAo?$AAw?$AAe?$AAr?$AAO?$AAn?$AA?$CI?$AA?$CJ?$AA?6?$AA?$AA@ 000150bc     oal:power.obj
 0001:000040e0       ??_C@_1EE@IHAHFOHN@?$AA?$FL?$AAH?$AAA?$AAL?$AAW?$AAP?$AA?3?$AAI?$AAN?$AAF?$AA?$FN?$AA?5?$AA?5?$AAp?$AAT?$AAo?$AAt?$AAa?$AAl?$AAS?$AAc?$AAt?$AAs?$AA?5?$AAi?$AAs?$AA?5?$AAN?$AAU?$AAL?$AAL?$AA?$AN@ 000150e0     oal:HALWrapper.obj
 0001:00004124       ??_C@_1DO@IMEBAIOG@?$AA?$FL?$AAH?$AAA?$AAL?$AAW?$AAP?$AA?3?$AAI?$AAN?$AAF?$AA?$FN?$AA?5?$AA?5?$AAT?$AAo?$AAt?$AAa?$AAl?$AAS?$AAc?$AAt?$AAs?$AA?5?$AA?5?$AA?$DN?$AA?5?$AA?$CF?$AAd?$AA?$AN?$AA?6?$AA?$AA@ 00015124     oal:HALWrapper.obj
 0001:00004168       ??_C@_1FG@LLFFIILJ@?$AA?$FL?$AAH?$AAA?$AAL?$AAW?$AAP?$AA?3?$AAI?$AAN?$AAF?$AA?$FN?$AA?5?$AA?5?$AAn?$AAC?$AAt?$AAr?$AAl?$AAC?$AAo?$AAd?$AAe?$AA?5?$AA?$DN?$AA?5?$AAP?$AAM?$AA_?$AAH?$AAA?$AAL?$AA_@ 00015168     oal:HALWrapper.obj
 0001:000041c0       ??_C@_1FG@IEJBAKOA@?$AA?$FL?$AAH?$AAA?$AAL?$AAW?$AAP?$AA?3?$AAI?$AAN?$AAF?$AA?$FN?$AA?5?$AA?5?$AAn?$AAC?$AAt?$AAr?$AAl?$AAC?$AAo?$AAd?$AAe?$AA?5?$AA?$DN?$AA?5?$AAP?$AAM?$AA_?$AAH?$AAA?$AAL?$AA_@ 000151c0     oal:HALWrapper.obj
 0001:00004218       ??_C@_1FG@GODNLCNJ@?$AA?$FL?$AAH?$AAA?$AAL?$AAW?$AAP?$AA?3?$AAI?$AAN?$AAF?$AA?$FN?$AA?5?$AA?5?$AAn?$AAC?$AAt?$AAr?$AAl?$AAC?$AAo?$AAd?$AAe?$AA?5?$AA?$DN?$AA?5?$AAP?$AAM?$AA_?$AAH?$AAA?$AAL?$AA_@ 00015218     oal:HALWrapper.obj
 0001:00004300       ??_C@_1FI@GFHCGAFP@?$AA?$FL?$AAV?$AAF?$AAL?$AA?3?$AAE?$AAR?$AAR?$AA?$FN?$AA?5?$AA_?$AAS?$AAe?$AAt?$AAV?$AAF?$AAL?$AAS?$AAp?$AAa?$AAr?$AAe?$AA?5?$AA?9?$AA?5?$AA?$CB?$AA?$CI?$AAp?$AAS?$AAB?$AAu?$AAf@ 00015300     oal:VFLInterface.obj
 0001:00004358       ??_C@_1IG@KPIACCPP@?$AA?$FL?$AAV?$AAF?$AAL?$AA?3?$AAE?$AAR?$AAR?$AA?$FN?$AA?5?$AA_?$AAG?$AAe?$AAt?$AAR?$AAe?$AAs?$AAe?$AAr?$AAv?$AAe?$AAd?$AAB?$AAl?$AAk?$AA?$CI?$AAn?$AAB?$AAa?$AAn?$AAk?$AA?3@ 00015358     oal:VFLInterface.obj
 0001:000043e0       ??_C@_1IO@GPFFICPB@?$AAF?$AA?3?$AA?2?$AAW?$AAI?$AAN?$AAC?$AAE?$AA6?$AA0?$AA0?$AA?2?$AAP?$AAL?$AAA?$AAT?$AAF?$AAO?$AAR?$AAM?$AA?2?$AAS?$AAM?$AAD?$AAK?$AA6?$AA4?$AA1?$AA0?$AA_?$AAP?$AAM@ 000153e0     oal:VFLInterface.obj
 0001:00004470       ??_C@_1JC@CJCNENLB@?$AA?$FL?$AAV?$AAF?$AAL?$AA?3?$AAE?$AAR?$AAR?$AA?$FN?$AA?5?$AA_?$AAR?$AAe?$AAm?$AAa?$AAp?$AAB?$AAa?$AAd?$AAB?$AAl?$AAk?$AA?5?$AA?9?$AA?5?$AA?$CB?$AA?$CI?$AA?$CK?$AAp?$AAD?$AAe?$AAs@ 00015470     oal:VFLInterface.obj
 0001:00004508       ??_C@_1JC@COEFDJBK@?$AA?$FL?$AAV?$AAF?$AAL?$AA?3?$AAE?$AAR?$AAR?$AA?$FN?$AA?5?$AA_?$AAR?$AAe?$AAm?$AAa?$AAp?$AAB?$AAa?$AAd?$AAB?$AAl?$AAk?$AA?5?$AA?9?$AA?5?$AA?$CB?$AA?$CI?$AA?$CK?$AAp?$AAD?$AAe?$AAs@ 00015508     oal:VFLInterface.obj
 0001:000045a0       ??_C@_1KK@JIABHAP@?$AA?$FL?$AAV?$AAF?$AAL?$AA?3?$AAE?$AAR?$AAR?$AA?$FN?$AA?5?$AA_?$AAW?$AAa?$AAi?$AAt?$AAW?$AAr?$AAi?$AAt?$AAe?$AAC?$AAo?$AAm?$AAp?$AAl?$AAe?$AAt?$AAe?$AA?5?$AA?9?$AA?5?$AAw@ 000155a0     oal:VFLInterface.obj
 0001:00004650       ??_C@_1IE@FJHCMFDP@?$AA?$FL?$AAV?$AAF?$AAL?$AA?3?$AAE?$AAR?$AAR?$AA?$FN?$AA?5?$AA_?$AAG?$AAe?$AAt?$AAP?$AAh?$AAy?$AAs?$AAi?$AAc?$AAa?$AAl?$AAA?$AAd?$AAd?$AAr?$AA?5?$AA?9?$AA?5?$AA?$CB?$AA?$CI?$AAn@ 00015650     oal:VFLInterface.obj
 0001:000046d8       ??_C@_1HK@EGJFEFBO@?$AA?$FL?$AAV?$AAF?$AAL?$AA?3?$AAE?$AAR?$AAR?$AA?$FN?$AA?5?$AA_?$AAG?$AAe?$AAt?$AAP?$AAh?$AAy?$AAs?$AAi?$AAc?$AAa?$AAl?$AAA?$AAd?$AAd?$AAr?$AA?5?$AA?9?$AA?5?$AA?$CB?$AA?$CI?$AAn@ 000156d8     oal:VFLInterface.obj
 0001:00004758       ??_C@_1MI@HLCPMJOM@?$AA?$FL?$AAV?$AAF?$AAL?$AA?3?$AAE?$AAR?$AAR?$AA?$FN?$AA?5?$AA_?$AAC?$AAh?$AAe?$AAc?$AAk?$AAI?$AAn?$AAi?$AAt?$AAi?$AAa?$AAl?$AAB?$AAa?$AAd?$AA?5?$AA?9?$AA?5?$AA?$CB?$AA?$CI?$AA?$CI@ 00015758     oal:VFLInterface.obj
 0001:00004820       ??_C@_1GI@BMHFMAMF@?$AA?$FL?$AAV?$AAF?$AAL?$AA?3?$AAE?$AAR?$AAR?$AA?$FN?$AA?5?$AA_?$AAC?$AAh?$AAe?$AAc?$AAk?$AAI?$AAn?$AAi?$AAt?$AAi?$AAa?$AAl?$AAB?$AAa?$AAd?$AA?5?$AA?9?$AA?5?$AAR?$AAe?$AAa@ 00015820     oal:VFLInterface.obj
 0001:00004888       ??_C@_1GA@DNLIHKAA@?$AA?$FL?$AAV?$AAF?$AAL?$AA?3?$AAE?$AAR?$AAR?$AA?$FN?$AA?5?$AA_?$AAC?$AAh?$AAe?$AAc?$AAk?$AAI?$AAn?$AAi?$AAt?$AAi?$AAa?$AAl?$AAB?$AAa?$AAd?$AA?5?$AA?9?$AA?5?$AA?$CB?$AA?$CI?$AAp@ 00015888     oal:VFLInterface.obj
 0001:000048e8       ??_C@_1FI@MFAEIEHD@?$AA?$FL?$AAV?$AAF?$AAL?$AA?3?$AAE?$AAR?$AAR?$AA?$FN?$AA?5?$AAV?$AAF?$AAL?$AA_?$AAI?$AAn?$AAi?$AAt?$AA?5?$AA?9?$AA?5?$AAS?$AAY?$AAS?$AA_?$AAI?$AAD?$AA?5?$AAC?$AAh?$AAe?$AAc@ 000158e8     oal:VFLInterface.obj
 0001:00004940       ??_C@_1EI@JNFCMBKE@?$AA?$FL?$AAV?$AAF?$AAL?$AA?3?$AAI?$AAN?$AAF?$AA?$FN?$AA?5?$AAV?$AAF?$AAL?$AA_?$AAI?$AAn?$AAi?$AAt?$AA?5?$AA?9?$AA?5?$AAS?$AAY?$AAS?$AA_?$AAI?$AAD?$AA?$CI?$AA0?$AAx?$AA?$CF?$AAx@ 00015940     oal:VFLInterface.obj
 0001:00004988       ??_C@_1FM@DNJKKCML@?$AA?$FL?$AAV?$AAF?$AAL?$AA?3?$AAE?$AAR?$AAR?$AA?$FN?$AA?5?$AAV?$AAF?$AAL?$AA_?$AAI?$AAn?$AAi?$AAt?$AA?5?$AA?9?$AA?5?$AAF?$AAI?$AAL?$AA_?$AAG?$AAe?$AAt?$AAF?$AAu?$AAn?$AAc@ 00015988     oal:VFLInterface.obj
 0001:000049e8       ??_C@_1FM@INLOEMAG@?$AA?$FL?$AAV?$AAF?$AAL?$AA?3?$AAE?$AAR?$AAR?$AA?$FN?$AA?5?$AAV?$AAF?$AAL?$AA_?$AAI?$AAn?$AAi?$AAt?$AA?5?$AA?9?$AA?5?$AAB?$AAU?$AAF?$AA_?$AAI?$AAn?$AAi?$AAt?$AA?5?$AAe?$AAr@ 000159e8     oal:VFLInterface.obj
 0001:00004a48       ??_C@_1EE@LPEBMPGK@?$AAV?$AAF?$AAL?$AA_?$AAv?$AA1?$AA?4?$AA0?$AA3?$AA_?$AAW?$AAC?$AAE?$AA6?$AA?4?$AA0?$AA_?$AAS?$AA3?$AAC?$AA6?$AA4?$AA1?$AA0?$AA_?$AA2?$AA0?$AA0?$AA9?$AA1?$AA2?$AA1@ 00015a48     oal:VFLInterface.obj
 0001:00004a8c       ??_C@_1DK@GFHCEHJL@?$AA?$FL?$AAV?$AAF?$AAL?$AA?3?$AAI?$AAN?$AAF?$AA?$FN?$AA?5?$AAV?$AAF?$AAL?$AA?5?$AAV?$AAe?$AAr?$AAs?$AAi?$AAo?$AAn?$AA?5?$AA?$DN?$AA?5?$AA?$CF?$AAs?$AA?$AN?$AA?6?$AA?$AA@ 00015a8c     oal:VFLInterface.obj
 0001:00004ac8       ??_C@_1HI@KCPLGOI@?$AA?$FL?$AAV?$AAF?$AAL?$AA?3?$AAE?$AAR?$AAR?$AA?$FN?$AA?5?$AA_?$AAC?$AAh?$AAe?$AAc?$AAk?$AAN?$AAA?$AAN?$AAD?$AAF?$AAl?$AAa?$AAs?$AAh?$AA?5?$AAi?$AAs?$AA?5?$AAf?$AAa?$AAi@ 00015ac8     oal:VFLInterface.obj
 0001:00004b40       ??_C@_1FE@NJGHEACP@?$AA?$FL?$AAV?$AAF?$AAL?$AA?3?$AAE?$AAR?$AAR?$AA?$FN?$AA?5?$AA_?$AAC?$AAh?$AAe?$AAc?$AAk?$AAN?$AAA?$AAN?$AAD?$AAF?$AAl?$AAa?$AAs?$AAh?$AA?5?$AA?9?$AA?5?$AAn?$AAM?$AAI?$AAD@ 00015b40     oal:VFLInterface.obj
 0001:00004b98       ??_C@_1HM@IPCIKEMK@?$AA?$FL?$AAV?$AAF?$AAL?$AAC?$AAx?$AAt?$AA?$FN?$AA?5?$AA?$DN?$AA?$DN?$AA?$DN?$AA?$DN?$AA?$DN?$AA?$DN?$AA?$DN?$AA?$DN?$AA?$DN?$AA?$DN?$AA?$DN?$AA?$DN?$AA?$DN?$AA?$DN?$AA?$DN?$AA?$DN?$AA?$DN?$AA?$DN?$AA?$DN?$AA?$DN?$AA?$DN?$AA?$DN?$AA?$DN@ 00015b98     oal:VFLInterface.obj
 0001:00004c14       ??_C@_19DBPMJLCP@?$AA?$CF?$AAd?$AA?0?$AA?5?$AA?$AA@ 00015c14     oal:VFLInterface.obj
 0001:00004c20       ??_C@_1FA@ICNBMACI@?$AA?$FL?$AAV?$AAF?$AAL?$AAC?$AAx?$AAt?$AA?$FN?$AA?5?$AAI?$AAn?$AAi?$AAt?$AAi?$AAa?$AAl?$AA?5?$AAB?$AAa?$AAd?$AA?5?$AAB?$AAl?$AAo?$AAc?$AAk?$AA?5?$AAL?$AAi?$AAs?$AAt?$AA?$CI@ 00015c20     oal:VFLInterface.obj
 0001:00004c70       ??_C@_1DA@EOMMBLKP@?$AA?$FL?$AAV?$AAF?$AAL?$AAC?$AAx?$AAt?$AA?$FN?$AA?5?$AAa?$AAB?$AAa?$AAd?$AAI?$AAn?$AAf?$AAo?$AAB?$AAl?$AAk?$AA?5?$AA?$DN?$AA?5?$AA?$AA@ 00015c70     oal:VFLInterface.obj
 0001:00004ca0       ??_C@_1CK@GCLICAL@?$AA?$FL?$AAV?$AAF?$AAL?$AAC?$AAx?$AAt?$AA?$FN?$AA?5?$AAa?$AAB?$AAa?$AAd?$AAM?$AAa?$AAr?$AAk?$AA?5?$AA?$DN?$AA?5?$AA?$AA@ 00015ca0     oal:VFLInterface.obj
 0001:00004ccc       ??_C@_1DE@JOELIGAC@?$AA?$FL?$AAV?$AAF?$AAL?$AAC?$AAx?$AAt?$AA?$FN?$AA?5?$AAn?$AAC?$AAx?$AAt?$AAA?$AAg?$AAe?$AA?5?$AA?$DN?$AA?5?$AA0?$AAx?$AA?$CF?$AAx?$AA?$AN?$AA?6?$AA?$AA@ 00015ccc     oal:VFLInterface.obj
 0001:00004d00       ??_C@_1DO@NGFFMKCO@?$AA?$FL?$AAV?$AAF?$AAL?$AAC?$AAx?$AAt?$AA?$FN?$AA?5?$AAn?$AAC?$AAx?$AAt?$AAL?$AAo?$AAc?$AAa?$AAt?$AAi?$AAo?$AAn?$AA?5?$AA?$DN?$AA?5?$AA0?$AAx?$AA?$CF?$AAx?$AA?$AN?$AA?6?$AA?$AA@ 00015d00     oal:VFLInterface.obj
 0001:00004d40       ??_C@_1EG@NKFPCIII@?$AA?$FL?$AAV?$AAF?$AAL?$AAC?$AAx?$AAt?$AA?$FN?$AA?5?$AAn?$AAN?$AAu?$AAm?$AAO?$AAf?$AAI?$AAn?$AAi?$AAt?$AAB?$AAa?$AAd?$AAB?$AAl?$AAk?$AA?5?$AA?$DN?$AA?5?$AA0?$AAx?$AA?$CF?$AAx@ 00015d40     oal:VFLInterface.obj
 0001:00004d88       ??_C@_1EE@BBMAGAIK@?$AA?$FL?$AAV?$AAF?$AAL?$AAC?$AAx?$AAt?$AA?$FN?$AA?5?$AAn?$AAN?$AAu?$AAm?$AAO?$AAf?$AAW?$AAr?$AAi?$AAt?$AAe?$AAF?$AAa?$AAi?$AAl?$AA?5?$AA?$DN?$AA?5?$AA0?$AAx?$AA?$CF?$AAx?$AA?$AN@ 00015d88     oal:VFLInterface.obj
 0001:00004dd0       ??_C@_1EE@CDOEPDAG@?$AA?$FL?$AAV?$AAF?$AAL?$AAC?$AAx?$AAt?$AA?$FN?$AA?5?$AAn?$AAN?$AAu?$AAm?$AAO?$AAf?$AAE?$AAr?$AAa?$AAs?$AAe?$AAF?$AAa?$AAi?$AAl?$AA?5?$AA?$DN?$AA?5?$AA0?$AAx?$AA?$CF?$AAx?$AA?$AN@ 00015dd0     oal:VFLInterface.obj
 0001:00004e18       ??_C@_1EK@FPNHIANP@?$AA?$FL?$AAV?$AAF?$AAL?$AAC?$AAx?$AAt?$AA?$FN?$AA?5?$AAn?$AAB?$AAa?$AAd?$AAM?$AAa?$AAp?$AAT?$AAa?$AAb?$AAl?$AAe?$AAM?$AAa?$AAx?$AAI?$AAd?$AAx?$AA?5?$AA?$DN?$AA?5?$AA0?$AAx@ 00015e18     oal:VFLInterface.obj
 0001:00004e64       ??_C@_1DC@PNBCCFEK@?$AA?$FL?$AAV?$AAF?$AAL?$AAC?$AAx?$AAt?$AA?$FN?$AA?5?$AAa?$AAB?$AAa?$AAd?$AAM?$AAa?$AAp?$AAT?$AAa?$AAb?$AAl?$AAe?$AA?5?$AA?$DN?$AA?5?$AA?$AA@ 00015e64     oal:VFLInterface.obj
 0001:00004e98       ??_C@_15JNBOKNOG@?$AA?$AN?$AA?6?$AA?$AA@ 00015e98     oal:VFLInterface.obj
 0001:00004ea0       ??_C@_1CA@NMAFDOBB@?$AA?$FL?$AA0?$AAx?$AA?$CF?$AAx?$AA?$FN?$AA?5?$AA?$DN?$AA?5?$AA0?$AAx?$AA?$CF?$AAx?$AA?0?$AA?5?$AA?$AA@ 00015ea0     oal:VFLInterface.obj
 0001:00004ec0       ??_C@_1HM@LCHIEOAD@?$AA?6?$AA?$FL?$AAV?$AAF?$AAL?$AAC?$AAx?$AAt?$AA?$FN?$AA?5?$AA?$DN?$AA?$DN?$AA?$DN?$AA?$DN?$AA?$DN?$AA?$DN?$AA?$DN?$AA?$DN?$AA?$DN?$AA?$DN?$AA?$DN?$AA?$DN?$AA?$DN?$AA?$DN?$AA?$DN?$AA?$DN?$AA?$DN?$AA?$DN?$AA?$DN?$AA?$DN?$AA?$DN?$AA?$DN@ 00015ec0     oal:VFLInterface.obj
 0001:00004f40       ??_C@_1EA@CJOHHMCE@?$AA?$FL?$AAV?$AAF?$AAL?$AAC?$AAx?$AAt?$AA?$FN?$AA?5?$AAn?$AAG?$AAl?$AAo?$AAb?$AAa?$AAl?$AAC?$AAx?$AAt?$AAA?$AAg?$AAe?$AA?5?$AA?$DN?$AA?5?$AA0?$AAx?$AA?$CF?$AAx?$AA?$AN?$AA?6?$AA?$AA@ 00015f40     oal:VFLInterface.obj
 0001:00004f80       ??_C@_1CO@MODNLFGB@?$AA?$FL?$AAV?$AAF?$AAL?$AAC?$AAx?$AAt?$AA?$FN?$AA?5?$AAa?$AAF?$AAT?$AAL?$AAC?$AAx?$AAt?$AAV?$AAb?$AAn?$AA?5?$AA?$DN?$AA?5?$AA?$AA@ 00015f80     oal:VFLInterface.obj
 0001:00004fb0       ??_C@_1FK@FMGPKEJM@?$AA?$FL?$AAV?$AAF?$AAL?$AA?3?$AAE?$AAR?$AAR?$AA?$FN?$AA?5?$AA_?$AAP?$AAr?$AAi?$AAn?$AAt?$AAV?$AAF?$AAL?$AAC?$AAx?$AAt?$AA?5?$AA?9?$AA?5?$AA?$CI?$AAp?$AAV?$AAF?$AAL?$AAC?$AAx@ 00015fb0     oal:VFLInterface.obj
 0001:00005010       ??_C@_1HE@JINCHODK@?$AA?$FL?$AAV?$AAF?$AAL?$AA?3?$AAE?$AAR?$AAR?$AA?$FN?$AA?5?$AA_?$AAP?$AAr?$AAi?$AAn?$AAt?$AAV?$AAF?$AAL?$AAC?$AAx?$AAt?$AA?5?$AA?9?$AA?5?$AA?$CB?$AA?$CI?$AAn?$AAB?$AAa?$AAn?$AAk@ 00016010     oal:VFLInterface.obj
 0001:00005088       ??_C@_1HM@KBLHLELB@?$AA?$FL?$AAV?$AAF?$AAL?$AA?3?$AAE?$AAR?$AAR?$AA?$FN?$AA?5?$AA_?$AAG?$AAe?$AAt?$AAF?$AAl?$AAa?$AAg?$AAF?$AAo?$AAr?$AAD?$AAB?$AAG?$AAM?$AAS?$AAG?$AA?5?$AA?9?$AA?5?$AAB?$AAU@ 00016088     oal:VFLInterface.obj
 0001:00005108       ??_C@_1LK@OLBECDPK@?$AA?$FL?$AAV?$AAF?$AAL?$AA?3?$AAE?$AAR?$AAR?$AA?$FN?$AA?5?$AAt?$AAh?$AAe?$AAr?$AAe?$AA?5?$AAi?$AAs?$AA?5?$AAn?$AAo?$AA?5?$AAs?$AAp?$AAa?$AAr?$AAe?$AA?5?$AAt?$AAo?$AA?5?$AAw@ 00016108     oal:VFLInterface.obj
 0001:000051c8       ??_C@_1IM@IKDDDMME@?$AA?$FL?$AAV?$AAF?$AAL?$AA?3?$AAE?$AAR?$AAR?$AA?$FN?$AA?5?$AA_?$AAS?$AAt?$AAo?$AAr?$AAe?$AAV?$AAF?$AAL?$AAC?$AAx?$AAt?$AA?5?$AA?9?$AA?5?$AA?$CB?$AA?$CI?$AAn?$AAB?$AAl?$AAk?$AAI@ 000161c8     oal:VFLInterface.obj
 0001:00005258       ??_C@_1KE@ILGPCGCF@?$AA?$FL?$AAV?$AAF?$AAL?$AA?3?$AAE?$AAR?$AAR?$AA?$FN?$AA?5?$AA_?$AAS?$AAt?$AAo?$AAr?$AAe?$AAV?$AAF?$AAL?$AAC?$AAx?$AAt?$AA?5?$AA?9?$AA?5?$AA?$CB?$AA?$CI?$AAG?$AAE?$AAT?$AA_?$AAA@ 00016258     oal:VFLInterface.obj
 0001:00005300       ??_C@_1GE@NMFCFHNJ@?$AA?$FL?$AAV?$AAF?$AAL?$AA?3?$AAE?$AAR?$AAR?$AA?$FN?$AA?5?$AA_?$AAS?$AAt?$AAo?$AAr?$AAe?$AAV?$AAF?$AAL?$AAC?$AAx?$AAt?$AA?5?$AA?9?$AA?5?$AA?$CB?$AA?$CI?$AAn?$AAB?$AAa?$AAn?$AAk@ 00016300     oal:VFLInterface.obj
 0001:00005368       ??_C@_1FE@CCLPHHLG@?$AA?$FL?$AAV?$AAF?$AAL?$AA?3?$AAE?$AAR?$AAR?$AA?$FN?$AA?5?$AAB?$AAU?$AAF?$AA_?$AAG?$AAe?$AAt?$AA?$CI?$AAn?$AAB?$AAa?$AAn?$AAk?$AA?3?$AA?$CF?$AAd?$AA?$CJ?$AA?5?$AAi?$AAs?$AA?5?$AAf@ 00016368     oal:VFLInterface.obj
 0001:000053c0       ??_C@_1GO@DPECPEAO@?$AA?$FL?$AAV?$AAF?$AAL?$AA?3?$AAE?$AAR?$AAR?$AA?$FN?$AA?5?$AA_?$AAL?$AAo?$AAa?$AAd?$AAV?$AAF?$AAL?$AAC?$AAx?$AAt?$AA?$CI?$AAn?$AAB?$AAa?$AAn?$AAk?$AA?3?$AA?$CF?$AAd?$AA?$CJ?$AA?5@ 000163c0     oal:VFLInterface.obj
 0001:00005430       ??_C@_1IK@JEDALCDM@?$AA?$FL?$AAV?$AAF?$AAL?$AA?3?$AAE?$AAR?$AAR?$AA?$FN?$AA?5?$AA_?$AAR?$AAe?$AAp?$AAl?$AAa?$AAc?$AAe?$AAB?$AAa?$AAd?$AAB?$AAl?$AAk?$AA?$CI?$AAn?$AAB?$AAa?$AAn?$AAk?$AA?3?$AA?$CF@ 00016430     oal:VFLInterface.obj
 0001:000054c0       ??_C@_1FG@JLICNLIK@?$AA?$FL?$AAV?$AAF?$AAL?$AA?3?$AAE?$AAR?$AAR?$AA?$FN?$AA?5?$AA?5?$AAt?$AAh?$AAe?$AAr?$AAe?$AA?5?$AAi?$AAs?$AA?5?$AAn?$AAo?$AA?5?$AAr?$AAe?$AAs?$AAe?$AAr?$AAv?$AAe?$AAd?$AA?5@ 000164c0     oal:VFLInterface.obj
 0001:00005518       ??_C@_1HE@IKHDMNAF@?$AA?$FL?$AAV?$AAF?$AAL?$AA?3?$AAE?$AAR?$AAR?$AA?$FN?$AA?5?$AA_?$AAR?$AAe?$AAp?$AAl?$AAa?$AAc?$AAe?$AAB?$AAa?$AAd?$AAB?$AAl?$AAk?$AA?5?$AA?9?$AA?5?$AA_?$AAS?$AAt?$AAo?$AAr@ 00016518     oal:VFLInterface.obj
 0001:00005590       ??_C@_1HC@MCDFCHFO@?$AA?$FL?$AAV?$AAF?$AAL?$AA?3?$AAE?$AAR?$AAR?$AA?$FN?$AA?5?$AA_?$AAR?$AAe?$AAp?$AAl?$AAa?$AAc?$AAe?$AAB?$AAa?$AAd?$AAB?$AAl?$AAk?$AA?5?$AA?9?$AA?5?$AAt?$AAh?$AAe?$AAr?$AAe@ 00016590     oal:VFLInterface.obj
 0001:00005608       ??_C@_1HG@EEMDGHPO@?$AA?$FL?$AAV?$AAF?$AAL?$AA?3?$AAE?$AAR?$AAR?$AA?$FN?$AA?5?$AA_?$AAR?$AAe?$AAp?$AAl?$AAa?$AAc?$AAe?$AAB?$AAa?$AAd?$AAB?$AAl?$AAk?$AA?5?$AA?9?$AA?5?$AA_?$AAS?$AAt?$AAo?$AAr@ 00016608     oal:VFLInterface.obj
 0001:00005680       ??_C@_1HC@PEHCIHCI@?$AA?$FL?$AAV?$AAF?$AAL?$AA?3?$AAE?$AAR?$AAR?$AA?$FN?$AA?5?$AA_?$AAR?$AAe?$AAp?$AAl?$AAa?$AAc?$AAe?$AAB?$AAa?$AAd?$AAB?$AAl?$AAk?$AA?5?$AA?9?$AA?5?$AAT?$AAh?$AAe?$AAr?$AAe@ 00016680     oal:VFLInterface.obj
 0001:000056f8       ??_C@_1JC@EPDDFCJ@?$AA?$FL?$AAV?$AAF?$AAL?$AA?3?$AAE?$AAR?$AAR?$AA?$FN?$AA?5?$AA_?$AAR?$AAe?$AAp?$AAl?$AAa?$AAc?$AAe?$AAB?$AAa?$AAd?$AAB?$AAl?$AAk?$AA?5?$AA?9?$AA?5?$AA_?$AAG?$AAe?$AAt?$AAR@ 000166f8     oal:VFLInterface.obj
 0001:00005790       ??_C@_1JA@NMODNJGN@?$AA?$FL?$AAV?$AAF?$AAL?$AA?3?$AAE?$AAR?$AAR?$AA?$FN?$AA?5?$AA_?$AAR?$AAe?$AAp?$AAl?$AAa?$AAc?$AAe?$AAB?$AAa?$AAd?$AAB?$AAl?$AAk?$AA?5?$AA?9?$AA?5?$AAr?$AAi?$AAg?$AAh?$AAt@ 00016790     oal:VFLInterface.obj
 0001:00005820       ??_C@_1IM@FPMJEBAB@?$AA?$FL?$AAV?$AAF?$AAL?$AA?3?$AAE?$AAR?$AAR?$AA?$FN?$AA?5?$AA_?$AAR?$AAe?$AAp?$AAl?$AAa?$AAc?$AAe?$AAB?$AAa?$AAd?$AAB?$AAl?$AAk?$AA?5?$AA?9?$AA?5?$AAL?$AAe?$AAf?$AAt?$AA?5@ 00016820     oal:VFLInterface.obj
 0001:000058b0       ??_C@_1JG@BLPFGFDA@?$AA?$FL?$AAV?$AAF?$AAL?$AA?3?$AAI?$AAN?$AAF?$AA?$FN?$AA?5?$AA_?$AAW?$AAa?$AAi?$AAt?$AAE?$AAr?$AAa?$AAs?$AAe?$AAC?$AAo?$AAm?$AAp?$AAl?$AAe?$AAt?$AAe?$AA?5?$AA?9?$AA?5?$AAr@ 000168b0     oal:VFLInterface.obj
 0001:00005948       ??_C@_1KI@CEDLPDPL@?$AA?$FL?$AAV?$AAF?$AAL?$AA?3?$AAI?$AAN?$AAF?$AA?$FN?$AA?5?$AA_?$AAW?$AAa?$AAi?$AAt?$AAE?$AAr?$AAa?$AAs?$AAe?$AAC?$AAo?$AAm?$AAp?$AAl?$AAe?$AAt?$AAe?$AA?5?$AA?9?$AA?5?$AAr@ 00016948     oal:VFLInterface.obj
 0001:000059f0       ??_C@_1JE@LAEMGDPJ@?$AA?$FL?$AAV?$AAF?$AAL?$AA?3?$AAI?$AAN?$AAF?$AA?$FN?$AA?5?$AA_?$AAW?$AAa?$AAi?$AAt?$AAE?$AAr?$AAa?$AAs?$AAe?$AAC?$AAo?$AAm?$AAp?$AAl?$AAe?$AAt?$AAe?$AA?5?$AA?9?$AA?5?$AAl@ 000169f0     oal:VFLInterface.obj
 0001:00005a88       ??_C@_1HM@EDBFNDDC@?$AA?$FL?$AAV?$AAF?$AAL?$AA?3?$AAE?$AAR?$AAR?$AA?$FN?$AA?5?$AA_?$AAW?$AAa?$AAi?$AAt?$AAE?$AAr?$AAa?$AAs?$AAe?$AAC?$AAo?$AAm?$AAp?$AAl?$AAe?$AAt?$AAe?$AA?5?$AA?9?$AA?5?$AA_@ 00016a88     oal:VFLInterface.obj
 0001:00005b08       ??_C@_1IA@HDFEJDNG@?$AA?$FL?$AAV?$AAF?$AAL?$AA?3?$AAE?$AAR?$AAR?$AA?$FN?$AA?5?$AA_?$AAW?$AAa?$AAi?$AAt?$AAE?$AAr?$AAa?$AAs?$AAe?$AAC?$AAo?$AAm?$AAp?$AAl?$AAe?$AAt?$AAe?$AA?5?$AA?9?$AA?5?$AA_@ 00016b08     oal:VFLInterface.obj
 0001:00005b88       ??_C@_1KG@HMCAEON@?$AA?$FL?$AAV?$AAF?$AAL?$AA?3?$AAI?$AAN?$AAF?$AA?$FN?$AA?5?$AA_?$AAW?$AAa?$AAi?$AAt?$AAE?$AAr?$AAa?$AAs?$AAe?$AAC?$AAo?$AAm?$AAp?$AAl?$AAe?$AAt?$AAe?$AA?5?$AA?9?$AA?5?$AAl@ 00016b88     oal:VFLInterface.obj
 0001:00005c30       ??_C@_1KC@JDBDAPJJ@?$AA?$FL?$AAV?$AAF?$AAL?$AA?3?$AAE?$AAR?$AAR?$AA?$FN?$AA?5?$AA_?$AAW?$AAa?$AAi?$AAt?$AAE?$AAr?$AAa?$AAs?$AAe?$AAC?$AAo?$AAm?$AAp?$AAl?$AAe?$AAt?$AAe?$AA?5?$AA?9?$AA?5?$AA?$CB@ 00016c30     oal:VFLInterface.obj
 0001:00005cd8       ??_C@_1KC@BGPAMEAN@?$AA?$FL?$AAV?$AAF?$AAL?$AA?3?$AAE?$AAR?$AAR?$AA?$FN?$AA?5?$AA_?$AAW?$AAa?$AAi?$AAt?$AAE?$AAr?$AAa?$AAs?$AAe?$AAC?$AAo?$AAm?$AAp?$AAl?$AAe?$AAt?$AAe?$AA?5?$AA?9?$AA?5?$AAe@ 00016cd8     oal:VFLInterface.obj
 0001:00005d80       ??_C@_1GO@LELAHACB@?$AA?6?$AA?6?$AA?$FL?$AAV?$AAF?$AAL?$AA?3?$AAI?$AAN?$AAF?$AA?$FN?$AA?5?$AAV?$AAF?$AAL?$AA_?$AAO?$AAp?$AAe?$AAn?$AA?5?$AA?9?$AA?5?$AAW?$AAM?$AAR?$AA_?$AAE?$AAR?$AAR?$AA_?$AAI@ 00016d80     oal:VFLInterface.obj
 0001:00005df0       ??_C@_1FO@MBLHFEKJ@?$AA?$FL?$AAV?$AAF?$AAL?$AA?3?$AAE?$AAR?$AAR?$AA?$FN?$AA?5?$AAV?$AAF?$AAL?$AA_?$AAO?$AAp?$AAe?$AAn?$AA?5?$AA?9?$AA?5?$AAS?$AAy?$AAn?$AAc?$AA?$CI?$AAn?$AAB?$AAa?$AAn?$AAk?$AAI@ 00016df0     oal:VFLInterface.obj
 0001:00005e50       ??_C@_1GA@PFJDMCBH@?$AA?$FL?$AAV?$AAF?$AAL?$AA?3?$AAE?$AAR?$AAR?$AA?$FN?$AA?5?$AAV?$AAF?$AAL?$AA_?$AAO?$AAp?$AAe?$AAn?$AA?5?$AA?9?$AA?5?$AAE?$AAr?$AAa?$AAs?$AAe?$AA?$CI?$AAn?$AAB?$AAa?$AAn?$AAk@ 00016e50     oal:VFLInterface.obj
 0001:00005eb0       ??_C@_1HE@DMDANJBJ@?$AA?$FL?$AAV?$AAF?$AAL?$AA?3?$AAE?$AAR?$AAR?$AA?$FN?$AA?5?$AAV?$AAF?$AAL?$AA_?$AAO?$AAp?$AAe?$AAn?$AA?$CI?$AAi?$AAn?$AAd?$AAe?$AAx?$AA?5?$AAe?$AAr?$AAr?$AAo?$AAr?$AA?5?$AAf@ 00016eb0     oal:VFLInterface.obj
 0001:00005f28       ??_C@_1GG@PEHNHICB@?$AA?$FL?$AAV?$AAF?$AAL?$AA?3?$AAE?$AAR?$AAR?$AA?$FN?$AA?5?$AAV?$AAF?$AAL?$AA_?$AAO?$AAp?$AAe?$AAn?$AA?5?$AA?9?$AA?5?$AA_?$AAL?$AAo?$AAa?$AAd?$AAV?$AAF?$AAL?$AAC?$AAx?$AAt@ 00016f28     oal:VFLInterface.obj
 0001:00005f90       ??_C@_1GA@BLPFIEAO@?$AA?$FL?$AAV?$AAF?$AAL?$AA?3?$AAE?$AAR?$AAR?$AA?$FN?$AA?5?$AAV?$AAF?$AAL?$AA_?$AAO?$AAp?$AAe?$AAn?$AA?5?$AA?9?$AA?5?$AA_?$AAC?$AAh?$AAe?$AAc?$AAk?$AAN?$AAA?$AAN?$AAD?$AAF@ 00016f90     oal:VFLInterface.obj
 0001:00005ff0       ??_C@_1FK@PCOFNNAC@?$AA?$FL?$AAV?$AAF?$AAL?$AA?3?$AAE?$AAR?$AAR?$AA?$FN?$AA?5?$AAV?$AAF?$AAL?$AA_?$AAR?$AAe?$AAa?$AAd?$AA?$CI?$AAn?$AAV?$AAp?$AAn?$AA?3?$AA?$CF?$AAd?$AA?$CJ?$AA?5?$AAn?$AAV?$AAp?$AAn@ 00016ff0     oal:VFLInterface.obj
 0001:00006050       ??_C@_1LG@HBLLEPHL@?$AA?$FL?$AAV?$AAF?$AAL?$AA?3?$AAE?$AAR?$AAR?$AA?$FN?$AA?5?$AAV?$AAF?$AAL?$AA_?$AAR?$AAe?$AAa?$AAd?$AA?$CI?$AAn?$AAV?$AAp?$AAn?$AA?3?$AA?$CF?$AAd?$AA?$CJ?$AA?5?$AAn?$AAV?$AAp?$AAn@ 00017050     oal:VFLInterface.obj
 0001:00006108       ??_C@_1OE@BEAKNLDB@?$AA?$FL?$AAV?$AAF?$AAL?$AA?3?$AAI?$AAN?$AAF?$AA?$FN?$AA?5?$AAV?$AAF?$AAL?$AA_?$AAR?$AAe?$AAa?$AAd?$AA?$CI?$AAW?$AAM?$AAR?$AA_?$AAR?$AAE?$AAA?$AAD?$AA_?$AAR?$AAE?$AAC?$AAL@ 00017108     oal:VFLInterface.obj
 0001:000061f0       ??_C@_1OC@JKEENKFO@?$AA?$FL?$AAV?$AAF?$AAL?$AA?3?$AAI?$AAN?$AAF?$AA?$FN?$AA?5?$AAV?$AAF?$AAL?$AA_?$AAR?$AAe?$AAa?$AAd?$AA?$CI?$AAW?$AAM?$AAR?$AA_?$AAR?$AAE?$AAA?$AAD?$AA_?$AAR?$AAE?$AAC?$AAL@ 000171f0     oal:VFLInterface.obj
 0001:000062d8       ??_C@_1NE@CPFCHBFH@?$AA?$FL?$AAV?$AAF?$AAL?$AA?3?$AAI?$AAN?$AAF?$AA?$FN?$AA?5?$AAV?$AAF?$AAL?$AA_?$AAR?$AAe?$AAa?$AAd?$AA?$CI?$AAW?$AAM?$AAR?$AA_?$AAR?$AAE?$AAA?$AAD?$AA_?$AAR?$AAE?$AAC?$AAL@ 000172d8     oal:VFLInterface.obj
 0001:000063b0       ??_C@_1FI@HKCDLGJN@?$AA?$FL?$AAV?$AAF?$AAL?$AA?3?$AAE?$AAR?$AAR?$AA?$FN?$AA?5?$AAV?$AAF?$AAL?$AA_?$AAR?$AAe?$AAa?$AAd?$AA?5?$AA?9?$AA?5?$AAR?$AAe?$AAa?$AAd?$AA?$CI?$AAn?$AAB?$AAa?$AAn?$AAk?$AA?3@ 000173b0     oal:VFLInterface.obj
 0001:00006408       ??_C@_1KC@OLBKCFCK@?$AA?$FL?$AAV?$AAF?$AAL?$AA?3?$AAI?$AAN?$AAF?$AA?$FN?$AA?5?$AAV?$AAF?$AAL?$AA_?$AAR?$AAe?$AAa?$AAd?$AA?$CI?$AAW?$AAM?$AAR?$AA_?$AAR?$AAE?$AAA?$AAD?$AA_?$AAR?$AAE?$AAC?$AAL@ 00017408     oal:VFLInterface.obj
 0001:000064b0       ??_C@_1KA@OIKJEFNP@?$AA?$FL?$AAV?$AAF?$AAL?$AA?3?$AAI?$AAN?$AAF?$AA?$FN?$AA?5?$AAV?$AAF?$AAL?$AA_?$AAR?$AAe?$AAa?$AAd?$AA?$CI?$AAW?$AAM?$AAR?$AA_?$AAR?$AAE?$AAA?$AAD?$AA_?$AAR?$AAE?$AAC?$AAL@ 000174b0     oal:VFLInterface.obj
 0001:00006550       ??_C@_1JC@FEHEMBLD@?$AA?$FL?$AAV?$AAF?$AAL?$AA?3?$AAI?$AAN?$AAF?$AA?$FN?$AA?5?$AAV?$AAF?$AAL?$AA_?$AAR?$AAe?$AAa?$AAd?$AA?$CI?$AAW?$AAM?$AAR?$AA_?$AAR?$AAE?$AAA?$AAD?$AA_?$AAR?$AAE?$AAC?$AAL@ 00017550     oal:VFLInterface.obj
 0001:000065e8       ??_C@_1II@KHPMHCLA@?$AA?$FL?$AAV?$AAF?$AAL?$AA?3?$AAE?$AAR?$AAR?$AA?$FN?$AA?5?$AAV?$AAF?$AAL?$AA_?$AAR?$AAe?$AAa?$AAd?$AA?$CI?$AAO?$AAS?$AAR?$AAE?$AAC?$AAL?$AAA?$AAI?$AAM?$AA?$CJ?$AA?5?$AA?9?$AA?5@ 000175e8     oal:VFLInterface.obj
 0001:00006670       ??_C@_1HC@MFOCDPBM@?$AA?$FL?$AAV?$AAF?$AAL?$AA?3?$AAE?$AAR?$AAR?$AA?$FN?$AA?5?$AAV?$AAF?$AAL?$AA_?$AAR?$AAe?$AAa?$AAd?$AA?$CI?$AAO?$AAS?$AAR?$AAE?$AAC?$AAL?$AAA?$AAI?$AAM?$AA?$CJ?$AA?5?$AA?9?$AA?5@ 00017670     oal:VFLInterface.obj
 0001:000066e8       ??_C@_1II@GLPBBODN@?$AA?$FL?$AAV?$AAF?$AAL?$AA?3?$AAE?$AAR?$AAR?$AA?$FN?$AA?5?$AAV?$AAF?$AAL?$AA_?$AAR?$AAe?$AAa?$AAd?$AA?$CI?$AAO?$AAS?$AAR?$AAE?$AAC?$AAL?$AAA?$AAI?$AAM?$AA?$CJ?$AA?5?$AA?9?$AA?5@ 000176e8     oal:VFLInterface.obj
 0001:00006770       ??_C@_1II@ILIOAPH@?$AA?$FL?$AAV?$AAF?$AAL?$AA?3?$AAE?$AAR?$AAR?$AA?$FN?$AA?5?$AAV?$AAF?$AAL?$AA_?$AAR?$AAe?$AAa?$AAd?$AA?$CI?$AAO?$AAS?$AAR?$AAE?$AAC?$AAL?$AAA?$AAI?$AAM?$AA?$CJ?$AA?5?$AA?9?$AA?5@ 00017770     oal:VFLInterface.obj
 0001:000067f8       ??_C@_1II@EBENKOLF@?$AA?$FL?$AAV?$AAF?$AAL?$AA?3?$AAE?$AAR?$AAR?$AA?$FN?$AA?5?$AAV?$AAF?$AAL?$AA_?$AAR?$AAe?$AAa?$AAd?$AA?$CI?$AAO?$AAS?$AAR?$AAE?$AAC?$AAL?$AAA?$AAI?$AAM?$AA?$CJ?$AA?5?$AA?9?$AA?5@ 000177f8     oal:VFLInterface.obj
 0001:00006880       ??_C@_1II@CCAEFAHP@?$AA?$FL?$AAV?$AAF?$AAL?$AA?3?$AAE?$AAR?$AAR?$AA?$FN?$AA?5?$AAV?$AAF?$AAL?$AA_?$AAR?$AAe?$AAa?$AAd?$AA?$CI?$AAO?$AAS?$AAR?$AAE?$AAC?$AAL?$AAA?$AAI?$AAM?$AA?$CJ?$AA?5?$AA?9?$AA?5@ 00017880     oal:VFLInterface.obj
 0001:00006908       ??_C@_1HO@LIGGPMGG@?$AA?$FL?$AAV?$AAF?$AAL?$AA?3?$AAE?$AAR?$AAR?$AA?$FN?$AA?5?$AAV?$AAF?$AAL?$AA_?$AAR?$AAe?$AAa?$AAd?$AA?5?$AA?9?$AA?5?$AA_?$AAR?$AAe?$AAm?$AAa?$AAp?$AAB?$AAa?$AAd?$AAB?$AAl@ 00017908     oal:VFLInterface.obj
 0001:00006988       ??_C@_1FM@GMPMNGE@?$AA?$FL?$AAV?$AAF?$AAL?$AA?3?$AAE?$AAR?$AAR?$AA?$FN?$AA?5?$AAV?$AAF?$AAL?$AA_?$AAR?$AAe?$AAa?$AAd?$AA?5?$AA?9?$AA?5?$AAD?$AAo?$AAS?$AAy?$AAn?$AAc?$AA?$CI?$AAn?$AAB?$AAa?$AAn@ 00017988     oal:VFLInterface.obj
 0001:000069e8       ??_C@_1FM@PDAMLBPM@?$AA?$FL?$AAV?$AAF?$AAL?$AA?3?$AAE?$AAR?$AAR?$AA?$FN?$AA?5?$AAV?$AAF?$AAL?$AA_?$AAW?$AAr?$AAi?$AAt?$AAe?$AA?$CI?$AAn?$AAV?$AAp?$AAn?$AA?3?$AA?$CF?$AAd?$AA?$CJ?$AA?5?$AAn?$AAV?$AAp@ 000179e8     oal:VFLInterface.obj
 0001:00006a48       ??_C@_1FK@PBGHCPA@?$AA?$FL?$AAV?$AAF?$AAL?$AA?3?$AAE?$AAR?$AAR?$AA?$FN?$AA?5?$AAV?$AAF?$AAL?$AA_?$AAW?$AAr?$AAi?$AAt?$AAe?$AA?5?$AA?9?$AA?5?$AAS?$AAy?$AAn?$AAc?$AA?$CI?$AAn?$AAB?$AAa?$AAn?$AAk@ 00017a48     oal:VFLInterface.obj
 0001:00006aa8       ??_C@_1IA@FCEJCJPM@?$AA?$FL?$AAV?$AAF?$AAL?$AA?3?$AAE?$AAR?$AAR?$AA?$FN?$AA?5?$AAV?$AAF?$AAL?$AA_?$AAW?$AAr?$AAi?$AAt?$AAe?$AA?5?$AA?9?$AA?5?$AA_?$AAR?$AAe?$AAm?$AAa?$AAp?$AAB?$AAa?$AAd?$AAB@ 00017aa8     oal:VFLInterface.obj
 0001:00006b28       ??_C@_1FO@MIPECNMN@?$AA?$FL?$AAV?$AAF?$AAL?$AA?3?$AAE?$AAR?$AAR?$AA?$FN?$AA?5?$AAV?$AAF?$AAL?$AA_?$AAW?$AAr?$AAi?$AAt?$AAe?$AA?5?$AA?9?$AA?5?$AAD?$AAo?$AAS?$AAy?$AAn?$AAc?$AA?$CI?$AAn?$AAB?$AAa@ 00017b28     oal:VFLInterface.obj
 0001:00006b88       ??_C@_1FM@OAELLNJB@?$AA?$FL?$AAV?$AAF?$AAL?$AA?3?$AAE?$AAR?$AAR?$AA?$FN?$AA?5?$AAV?$AAF?$AAL?$AA_?$AAS?$AAy?$AAn?$AAc?$AA?5?$AA?9?$AA?5?$AAD?$AAo?$AAS?$AAy?$AAn?$AAc?$AA?$CI?$AAn?$AAB?$AAa?$AAn@ 00017b88     oal:VFLInterface.obj
 0001:00006be8       ??_C@_1FO@IDNGAEIA@?$AA?$FL?$AAV?$AAF?$AAL?$AA?3?$AAE?$AAR?$AAR?$AA?$FN?$AA?5?$AAV?$AAF?$AAL?$AA_?$AAE?$AAr?$AAa?$AAs?$AAe?$AA?$CI?$AAn?$AAV?$AAb?$AAn?$AA?3?$AA?$CF?$AAd?$AA?$CJ?$AA?5?$AAi?$AAn?$AAp@ 00017be8     oal:VFLInterface.obj
 0001:00006c48       ??_C@_1EE@EHGNDGKL@?$AA?$FL?$AAV?$AAF?$AAL?$AA?3?$AAE?$AAR?$AAR?$AA?$FN?$AA?5?$AA?5?$AAS?$AAy?$AAn?$AAc?$AA?$CI?$AAn?$AAB?$AAa?$AAn?$AAk?$AA?3?$AA?$CF?$AAd?$AA?$CJ?$AA?5?$AAf?$AAa?$AAi?$AAl?$AA?$CB?$AA?$AN@ 00017c48     oal:VFLInterface.obj
 0001:00006c90       ??_C@_1IA@CEBJJDAA@?$AA?$FL?$AAV?$AAF?$AAL?$AA?3?$AAE?$AAR?$AAR?$AA?$FN?$AA?5?$AAV?$AAF?$AAL?$AA_?$AAE?$AAr?$AAa?$AAs?$AAe?$AA?5?$AA?9?$AA?5?$AA_?$AAR?$AAe?$AAm?$AAa?$AAp?$AAB?$AAa?$AAd?$AAB@ 00017c90     oal:VFLInterface.obj
 0001:00006d10       ??_C@_1EI@BHKHOJON@?$AA?$FL?$AAV?$AAF?$AAL?$AA?3?$AAE?$AAR?$AAR?$AA?$FN?$AA?5?$AA?5?$AAD?$AAo?$AAS?$AAy?$AAn?$AAc?$AA?$CI?$AAn?$AAB?$AAa?$AAn?$AAk?$AA?3?$AA?$CF?$AAd?$AA?$CJ?$AA?5?$AAf?$AAa?$AAi?$AAl@ 00017d10     oal:VFLInterface.obj
 0001:00006d58       ??_C@_1FE@LKBALJHF@?$AA?$FL?$AAV?$AAF?$AAL?$AA?3?$AAE?$AAR?$AAR?$AA?$FN?$AA?5?$AA?5?$AA_?$AAS?$AAt?$AAo?$AAr?$AAe?$AAV?$AAF?$AAL?$AAC?$AAx?$AAt?$AA?$CI?$AAn?$AAB?$AAa?$AAn?$AAk?$AA?3?$AA?$CF?$AAd@ 00017d58     oal:VFLInterface.obj
 0001:00006db0       ??_C@_1FI@IJMBADFJ@?$AA?$FL?$AAV?$AAF?$AAL?$AA?3?$AAE?$AAR?$AAR?$AA?$FN?$AA?5?$AA?5?$AA_?$AAR?$AAe?$AAp?$AAl?$AAa?$AAc?$AAe?$AAB?$AAa?$AAd?$AAB?$AAl?$AAk?$AA?$CI?$AAn?$AAB?$AAa?$AAn?$AAk?$AA?3@ 00017db0     oal:VFLInterface.obj
 0001:00006e08       ??_C@_1GG@KAMBNOBD@?$AA?$FL?$AAV?$AAF?$AAL?$AA?3?$AAI?$AAN?$AAF?$AA?$FN?$AA?5?$AAV?$AAF?$AAL?$AA_?$AAE?$AAr?$AAa?$AAs?$AAe?$AA?5?$AAe?$AAr?$AAa?$AAs?$AAe?$AA?5?$AAf?$AAa?$AAi?$AAl?$AA?5?$AAo@ 00017e08     oal:VFLInterface.obj
 0001:00006e70       ??_C@_1GK@HLFKFHHM@?$AA?$FL?$AAV?$AAF?$AAL?$AA?3?$AAE?$AAR?$AAR?$AA?$FN?$AA?5?$AAV?$AAF?$AAL?$AA_?$AAE?$AAr?$AAa?$AAs?$AAe?$AA?5?$AA?9?$AA?5?$AA_?$AAS?$AAt?$AAo?$AAr?$AAe?$AAV?$AAF?$AAL?$AAC@ 00017e70     oal:VFLInterface.obj
 0001:00006ee0       ??_C@_1GO@LBEAOENA@?$AA?$FL?$AAV?$AAF?$AAL?$AA?3?$AAE?$AAR?$AAR?$AA?$FN?$AA?5?$AAV?$AAF?$AAL?$AA_?$AAE?$AAr?$AAa?$AAs?$AAe?$AA?5?$AA?9?$AA?5?$AA_?$AAR?$AAe?$AAp?$AAl?$AAa?$AAc?$AAe?$AAB?$AAa@ 00017ee0     oal:VFLInterface.obj
 0001:00006f50       ??_C@_1GK@JALLNNDF@?$AA?$FL?$AAV?$AAF?$AAL?$AA?3?$AAI?$AAN?$AAF?$AA?$FN?$AA?5?$AAV?$AAF?$AAL?$AA_?$AAE?$AAr?$AAa?$AAs?$AAe?$AA?5?$AA?9?$AA?5?$AAe?$AAr?$AAa?$AAs?$AAe?$AA?5?$AAf?$AAa?$AAi?$AAl@ 00017f50     oal:VFLInterface.obj
 0001:00006fc0       ??_C@_1IG@EOAOMFEC@?$AA?$FL?$AAV?$AAF?$AAL?$AA?3?$AAE?$AAR?$AAR?$AA?$FN?$AA?5?$AAV?$AAF?$AAL?$AA_?$AAE?$AAr?$AAa?$AAs?$AAe?$AA?5?$AA?9?$AA?5?$AA_?$AAR?$AAe?$AAm?$AAa?$AAp?$AAB?$AAa?$AAd?$AAB@ 00017fc0     oal:VFLInterface.obj
 0001:00007048       ??_C@_1FO@LHLKAAKM@?$AA?$FL?$AAV?$AAF?$AAL?$AA?3?$AAE?$AAR?$AAR?$AA?$FN?$AA?5?$AAV?$AAF?$AAL?$AA_?$AAE?$AAr?$AAa?$AAs?$AAe?$AA?5?$AA?9?$AA?5?$AAD?$AAo?$AAS?$AAy?$AAn?$AAc?$AA?$CI?$AAn?$AAB?$AAa@ 00018048     oal:VFLInterface.obj
 0001:000070a8       ??_C@_1IC@NBMOJNEB@?$AA?$FL?$AAV?$AAF?$AAL?$AA?3?$AAE?$AAR?$AAR?$AA?$FN?$AA?5?$AAV?$AAF?$AAL?$AA_?$AAC?$AAo?$AAp?$AAy?$AAb?$AAa?$AAc?$AAk?$AA?$CI?$AAn?$AAS?$AAr?$AAc?$AAV?$AAp?$AAn?$AA?3?$AA?$CF@ 000180a8     oal:VFLInterface.obj
 0001:00007130       ??_C@_1GA@CPPECIHC@?$AA?$FL?$AAV?$AAF?$AAL?$AA?3?$AAE?$AAR?$AAR?$AA?$FN?$AA?5?$AAV?$AAF?$AAL?$AA_?$AAC?$AAo?$AAp?$AAy?$AAb?$AAa?$AAc?$AAk?$AA?5?$AA?9?$AA?5?$AAS?$AAy?$AAn?$AAc?$AA?$CI?$AAn?$AAB@ 00018130     oal:VFLInterface.obj
 0001:00007190       ??_C@_1FC@CMCEGLDE@?$AA?$FL?$AAV?$AAF?$AAL?$AA?3?$AAE?$AAR?$AAR?$AA?$FN?$AA?5?$AAV?$AAF?$AAL?$AA_?$AAC?$AAo?$AAp?$AAy?$AAb?$AAa?$AAc?$AAk?$AA?5?$AA?9?$AA?5?$AAB?$AAU?$AAF?$AA_?$AAG?$AAe?$AAt@ 00018190     oal:VFLInterface.obj
 0001:000071e8       ??_C@_1GA@JPFFEODD@?$AA?$FL?$AAV?$AAF?$AAL?$AA?3?$AAE?$AAR?$AAR?$AA?$FN?$AA?5?$AAV?$AAF?$AAL?$AA_?$AAC?$AAo?$AAp?$AAy?$AAb?$AAa?$AAc?$AAk?$AA?5?$AA?9?$AA?5?$AAR?$AAe?$AAa?$AAd?$AA?$CI?$AAn?$AAB@ 000181e8     oal:VFLInterface.obj
 0001:00007248       ??_C@_1GE@LJKJEJLN@?$AA?$FL?$AAV?$AAF?$AAL?$AA?3?$AAE?$AAR?$AAR?$AA?$FN?$AA?5?$AAV?$AAF?$AAL?$AA_?$AAC?$AAo?$AAp?$AAy?$AAb?$AAa?$AAc?$AAk?$AA?5?$AA?9?$AA?5?$AAD?$AAo?$AAS?$AAy?$AAn?$AAc?$AA?$CI@ 00018248     oal:VFLInterface.obj
 0001:000072b0       ??_C@_1LM@JEDENOEG@?$AA?$FL?$AAV?$AAF?$AAL?$AA?3?$AAE?$AAR?$AAR?$AA?$FN?$AA?5?$AAV?$AAF?$AAL?$AA_?$AAC?$AAo?$AAp?$AAy?$AAb?$AAa?$AAc?$AAk?$AA?5?$AA?9?$AA?5?$AA?$CB?$AA?$CI?$AAn?$AAS?$AAr?$AAc?$AAP@ 000182b0     oal:VFLInterface.obj
 0001:00007370       ??_C@_1GG@NNIPGECJ@?$AA?$FL?$AAV?$AAF?$AAL?$AA?3?$AAE?$AAR?$AAR?$AA?$FN?$AA?5?$AAV?$AAF?$AAL?$AA_?$AAC?$AAo?$AAp?$AAy?$AAb?$AAa?$AAc?$AAk?$AA?5?$AA?9?$AA?5?$AA?$CB?$AA?$CI?$AAn?$AAS?$AAr?$AAc?$AAB@ 00018370     oal:VFLInterface.obj
 0001:000073d8       ??_C@_1JG@BAIPBHDI@?$AA?$FL?$AAV?$AAF?$AAL?$AA?3?$AAE?$AAR?$AAR?$AA?$FN?$AA?5?$AAV?$AAF?$AAL?$AA_?$AAC?$AAo?$AAp?$AAy?$AAb?$AAa?$AAc?$AAk?$AA?5?$AA?9?$AA?5?$AA?$CB?$AA?$CI?$AA?$CI?$AAp?$AAB?$AAu?$AAf@ 000183d8     oal:VFLInterface.obj
 0001:00007470       ??_C@_1HG@DNACGLCP@?$AA?$FL?$AAV?$AAF?$AAL?$AA?3?$AAE?$AAR?$AAR?$AA?$FN?$AA?5?$AAV?$AAF?$AAL?$AA_?$AAC?$AAh?$AAa?$AAn?$AAg?$AAe?$AAF?$AAT?$AAL?$AAC?$AAx?$AAt?$AAV?$AAb?$AAn?$AA?5?$AA?9?$AA?5@ 00018470     oal:VFLInterface.obj
 0001:000074e8       ??_C@_1GK@BFPMMCJB@?$AA?$FL?$AAV?$AAF?$AAL?$AA?3?$AAE?$AAR?$AAR?$AA?$FN?$AA?5?$AA_?$AAW?$AAr?$AAi?$AAt?$AAe?$AAI?$AAn?$AAi?$AAt?$AAB?$AAa?$AAd?$AAL?$AAi?$AAs?$AAt?$AA?5?$AA?9?$AA?5?$AAS?$AAy@ 000184e8     oal:VFLInterface.obj
 0001:00007558       ??_C@_1GC@EBCMNHBJ@?$AA?$FL?$AAV?$AAF?$AAL?$AA?3?$AAE?$AAR?$AAR?$AA?$FN?$AA?5?$AA_?$AAW?$AAr?$AAi?$AAt?$AAe?$AAI?$AAn?$AAi?$AAt?$AAB?$AAa?$AAd?$AAL?$AAi?$AAs?$AAt?$AA?5?$AA?9?$AA?5?$AAV?$AAF@ 00018558     oal:VFLInterface.obj
 0001:000075c0       ??_C@_1GA@NDNDFHHD@?$AA?$FL?$AAV?$AAF?$AAL?$AA?3?$AAE?$AAR?$AAR?$AA?$FN?$AA?5?$AA_?$AAW?$AAr?$AAi?$AAt?$AAe?$AAI?$AAn?$AAi?$AAt?$AAB?$AAa?$AAd?$AAL?$AAi?$AAs?$AAt?$AA?5?$AA?9?$AA?5?$AAB?$AAU@ 000185c0     oal:VFLInterface.obj
 0001:00007620       ??_C@_1GC@LJBBCCFN@?$AA?$FL?$AAV?$AAF?$AAL?$AA?3?$AAE?$AAR?$AAR?$AA?$FN?$AA?5?$AAV?$AAF?$AAL?$AA_?$AAF?$AAo?$AAr?$AAm?$AAa?$AAt?$AA?5?$AA?9?$AA?5?$AA_?$AAW?$AAr?$AAi?$AAt?$AAe?$AAI?$AAn?$AAi@ 00018620     oal:VFLInterface.obj
 0001:00007688       ??_C@_1FI@OCHHCELL@?$AA?$FL?$AAV?$AAF?$AAL?$AA?3?$AAE?$AAR?$AAR?$AA?$FN?$AA?5?$AAV?$AAF?$AAL?$AA_?$AAF?$AAo?$AAr?$AAm?$AAa?$AAt?$AA?5?$AA?9?$AA?5?$AA_?$AAS?$AAt?$AAo?$AAr?$AAe?$AAV?$AAF?$AAL@ 00018688     oal:VFLInterface.obj
 0001:000076e0       ??_C@_1FM@FHKEAIGE@?$AA?$FL?$AAV?$AAF?$AAL?$AA?3?$AAE?$AAR?$AAR?$AA?$FN?$AA?5?$AAV?$AAF?$AAL?$AA_?$AAF?$AAo?$AAr?$AAm?$AAa?$AAt?$AA?5?$AA?9?$AA?5?$AA_?$AAR?$AAe?$AAp?$AAl?$AAa?$AAc?$AAe?$AAB@ 000186e0     oal:VFLInterface.obj
 0001:00007740       ??_C@_1GA@FDEFHAMK@?$AA?$FL?$AAV?$AAF?$AAL?$AA?3?$AAE?$AAR?$AAR?$AA?$FN?$AA?5?$AAV?$AAF?$AAL?$AA_?$AAF?$AAo?$AAr?$AAm?$AAa?$AAt?$AA?5?$AA?9?$AA?5?$AA_?$AAC?$AAh?$AAe?$AAc?$AAk?$AAI?$AAn?$AAi@ 00018740     oal:VFLInterface.obj
 0001:000077a0       ??_C@_1EO@EMDKPNGM@?$AA?$FL?$AAV?$AAF?$AAL?$AA?3?$AAE?$AAR?$AAR?$AA?$FN?$AA?5?$AAV?$AAF?$AAL?$AA_?$AAF?$AAo?$AAr?$AAm?$AAa?$AAt?$AA?5?$AA?9?$AA?5?$AAB?$AAU?$AAF?$AA_?$AAG?$AAe?$AAt?$AA?5?$AAf@ 000187a0     oal:VFLInterface.obj
 0001:00007930       ??_C@_1DO@KEJNDMJE@?$AA?$FL?$AAI?$AAN?$AAF?$AAO?$AA?$FN?$AA?5?$AA?9?$AA?9?$AAN?$AAA?$AAN?$AAD?$AA_?$AAG?$AAe?$AAt?$AAP?$AAl?$AAa?$AAt?$AAf?$AAo?$AAr?$AAm?$AAI?$AAn?$AAf?$AAo?$AA?6?$AA?$AA@ 00018930     oal:S3C6410_FIL.obj
 0001:00007970       ??_C@_1DO@PCPNAJHH@?$AA?$FL?$AAI?$AAN?$AAF?$AAO?$AA?$FN?$AA?5?$AA?$CL?$AA?$CL?$AAN?$AAA?$AAN?$AAD?$AA_?$AAG?$AAe?$AAt?$AAP?$AAl?$AAa?$AAt?$AAf?$AAo?$AAr?$AAm?$AAI?$AAn?$AAf?$AAo?$AA?6?$AA?$AA@ 00018970     oal:S3C6410_FIL.obj
 0001:000079b0       ??_C@_1FO@MEDJLPGO@?$AA?$FL?$AAF?$AAI?$AAL?$AA?3?$AAE?$AAR?$AAR?$AA?$FN?$AA?9?$AA?9?$AAN?$AAA?$AAN?$AAD?$AA_?$AAW?$AAr?$AAi?$AAt?$AAe?$AA?$CI?$AA?$CJ?$AA?5?$AA?3?$AA?5?$AAP?$AAa?$AAr?$AAa?$AAm?$AAe@ 000189b0     oal:S3C6410_FIL.obj
 0001:00007a10       ??_C@_1KG@NBIGFAHM@?$AAC?$AA?3?$AA?2?$AAW?$AAI?$AAN?$AAC?$AAE?$AA6?$AA0?$AA0?$AA?2?$AAP?$AAL?$AAA?$AAT?$AAF?$AAO?$AAR?$AAM?$AA?2?$AAT?$AAe?$AAn?$AAB?$AAy?$AAT?$AAe?$AAn?$AA6?$AA4?$AA1@ 00018a10     oal:S3C6410_FIL.obj
 0001:00007ab8       ??_C@_1EI@EGDLFOCE@?$AA?$CD?$AA?$CD?$AA?$CD?$AA?$CD?$AA?$CD?$AA?5?$AAE?$AAr?$AAr?$AAo?$AAr?$AA?5?$AAw?$AAr?$AAi?$AAt?$AAe?$AA?5?$AAo?$AAp?$AAe?$AAr?$AAa?$AAt?$AAi?$AAo?$AAn?$AA?5?$AA?$CD?$AA?$CD?$AA?$CD?$AA?$CD@ 00018ab8     oal:S3C6410_FIL.obj
 0001:00007b00       ??_C@_1EO@BNEFEJPM@?$AA?$FL?$AAF?$AAI?$AAL?$AA?3?$AAE?$AAR?$AAR?$AA?$FN?$AA?5?$AAN?$AAA?$AAN?$AAD?$AA_?$AAS?$AAy?$AAn?$AAc?$AA?$CI?$AA?$CJ?$AA?5?$AA?3?$AA?5?$AAS?$AAt?$AAa?$AAt?$AAu?$AAs?$AA?5?$AAE@ 00018b00     oal:S3C6410_FIL.obj
 0001:00007b50       ??_C@_1GC@KHNKCKGP@?$AA?$FL?$AAF?$AAI?$AAL?$AA?3?$AAE?$AAR?$AAR?$AA?$FN?$AA?5?$AAN?$AAA?$AAN?$AAD?$AA_?$AAS?$AAy?$AAn?$AAc?$AA?$CI?$AA?$CJ?$AA?5?$AA?3?$AA?5?$AAR?$AAi?$AAg?$AAh?$AAt?$AA?9?$AAp?$AAl@ 00018b50     oal:S3C6410_FIL.obj
 0001:00007bb8       ??_C@_1GA@LNGDCHAJ@?$AA?$FL?$AAF?$AAI?$AAL?$AA?3?$AAE?$AAR?$AAR?$AA?$FN?$AA?5?$AAN?$AAA?$AAN?$AAD?$AA_?$AAS?$AAy?$AAn?$AAc?$AA?$CI?$AA?$CJ?$AA?5?$AA?3?$AA?5?$AAL?$AAe?$AAf?$AAt?$AA?9?$AAp?$AAl?$AAa@ 00018bb8     oal:S3C6410_FIL.obj
 0001:00007c18       ??_C@_1FM@MGJKCIAI@?$AA?$FL?$AAF?$AAI?$AAL?$AA?3?$AAE?$AAR?$AAR?$AA?$FN?$AA?9?$AA?9?$AAN?$AAA?$AAN?$AAD?$AA_?$AAS?$AAy?$AAn?$AAc?$AA?$CI?$AA?$CJ?$AA?5?$AA?3?$AA?5?$AAP?$AAa?$AAr?$AAa?$AAm?$AAe?$AAt@ 00018c18     oal:S3C6410_FIL.obj
 0001:00007c74       ??_C@_1DC@JLAIJHOC@?$AA?$FL?$AAF?$AAI?$AAL?$AA?$FN?$AA?5?$AA?5?$AAM?$AAI?$AAD?$AA?5?$AA?5?$AA?5?$AA?5?$AA?$DN?$AA?5?$AA0?$AAx?$AA?$CF?$AA0?$AA2?$AAx?$AA?$AN?$AA?6?$AA?$AA@ 00018c74     oal:S3C6410_FIL.obj
 0001:00007ca8       ??_C@_1DC@HONIPCFJ@?$AA?$FL?$AAF?$AAI?$AAL?$AA?$FN?$AA?5?$AA?5?$AAD?$AAI?$AAD?$AA?5?$AA?5?$AA?5?$AA?5?$AA?$DN?$AA?5?$AA0?$AAx?$AA?$CF?$AA0?$AA2?$AAx?$AA?$AN?$AA?6?$AA?$AA@ 00018ca8     oal:S3C6410_FIL.obj
 0001:00007cdc       ??_C@_1DC@KBKINCHJ@?$AA?$FL?$AAF?$AAI?$AAL?$AA?$FN?$AA?5?$AA?5?$AAH?$AAI?$AAD?$AA?$FL?$AA0?$AA?$FN?$AA?5?$AA?$DN?$AA?5?$AA0?$AAx?$AA?$CF?$AA0?$AA2?$AAx?$AA?$AN?$AA?6?$AA?$AA@ 00018cdc     oal:S3C6410_FIL.obj
 0001:00007d10       ??_C@_1DC@KABNCPGE@?$AA?$FL?$AAF?$AAI?$AAL?$AA?$FN?$AA?5?$AA?5?$AAH?$AAI?$AAD?$AA?$FL?$AA1?$AA?$FN?$AA?5?$AA?$DN?$AA?5?$AA0?$AAx?$AA?$CF?$AA0?$AA2?$AAx?$AA?$AN?$AA?6?$AA?$AA@ 00018d10     oal:S3C6410_FIL.obj
 0001:00007d44       ??_C@_1DC@KCMDCIED@?$AA?$FL?$AAF?$AAI?$AAL?$AA?$FN?$AA?5?$AA?5?$AAH?$AAI?$AAD?$AA?$FL?$AA2?$AA?$FN?$AA?5?$AA?$DN?$AA?5?$AA0?$AAx?$AA?$CF?$AA0?$AA2?$AAx?$AA?$AN?$AA?6?$AA?$AA@ 00018d44     oal:S3C6410_FIL.obj
 0001:00007d78       ??_C@_1DC@ONBMJEFD@?$AA?$FL?$AAF?$AAI?$AAL?$AA?$FN?$AA?5?$AA?$CD?$AA?$CD?$AA?$CD?$AA?$CD?$AA?$CD?$AA?$CD?$AA?$CD?$AA?$CD?$AA?$CD?$AA?$CD?$AA?$CD?$AA?$CD?$AA?$CD?$AA?$CD?$AA?$CD?$AA?$CD?$AA?$AN?$AA?6?$AA?$AA@ 00018d78     oal:S3C6410_FIL.obj
 0001:00007db0       ??_C@_1GM@OHKOLCPC@?$AA?$AN?$AA?6?$AA?$DN?$AA?$DN?$AA?$DN?$AA?$DN?$AA?$DN?$AA?$DN?$AA?$DN?$AA?$DN?$AA?$DN?$AA?$DN?$AA?$DN?$AA?$DN?$AA?$DN?$AA?$DN?$AA?$DN?$AA?$DN?$AA?$DN?$AA?$DN?$AA?$DN?$AA?$DN?$AA?$DN?$AA?$DN?$AA?$DN?$AA?$DN?$AA?$DN?$AA?$DN?$AA?$DN?$AA?$DN?$AA?$DN?$AA?$DN@ 00018db0     oal:S3C6410_FIL.obj
 0001:00007e1c       ??_C@_1BK@PEHEOPNG@?$AAS?$AAp?$AAa?$AAr?$AAe?$AA?5?$AAD?$AAa?$AAt?$AAa?$AA?$AN?$AA?6?$AA?$AA@ 00018e1c     oal:S3C6410_FIL.obj
 0001:00007e38       ??_C@_1M@OMOAGDNC@?$AA?$CF?$AA0?$AA2?$AAx?$AA?5?$AA?$AA@ 00018e38     oal:S3C6410_FIL.obj
 0001:00007e44       ??_C@_1BI@PAHGEPNF@?$AAM?$AAa?$AAi?$AAn?$AA?5?$AAD?$AAa?$AAt?$AAa?$AA?$AN?$AA?6?$AA?$AA@ 00018e44     oal:S3C6410_FIL.obj
 0001:00007e60       ??_C@_1GI@IFAPNF@?$AA?$DN?$AA?$DN?$AA?$DN?$AA?$DN?$AA?$DN?$AA?$DN?$AA?$DN?$AA?$DN?$AA?$DN?$AA?$DN?$AA?$DN?$AA?$DN?$AA?$DN?$AA?$DN?$AA?$DN?$AA?$DN?$AA?$DN?$AA?$DN?$AA?$DN?$AA?$DN?$AA?$DN?$AA?$DN?$AA?$DN?$AA?$DN?$AA?$DN?$AA?$DN?$AA?$DN?$AA?$DN?$AA?$DN?$AA?$DN?$AA?$DN?$AA?$DN@ 00018e60     oal:S3C6410_FIL.obj
 0001:00007ec8       ??_C@_1GK@LBMDBNGG@?$AA?$FL?$AAF?$AAI?$AAL?$AA?3?$AAE?$AAR?$AAR?$AA?$FN?$AA?5?$AAD?$AAe?$AAc?$AAo?$AAd?$AAi?$AAn?$AAg?$AA_?$AAM?$AAa?$AAi?$AAn?$AAE?$AAC?$AAC?$AA?$CI?$AA?$CJ?$AA?5?$AA?3?$AA?5?$AAU@ 00018ec8     oal:S3C6410_FIL.obj
 0001:00007f38       ??_C@_1IK@CDLGPKO@?$AA?$FL?$AAF?$AAI?$AAL?$AA?3?$AAE?$AAR?$AAR?$AA?$FN?$AA?5?$AAD?$AAe?$AAc?$AAo?$AAd?$AAi?$AAn?$AAg?$AA_?$AAM?$AAa?$AAi?$AAn?$AA8?$AAB?$AAi?$AAt?$AAE?$AAC?$AAC?$AA?$CI?$AA?$CJ@ 00018f38     oal:S3C6410_FIL.obj
 0001:00007fc8       ??_C@_1GM@NOINCGID@?$AA?$FL?$AAF?$AAI?$AAL?$AA?$FN?$AA?5?$AAD?$AAe?$AAc?$AAo?$AAd?$AAi?$AAn?$AAg?$AA_?$AAS?$AAp?$AAa?$AAr?$AAe?$AAE?$AAC?$AAC?$AA?$CI?$AA?$CJ?$AA?5?$AA?3?$AA?5?$AAE?$AAC?$AAC?$AA?5@ 00018fc8     oal:S3C6410_FIL.obj
 0001:00008038       ??_C@_1GM@NGBGEBAN@?$AA?$FL?$AAF?$AAI?$AAL?$AA?3?$AAE?$AAR?$AAR?$AA?$FN?$AA?5?$AAD?$AAe?$AAc?$AAo?$AAd?$AAi?$AAn?$AAg?$AA_?$AAS?$AAp?$AAa?$AAr?$AAe?$AAE?$AAC?$AAC?$AA?$CI?$AA?$CJ?$AA?5?$AA?3?$AA?5@ 00019038     oal:S3C6410_FIL.obj
 0001:000080a8       ??_C@_1HE@IICIMJLL@?$AA?$FL?$AAF?$AAI?$AAL?$AA?$FN?$AA?5?$AAD?$AAe?$AAc?$AAo?$AAd?$AAi?$AAn?$AAg?$AA_?$AAS?$AAp?$AAa?$AAr?$AAe?$AA8?$AAB?$AAi?$AAt?$AAE?$AAC?$AAC?$AA?$CI?$AA?$CJ?$AA?5?$AA?3?$AA?5@ 000190a8     oal:S3C6410_FIL.obj
 0001:00008120       ??_C@_1IM@MFLAHPN@?$AA?$FL?$AAF?$AAI?$AAL?$AA?3?$AAE?$AAR?$AAR?$AA?$FN?$AA?5?$AAD?$AAe?$AAc?$AAo?$AAd?$AAi?$AAn?$AAg?$AA_?$AAS?$AAp?$AAa?$AAr?$AAe?$AA8?$AAB?$AAi?$AAt?$AAE?$AAC?$AAC?$AA?$CI@ 00019120     oal:S3C6410_FIL.obj
 0001:000081b0       ??_C@_1GK@LIHJAHPP@?$AA?6?$AA?$DN?$AA?$DN?$AA?$DN?$AA?$DN?$AA?$DN?$AA?$DN?$AA?$DN?$AA?$DN?$AA?$DN?$AA?$DN?$AA?$DN?$AA?$DN?$AA?$DN?$AA?$DN?$AA?$DN?$AA?$DN?$AA?$DN?$AA?$DN?$AA?$DN?$AA?$DN?$AA?$DN?$AA?$DN?$AA?$DN?$AA?$DN?$AA?$DN?$AA?$DN?$AA?$DN?$AA?$DN?$AA?$DN?$AA?$DN?$AA?$DN@ 000191b0     oal:S3C6410_FIL.obj
 0001:0000821c       ??_C@_1CM@COKADDOB@?$AAN?$AAF?$AAC?$AAO?$AAN?$AAF?$AA?5?$AA?5?$AA?5?$AA?5?$AA?5?$AA?$DN?$AA?5?$AA0?$AAx?$AA?$CF?$AA0?$AA8?$AAx?$AA?$AN?$AA?6?$AA?$AA@ 0001921c     oal:S3C6410_FIL.obj
 0001:00008248       ??_C@_1CM@ECBCIICO@?$AAN?$AAF?$AAC?$AAO?$AAN?$AAT?$AA?5?$AA?5?$AA?5?$AA?5?$AA?5?$AA?$DN?$AA?5?$AA0?$AAx?$AA?$CF?$AA0?$AA8?$AAx?$AA?$AN?$AA?6?$AA?$AA@ 00019248     oal:S3C6410_FIL.obj
 0001:00008274       ??_C@_1CM@FDBBLMIB@?$AAN?$AAF?$AAM?$AAE?$AAC?$AAC?$AAD?$AA0?$AA?5?$AA?5?$AA?5?$AA?$DN?$AA?5?$AA0?$AAx?$AA?$CF?$AA0?$AA8?$AAx?$AA?$AN?$AA?6?$AA?$AA@ 00019274     oal:S3C6410_FIL.obj
 0001:000082a0       ??_C@_1CM@GPHBFPIJ@?$AAN?$AAF?$AAM?$AAE?$AAC?$AAC?$AAD?$AA1?$AA?5?$AA?5?$AA?5?$AA?$DN?$AA?5?$AA0?$AAx?$AA?$CF?$AA0?$AA8?$AAx?$AA?$AN?$AA?6?$AA?$AA@ 000192a0     oal:S3C6410_FIL.obj
 0001:000082cc       ??_C@_1CM@PIBAGDJC@?$AAN?$AAF?$AAS?$AAE?$AAC?$AAC?$AAD?$AA?5?$AA?5?$AA?5?$AA?5?$AA?$DN?$AA?5?$AA0?$AAx?$AA?$CF?$AA0?$AA8?$AAx?$AA?$AN?$AA?6?$AA?$AA@ 000192cc     oal:S3C6410_FIL.obj
 0001:000082f8       ??_C@_1CM@DGGPPFE@?$AAN?$AAF?$AAS?$AAB?$AAL?$AAK?$AA?5?$AA?5?$AA?5?$AA?5?$AA?5?$AA?$DN?$AA?5?$AA0?$AAx?$AA?$CF?$AA0?$AA8?$AAx?$AA?$AN?$AA?6?$AA?$AA@ 000192f8     oal:S3C6410_FIL.obj
 0001:00008324       ??_C@_1CM@KCPIJNLK@?$AAN?$AAF?$AAE?$AAB?$AAL?$AAK?$AA?5?$AA?5?$AA?5?$AA?5?$AA?5?$AA?$DN?$AA?5?$AA0?$AAx?$AA?$CF?$AA0?$AA8?$AAx?$AA?$AN?$AA?6?$AA?$AA@ 00019324     oal:S3C6410_FIL.obj
 0001:00008350       ??_C@_1CM@NFNOBAAL@?$AAN?$AAF?$AAS?$AAT?$AAA?$AAT?$AA?5?$AA?5?$AA?5?$AA?5?$AA?5?$AA?$DN?$AA?5?$AA0?$AAx?$AA?$CF?$AA0?$AA8?$AAx?$AA?$AN?$AA?6?$AA?$AA@ 00019350     oal:S3C6410_FIL.obj
 0001:0000837c       ??_C@_1CM@KHCODLFP@?$AAN?$AAF?$AAE?$AAC?$AAC?$AAE?$AAR?$AAR?$AA0?$AA?5?$AA?5?$AA?$DN?$AA?5?$AA0?$AAx?$AA?$CF?$AA0?$AA8?$AAx?$AA?$AN?$AA?6?$AA?$AA@ 0001937c     oal:S3C6410_FIL.obj
 0001:000083a8       ??_C@_1CM@KGJLMGEC@?$AAN?$AAF?$AAE?$AAC?$AAC?$AAE?$AAR?$AAR?$AA1?$AA?5?$AA?5?$AA?$DN?$AA?5?$AA0?$AAx?$AA?$CF?$AA0?$AA8?$AAx?$AA?$AN?$AA?6?$AA?$AA@ 000193a8     oal:S3C6410_FIL.obj
 0001:000083d4       ??_C@_1CM@PJJCDG@?$AAN?$AAF?$AAM?$AAE?$AAC?$AAC?$AA0?$AA?5?$AA?5?$AA?5?$AA?5?$AA?$DN?$AA?5?$AA0?$AAx?$AA?$CF?$AA0?$AA8?$AAx?$AA?$AN?$AA?6?$AA?$AA@ 000193d4     oal:S3C6410_FIL.obj
 0001:00008400       ??_C@_1CM@PBCDJHJM@?$AAN?$AAF?$AAM?$AAE?$AAC?$AAC?$AA1?$AA?5?$AA?5?$AA?5?$AA?5?$AA?$DN?$AA?5?$AA0?$AAx?$AA?$CF?$AA0?$AA8?$AAx?$AA?$AN?$AA?6?$AA?$AA@ 00019400     oal:S3C6410_FIL.obj
 0001:0000842c       ??_C@_1CM@MGENBPMO@?$AAN?$AAF?$AAS?$AAE?$AAC?$AAC?$AA?5?$AA?5?$AA?5?$AA?5?$AA?5?$AA?$DN?$AA?5?$AA0?$AAx?$AA?$CF?$AA0?$AA8?$AAx?$AA?$AN?$AA?6?$AA?$AA@ 0001942c     oal:S3C6410_FIL.obj
 0001:00008458       ??_C@_1CM@KNPCOMHO@?$AAN?$AAF?$AAM?$AAL?$AAC?$AAB?$AAI?$AAT?$AAP?$AAT?$AA?5?$AA?$DN?$AA?5?$AA0?$AAx?$AA?$CF?$AA0?$AA8?$AAx?$AA?$AN?$AA?6?$AA?$AA@ 00019458     oal:S3C6410_FIL.obj
 0001:00008488       ??_C@_1GK@DENMMCK@?$AA?$DN?$AA?$DN?$AA?$DN?$AA?$DN?$AA?$DN?$AA?$DN?$AA?$DN?$AA?$DN?$AA?$DN?$AA?$DN?$AA?$DN?$AA?$DN?$AA?$DN?$AA?$DN?$AA?$DN?$AA?$DN?$AA?$DN?$AA?$DN?$AA?$DN?$AA?$DN?$AA?$DN?$AA?$DN?$AA?$DN?$AA?$DN?$AA?$DN?$AA?$DN?$AA?$DN?$AA?$DN?$AA?$DN?$AA?$DN?$AA?$DN?$AA?$DN@ 00019488     oal:S3C6410_FIL.obj
 0001:000084f8       ??_C@_1EO@IKLFPLOF@?$AA?$FL?$AAF?$AAI?$AAL?$AA?$FN?$AA?5?$AA?$CD?$AA?$CD?$AA?$CD?$AA?$CD?$AA?$CD?$AA?$CD?$AA?$CD?$AA?$CD?$AA?$CD?$AA?$CD?$AA?$CD?$AA?$CD?$AA?$CD?$AA?$CD?$AA?$CD?$AA?$CD?$AA?$CD?$AA?$CD?$AA?$CD?$AA?$CD?$AA?$CD?$AA?$CD?$AA?$CD?$AA?$CD?$AA?$CD?$AA?$CD@ 000194f8     oal:S3C6410_FIL.obj
 0001:00008548       ??_C@_1EA@OMJKFEEE@?$AA?$FL?$AAF?$AAI?$AAL?$AA?$FN?$AA?5?$AA?5?$AAF?$AAI?$AAL?$AA?5?$AAG?$AAl?$AAo?$AAb?$AAa?$AAl?$AA?5?$AAI?$AAn?$AAf?$AAo?$AAr?$AAm?$AAa?$AAt?$AAi?$AAo?$AAn?$AA?$AN?$AA?6?$AA?$AA@ 00019548     oal:S3C6410_FIL.obj
[...]
 0001:00018a30       OALFlushICacheLines        00029a30 f   oal_cache_s3c6410_sec_v1:flushiclines.obj
 0001:00018a50       OALCleanDCacheLines        00029a50 f   oal_cache_s3c6410_sec_v1:cleandclines.obj
 0001:00018a78       OALCleanDCache             00029a78 f   oal_cache_s3c6410_sec_v1:cleandc.obj
 0001:00018aec       OALFlushDCacheLines        00029aec f   oal_cache_s3c6410_sec_v1:flushdclines.obj
 0001:00018b0c       OALPAtoVA                  00029b0c f   oal_memory_arm:memory.obj
 0001:00018b98       OALLogSerial               00029b98 f   oal_log:log.obj
 0001:00018bec       __GSHandlerCheckCommon     00029bec f   fulllibc:gshandler.obj
 0001:00018c28       __GSHandlerCheck           00029c28 f   fulllibc:gshandler.obj
 0001:00018c4c       __security_check_cookie    00029c4c f   fulllibc:armsecgs.obj
 0001:00018c60       __gsfailure                00029c60 f   fulllibc:armsecgs.obj
 0001:00018ca4       __rt_udiv                  00029ca4 f   fulllibc:__udiv.obj
 0001:00018d68       __rt_udivrem64by64         00029d68 f   fulllibc:mdsdiv64.obj
 0001:00018e60       __rt_divrem64by64          00029e60 f   fulllibc:mdsdiv64.obj
 0001:00018eb0       __rt_udiv64by64            00029eb0 f   fulllibc:mdsdiv64.obj
 0001:00018ec0       __rt_urem64by64            00029ec0 f   fulllibc:mdsdiv64.obj
 0001:00018ed8       __rt_sdiv64by64            00029ed8 f   fulllibc:mdsdiv64.obj
 0001:00018ee8       __rt_srem64by64            00029ee8 f   fulllibc:mdsdiv64.obj
 0001:00018f00       __raise_int_divide_by_zero 00029f00 f   fulllibc:diverr.obj
 0001:00018f24       __crtRaiseException        00029f24 f   fulllibc:raiseexc.obj
 0001:00018f40       KITLIoctl                  00029f40 f   nkstub:kitlstub.obj
 0001:00018f7c       BSPIntrInit                00029f7c f   oal:intr.obj
 0001:000190b4       BSPIntrRequestIrqs         0002a0b4 f   oal:intr.obj
 0001:000191d0       BSPIntrEnableIrq           0002a1d0 f   oal:intr.obj
 0001:0001922c       BSPIntrDisableIrq          0002a22c f   oal:intr.obj
 0001:00019288       BSPIntrDoneIrq             0002a288 f   oal:intr.obj
 0001:00019ce0       OALIoCtlPostInit           0002ace0 f   oal:ioctl.obj
 0001:00019d14       OALIoCtlPocketStoreCMD     0002ad14 f   oal:ioctl.obj
 0001:00019ec8       BSPPowerOff                0002aec8 f   oal:power.obj
 0001:0001a004       BSPPowerOn                 0002b004 f   oal:power.obj
 0001:0001a04c       PSII_HALWrapper            0002b04c f   oal:HALWrapper.obj
 0001:0001aaa8       VFL_Init                   0002baa8 f   oal:VFLInterface.obj
 0001:0001ac1c       _CheckNANDFlash            0002bc1c f   oal:VFLInterface.obj
 0001:0001af90       VFL_GetFTLCxtVbn           0002bf90 f   oal:VFLInterface.obj
 0001:0001c060       DoSync                     0002d060 f   oal:VFLInterface.obj
 0001:0001c10c       VFL_Open                   0002d10c f   oal:VFLInterface.obj
 0001:0001c644       VFL_Read                   0002d644 f   oal:VFLInterface.obj
 0001:0001d4a4       VFL_Write                  0002e4a4 f   oal:VFLInterface.obj
 0001:0001d764       VFL_Sync                   0002e764 f   oal:VFLInterface.obj
 0001:0001d7c4       VFL_Erase                  0002e7c4 f   oal:VFLInterface.obj
 0001:0001e028       VFL_Copyback               0002f028 f   oal:VFLInterface.obj
 0001:0001ea10       VFL_ChangeFTLCxtVbn        0002fa10 f   oal:VFLInterface.obj
 0001:0001ec08       VFL_Format                 0002fc08 f   oal:VFLInterface.obj
 0001:0001f0a4       NF_WAIT_ECC_DEC_DONE       000300a4 f   oal:S3C6410_FIL.obj
 0001:0001f128       NAND_GetPlatformInfo       00030128 f   oal:S3C6410_FIL.obj
 0001:0001f1c8       NAND_Steploader_Write      000301c8 f   oal:S3C6410_FIL.obj
 0001:0001f4c8       NAND_Sync                  000304c8 f   oal:S3C6410_FIL.obj
 0001:0001f6d0       NAND_Reset                 000306d0 f   oal:S3C6410_FIL.obj
 0001:00020acc       NAND_Init                  00031acc f   oal:S3C6410_FIL.obj
 0001:00020fcc       NAND_Write                 00031fcc f   oal:S3C6410_FIL.obj
 0001:0002164c       NAND_Erase                 0003264c f   oal:S3C6410_FIL.obj
 0001:00022ef4       NAND_Read                  00033ef4 f   oal:S3C6410_FIL.obj
 0001:000235c8       NAND_Read_Retry            000345c8 f   oal:S3C6410_FIL.obj
 0001:00023800       WMR_Format_FIL             00034800 f   oal:WMR_Utils.obj
 0001:00023ab4       WMR_ERASE_VFLAREA          00034ab4 f   oal:WMR_Utils.obj
 0001:00023d54       WMR_Format_VFL             00034d54 f   oal:WMR_Utils.obj
 0001:00023ec4       WMR_Format_FTL             00034ec4 f   oal:WMR_Utils.obj
 0001:00025604       FTL_Format                 00036604 f   oal:FTLInterface.obj
 0001:00025874       FTL_Init                   00036874 f   oal:FTLInterface.obj
 0001:00025a80       FTL_Close                  00036a80 f   oal:FTLInterface.obj
 0001:00027574       FTL_Read                   00038574 f   oal:FTLInterface.obj
 0001:000279c4       FTL_Scan                   000389c4 f   oal:FTLInterface.obj
 0001:00027bb8       FTL_ReadReclaim            00038bb8 f   oal:FTLInterface.obj
 0001:00027d64       FTL_GarbageCollect         00038d64 f   oal:FTLInterface.obj
 0001:000285d8       FTL_Open                   000395d8 f   oal:FTLInterface.obj
 0001:0002882c       FTL_Write                  0003982c f   oal:FTLInterface.obj
 0001:00029068       FTL_Delete                 0003a068 f   oal:FTLInterface.obj
 0001:000293b4       FIL_Init                   0003a3b4 f   oal:FIL.obj
 0001:00029438       FIL_GetFuncTbl             0003a438 f   oal:FIL.obj
 0001:00029444       GetNandInfo                0003a444 f   oal:FIL.obj
 0001:00029478       CalcGlobal                 0003a478 f   oal:WMRGlobal.obj
 0001:00029610       GetMlcClass                0003a610 f   oal:WMRGlobal.obj
 0001:00029618       WMR_GetChkSum              0003a618 f   oal:OSLessWMROAM.obj
 0001:000296d8       OAM_Memcpy                 0003a6d8 f   oal:OSLessWMROAM.obj
 0001:00029780       OAM_Memset                 0003a780 f   oal:OSLessWMROAM.obj
 0001:000297f4       OAM_Assert                 0003a7f4 f   oal:OSLessWMROAM.obj
 0001:00029834       BUF_Init                   0003a834 f   oal:VFLBuffer.obj
 0001:000298f8       BUF_Get                    0003a8f8 f   oal:VFLBuffer.obj
 0001:00029a3c       BUF_Release                0003aa3c f   oal:VFLBuffer.obj
 0001:00029b4c       BUF_Reget                  0003ab4c f   oal:VFLBuffer.obj
 0001:00029be4       _Read_512Byte              0003abe4 f   oal:S3C6410_FIL_opt.obj
 0001:00029c24       _Read_512Byte_Unaligned    0003ac24 f   oal:S3C6410_FIL_opt.obj
 0001:00029cc0       _Write_512Byte             0003acc0 f   oal:S3C6410_FIL_opt.obj
 0001:00029d00       _Write_512Byte_Unaligned   0003ad00 f   oal:S3C6410_FIL_opt.obj
 0001:00029d9c       _Write_Dummy_468Byte_AllFF 0003ad9c f   oal:S3C6410_FIL_opt.obj
 0001:00029df0       _Write_Dummy_428Byte_AllFF 0003adf0 f   oal:S3C6410_FIL_opt.obj
 0001:00029e3c       _Write_Dummy_364Byte_AllFF 0003ae3c f   oal:S3C6410_FIL_opt.obj
 0001:00029e88       _Write_Dummy_500Byte_AllFF 0003ae88 f   oal:S3C6410_FIL_opt.obj
 0001:00029edc       _Write_Dummy_492Byte_AllFF 0003aedc f   oal:S3C6410_FIL_opt.obj
 0001:00029f28       _Write_Dummy_480Byte_AllFF 0003af28 f   oal:S3C6410_FIL_opt.obj
 0001:00029f68       _Write_Dummy_448Byte_AllFF 0003af68 f   oal:S3C6410_FIL_opt.obj
 0001:00029fa8       _STOP_FOR_BREAK            0003afa8 f   oal:S3C6410_FIL_opt.obj
 0001:00029fc0       InitializeDVS              0003afc0 f   s3c6410_PM:dvs.obj
 0001:0002a010       SetCurrentIdleTime         0003b010 f   s3c6410_PM:dvs.obj
 0001:0002a020       ChangeClockDivider         0003b020 f   s3c6410_PM:dvs.obj
 0001:0002a0f4       ProfileDVSOnOff            0003b0f4 f   s3c6410_PM:dvs.obj
 0001:0002a298       ChangeDVSLevel             0003b298 f   s3c6410_PM:dvs.obj
 0001:0002a2f8       UpdateDVS                  0003b2f8 f   s3c6410_PM:dvs.obj
 0001:0002a570       OALStall_us                0003b570 f   s3c6410_system_lib_sec_v1:s3c6410_stall.obj
 0001:0002a5d4       OALStall_ms                0003b5d4 f   s3c6410_system_lib_sec_v1:s3c6410_stall.obj
 0001:0002a63c       OALIoCtlHalRequestSysIntr  0003b63c f   oal_intr_s3c6410_sec_v1:ioctl.obj
 0001:0002a788       OALIoCtlHalReleaseSysIntr  0003b788 f   oal_intr_s3c6410_sec_v1:ioctl.obj
 0001:0002a838       OALIoCtlHalRequestIrq      0003b838 f   oal_intr_s3c6410_sec_v1:ioctl.obj
 0001:0002a938       OALIoCtlHalGetCPUID        0003b938 f   oal_ioctl_s3c6410_sec_v1:CPUIDCheck.obj
 0001:0002aa14       OALIoCtlHalUpdateMode      0003ba14 f   oal_ioctl_s3c6410_sec_v1:imgupd.obj
 0001:0002aab8       OALIoCtlHalGetRegSecureKeys 0003bab8 f   oal_ioctl_s3c6410_sec_v1:securekeys.obj
 0001:0002ab3c       OALIoCtlProcessorInfo      0003bb3c f   oal_ioctl_s3c6410_sec_v1:procinfo.obj
 0001:0002ad24       OALIoCtlHalGetRandomSeed   0003bd24 f   oal_ioctl_s3c6410_sec_v1:randomseed.obj
 0001:0002aee8       OALIoCtlHalGetUUID         0003bee8 f   oal_ioctl_s3c6410_sec_v1:uuid.obj
 0001:0002b1dc       OALIoCtlHalGetDeviceInfo   0003c1dc f   oal_ioctl_s3c6410_sec_v1:deviceinfo.obj
 0001:0002b5a4       OALIoCtlHalGetDeviceId     0003c5a4 f   oal_ioctl_s3c6410_sec_v1:deviceid.obj
 0001:0002b7b0       OALIoCtlHalEnableWake      0003c7b0 f   oal_power_s3c6410_sec_v1:ioctl.obj
 0001:0002b894       OALIoCtlHalDisableWake     0003c894 f   oal_power_s3c6410_sec_v1:ioctl.obj
 0001:0002b978       OALIoCtlHalGetWakeSource   0003c978 f   oal_power_s3c6410_sec_v1:ioctl.obj
 0001:0002ba20       OEMSWReset                 0003ca20 f   oal_power_s3c6410_sec_v1:reset.obj
 0001:0002ba6c       _OEMSWReset                0003ca6c f   oal_power_s3c6410_sec_v1:watchdog_sw_rst.obj
 0001:0002badc       OALIoCtlHalGetCacheInfo    0003cadc f   oal_cache_s3c6410_sec_v1:ioctl.obj
 0001:0002bc24       OALIoCtlHalDdkCall         0003cc24 f   oal_io:ioctl.obj
 0001:0002be80       OALIoBusPowerOff           0003ce80 f   oal_io:power.obj
 0001:0002bee0       OALIoBusPowerOn            0003cee0 f   oal_io:power.obj
 0001:0002bf40       OALIoTransBusAddress       0003cf40 f   oal_io:trans.obj
 0001:0002c000       OALIoTransSystemAddress    0003d000 f   oal_io:trans.obj
 0001:0002c08c       OALIoReadBusData           0003d08c f   oal_io:data.obj
 0001:0002c094       OALIoWriteBusData          0003d094 f   oal_io:data.obj
 0001:0002c09c       __C_specific_handler       0003d09c f   fulllibc:chandler.obj
 0001:0002c1e8       strlen                     0003d1e8 f   fulllibc:mdsstrlen.obj
 0001:0002c24c       __C_ExecuteExceptionFilter 0003d24c f   fulllibc:jmpuwind.obj
 0001:0002c24c       __C_ExecuteTerminationHandler 0003d24c f   fulllibc:jmpuwind.obj
 0003:00000000       OsAxsDataBlock_2           00044000     nkldr:kdinfo.obj
 0003:00000080       OsAxsHwTrap                00044080     nkldr:kdinfo.obj
 0003:0000021c       g_pOemGlobal               0004421c     oemmain:oemglobal.obj
 0003:00000220       __security_cookie          00044220     nkstub:nkstub.obj
 0003:00000224       __security_cookie_complement 00044224     nkstub:nkstub.obj
 0003:00000228       g_oalRtcResetTime          00044228     oal:init.obj
 0003:00000290       initialOALLogZones         00044290     oal_log:debug.obj
 0003:00000298       dpCurSettings              00044298     oal_log:debug.obj
 0003:000006dc       g_oalIoCtlPlatformType     000446dc     oal:ioctl.obj
 0003:000006e0       g_oalIoCtlPlatformOEM      000446e0     oal:ioctl.obj
 0003:000006e4       g_oalIoCtlProcessorVendor  000446e4     oal:ioctl.obj
 0003:000006e8       g_oalIoCtlProcessorName    000446e8     oal:ioctl.obj
 0003:000006ec       g_oalIoCtlProcessorCore    000446ec     oal:ioctl.obj
 0003:00000800       g_aTransitionTable         00044800     s3c6410_PM:dvs.obj
 0003:00000908       g_oalWakeSource            00044908     oal_power_s3c6410_sec_v1:ioctl.obj
 0003:0000094c       g_pProfilerISR             0004494c     oal_intr_s3c6410_sec_v1:intr.obj
 0003:000013fc       g_oalRTCcsInit             000453fc     oal_rtc_s3c6410_sec_v1:rtc.obj
 0003:00001418       g_oalIoCtlInstructionSet   00045418     oal:ioctl.obj
 0003:0000143c       pLocalSData                0004543c     oal:VFLInterface.obj
 0003:000036c0       pLocalMData                000476c0     oal:VFLInterface.obj
 0003:000147e4       bReadSafeMode              000587e4     oal:S3C6410_FIL.obj
 0003:000147e8       bECCEngineError            000587e8     oal:S3C6410_FIL.obj
 0003:00020df8       stDeviceInfo               00064df8     oal:WMRGlobal.obj
 0003:00020e60       stConfig                   00064e60     oal:WMRGlobal.obj
 0003:00020ea8       stLayout                   00064ea8     oal:WMRGlobal.obj
 0003:0002f9d0       g_pNKGlobal                000739d0     <common>
 0003:0002f9d4       gnPpn                      000739d4     <common>
 0003:0002f9e0       csPocketStoreVFL           000739e0     <common>
 0003:0002f9f4       v_pIOP_PIO_regs            000739f4     <common>
 0003:0002f9f8       g_oalIoCtlClockSpeed       000739f8     <common>
 0003:0002fa00       g_oalRTCcs                 00073a00     <common>
 0003:0002fa20       g_oalTimer                 00073a20     <common>
 0003:0002fa60       g_oalCacheInfo             00073a60     <common>

 entry point at        0001:00000000

 Static symbols

 0001:00014690       ReturnFalse                00025690 f   oemmain:oemglobal.obj
 0001:00014698       ReturnSelf                 00025698 f   oemmain:oemglobal.obj
 0001:0001469c       FakeCalcPage               0002569c f   oemmain:oemglobal.obj
 0001:00015de0       PrepareDMACIntr            00026de0 f   oal_intr_s3c6410_sec_v1:intr.obj
 0001:000169d0       S3C6410_SaveState_GPIO     000279d0 f   oal_power_s3c6410_sec_v1:off.obj
 0001:00016c7c       S3C6410_RestoreState_GPIO  00027c7c f   oal_power_s3c6410_sec_v1:off.obj
 0001:00016f28       S3C6410_SaveState_DMACon   00027f28 f   oal_power_s3c6410_sec_v1:off.obj
 0001:000170bc       S3C6410_RestoreState_DMACon 000280bc f   oal_power_s3c6410_sec_v1:off.obj
 0001:000192e4       OALIoCtlHalReboot          0002a2e4 f   oal:ioctl.obj
 0001:00019338       OALIoCtlHalGetHWEntropy    0002a338 f   oal:ioctl.obj
 0001:000193f0       OALIoCtlEBootMAC           0002a3f0 f   oal:ioctl.obj
 0001:00019470       OALIoCtlHalGetHiveCleanFlag 0002a470 f   oal:ioctl.obj
 0001:000195a0       OALIoCtlHalQueryFormatPartition 0002a5a0 f   oal:ioctl.obj
 0001:00019734       OALIoCtlHalQueryDisplaySettings 0002a734 f   oal:ioctl.obj
 0001:000198c8       OALIoCtlHalPowerCTL        0002a8c8 f   oal:ioctl.obj
 0001:000199c8       OALIoCtlHalSetSystemLevel  0002a9c8 f   oal:ioctl.obj
 0001:00019ac4       OALIoCtlHalProfileDVS      0002aac4 f   oal:ioctl.obj
 0001:00019bc0       OALIoCtlHalClockInfo       0002abc0 f   oal:ioctl.obj
 0001:00019ca4       OALIoCtlHalInitRegistry    0002aca4 f   oal:ioctl.obj
 0001:00019d74       S3C6410_WakeUpSource_Detect 0002ad74 f   oal:power.obj
 0001:0001a274       _GetReservedBlk            0002b274 f   oal:VFLInterface.obj
 0001:0001a3f4       _RemapBadBlk               0002b3f4 f   oal:VFLInterface.obj
 0001:0001a618       _GetPhysicalAddr           0002b618 f   oal:VFLInterface.obj
 0001:0001a73c       _CheckInitialBad           0002b73c f   oal:VFLInterface.obj
 0001:0001a8c8       _WriteBadMark              0002b8c8 f   oal:VFLInterface.obj
 0001:0001acd4       _PrintVFLCxt               0002bcd4 f   oal:VFLInterface.obj
 0001:0001afe0       _StoreVFLCxt               0002bfe0 f   oal:VFLInterface.obj
 0001:0001b2e4       _LoadVFLCxt                0002c2e4 f   oal:VFLInterface.obj
 0001:0001b558       _ReplaceBadBlk             0002c558 f   oal:VFLInterface.obj
 0001:0001b9b4       _WaitEraseComplete         0002c9b4 f   oal:VFLInterface.obj
 0001:0001ea90       _WriteInitBadList          0002fa90 f   oal:VFLInterface.obj
 0001:0001f730       Read_DeviceID              00030730 f   oal:S3C6410_FIL.obj
 0001:0001f8a8       MLC_Print_Page_Data        000308a8 f   oal:S3C6410_FIL.obj
 0001:0001f994       Write_Spare                00030994 f   oal:S3C6410_FIL.obj
 0001:0001fca0       Write_Spare_Separate       00030ca0 f   oal:S3C6410_FIL.obj
 0001:000200c0       Write_Spare_8BitECC        000310c0 f   oal:S3C6410_FIL.obj
 0001:00020428       Decoding_MainECC           00031428 f   oal:S3C6410_FIL.obj
 0001:00020508       Decoding_Main8BitECC       00031508 f   oal:S3C6410_FIL.obj
 0001:00020690       Decoding_SpareECC          00031690 f   oal:S3C6410_FIL.obj
 0001:000207cc       Decoding_Spare8BitECC      000317cc f   oal:S3C6410_FIL.obj
 0001:00020988       MLC_Print_SFR              00031988 f   oal:S3C6410_FIL.obj
 0001:00021890       Read_Sector                00032890 f   oal:S3C6410_FIL.obj
 0001:00021adc       Read_Sector_8BitECC        00032adc f   oal:S3C6410_FIL.obj
 0001:00021d2c       Read_Spare                 00032d2c f   oal:S3C6410_FIL.obj
 0001:0002234c       Read_Spare_Separate        0003334c f   oal:S3C6410_FIL.obj
 0001:000228f4       Read_Spare_8BitECC         000338f4 f   oal:S3C6410_FIL.obj
 0001:00023fcc       _InitBackupLBCxt           00034fcc f   oal:FTLInterface.obj
 0001:00024040       _GetBackupLBIdx            00035040 f   oal:FTLInterface.obj
 0001:00024088       _LogBlockFreePO            00035088 f   oal:FTLInterface.obj
 0001:0002412c       _DisableCopyMerge          0003512c f   oal:FTLInterface.obj
 0001:000241e8       _ScanLogSection            000351e8 f   oal:FTLInterface.obj
 0001:00024274       _GetFreeVb                 00035274 f   oal:FTLInterface.obj
 0001:0002447c       _SetFreeVb                 0003547c f   oal:FTLInterface.obj
 0001:00024550       _InitLogCxt                00035550 f   oal:FTLInterface.obj
 0001:000245b0       _ConvertL2V                000355b0 f   oal:FTLInterface.obj
 0001:000246e8       _GetEC                     000356e8 f   oal:FTLInterface.obj
 0001:00024784       _ModifyMap                 00035784 f   oal:FTLInterface.obj
 0001:00024848       _ModifyReclaimMap          00035848 f   oal:FTLInterface.obj
 0001:00024954       _ModifyECTbl               00035954 f   oal:FTLInterface.obj
 0001:00024a54       _DoCopyMerge               00035a54 f   oal:FTLInterface.obj
 0001:00024e70       _DoSimpleMerge             00035e70 f   oal:FTLInterface.obj
 0001:000251d0       _PrintFTLCxt               000361d0 f   oal:FTLInterface.obj
 0001:00025b54       _ShouldLSBCopy             00036b54 f   oal:FTLInterface.obj
 0001:00025c74       _EraseBackupLB             00036c74 f   oal:FTLInterface.obj
 0001:00025d0c       _BackupLSB                 00036d0c f   oal:FTLInterface.obj
 0001:000260d0       _StoreFTLCxt               000370d0 f   oal:FTLInterface.obj
 0001:00026348       _LoadFTLCxt                00037348 f   oal:FTLInterface.obj
 0001:000266fc       _MoveD2F                   000376fc f   oal:FTLInterface.obj
 0001:0002685c       _AutoWearLevel             0003785c f   oal:FTLInterface.obj
 0001:00026a98       _MetaWearLevel             00037a98 f   oal:FTLInterface.obj
 0001:00026c30       _DoMoveMerge               00037c30 f   oal:FTLInterface.obj
 0001:00026f70       _DoTripleMerge             00037f70 f   oal:FTLInterface.obj
 0001:00027328       _Merge                     00038328 f   oal:FTLInterface.obj
 0001:00027db0       _MakeLogMap                00038db0 f   oal:FTLInterface.obj
 0001:000283cc       _PrepareLog                000393cc f   oal:FTLInterface.obj
 0001:0002b024       ?CheckBufferSize@@YAHPBXABIPAI1PBG@Z 0003c024 f   oal_ioctl_s3c6410_sec_v1:deviceinfo.obj
 0001:0002b0d0       ?GetBootMeName@@YAHPAXIPAIPAPBG@Z 0003c0d0 f   oal_ioctl_s3c6410_sec_v1:deviceinfo.obj
