 s3c6410_disp

 Timestamp is 53291052 (Wed Mar 19 11:34:42 2014)

 Preferred load address is 10000000

 Start         Length     Name                   Class
 0001:00000000 00000004H .CRT$XCA                CODE
 0001:00000004 00000014H .CRT$XCU                CODE
 0001:00000018 00000004H .CRT$XCZ                CODE
 0001:0000001c 00000004H .CRT$XIA                CODE
 0001:00000020 00000004H .CRT$XIZ                CODE
 0001:00000024 00000004H .CRT$XPA                CODE
 0001:00000028 00000004H .CRT$XPZ                CODE
 0001:0000002c 00000004H .CRT$XTA                CODE
 0001:00000030 00000004H .CRT$XTZ                CODE
 0001:00000040 000075caH .rdata                  CODE
 0001:0000760c 00000029H .rdata$debug            CODE
 0001:00007640 0003d850H .text                   CODE
 0001:00044e90 00000088H .text$yc                CODE
 0001:00044f18 00000110H .xdata                  CODE
 0001:00045028 00000028H .idata$2                CODE
 0001:00045050 00000014H .idata$3                CODE
 0001:00045064 00000144H .idata$4                CODE
 0001:000451a8 00000016H .idata$6                CODE
 0001:000451c0 0000005cH .edata                  CODE
 0002:00000000 00003a14H fastmem                 CODE
 0003:00000000 00000144H .idata$5                DATA
 0003:00000148 0000c470H .data                   DATA
 0003:0000c5b8 00003ef8H .bss                    DATA
 0004:00000000 000011e0H .pdata                  DATA

  Address         Publics by Value              Rva+Base       Lib:Object

 0000:00000000       ___safe_se_handler_count   00000000     <absolute>
 0000:00000000       ___safe_se_handler_table   00000000     <absolute>
 0001:00000000       __xc_a                     10001000     corelib0:crt0init.obj
 0001:00000018       __xc_z                     10001018     corelib0:crt0init.obj
 0001:0000001c       __xi_a                     1000101c     corelib0:crt0init.obj
 0001:00000020       __xi_z                     10001020     corelib0:crt0init.obj
 0001:00000024       __xp_a                     10001024     corelib0:crt0init.obj
 0001:00000028       __xp_z                     10001028     corelib0:crt0init.obj
 0001:0000002c       __xt_a                     1000102c     corelib0:crt0init.obj
 0001:00000030       __xt_z                     10001030     corelib0:crt0init.obj
 0001:0000005c       ??_C@_1M@FIJHFMPA@?$AAA?$AAN?$AAG?$AAL?$AAE?$AA?$AA@ 1000105c     display_main.obj
 0001:00000068       ??_C@_1CI@PNCEGBJC@?$AAS?$AAY?$AAS?$AAT?$AAE?$AAM?$AA?2?$AAG?$AAD?$AAI?$AA?2?$AAR?$AAO?$AAT?$AAA?$AAT?$AAI?$AAO?$AAN?$AA?$AA@ 10001068     display_main.obj
 0001:00000090       ??_C@_1M@DKKMLCEH@?$AAV?$AAD?$AAE?$AA0?$AA?3?$AA?$AA@ 10001090     display_main.obj
 0001:0000009c       ??_C@_1M@BAKKPHMH@?$AAB?$AAK?$AAL?$AA1?$AA?3?$AA?$AA@ 1000109c     display_main.obj
 0001:000000a8       ??_C@_1GI@LBPPMOKF@?$AA?$HL?$AA?$CF?$AA0?$AA8?$AAl?$AAX?$AA?9?$AA?$CF?$AA0?$AA4?$AAX?$AA?9?$AA?$CF?$AA0?$AA4?$AAX?$AA?9?$AA?$CF?$AA0?$AA2?$AAX?$AA?$CF?$AA0?$AA2?$AAX?$AA?9?$AA?$CF?$AA0?$AA2?$AAX?$AA?$CF?$AA0@ 100010a8     display_main.obj
 0001:00000110       ??_C@_1CE@LGAKADBG@?$AAD?$AAi?$AAs?$AAp?$AAl?$AAa?$AAy?$AAP?$AAo?$AAw?$AAe?$AAr?$AAC?$AAl?$AAa?$AAs?$AAs?$AA?$AA@ 10001110     display_main.obj
 0001:00000138       ??_C@_1EO@BHDHHEGO@?$AA?$HL?$AAE?$AAB?$AA9?$AA1?$AAC?$AA7?$AAC?$AA9?$AA?9?$AA8?$AAB?$AAF?$AA6?$AA?9?$AA4?$AAa?$AA2?$AAd?$AA?9?$AA9?$AAA?$AAB?$AA8?$AA?9?$AA6?$AA9?$AA7?$AA2?$AA4?$AAE?$AAE@ 10001138     display_main.obj
 0001:00000188       ??_C@_1CG@BEPCNIEH@?$AAS?$AAy?$AAs?$AAt?$AAe?$AAm?$AA?2?$AAG?$AAD?$AAI?$AA?2?$AAD?$AAr?$AAi?$AAv?$AAe?$AAr?$AAs?$AA?$AA@ 10001188     display_main.obj
 0001:000001b0       ??_7S3C6410Disp@@6B@       100011b0     display_main.obj
 0001:000002ec       ??_C@_1CG@CNEDOJAJ@?$AA?$FL?$AAD?$AAI?$AAS?$AAP?$AAD?$AAR?$AAV?$AA?$FN?$AA?5?$AA?9?$AA?9?$AA?$CF?$AAs?$AA?$CI?$AA?$CJ?$AA?6?$AA?$AN?$AA?$AA@ 100012ec     ddoverlay.obj
 0001:00000318       ??_C@_1HC@CCINEAJB@?$AA?$FL?$AAD?$AAI?$AAS?$AAP?$AAD?$AAR?$AAV?$AA?3?$AAE?$AAR?$AAR?$AA?$FN?$AA?5?$AA?$CF?$AAs?$AA?$CI?$AA?$CJ?$AA?5?$AA?3?$AA?5?$AAI?$AAO?$AAC?$AAT?$AAL?$AA_?$AAS?$AAV?$AAE?$AA_?$AAR@ 10001318     ddoverlay.obj
 0001:00000390       ??_C@_1HM@LLCLFNPG@?$AA?$FL?$AAD?$AAI?$AAS?$AAP?$AAD?$AAR?$AAV?$AA?3?$AAE?$AAR?$AAR?$AA?$FN?$AA?5?$AA?$CF?$AAs?$AA?$CI?$AA?$CJ?$AA?5?$AA?3?$AA?5?$AAI?$AAO?$AAC?$AAT?$AAL?$AA_?$AAS?$AAV?$AAE?$AA_?$AAR@ 10001390     ddoverlay.obj
 0001:00000410       ??_C@_1EI@CPFFNGDA@?$AAS?$AA3?$AAC?$AA6?$AA4?$AA1?$AA0?$AAD?$AAi?$AAs?$AAp?$AA?3?$AA?3?$AAO?$AAv?$AAe?$AAr?$AAl?$AAa?$AAy?$AAR?$AAe?$AAl?$AAe?$AAa?$AAs?$AAe?$AAR?$AAe?$AAs?$AAo?$AAu@ 10001410     ddoverlay.obj
 0001:00000458       ??_C@_1CK@FHILMNBG@?$AA?$FL?$AAD?$AAI?$AAS?$AAP?$AAD?$AAR?$AAV?$AA?$FN?$AA?5?$AA?$CL?$AA?$CL?$AA?$CF?$AAs?$AA?$CI?$AA?$CF?$AAd?$AA?$CJ?$AA?6?$AA?$AN?$AA?$AA@ 10001458     ddoverlay.obj
 0001:00000488       ??_C@_1FA@DIIDMFBB@?$AA?$FL?$AAD?$AAI?$AAS?$AAP?$AAD?$AAR?$AAV?$AA?$FN?$AA?5?$AA?9?$AA?9?$AAI?$AAn?$AAi?$AAt?$AAa?$AAl?$AAi?$AAz?$AAe?$AAO?$AAv?$AAe?$AAr?$AAl?$AAa?$AAy?$AAC?$AAo?$AAn?$AAt@ 10001488     ddoverlay.obj
 0001:000004d8       ??_C@_1FA@IOBKMPNL@?$AA?$FL?$AAD?$AAI?$AAS?$AAP?$AAD?$AAR?$AAV?$AA?$FN?$AA?5?$AA?$CL?$AA?$CL?$AAI?$AAn?$AAi?$AAt?$AAa?$AAl?$AAi?$AAz?$AAe?$AAO?$AAv?$AAe?$AAr?$AAl?$AAa?$AAy?$AAC?$AAo?$AAn?$AAt@ 100014d8     ddoverlay.obj
 0001:00000528       ??_C@_1EM@PMGIEPHF@?$AA?$FL?$AAD?$AAI?$AAS?$AAP?$AAD?$AAR?$AAV?$AA?$FN?$AA?5?$AA?9?$AA?9?$AAD?$AAe?$AAv?$AAO?$AAv?$AAe?$AAr?$AAl?$AAa?$AAy?$AAS?$AAe?$AAt?$AAP?$AAo?$AAs?$AAi?$AAt?$AAi?$AAo@ 10001528     ddoverlay.obj
 0001:00000578       ??_C@_1KI@DIJGALLP@?$AA?$FL?$AAD?$AAI?$AAS?$AAP?$AAD?$AAR?$AAV?$AA?3?$AAE?$AAR?$AAR?$AA?$FN?$AA?5?$AAD?$AAe?$AAv?$AAO?$AAv?$AAe?$AAr?$AAl?$AAa?$AAy?$AAS?$AAe?$AAt?$AAP?$AAo?$AAs?$AAi?$AAt@ 10001578     ddoverlay.obj
 0001:00000620       ??_C@_1EM@LEMLNCDD@?$AA?$FL?$AAD?$AAI?$AAS?$AAP?$AAD?$AAR?$AAV?$AA?$FN?$AA?5?$AA?$CL?$AA?$CL?$AAD?$AAe?$AAv?$AAO?$AAv?$AAe?$AAr?$AAl?$AAa?$AAy?$AAS?$AAe?$AAt?$AAP?$AAo?$AAs?$AAi?$AAt?$AAi?$AAo@ 10001620     ddoverlay.obj
 0001:00000670       ??_C@_1HO@OAEKJNLO@?$AA?$FL?$AAD?$AAI?$AAS?$AAP?$AAD?$AAR?$AAV?$AA?3?$AAE?$AAR?$AAR?$AA?$FN?$AA?5?$AA?$CF?$AAs?$AA?$CI?$AA?$CJ?$AA?5?$AA?3?$AA?5?$AAI?$AAO?$AAC?$AAT?$AAL?$AA_?$AAS?$AAV?$AAE?$AA_?$AAF@ 10001670     ddoverlay.obj
 0001:000006f0       ??_C@_1KI@CBHILIJF@?$AA?$FL?$AAD?$AAI?$AAS?$AAP?$AAD?$AAR?$AAV?$AA?3?$AAE?$AAR?$AAR?$AA?$FN?$AA?5?$AAD?$AAe?$AAv?$AAO?$AAv?$AAe?$AAr?$AAl?$AAa?$AAy?$AAS?$AAe?$AAt?$AAP?$AAo?$AAs?$AAi?$AAt@ 100016f0     ddoverlay.obj
 0001:00000798       ??_C@_1DM@CKJIIGFA@?$AAS?$AA3?$AAC?$AA6?$AA4?$AA1?$AA0?$AAD?$AAi?$AAs?$AAp?$AA?3?$AA?3?$AAD?$AAe?$AAv?$AAO?$AAv?$AAe?$AAr?$AAl?$AAa?$AAy?$AAE?$AAn?$AAa?$AAb?$AAl?$AAe?$AA?$AA@ 10001798     ddoverlay.obj
 0001:000007d4       ??_C@_1CG@HAKODMGI@?$AA?$FL?$AAD?$AAI?$AAS?$AAP?$AAD?$AAR?$AAV?$AA?$FN?$AA?5?$AA?$CL?$AA?$CL?$AA?$CF?$AAs?$AA?$CI?$AA?$CJ?$AA?6?$AA?$AN?$AA?$AA@ 100017d4     ddoverlay.obj
 0001:00000800       ??_C@_1EE@EKEOCMKM@?$AA?$FL?$AAD?$AAI?$AAS?$AAP?$AAD?$AAR?$AAV?$AA?$FN?$AA?5?$AA?9?$AA?9?$AAD?$AAe?$AAv?$AAO?$AAv?$AAe?$AAr?$AAl?$AAa?$AAy?$AAD?$AAi?$AAs?$AAa?$AAb?$AAl?$AAe?$AA?$CI?$AA?$CJ?$AA?6@ 10001800     ddoverlay.obj
 0001:00000848       ??_C@_1JO@FDINBEBD@?$AA?$FL?$AAD?$AAI?$AAS?$AAP?$AAD?$AAR?$AAV?$AA?3?$AAE?$AAR?$AAR?$AA?$FN?$AA?5?$AAD?$AAe?$AAv?$AAO?$AAv?$AAe?$AAr?$AAl?$AAa?$AAy?$AAD?$AAi?$AAs?$AAa?$AAb?$AAl?$AAe?$AA?$CI@ 10001848     ddoverlay.obj
 0001:000008e8       ??_C@_1KG@PKLCLMK@?$AA?$FL?$AAD?$AAI?$AAS?$AAP?$AAD?$AAR?$AAV?$AA?3?$AAE?$AAR?$AAR?$AA?$FN?$AA?5?$AAD?$AAe?$AAv?$AAO?$AAv?$AAe?$AAr?$AAl?$AAa?$AAy?$AAS?$AAe?$AAt?$AAP?$AAo?$AAs?$AAi?$AAt@ 100018e8     ddoverlay.obj
 0001:00000990       ??_C@_1DO@EAKMOGCD@?$AAS?$AA3?$AAC?$AA6?$AA4?$AA1?$AA0?$AAD?$AAi?$AAs?$AAp?$AA?3?$AA?3?$AAD?$AAe?$AAv?$AAO?$AAv?$AAe?$AAr?$AAl?$AAa?$AAy?$AAD?$AAi?$AAs?$AAa?$AAb?$AAl?$AAe?$AA?$AA@ 10001990     ddoverlay.obj
 0001:000009d0       ??_C@_1LA@OMFAEENN@?$AA?$FL?$AAD?$AAI?$AAS?$AAP?$AAD?$AAR?$AAV?$AA?3?$AAE?$AAR?$AAR?$AA?$FN?$AA?5?$AAD?$AAe?$AAv?$AAO?$AAv?$AAe?$AAr?$AAl?$AAa?$AAy?$AAB?$AAl?$AAe?$AAn?$AAd?$AAD?$AAi?$AAs@ 100019d0     ddoverlay.obj
 0001:00000a80       ??_C@_1LG@BIFDCABM@?$AA?$FL?$AAD?$AAI?$AAS?$AAP?$AAD?$AAR?$AAV?$AA?3?$AAE?$AAR?$AAR?$AA?$FN?$AA?5?$AAD?$AAe?$AAv?$AAO?$AAv?$AAe?$AAr?$AAl?$AAa?$AAy?$AAB?$AAl?$AAe?$AAn?$AAd?$AAD?$AAi?$AAs@ 10001a80     ddoverlay.obj
 0001:00000b38       ??_C@_1EK@KGLHJ@?$AA?$FL?$AAD?$AAI?$AAS?$AAP?$AAD?$AAR?$AAV?$AA?$FN?$AA?5?$AAD?$AAe?$AAv?$AAO?$AAv?$AAe?$AAr?$AAl?$AAa?$AAy?$AAB?$AAl?$AAe?$AAn?$AAd?$AAD?$AAi?$AAs?$AAa?$AAb?$AAl?$AAe@ 10001b38     ddoverlay.obj
 0001:00000b88       ??_C@_1LE@CEANIILF@?$AA?$FL?$AAD?$AAI?$AAS?$AAP?$AAD?$AAR?$AAV?$AA?3?$AAE?$AAR?$AAR?$AA?$FN?$AA?5?$AAD?$AAe?$AAv?$AAO?$AAv?$AAe?$AAr?$AAl?$AAa?$AAy?$AAS?$AAe?$AAt?$AAC?$AAo?$AAl?$AAo?$AAr@ 10001b88     ddoverlay.obj
 0001:00000c40       ??_C@_1EI@ECDGHGLD@?$AA?$FL?$AAD?$AAI?$AAS?$AAP?$AAD?$AAR?$AAV?$AA?$FN?$AA?5?$AAD?$AAe?$AAv?$AAO?$AAv?$AAe?$AAr?$AAl?$AAa?$AAy?$AAS?$AAe?$AAt?$AAC?$AAo?$AAl?$AAo?$AAr?$AAK?$AAe?$AAy?$AA?$CI@ 10001c40     ddoverlay.obj
 0001:00000c88       ??_C@_1KI@FFMMPENL@?$AA?$FL?$AAD?$AAI?$AAS?$AAP?$AAD?$AAR?$AAV?$AA?3?$AAE?$AAR?$AAR?$AA?$FN?$AA?5?$AAD?$AAe?$AAv?$AAO?$AAv?$AAe?$AAr?$AAl?$AAa?$AAy?$AAS?$AAe?$AAt?$AAA?$AAl?$AAp?$AAh?$AAa@ 10001c88     ddoverlay.obj
 0001:00000d30       ??_C@_1EC@NKAHOCJA@?$AA?$FL?$AAD?$AAI?$AAS?$AAP?$AAD?$AAR?$AAV?$AA?$FN?$AA?5?$AAD?$AAe?$AAv?$AAO?$AAv?$AAe?$AAr?$AAl?$AAa?$AAy?$AAS?$AAe?$AAt?$AAA?$AAl?$AAp?$AAh?$AAa?$AA?$CI?$AA?$CJ?$AA?6?$AA?$AN@ 10001d30     ddoverlay.obj
 0001:00000d78       ??_C@_1EA@LOBEOIMN@?$AA?$FL?$AAD?$AAI?$AAS?$AAP?$AAD?$AAR?$AAV?$AA?3?$AAE?$AAR?$AAR?$AA?$FN?$AA?5?$AA?9?$AA?9?$AA?$CF?$AAs?$AA?$CI?$AA?$CJ?$AA?5?$AA?3?$AA?5?$AAF?$AAa?$AAi?$AAl?$AAe?$AAd?$AA?6?$AA?$AN?$AA?$AA@ 10001d78     ddoverlay.obj
 0001:00000db8       ??_C@_1HC@LCLNNDLB@?$AA?$FL?$AAD?$AAI?$AAS?$AAP?$AAD?$AAR?$AAV?$AA?3?$AAE?$AAR?$AAR?$AA?$FN?$AA?5?$AA?$CF?$AAs?$AA?$CI?$AA?$CJ?$AA?5?$AA?3?$AA?5?$AAI?$AAO?$AAC?$AAT?$AAL?$AA_?$AAS?$AAV?$AAE?$AA_?$AAR@ 10001db8     ddoverlay.obj
 0001:00000e30       ??_C@_1HM@GNGLAFJM@?$AA?$FL?$AAD?$AAI?$AAS?$AAP?$AAD?$AAR?$AAV?$AA?3?$AAE?$AAR?$AAR?$AA?$FN?$AA?5?$AA?$CF?$AAs?$AA?$CI?$AA?$CJ?$AA?5?$AA?3?$AA?5?$AAI?$AAO?$AAC?$AAT?$AAL?$AA_?$AAS?$AAV?$AAE?$AA_?$AAR@ 10001e30     ddoverlay.obj
 0001:00000eb0       ??_C@_1EE@DAPKFLPG@?$AAS?$AA3?$AAC?$AA6?$AA4?$AA1?$AA0?$AAD?$AAi?$AAs?$AAp?$AA?3?$AA?3?$AAO?$AAv?$AAe?$AAr?$AAl?$AAa?$AAy?$AAA?$AAl?$AAl?$AAo?$AAc?$AAR?$AAe?$AAs?$AAo?$AAu?$AAr?$AAc@ 10001eb0     ddoverlay.obj
 0001:00000ef4       ??_C@_1DI@EFGJDFCC@?$AAO?$AAv?$AAe?$AAr?$AAl?$AAa?$AAy?$AAS?$AAe?$AAt?$AAP?$AAo?$AAs?$AAi?$AAt?$AAi?$AAo?$AAn?$AA?$CI?$AA?$CF?$AAd?$AA?0?$AA?$CF?$AAd?$AA?$CJ?$AA?6?$AA?$AN?$AA?$AA@ 10001ef4     ddoverlay.obj
 0001:00000f2c       ??_C@_1DG@OOCACEMM@?$AAS?$AA3?$AAC?$AA6?$AA4?$AA1?$AA0?$AAD?$AAi?$AAs?$AAp?$AA?3?$AA?3?$AAO?$AAv?$AAe?$AAr?$AAl?$AAa?$AAy?$AAE?$AAn?$AAa?$AAb?$AAl?$AAe?$AA?$AA@ 10001f2c     ddoverlay.obj
 0001:00000f64       ??_C@_1CC@ENIONJME@?$AA?$FL?$AAD?$AAI?$AAS?$AAP?$AAD?$AAR?$AAV?$AA?$FN?$AA?5?$AA?$CF?$AAs?$AA?$CI?$AA?$CJ?$AA?6?$AA?$AN?$AA?$AA@ 10001f64     ddoverlay.obj
 0001:00000f88       ??_C@_1DI@KFIACFEJ@?$AAS?$AA3?$AAC?$AA6?$AA4?$AA1?$AA0?$AAD?$AAi?$AAs?$AAp?$AA?3?$AA?3?$AAO?$AAv?$AAe?$AAr?$AAl?$AAa?$AAy?$AAD?$AAi?$AAs?$AAa?$AAb?$AAl?$AAe?$AA?$AA@ 10001f88     ddoverlay.obj
 0001:00000fc0       ??_C@_1KM@GILCILCH@?$AA?$FL?$AAD?$AAI?$AAS?$AAP?$AAD?$AAR?$AAV?$AA?3?$AAE?$AAR?$AAR?$AA?$FN?$AA?5?$AAD?$AAe?$AAv?$AAS?$AAe?$AAt?$AAV?$AAi?$AAs?$AAi?$AAb?$AAl?$AAe?$AAS?$AAu?$AAr?$AAf?$AAa@ 10001fc0     ddoverlay.obj
 0001:00001070       ??_C@_1II@CIJICCPF@?$AA?$FL?$AAD?$AAI?$AAS?$AAP?$AAD?$AAR?$AAV?$AA?3?$AAE?$AAR?$AAR?$AA?$FN?$AA?5?$AA?$CF?$AAs?$AA?$CI?$AA?$CJ?$AA?5?$AA?3?$AA?5?$AAI?$AAO?$AAC?$AAT?$AAL?$AA_?$AAS?$AAV?$AAE?$AA_?$AAF@ 10002070     ddoverlay.obj
 0001:000010f8       ??_C@_1KM@OILFHLFE@?$AA?$FL?$AAD?$AAI?$AAS?$AAP?$AAD?$AAR?$AAV?$AA?3?$AAE?$AAR?$AAR?$AA?$FN?$AA?5?$AAD?$AAe?$AAv?$AAO?$AAv?$AAe?$AAr?$AAl?$AAa?$AAy?$AAI?$AAn?$AAi?$AAt?$AAi?$AAa?$AAl?$AAi@ 100020f8     ddoverlay.obj
 0001:000011a8       ??_C@_1EE@JPPIKHEO@?$AAS?$AA3?$AAC?$AA6?$AA4?$AA1?$AA0?$AAD?$AAi?$AAs?$AAp?$AA?3?$AA?3?$AAD?$AAe?$AAv?$AAS?$AAe?$AAt?$AAV?$AAi?$AAs?$AAi?$AAb?$AAl?$AAe?$AAS?$AAu?$AAr?$AAf?$AAa?$AAc@ 100021a8     ddoverlay.obj
 0001:000011f0       ??_C@_1EK@HFANKOCL@?$AA?$FL?$AAD?$AAI?$AAS?$AAP?$AAD?$AAR?$AAV?$AA?3?$AAE?$AAR?$AAR?$AA?$FN?$AA?5?$AA?$CF?$AAs?$AA?$CI?$AA?$CJ?$AA?5?$AA?3?$AA?5?$AAp?$AAS?$AAu?$AAr?$AAf?$AA?5?$AAi?$AAs?$AA?5?$AAN?$AAU@ 100021f0     ddoverlay.obj
 0001:00001240       ??_C@_1EK@LDKDKKBK@?$AA?$FL?$AAD?$AAI?$AAS?$AAP?$AAD?$AAR?$AAV?$AA?$FN?$AA?5?$AA?9?$AA?9?$AAD?$AAe?$AAv?$AAO?$AAv?$AAe?$AAr?$AAl?$AAa?$AAy?$AAI?$AAn?$AAi?$AAt?$AAi?$AAa?$AAl?$AAi?$AAz?$AAe@ 10002240     ddoverlay.obj
 0001:00001290       ??_C@_1KM@CPHKCDAI@?$AA?$FL?$AAD?$AAI?$AAS?$AAP?$AAD?$AAR?$AAV?$AA?3?$AAE?$AAR?$AAR?$AA?$FN?$AA?5?$AAD?$AAe?$AAv?$AAO?$AAv?$AAe?$AAr?$AAl?$AAa?$AAy?$AAI?$AAn?$AAi?$AAt?$AAi?$AAa?$AAl?$AAi@ 10002290     ddoverlay.obj
 0001:00001340       ??_C@_1KC@NLLKMPLM@?$AA?$FL?$AAD?$AAI?$AAS?$AAP?$AAD?$AAR?$AAV?$AA?3?$AAE?$AAR?$AAR?$AA?$FN?$AA?5?$AAD?$AAe?$AAv?$AAO?$AAv?$AAe?$AAr?$AAl?$AAa?$AAy?$AAI?$AAn?$AAi?$AAt?$AAi?$AAa?$AAl?$AAi@ 10002340     ddoverlay.obj
 0001:000013e8       ??_C@_1KI@FCHLHFCG@?$AA?$FL?$AAD?$AAI?$AAS?$AAP?$AAD?$AAR?$AAV?$AA?3?$AAE?$AAR?$AAR?$AA?$FN?$AA?5?$AAD?$AAe?$AAv?$AAO?$AAv?$AAe?$AAr?$AAl?$AAa?$AAy?$AAI?$AAn?$AAi?$AAt?$AAi?$AAa?$AAl?$AAi@ 100023e8     ddoverlay.obj
 0001:00001490       ??_C@_1JO@JALDLKOF@?$AA?$FL?$AAD?$AAI?$AAS?$AAP?$AAD?$AAR?$AAV?$AA?3?$AAE?$AAR?$AAR?$AA?$FN?$AA?5?$AAD?$AAe?$AAv?$AAO?$AAv?$AAe?$AAr?$AAl?$AAa?$AAy?$AAI?$AAn?$AAi?$AAt?$AAi?$AAa?$AAl?$AAi@ 10002490     ddoverlay.obj
 0001:00001530       ??_C@_1GE@FMIAFIFH@?$AA?$FL?$AAD?$AAD?$AAH?$AAA?$AAL?$AA?$FN?$AA?5?$AAD?$AAe?$AAv?$AAO?$AAv?$AAe?$AAr?$AAl?$AAa?$AAy?$AAI?$AAn?$AAi?$AAt?$AAi?$AAa?$AAl?$AAi?$AAz?$AAe?$AA?$CI?$AA?$CJ?$AA?5?$AA?3@ 10002530     ddoverlay.obj
 0001:00001598       ??_C@_1GG@BJPCAIAH@?$AA?$FL?$AAD?$AAD?$AAH?$AAA?$AAL?$AA?$FN?$AA?5?$AAD?$AAe?$AAv?$AAO?$AAv?$AAe?$AAr?$AAl?$AAa?$AAy?$AAI?$AAn?$AAi?$AAt?$AAi?$AAa?$AAl?$AAi?$AAz?$AAe?$AA?$CI?$AA?$CJ?$AA?5?$AA?3@ 10002598     ddoverlay.obj
 0001:00001600       ??_C@_1EK@BJKFFBMB@?$AA?$FL?$AAD?$AAI?$AAS?$AAP?$AAD?$AAR?$AAV?$AA?$FN?$AA?5?$AA?$CL?$AA?$CL?$AAD?$AAe?$AAv?$AAO?$AAv?$AAe?$AAr?$AAl?$AAa?$AAy?$AAI?$AAn?$AAi?$AAt?$AAi?$AAa?$AAl?$AAi?$AAz?$AAe@ 10002600     ddoverlay.obj
 0001:00001650       ??_C@_1EE@OODCBJGG@?$AA?$FL?$AAD?$AAI?$AAS?$AAP?$AAD?$AAR?$AAV?$AA?$FN?$AA?5?$AA?9?$AA?9?$AAD?$AAe?$AAv?$AAR?$AAe?$AAc?$AAo?$AAv?$AAe?$AAr?$AAO?$AAv?$AAe?$AAr?$AAl?$AAa?$AAy?$AA?$CI?$AA?$CJ?$AA?6@ 10002650     ddoverlay.obj
 0001:00001698       ??_C@_1EE@LIFCCMIF@?$AA?$FL?$AAD?$AAI?$AAS?$AAP?$AAD?$AAR?$AAV?$AA?$FN?$AA?5?$AA?$CL?$AA?$CL?$AAD?$AAe?$AAv?$AAR?$AAe?$AAc?$AAo?$AAv?$AAe?$AAr?$AAO?$AAv?$AAe?$AAr?$AAl?$AAa?$AAy?$AA?$CI?$AA?$CJ?$AA?6@ 10002698     ddoverlay.obj
 0001:000016e0       ??_C@_1II@FKIGMEED@?$AA?$FL?$AAD?$AAI?$AAS?$AAP?$AAD?$AAR?$AAV?$AA?3?$AAE?$AAR?$AAR?$AA?$FN?$AA?5?$AAO?$AAv?$AAe?$AAr?$AAl?$AAa?$AAy?$AAI?$AAn?$AAi?$AAt?$AAi?$AAa?$AAl?$AAi?$AAz?$AAe?$AA?$CI@ 100026e0     ddoverlay.obj
 0001:00001768       ??_C@_1IM@HIGGBDBI@?$AA?$FL?$AAD?$AAD?$AAH?$AAA?$AAL?$AA?3?$AAI?$AAN?$AAF?$AA?$FN?$AA?5?$AAO?$AAv?$AAe?$AAr?$AAl?$AAa?$AAy?$AAI?$AAn?$AAi?$AAt?$AAi?$AAa?$AAl?$AAi?$AAz?$AAe?$AA?$CI?$AA?$CJ?$AA?5@ 10002768     ddoverlay.obj
 0001:000017f8       ??_C@_1HK@EOFHCEII@?$AA?$FL?$AAD?$AAI?$AAS?$AAP?$AAD?$AAR?$AAV?$AA?3?$AAE?$AAR?$AAR?$AA?$FN?$AA?5?$AAW?$AAr?$AAa?$AAp?$AAp?$AAe?$AAd?$AAE?$AAm?$AAu?$AAl?$AAa?$AAt?$AAe?$AAd?$AAL?$AAi?$AAn@ 100027f8     line.obj
 0001:00001878       ??_C@_1GE@GKEBNBEE@?$AAA?$AAL?$AAi?$AAn?$AAe?$AA?3?$AA?$CI?$AA?$CF?$AAd?$AA?0?$AA?$CF?$AAd?$AA?$CJ?$AA?5?$AA?$CL?$AA?5?$AAm?$AA?$CI?$AA?$CF?$AAd?$AA?$CJ?$AA?0?$AA?5?$AAn?$AA?$CI?$AA?$CF?$AAd?$AA?$CJ?$AA?0?$AA?5?$AAc?$AAP@ 10002878     line.obj
 0001:000018e0       ??_C@_1EO@FCCHDLB@?$AAd?$AAw?$AAB?$AAa?$AAs?$AAe?$AA?3?$AA0?$AAx?$AA?$CF?$AAx?$AA?0?$AA?5?$AAm?$AA_?$AAi?$AAR?$AAo?$AAt?$AAa?$AAt?$AAe?$AA?3?$AA?$CF?$AAd?$AA?0?$AA?5?$AAD?$AAs?$AAt?$AAR?$AAo@ 100028e0     line.obj
 0001:00001930       ??_C@_1DK@PLAODEBE@?$AAC?$AAl?$AAi?$AAp?$AAF?$AAo?$AAr?$AAL?$AAi?$AAn?$AAe?$AA?3?$AA?$CI?$AA?$CF?$AAd?$AA?0?$AA?$CF?$AAd?$AA?$CJ?$AA?$HO?$AA?$CI?$AA?$CF?$AAd?$AA?0?$AA?$CF?$AAd?$AA?$CJ?$AA?6?$AA?$AA@ 10002930     line.obj
 0001:00001970       ??_C@_1EC@CMKLBFED@?$AAx?$AAP?$AAo?$AAs?$AAi?$AAt?$AAi?$AAv?$AAe?$AA?5?$AA?3?$AA?5?$AA?$CF?$AAd?$AA?0?$AA?5?$AAy?$AAP?$AAo?$AAs?$AAi?$AAt?$AAi?$AAv?$AAe?$AA?5?$AA?3?$AA?5?$AA?$CF?$AAd?$AA?$AN?$AA?6@ 10002970     hwblt.obj
 0001:000019b8       ??_C@_1JG@NKIDEDLP@?$AAB?$AAl?$AAe?$AAn?$AAd?$AAF?$AAu?$AAn?$AAc?$AAt?$AAi?$AAo?$AAn?$AA?5?$AA?3?$AA?5?$AAO?$AAp?$AA?$CI?$AA?$CF?$AAd?$AA?$CJ?$AA?0?$AA?5?$AAF?$AAl?$AAa?$AAg?$AA?$CI?$AA?$CF?$AAd?$AA?$CJ@ 100029b8     hwblt.obj
 0001:00001a50       ??_C@_1DA@IFPNHGKA@?$AAR?$AAO?$AAP?$AA?5?$AA?3?$AA?5?$AA0?$AAx?$AA?$CF?$AA0?$AAx?$AA?0?$AA?5?$AAi?$AAM?$AAo?$AAd?$AAe?$AA?3?$AA?$CF?$AAd?$AA?$AN?$AA?6?$AA?$AA@ 10002a50     hwblt.obj
 0001:00001a80       ??_C@_1DK@KPKOLIIA@?$AAC?$AAl?$AAi?$AAp?$AAR?$AAe?$AAg?$AAi?$AAo?$AAn?$AA?5?$AA?$CI?$AA?$CF?$AAd?$AA?0?$AA?$CF?$AAd?$AA?$CJ?$AA?$HO?$AA?$CI?$AA?$CF?$AAd?$AA?0?$AA?$CF?$AAd?$AA?$CJ?$AA?$AN?$AA?6?$AA?$AA@ 10002a80     hwblt.obj
 0001:00001ac0       ??_C@_1NA@LMFNLLNP@?$AAD?$AAs?$AAt?$AA?3?$AA0?$AAx?$AA?$CF?$AAx?$AA?5?$AAD?$AAs?$AAt?$AAB?$AA?5?$AA0?$AAx?$AA?$CF?$AAx?$AA?0?$AA?5?$AA?5?$AAS?$AAu?$AAr?$AAf?$AA?$CI?$AAW?$AA?3?$AA?$CF?$AAd?$AA?0?$AAH@ 10002ac0     hwblt.obj
 0001:00001b90       ??_C@_1MO@FIFENGHN@?$AAS?$AAr?$AAc?$AA?3?$AA0?$AAx?$AA?$CF?$AAx?$AA?5?$AAS?$AAr?$AAc?$AAB?$AA?5?$AA0?$AAx?$AA?$CF?$AAx?$AA?0?$AA?5?$AAS?$AAu?$AAr?$AAf?$AA?$CI?$AAW?$AA?3?$AA?$CF?$AAd?$AA?0?$AAH?$AA?3@ 10002b90     hwblt.obj
 0001:00001c60       ??_C@_1BM@EKFHMNLE@?$AAS?$AAi?$AAm?$AAp?$AAl?$AAe?$AAB?$AAi?$AAt?$AAB?$AAl?$AAt?$AA?6?$AA?$AA@ 10002c60     hwblt.obj
 0001:00001c7c       ??_C@_1DI@ILGMOPHM@?$AAB?$AA?5?$AAL?$AAR?$AAS?$AAW?$AAA?$AAP?$AA?3?$AA?$CF?$AAd?$AA?0?$AA?$CF?$AAd?$AA?0?$AA?$CF?$AAd?$AA?0?$AA?$CF?$AAd?$AA?0?$AA?$CF?$AAd?$AA?0?$AA?$CF?$AAd?$AA?6?$AA?$AA@ 10002c7c     hwblt.obj
 0001:00001cb4       ??_C@_1DI@HHLPGOFO@?$AAB?$AA?5?$AAT?$AAB?$AAS?$AAW?$AAA?$AAP?$AA?3?$AA?$CF?$AAd?$AA?0?$AA?$CF?$AAd?$AA?0?$AA?$CF?$AAd?$AA?0?$AA?$CF?$AAd?$AA?0?$AA?$CF?$AAd?$AA?0?$AA?$CF?$AAd?$AA?6?$AA?$AA@ 10002cb4     hwblt.obj
 0001:00001cf0       ??_C@_1EA@GONFHPPP@?$AAR?$AA?3?$AA?$CF?$AAd?$AA?0?$AA?5?$AAD?$AAR?$AA?3?$AA?$CF?$AAd?$AA?0?$AA?5?$AAD?$AAS?$AAT?$AA?$CI?$AA?$CF?$AAd?$AA?0?$AA?$CF?$AAd?$AA?0?$AA?$CF?$AAd?$AA?0?$AA?$CF?$AAd?$AA?$CJ?$AA?$AN?$AA?6?$AA?$AA@ 10002cf0     hwblt.obj
 0001:00001d30       ??_C@_1CO@CLINCEGJ@?$AA?$CI?$AA?$CF?$AAd?$AA?0?$AA?$CF?$AAd?$AA?$CJ?$AA?$HO?$AA?$CI?$AA?$CF?$AAd?$AA?0?$AA?$CF?$AAd?$AA?$CJ?$AA?5?$AA?$CF?$AAd?$AA?0?$AA?$CF?$AAd?$AA?6?$AA?$AA@ 10002d30     hwblt.obj
 0001:00001d60       ??_C@_1DE@PFJFGIAI@?$AAB?$AAX?$AA?5?$AAT?$AAA?$AAS?$AAW?$AAA?$AAP?$AA?3?$AA?$CF?$AAd?$AA?0?$AA?$CF?$AAd?$AA?0?$AA?$CF?$AAd?$AA?0?$AA?$CF?$AAd?$AA?0?$AA?$CF?$AAd?$AA?6?$AA?$AA@ 10002d60     hwblt.obj
 0001:00001d94       ??_C@_1DE@ILONCAKO@?$AAB?$AAX?$AA?5?$AAT?$AAB?$AAS?$AAW?$AAA?$AAP?$AA?3?$AA?$CF?$AAd?$AA?0?$AA?$CF?$AAd?$AA?0?$AA?$CF?$AAd?$AA?0?$AA?$CF?$AAd?$AA?0?$AA?$CF?$AAd?$AA?6?$AA?$AA@ 10002d94     hwblt.obj
 0001:00001dc8       ??_C@_1DG@CPILIMLG@?$AAB?$AAi?$AAt?$AAB?$AAl?$AAt?$AA?5?$AAX?$AA?9?$AAa?$AAx?$AAi?$AAs?$AA?5?$AAf?$AAl?$AAi?$AAp?$AA?3?$AA?5?$AAR?$AA?3?$AA?$CF?$AAd?$AA?$AN?$AA?6?$AA?$AA@ 10002dc8     hwblt.obj
 0001:00001e00       ??_C@_1DE@HBKEHBPJ@?$AAB?$AAY?$AA?5?$AAT?$AAA?$AAS?$AAW?$AAA?$AAP?$AA?3?$AA?$CF?$AAd?$AA?0?$AA?$CF?$AAd?$AA?0?$AA?$CF?$AAd?$AA?0?$AA?$CF?$AAd?$AA?0?$AA?$CF?$AAd?$AA?6?$AA?$AA@ 10002e00     hwblt.obj
 0001:00001e34       ??_C@_1DE@PNMDJFP@?$AAB?$AAY?$AA?5?$AAT?$AAB?$AAS?$AAW?$AAA?$AAP?$AA?3?$AA?$CF?$AAd?$AA?0?$AA?$CF?$AAd?$AA?0?$AA?$CF?$AAd?$AA?0?$AA?$CF?$AAd?$AA?0?$AA?$CF?$AAd?$AA?6?$AA?$AA@ 10002e34     hwblt.obj
 0001:00001e68       ??_C@_1DG@IAMPBOPB@?$AAB?$AAi?$AAt?$AAB?$AAl?$AAt?$AA?5?$AAY?$AA?9?$AAa?$AAx?$AAi?$AAs?$AA?5?$AAf?$AAl?$AAi?$AAp?$AA?3?$AA?5?$AAR?$AA?3?$AA?$CF?$AAd?$AA?$AN?$AA?6?$AA?$AA@ 10002e68     hwblt.obj
 0001:00001ea0       ??_C@_1FK@CLFKDMBF@?$AAt?$AA_?$AAr?$AAe?$AAc?$AAt?$AA?0?$AAj?$AAu?$AAs?$AAt?$AAb?$AAi?$AAt?$AAb?$AAl?$AAt?$AAf?$AAl?$AAi?$AAp?$AA?$CI?$AA?$CF?$AAd?$AA?0?$AA?$CF?$AAd?$AA?$CJ?$AA?$HO?$AA?$CI?$AA?$CF?$AAd@ 10002ea0     hwblt.obj
 0001:00001efc       ??_C@_1BM@INPCAHNB@?$AAX?$AAY?$AA?5?$AAF?$AAl?$AAi?$AAp?$AA?5?$AAR?$AA?3?$AA?$CF?$AAd?$AA?6?$AA?$AA@ 10002efc     hwblt.obj
 0001:00001f18       ??_C@_1DC@ELNKMMKJ@?$AA?6?$AAS?$AAt?$AAr?$AAe?$AAt?$AAc?$AAh?$AA?5?$AAn?$AAo?$AA?5?$AAf?$AAl?$AAi?$AAp?$AA?3?$AA?5?$AAR?$AA?3?$AA?$CF?$AAd?$AA?$AN?$AA?6?$AA?$AA@ 10002f18     hwblt.obj
 0001:00001f4c       ??_C@_1DK@EBAKDPLM@?$AAS?$AA?5?$AAN?$AAO?$AAN?$AAS?$AAW?$AAA?$AAP?$AA?3?$AA?$CF?$AAd?$AA?0?$AA?$CF?$AAd?$AA?0?$AA?$CF?$AAd?$AA?0?$AA?$CF?$AAd?$AA?0?$AA?$CF?$AAd?$AA?0?$AA?$CF?$AAd?$AA?6?$AA?$AA@ 10002f4c     hwblt.obj
 0001:00001f88       ??_C@_1DO@HHCPDAPC@?$AAS?$AA?5?$AAB?$AAZ?$AAN?$AAO?$AAN?$AAS?$AAW?$AAA?$AAP?$AA?3?$AA?$CF?$AAd?$AA?0?$AA?$CF?$AAd?$AA?0?$AA?$CF?$AAd?$AA?0?$AA?$CF?$AAd?$AA?0?$AA?$CF?$AAd?$AA?0?$AA?$CF?$AAd?$AA?6?$AA?$AA@ 10002f88     hwblt.obj
 0001:00001fc8       ??_C@_1DO@JLIHKOEK@?$AAS?$AA?5?$AAB?$AAR?$AAN?$AAO?$AAN?$AAS?$AAW?$AAA?$AAP?$AA?3?$AA?$CF?$AAd?$AA?0?$AA?$CF?$AAd?$AA?0?$AA?$CF?$AAd?$AA?0?$AA?$CF?$AAd?$AA?0?$AA?$CF?$AAd?$AA?0?$AA?$CF?$AAd?$AA?6?$AA?$AA@ 10002fc8     hwblt.obj
 0001:00002008       ??_C@_1DI@JENJMHJK@?$AAS?$AA?5?$AAL?$AAR?$AAS?$AAW?$AAA?$AAP?$AA?3?$AA?$CF?$AAd?$AA?0?$AA?$CF?$AAd?$AA?0?$AA?$CF?$AAd?$AA?0?$AA?$CF?$AAd?$AA?0?$AA?$CF?$AAd?$AA?0?$AA?$CF?$AAd?$AA?6?$AA?$AA@ 10003008     hwblt.obj
 0001:00002040       ??_C@_1IK@JGIENLCN@?$AAS?$AAc?$AAr?$AAa?$AAt?$AAc?$AAh?$AAB?$AAa?$AAs?$AAe?$AAA?$AAd?$AAd?$AAr?$AA?5?$AA?3?$AA?5?$AA0?$AAx?$AA?$CF?$AAx?$AA?0?$AA?5?$AAO?$AAf?$AAf?$AAs?$AAe?$AAt?$AA?3?$AA?$CF@ 10003040     hwblt.obj
 0001:000020cc       ??_C@_1DI@DPCIGKOK@?$AAS?$AA?5?$AAT?$AAA?$AAS?$AAW?$AAA?$AAP?$AA?3?$AA?$CF?$AAd?$AA?0?$AA?$CF?$AAd?$AA?0?$AA?$CF?$AAd?$AA?0?$AA?$CF?$AAd?$AA?0?$AA?$CF?$AAd?$AA?0?$AA?$CF?$AAd?$AA?6?$AA?$AA@ 100030cc     hwblt.obj
 0001:00002104       ??_C@_1DI@GIAKEGLI@?$AAS?$AA?5?$AAT?$AAB?$AAS?$AAW?$AAA?$AAP?$AA?3?$AA?$CF?$AAd?$AA?0?$AA?$CF?$AAd?$AA?0?$AA?$CF?$AAd?$AA?0?$AA?$CF?$AAd?$AA?0?$AA?$CF?$AAd?$AA?0?$AA?$CF?$AAd?$AA?6?$AA?$AA@ 10003104     hwblt.obj
 0001:0000213c       ??_C@_1DA@MPNBCBCF@?$AAS?$AAc?$AAr?$AAa?$AAt?$AAc?$AAh?$AAB?$AAa?$AAs?$AAe?$AAA?$AAd?$AAd?$AAr?$AA?5?$AA?3?$AA?5?$AA0?$AAx?$AA?$CF?$AAx?$AA?6?$AA?$AA@ 1000313c     hwblt.obj
 0001:0000216c       ??_C@_1DI@DGPIPGMI@?$AAS?$AAt?$AAr?$AAe?$AAt?$AAc?$AAh?$AA?5?$AAX?$AA?9?$AAa?$AAx?$AAi?$AAs?$AA?5?$AAf?$AAl?$AAi?$AAp?$AA?3?$AA?5?$AAR?$AA?3?$AA?$CF?$AAd?$AA?$AN?$AA?6?$AA?$AA@ 1000316c     hwblt.obj
 0001:000021a4       ??_C@_1DI@JJLMGEIP@?$AAS?$AAt?$AAr?$AAe?$AAt?$AAc?$AAh?$AA?5?$AAY?$AA?9?$AAa?$AAx?$AAi?$AAs?$AA?5?$AAf?$AAl?$AAi?$AAp?$AA?3?$AA?5?$AAR?$AA?3?$AA?$CF?$AAd?$AA?$AN?$AA?6?$AA?$AA@ 100031a4     hwblt.obj
 0001:000021dc       ??_C@_1DK@DJGIEDHO@?$AAS?$AA?5?$AA0?$AA?0?$AA1?$AA8?$AA0?$AA?5?$AAA?$AAS?$AAW?$AAA?$AAP?$AA?5?$AA?3?$AA?5?$AA?$CF?$AAd?$AA?0?$AA?$CF?$AAd?$AA?0?$AA?$CF?$AAd?$AA?0?$AA?$CF?$AAd?$AA?6?$AA?$AA@ 100031dc     hwblt.obj
 0001:00002218       ??_C@_1DK@BFDMIAN@?$AAS?$AA?5?$AA0?$AA?0?$AA1?$AA8?$AA0?$AA?5?$AAB?$AAS?$AAW?$AAA?$AAP?$AA?5?$AA?3?$AA?5?$AA?$CF?$AAd?$AA?0?$AA?$CF?$AAd?$AA?0?$AA?$CF?$AAd?$AA?0?$AA?$CF?$AAd?$AA?6?$AA?$AA@ 10003218     hwblt.obj
 0001:00002258       ??_C@_1FA@PLMJAGLG@?$AAt?$AAr?$AAy?$AA?5?$AAt?$AAo?$AA?5?$AAr?$AAe?$AAd?$AAi?$AAr?$AAe?$AAc?$AAt?$AA?5?$AAt?$AAo?$AA?5?$AAS?$AAW?$AA?5?$AAE?$AAm?$AAu?$AAl?$AAa?$AAt?$AAe?$AAd?$AA?5?$AAB@ 10003258     hwblt.obj
 0001:000022a8       ??_C@_1JC@IOJNHHJJ@?$AAM?$AAa?$AAy?$AAb?$AAe?$AA?5?$AAT?$AAh?$AAe?$AAr?$AAe?$AA?8?$AAs?$AA?5?$AAn?$AAo?$AA?5?$AAs?$AAu?$AAf?$AAf?$AAi?$AAc?$AAi?$AAe?$AAn?$AAt?$AA?5?$AAv?$AAi?$AAd?$AAe@ 100032a8     hwblt.obj
 0001:00002340       ??_C@_1FE@LKEJAIMD@?$AAS?$AAc?$AAr?$AAa?$AAt?$AAc?$AAh?$AA?5?$AAS?$AAu?$AAr?$AAf?$AAa?$AAc?$AAe?$AA?5?$AAA?$AAl?$AAl?$AAo?$AAc?$AAa?$AAt?$AAi?$AAo?$AAn?$AA?5?$AAi?$AAs?$AA?5?$AAf?$AAa@ 10003340     hwblt.obj
 0001:00002398       ??_C@_1FI@JOCKKJJL@?$AAt?$AA_?$AAr?$AAe?$AAc?$AAt?$AA?0?$AAr?$AAe?$AAa?$AAl?$AAs?$AAt?$AAr?$AAe?$AAt?$AAc?$AAh?$AA?3?$AA?5?$AA?$CI?$AA?$CF?$AAd?$AA?0?$AA?$CF?$AAd?$AA?$CJ?$AA?$HO?$AA?$CI?$AA?$CF?$AAd?$AA?0@ 10003398     hwblt.obj
 0001:000023f0       ??_C@_1JE@KHOFOBHD@?$AAH?$AAW?$AAB?$AAi?$AAt?$AAB?$AAl?$AAt?$AA?5?$AAS?$AAr?$AAc?$AA?$CI?$AA?$CF?$AAd?$AA?0?$AA?$CF?$AAd?$AA?$CJ?$AA?$HO?$AA?$CI?$AA?$CF?$AAd?$AA?0?$AA?$CF?$AAd?$AA?$CJ?$AA?3?$AA?$CF?$AAd?$AA?0?$AA?5@ 100033f0     hwblt.obj
 0001:00002484       ??_C@_1CE@DLFHODHF@?$AAI?$AAl?$AAl?$AAe?$AAg?$AAa?$AAl?$AA?5?$AAS?$AAu?$AAr?$AAf?$AAa?$AAc?$AAe?$AA?6?$AA?$AN?$AA?$AA@ 10003484     blt.obj
 0001:000024a8       ??_C@_1BI@OPKCEEB@?$AAS?$AAR?$AAC?$AAI?$AAN?$AAV?$AAE?$AAR?$AAT?$AA?$AN?$AA?6?$AA?$AA@ 100034a8     blt.obj
 0001:000024c0       ??_C@_1BC@MBCMANKE@?$AAS?$AAR?$AAC?$AAA?$AAN?$AAD?$AA?$AN?$AA?6?$AA?$AA@ 100034c0     blt.obj
 0001:000024d4       ??_C@_1BE@EDIAEAMM@?$AAS?$AAR?$AAC?$AAC?$AAO?$AAP?$AAY?$AA?$AN?$AA?6?$AA?$AA@ 100034d4     blt.obj
 0001:000024e8       ??_C@_1BG@HJPFDAHD@?$AAS?$AAR?$AAC?$AAP?$AAA?$AAI?$AAN?$AAT?$AA?$AN?$AA?6?$AA?$AA@ 100034e8     blt.obj
 0001:00002500       ??_C@_1LM@BOJKBMP@?$AAS?$AAr?$AAc?$AAF?$AAo?$AAr?$AAm?$AAa?$AAt?$AA?3?$AA?$CF?$AAd?$AA?0?$AA?5?$AAB?$AAl?$AAe?$AAn?$AAd?$AAF?$AAu?$AAn?$AAc?$AAt?$AAi?$AAo?$AAn?$AA?5?$AA?3?$AA?5?$AA0?$AAx@ 10003500     blt.obj
 0001:000025c0       ??_C@_1GC@NFBKBBIJ@?$AAA?$AAl?$AAp?$AAh?$AAa?$AAB?$AAl?$AAe?$AAn?$AAd?$AA?5?$AAB?$AAi?$AAt?$AAB?$AAl?$AAt?$AA?5?$AAw?$AAi?$AAt?$AAh?$AA?5?$AAH?$AAW?$AA?5?$AAr?$AAe?$AAq?$AAu?$AAe?$AAs@ 100035c0     blt.obj
 0001:00002628       ??_C@_1FG@JFEIMLGE@?$AA2?$AAD?$AA?5?$AAH?$AAW?$AA?5?$AAd?$AAo?$AAe?$AAs?$AA?5?$AAn?$AAo?$AAt?$AA?5?$AAs?$AAu?$AAp?$AAp?$AAo?$AAr?$AAt?$AA?5?$AAt?$AAh?$AAi?$AAs?$AA?5?$AAc?$AAo?$AAl?$AAo@ 10003628     blt.obj
 0001:00002680       ??_C@_1CM@BGJECLIA@?$AAC?$AAh?$AAe?$AAc?$AAk?$AA?5?$AAH?$AAW?$AA?5?$AAS?$AAu?$AAc?$AAc?$AAe?$AAs?$AAs?$AA?3?$AA?$CF?$AAd?$AA?$AN?$AA?6?$AA?$AA@ 10003680     blt_alpha.obj
 0001:000026ac       ??_C@_1CA@LOCFEICE@?$AAR?$AAe?$AAr?$AAo?$AAt?$AAa?$AAt?$AAe?$AA?5?$AAR?$AAe?$AAc?$AAt?$AA?$AN?$AA?6?$AA?$AA@ 100036ac     blt_alpha.obj
 0001:000026cc       ??_C@_1BO@MAFFNHAO@?$AAR?$AAe?$AAc?$AAo?$AAv?$AAe?$AAr?$AA?5?$AAR?$AAe?$AAc?$AAt?$AA?$AN?$AA?6?$AA?$AA@ 100036cc     blt_alpha.obj
 0001:000026f0       ??_C@_1IK@DGJIDBPG@?$AAD?$AAs?$AAt?$AAS?$AAc?$AAr?$AAa?$AAt?$AAc?$AAh?$AA?3?$AA0?$AAx?$AA?$CF?$AAx?$AA?0?$AA?5?$AAO?$AAr?$AAi?$AAD?$AAs?$AAt?$AAB?$AAu?$AAf?$AAf?$AAe?$AAr?$AA?3?$AA0?$AAx@ 100036f0     blt_alpha.obj
 0001:00002780       ??_C@_1EM@KAEMJDEM@?$AAR?$AAe?$AAl?$AAe?$AAa?$AAs?$AAe?$AA?5?$AAD?$AAe?$AAs?$AAt?$AAi?$AAn?$AAa?$AAt?$AAi?$AAo?$AAn?$AA?5?$AAS?$AAc?$AAr?$AAa?$AAt?$AAc?$AAh?$AA?5?$AAS?$AAu?$AAr?$AAf@ 10003780     blt_alpha.obj
 0001:000027d0       ??_C@_1EM@MMOMNEGL@?$AAS?$AAo?$AAu?$AAr?$AAc?$AAe?$AA?5?$AAS?$AAc?$AAr?$AAa?$AAt?$AAc?$AAh?$AA?5?$AAS?$AAu?$AAr?$AAf?$AAa?$AAc?$AAe?$AA?5?$AAi?$AAs?$AA?5?$AAd?$AAe?$AAs?$AAt?$AAr?$AAo@ 100037d0     blt_alpha.obj
 0001:00002820       ??_C@_1EA@PMGEDFLI@?$AAD?$AAe?$AAl?$AAe?$AAt?$AAe?$AA?5?$AAS?$AAo?$AAu?$AAr?$AAc?$AAe?$AA?5?$AAS?$AAc?$AAr?$AAa?$AAt?$AAc?$AAh?$AA?5?$AAS?$AAu?$AAr?$AAf?$AAa?$AAc?$AAe?$AA?$AN?$AA?6?$AA?$AA@ 10003820     blt_alpha.obj
 0001:00002860       ??_C@_1EC@GKAOIMPJ@?$AAR?$AAe?$AAl?$AAe?$AAa?$AAs?$AAe?$AA?5?$AAS?$AAo?$AAu?$AAr?$AAc?$AAe?$AA?5?$AAS?$AAc?$AAr?$AAa?$AAt?$AAc?$AAh?$AA?5?$AAS?$AAu?$AAr?$AAf?$AAa?$AAc?$AAe?$AA?$AN?$AA?6@ 10003860     blt_alpha.obj
 0001:000028a4       ??_C@_1CE@OPKFBEBK@?$AAH?$AAW?$AAB?$AAi?$AAt?$AAB?$AAl?$AAt?$AA?5?$AAF?$AAa?$AAi?$AAl?$AAe?$AAd?$AA?$AN?$AA?6?$AA?$AA@ 100038a4     blt_alpha.obj
 0001:000028c8       ??_C@_1BO@HKIEKAIP@?$AAP?$AAe?$AAr?$AAP?$AAi?$AAx?$AAe?$AAl?$AAM?$AAo?$AAd?$AAe?$AA?$AN?$AA?6?$AA?$AA@ 100038c8     blt_alpha.obj
 0001:000028e8       ??_C@_1BG@ILBANJLM@?$AAC?$AAo?$AAn?$AAs?$AAt?$AAa?$AAn?$AAt?$AA?$AN?$AA?6?$AA?$AA@ 100038e8     blt_alpha.obj
 0001:00002900       ??_C@_1BK@DOAPIHMN@?$AAF?$AAa?$AAd?$AAi?$AAn?$AAg?$AAM?$AAo?$AAd?$AAe?$AA?$AN?$AA?6?$AA?$AA@ 10003900     blt_alpha.obj
 0001:00002920       ??_C@_1EO@BAPDDCDO@?$AAD?$AAT?$AAB?$AAa?$AAs?$AAe?$AA?3?$AA0?$AAx?$AA?$CF?$AAx?$AA?0?$AA?5?$AAV?$AAe?$AAr?$AAt?$AA?3?$AA?$CF?$AAd?$AA?0?$AA?5?$AAH?$AAo?$AAr?$AAi?$AA?3?$AA?$CF?$AAd?$AA?0?$AA?5?$AAC@ 10003920     blt_alpha.obj
 0001:00002970       ??_C@_1FA@NHNLDEAG@?$AAD?$AAT?$AAV?$AAB?$AAa?$AAs?$AAe?$AA?3?$AA0?$AAx?$AA?$CF?$AAx?$AA?0?$AA?5?$AAV?$AAe?$AAr?$AAt?$AA?3?$AA?$CF?$AAd?$AA?0?$AA?5?$AAH?$AAo?$AAr?$AAi?$AA?3?$AA?$CF?$AAd?$AA?0?$AA?5@ 10003970     blt_alpha.obj
 0001:000029c0       ??_C@_1HA@MLLCLOKD@?$AAO?$AAf?$AAf?$AAs?$AAc?$AAr?$AAe?$AAe?$AAn?$AA?5?$AAB?$AAi?$AAt?$AAB?$AAl?$AAt?$AA?5?$AAD?$AAs?$AAt?$AA?5?$AAi?$AAn?$AA?5?$AAV?$AAi?$AAd?$AAe?$AAo?$AAM?$AAe?$AAm@ 100039c0     blt_alpha.obj
 0001:00002a30       ??_C@_1EO@ENLKJILE@?$AAS?$AAB?$AAB?$AAa?$AAs?$AAe?$AA?3?$AA0?$AAx?$AA?$CF?$AAx?$AA?0?$AA?5?$AAV?$AAe?$AAr?$AAt?$AA?3?$AA?$CF?$AAd?$AA?0?$AA?5?$AAH?$AAo?$AAr?$AAi?$AA?3?$AA?$CF?$AAd?$AA?0?$AA?5?$AAC@ 10003a30     blt_alpha.obj
 0001:00002a80       ??_C@_1FA@JKCFHLHM@?$AAS?$AAT?$AAV?$AAB?$AAa?$AAs?$AAe?$AA?3?$AA0?$AAx?$AA?$CF?$AAx?$AA?0?$AA?5?$AAV?$AAe?$AAr?$AAt?$AA?3?$AA?$CF?$AAd?$AA?0?$AA?5?$AAH?$AAo?$AAr?$AAi?$AA?3?$AA?$CF?$AAd?$AA?0?$AA?5@ 10003a80     blt_alpha.obj
 0001:00002ad0       ??_C@_1HA@HEMILKEG@?$AAO?$AAf?$AAf?$AAs?$AAc?$AAr?$AAe?$AAe?$AAn?$AA?5?$AAB?$AAi?$AAt?$AAB?$AAl?$AAt?$AA?5?$AAS?$AAr?$AAc?$AA?5?$AAi?$AAn?$AA?5?$AAV?$AAi?$AAd?$AAe?$AAo?$AAM?$AAe?$AAm@ 10003ad0     blt_alpha.obj
 0001:00002b40       ??_C@_1FK@LHFLHHFH@?$AAO?$AAn?$AAs?$AAc?$AAr?$AAe?$AAe?$AAn?$AA?5?$AAC?$AAa?$AAc?$AAh?$AAe?$AAd?$AAB?$AAi?$AAt?$AAB?$AAl?$AAt?$AA?3?$AAA?$AAd?$AAd?$AAr?$AA?3?$AA0?$AAx?$AA?$CF?$AAx?$AA?0@ 10003b40     blt_alpha.obj
 0001:00002ba0       ??_C@_1HA@LJGHEKMM@?$AAS?$AAc?$AAr?$AAa?$AAt?$AAc?$AAh?$AA?5?$AAS?$AAu?$AAr?$AAf?$AAa?$AAc?$AAe?$AA?5?$AAA?$AAl?$AAl?$AAo?$AAc?$AAa?$AAt?$AAi?$AAo?$AAn?$AA?5?$AAi?$AAs?$AA?5?$AAf?$AAa@ 10003ba0     blt_alpha.obj
 0001:00002c10       ??_C@_1II@OHEIAJLB@?$AA?$FL?$AAD?$AAI?$AAS?$AAP?$AAD?$AAR?$AAV?$AA?$FN?$AA?5?$AA?$CF?$AAs?$AA?$CI?$AA?$CJ?$AA?5?$AA?3?$AA?5?$AAo?$AAf?$AAf?$AAs?$AAe?$AAt?$AA?5?$AAi?$AAn?$AA?5?$AAv?$AAi?$AAd?$AAe?$AAo@ 10003c10     surf.obj
 0001:00002c98       ??_C@_1DC@MAKJOAO@?$AAS?$AA3?$AAC?$AA6?$AA4?$AA1?$AA0?$AAS?$AAu?$AAr?$AAf?$AA?3?$AA?3?$AAS?$AA3?$AAC?$AA6?$AA4?$AA1?$AA0?$AAS?$AAu?$AAr?$AAf?$AA?$AA@ 10003c98     surf.obj
 0001:00002cd0       ??_C@_1GE@OBJFDKAO@?$AA?$FL?$AAD?$AAI?$AAS?$AAP?$AAD?$AAR?$AAV?$AA?$FN?$AA?5?$AA?$CF?$AAs?$AA?$CI?$AA?5?$AA?$CF?$AAd?$AAx?$AA?$CF?$AAd?$AA?5?$AAs?$AAt?$AAr?$AAi?$AAd?$AAe?$AA?3?$AA?$CF?$AAd?$AA?5?$AAF?$AAM@ 10003cd0     surf.obj
 0001:00002d38       ??_7S3C6410Surf@@6B@       10003d38     surf.obj
 0001:00002d80       ??_C@_1CE@MIKJJLKP@?$AAP?$AAA?$AAC?$AAS?$AAu?$AAr?$AAf?$AA?3?$AA?3?$AA?$HO?$AAP?$AAA?$AAC?$AAS?$AAu?$AAr?$AAf?$AA?$AA@ 10003d80     surf.obj
 0001:00002da8       ??_C@_1FE@IGIDFGLM@?$AA?6?$AA?$CF?$AAs?$AA?$CI?$AA?$CJ?$AA?3?$AA?5?$AAs?$AAi?$AAz?$AAe?$AA?3?$AA?5?$AA?$CF?$AAd?$AA?0?$AA?5?$AAV?$AAA?$AA?3?$AA?5?$AA0?$AAx?$AA?$CF?$AA0?$AA8?$AAx?$AA?0?$AA?5?$AAP?$AAA?$AA?3@ 10003da8     surf.obj
 0001:00002e00       ??_C@_1EK@MJJOONFD@?$AA?6?$AAP?$AAA?$AAC?$AAS?$AAu?$AAr?$AAf?$AAa?$AAc?$AAe?$AA?5?$AAd?$AAe?$AAa?$AAl?$AAl?$AAo?$AAc?$AAa?$AAt?$AAi?$AAo?$AAn?$AA?5?$AAi?$AAs?$AA?5?$AAf?$AAa?$AAi?$AAl@ 10003e00     surf.obj
 0001:00002e50       ??_C@_1FO@BEANACBN@?$AA?6?$AAP?$AAA?$AAC?$AAS?$AAu?$AAr?$AAf?$AAa?$AAc?$AAe?$AA?5?$AAu?$AAn?$AAm?$AAa?$AAp?$AA?5?$AAf?$AAr?$AAo?$AAm?$AA?5?$AAc?$AAa?$AAl?$AAl?$AAe?$AAr?$AA?5?$AAp?$AAr@ 10003e50     surf.obj
 0001:00002eb0       ??_7PACSurf@@6B@           10003eb0     surf.obj
 0001:00002ef8       ??_C@_1GE@LPNFDAJO@?$AA?$FL?$AAD?$AAI?$AAS?$AAP?$AAD?$AAR?$AAV?$AA?3?$AAE?$AAR?$AAR?$AA?$FN?$AA?5?$AA?$CF?$AAs?$AA?$CI?$AA?$CJ?$AA?5?$AA?3?$AA?5?$AAS?$AAu?$AAr?$AAf?$AAa?$AAc?$AAe?$AAH?$AAe?$AAa?$AAp@ 10003ef8     surf.obj
 0001:00002f60       ??_C@_1GG@PBAIDKAC@?$AA?$FL?$AAD?$AAI?$AAS?$AAP?$AAD?$AAR?$AAV?$AA?3?$AAE?$AAR?$AAR?$AA?$FN?$AA?5?$AA?$CF?$AAs?$AA?$CI?$AA?$CJ?$AA?5?$AA?3?$AA?5?$AAC?$AAr?$AAe?$AAa?$AAt?$AAe?$AA?5?$AAS?$AA3?$AAC?$AA6@ 10003f60     surf.obj
 0001:00002fc8       ??_C@_1FC@DPIHAPMF@?$AA?$FL?$AAD?$AAI?$AAS?$AAP?$AAD?$AAR?$AAV?$AA?$FN?$AA?5?$AA?$CF?$AAs?$AA?$CI?$AA?$CJ?$AA?5?$AA?3?$AA?5?$AAA?$AAl?$AAl?$AAo?$AAc?$AAa?$AAt?$AAe?$AAd?$AA?5?$AAP?$AAA?$AA?5?$AA?$DN?$AA?5@ 10003fc8     surf.obj
 0001:0000301c       ??_C@_1DO@EBBJGGKI@?$AAS?$AA3?$AAC?$AA6?$AA4?$AA1?$AA0?$AAD?$AAi?$AAs?$AAp?$AA?3?$AA?3?$AAA?$AAl?$AAl?$AAo?$AAc?$AAS?$AAu?$AAr?$AAf?$AAa?$AAc?$AAe?$AAV?$AAi?$AAd?$AAe?$AAo?$AA?$AA@ 1000401c     surf.obj
 0001:00003060       ??_C@_1EG@FJCCDEEG@?$AAE?$AAR?$AAR?$AAO?$AAR?$AA?0?$AA?5?$AAI?$AAn?$AAv?$AAa?$AAl?$AAi?$AAd?$AA?5?$AAS?$AAu?$AAr?$AAf?$AAa?$AAc?$AAe?$AAH?$AAe?$AAa?$AAp?$AA?5?$AAA?$AAd?$AAd?$AAr?$AAe@ 10004060     surf.obj
 0001:000030a8       ??_C@_1DE@DKOHDNOJ@?$AAS?$AA3?$AAC?$AA6?$AA4?$AA1?$AA0?$AAS?$AAu?$AAr?$AAf?$AA?3?$AA?3?$AA?$HO?$AAS?$AA3?$AAC?$AA6?$AA4?$AA1?$AA0?$AAS?$AAu?$AAr?$AAf?$AA?$AA@ 100040a8     surf.obj
 0001:000030e0       ??_C@_1HM@LNIHOHI@?$AA?$AN?$AA?6?$AA?$FL?$AAD?$AAI?$AAS?$AAP?$AAD?$AAR?$AAV?$AA?$FN?$AA?5?$AA?$CF?$AAs?$AA?$CI?$AA?$CJ?$AA?5?$AA?3?$AA?5?$AAH?$AAe?$AAa?$AAp?$AA?5?$AA0?$AAx?$AA?$CF?$AA0?$AA8?$AAx?$AA?5?$AAA@ 100040e0     surf.obj
 0001:00003160       ??_C@_1MC@DKFHDBNJ@?$AA?$FL?$AAD?$AAI?$AAS?$AAP?$AAD?$AAR?$AAV?$AA?3?$AAE?$AAR?$AAR?$AA?$FN?$AA?5?$AAP?$AAA?$AAC?$AA?5?$AAS?$AAu?$AAr?$AAf?$AA?3?$AA?5?$AAA?$AAl?$AAl?$AAo?$AAc?$AAP?$AAh?$AAy@ 10004160     surf.obj
 0001:00003228       ??_C@_1KM@NBLHANDJ@?$AA?6?$AA?$CF?$AAs?$AA?$CI?$AA?$CJ?$AA?3?$AA?5?$AAs?$AAi?$AAz?$AAe?$AA?5?$AA?3?$AA?5?$AA?$CF?$AAd?$AA?0?$AA?5?$AAP?$AAA?$AAC?$AA?5?$AAS?$AAu?$AAr?$AAf?$AA?5?$AAP?$AAA?$AA?5?$AAB?$AAa@ 10004228     surf.obj
 0001:000032d8       ??_C@_1IA@FNBOEGGP@?$AA?$FL?$AAD?$AAI?$AAS?$AAP?$AAD?$AAR?$AAV?$AA?3?$AAE?$AAR?$AAR?$AA?$FN?$AA?5?$AAM?$AAa?$AAp?$AAp?$AAi?$AAn?$AAg?$AA?5?$AAP?$AAA?$AAC?$AA?5?$AAS?$AAu?$AAr?$AAf?$AA?5?$AAt@ 100042d8     surf.obj
 0001:00003358       ??_C@_1CC@LCAGJHDG@?$AAP?$AAA?$AAC?$AAS?$AAu?$AAr?$AAf?$AA?3?$AA?3?$AAP?$AAA?$AAC?$AAS?$AAu?$AAr?$AAf?$AA?$AA@ 10004358     surf.obj
 0001:00003380       ??_C@_1FM@GOLCDHLD@?$AA?$FL?$AAD?$AAI?$AAS?$AAP?$AAD?$AAR?$AAV?$AA?$FN?$AA?5?$AA?5?$AA?$CF?$AAs?$AA?$CI?$AA?$CF?$AAd?$AAx?$AA?$CF?$AAd?$AA?0?$AA?5?$AA?$CF?$AAd?$AA?0?$AA?5?$AAF?$AAM?$AAT?$AA?3?$AA?$CF?$AAd?$AA?0@ 10004380     surf.obj
 0001:000033e0       ??_C@_1MC@BJHAGKBJ@?$AA?$FL?$AAD?$AAI?$AAS?$AAP?$AAD?$AAR?$AAV?$AA?3?$AAE?$AAR?$AAR?$AA?$FN?$AA?5?$AAA?$AAl?$AAl?$AAo?$AAc?$AAS?$AAu?$AAr?$AAf?$AAa?$AAc?$AAe?$AA?$CI?$AA?$CJ?$AA?5?$AA?3?$AA?5?$AAP@ 100043e0     surf.obj
 0001:000034a8       ??_C@_1ME@ONIGLNMH@?$AA?$FL?$AAD?$AAI?$AAS?$AAP?$AAD?$AAR?$AAV?$AA?3?$AAE?$AAR?$AAR?$AA?$FN?$AA?5?$AAA?$AAl?$AAl?$AAo?$AAc?$AAS?$AAu?$AAr?$AAf?$AAa?$AAc?$AAe?$AA?$CI?$AA?$CJ?$AA?5?$AA?3?$AA?5?$AAP@ 100044a8     surf.obj
 0001:0000356c       ??_C@_1DM@KBNJCDCP@?$AAS?$AA3?$AAC?$AA6?$AA4?$AA1?$AA0?$AAD?$AAi?$AAs?$AAp?$AA?3?$AA?3?$AAA?$AAl?$AAl?$AAo?$AAc?$AAS?$AAu?$AAr?$AAf?$AAa?$AAc?$AAe?$AAP?$AAA?$AAC?$AAS?$AA?$AA@ 1000456c     surf.obj
 0001:000035a8       ??_C@_1GE@BBMBJFFH@?$AA?$FL?$AAD?$AAI?$AAS?$AAP?$AAD?$AAR?$AAV?$AA?$FN?$AA?5?$AA?$CF?$AAs?$AA?$CI?$AA?5?$AA?$CF?$AAd?$AAx?$AA?$CF?$AAd?$AA?5?$AAF?$AAM?$AAT?$AA?3?$AA?$CF?$AAd?$AA?5?$AAs?$AAt?$AAr?$AAi?$AAd@ 100045a8     surf.obj
 0001:00003610       ??_C@_1HC@DFFBHLCE@?$AA?$FL?$AAD?$AAI?$AAS?$AAP?$AAD?$AAR?$AAV?$AA?3?$AAE?$AAR?$AAR?$AA?$FN?$AA?5?$AAA?$AAl?$AAl?$AAo?$AAc?$AAS?$AAu?$AAr?$AAf?$AAa?$AAc?$AAe?$AA?$CI?$AA?$CJ?$AA?5?$AA?3?$AA?5?$AAS@ 10004610     surf.obj
 0001:00003688       ??_C@_1EK@CCNFFBIP@?$AA?$FL?$AAD?$AAI?$AAS?$AAP?$AAD?$AAR?$AAV?$AA?3?$AAE?$AAR?$AAR?$AA?$FN?$AA?5?$AA?$CF?$AAs?$AA?$CI?$AA?$CJ?$AA?5?$AA?3?$AA?5?$AAO?$AAU?$AAT?$AA?5?$AAO?$AAF?$AA?5?$AAM?$AAE?$AAM?$AAO@ 10004688     surf.obj
 0001:000036d8       ??_C@_1MI@DNACDEBH@?$AA?$FL?$AAD?$AAI?$AAS?$AAP?$AAD?$AAR?$AAV?$AA?3?$AAE?$AAR?$AAR?$AA?$FN?$AA?5?$AAA?$AAl?$AAl?$AAo?$AAc?$AAS?$AAu?$AAr?$AAf?$AAa?$AAc?$AAe?$AA?$CI?$AA?$CJ?$AA?5?$AA?3?$AA?5?$AAC@ 100046d8     surf.obj
 0001:000037a0       ??_C@_1DE@GADBNKMD@?$AAS?$AA3?$AAC?$AA6?$AA4?$AA1?$AA0?$AAD?$AAi?$AAs?$AAp?$AA?3?$AA?3?$AAA?$AAl?$AAl?$AAo?$AAc?$AAS?$AAu?$AAr?$AAf?$AAa?$AAc?$AAe?$AA?$AA@ 100047a0     surf.obj
 0001:000037d8       ??_C@_1FE@HFFOIDLB@?$AA?$FL?$AAD?$AAI?$AAS?$AAP?$AAD?$AAR?$AAV?$AA?$FN?$AA?5?$AA?$CF?$AAs?$AA?$CI?$AA?5?$AA?$CF?$AAd?$AAx?$AA?$CF?$AAd?$AA?5?$AAF?$AAM?$AAT?$AA?3?$AA?$CF?$AAd?$AA?5?$AAf?$AAl?$AAa?$AAg?$AAs@ 100047d8     surf.obj
 0001:00003830       ??_C@_1HM@KJLCGIKF@?$AA?$FL?$AAD?$AAI?$AAS?$AAP?$AAD?$AAR?$AAV?$AA?$FN?$AA?5?$AA?$CF?$AAs?$AA?$CI?$AA?$CJ?$AA?5?$AA?3?$AA?5?$AAH?$AAW?$AA?5?$AAa?$AAc?$AAc?$AAe?$AAl?$AAe?$AAr?$AAa?$AAt?$AAi?$AAo?$AAn@ 10004830     surf.obj
 0001:000038b0       ??_C@_1IK@FGMECLDH@?$AA?$FL?$AAD?$AAI?$AAS?$AAP?$AAD?$AAR?$AAV?$AA?$FN?$AA?5?$AA?$CF?$AAs?$AA?$CI?$AA?$CJ?$AA?5?$AA?3?$AA?5?$AAA?$AAl?$AAl?$AAo?$AAc?$AAa?$AAt?$AAe?$AAd?$AA?5?$AAS?$AAY?$AAS?$AAT?$AAE@ 100048b0     surf.obj
 0001:00003940       ??_C@_1ME@MPFKNGAL@?$AA?$FL?$AAD?$AAI?$AAS?$AAP?$AAD?$AAR?$AAV?$AA?3?$AAW?$AAA?$AAR?$AAN?$AA?$FN?$AA?5?$AA?$CF?$AAs?$AA?$CI?$AA?$CJ?$AA?5?$AA?3?$AA?5?$AAs?$AAu?$AAr?$AAf?$AAa?$AAc?$AAe?$AA?5?$AAs?$AAi@ 10004940     surf.obj
 0001:00003a08       ??_C@_1GE@JNBOHJNK@?$AA?$FL?$AAD?$AAI?$AAS?$AAP?$AAD?$AAR?$AAV?$AA?3?$AAE?$AAR?$AAR?$AA?$FN?$AA?5?$AA?$CF?$AAs?$AA?$CI?$AA?$CJ?$AA?5?$AA?3?$AA?5?$AAA?$AAl?$AAl?$AAo?$AAc?$AAS?$AAu?$AAr?$AAf?$AAa?$AAc@ 10004a08     surf.obj
 0001:00003a70       ??_C@_1GI@BIIJAMPC@?$AA?$FL?$AAD?$AAI?$AAS?$AAP?$AAD?$AAR?$AAV?$AA?$FN?$AA?5?$AA?$CF?$AAs?$AA?$CI?$AA?5?$AA?$CF?$AAd?$AAx?$AA?$CF?$AAd?$AA?5?$AAF?$AAM?$AAT?$AA?3?$AA?$CF?$AAd?$AA?5?$AAP?$AAF?$AAM?$AAT?$AA?3@ 10004a70     surf.obj
 0001:00003ad8       ??_C@_1DK@OLOPGEIJ@?$AA?$FL?$AAD?$AAD?$AAH?$AAA?$AAL?$AA?$FN?$AA?5?$AA?9?$AA?9?$AAb?$AAu?$AAi?$AAl?$AAd?$AAD?$AAD?$AAH?$AAA?$AAL?$AAI?$AAn?$AAf?$AAo?$AA?$CI?$AA?$CJ?$AA?$AN?$AA?6?$AA?$AA@ 10004ad8     halcaps.obj
 0001:00003b18       ??_C@_1HG@EGNPBDEF@?$AA?$FL?$AAD?$AAD?$AAH?$AAA?$AAL?$AA?3?$AAI?$AAN?$AAF?$AA?$FN?$AA?5?$AAb?$AAu?$AAi?$AAl?$AAd?$AAD?$AAD?$AAH?$AAA?$AAL?$AAI?$AAn?$AAf?$AAo?$AA?$CI?$AA?$CJ?$AA?5?$AA?3?$AA?5?$AA?5@ 10004b18     halcaps.obj
 0001:00003b90       ??_C@_1GO@KHAKDAEG@?$AA?$FL?$AAD?$AAD?$AAH?$AAA?$AAL?$AA?3?$AAI?$AAN?$AAF?$AA?$FN?$AA?5?$AAb?$AAu?$AAi?$AAl?$AAd?$AAD?$AAD?$AAH?$AAA?$AAL?$AAI?$AAn?$AAf?$AAo?$AA?$CI?$AA?$CJ?$AA?5?$AA?3?$AA?5?$AA?5@ 10004b90     halcaps.obj
 0001:00003c00       ??_C@_1DK@MOOBBDHP@?$AA?$FL?$AAD?$AAD?$AAH?$AAA?$AAL?$AA?$FN?$AA?5?$AA?$CL?$AA?$CL?$AAb?$AAu?$AAi?$AAl?$AAd?$AAD?$AAD?$AAH?$AAA?$AAL?$AAI?$AAn?$AAf?$AAo?$AA?$CI?$AA?$CJ?$AA?$AN?$AA?6?$AA?$AA@ 10004c00     halcaps.obj
 0001:00003c3c       ??_C@_1CC@GECOFPBP@?$AA?$FL?$AAD?$AAD?$AAH?$AAA?$AAL?$AA?$FN?$AA?5?$AA?9?$AA?9?$AA?$CF?$AAs?$AA?$CI?$AA?$CJ?$AA?6?$AA?$AN?$AA?$AA@ 10004c3c     haldd.obj
 0001:00003c60       ??_C@_1BO@OFIMELOL@?$AAH?$AAa?$AAl?$AAG?$AAe?$AAt?$AAS?$AAc?$AAa?$AAn?$AAL?$AAi?$AAn?$AAe?$AA?$AA@ 10004c60     haldd.obj
 0001:00003c80       ??_C@_1CC@DJMDIKHO@?$AA?$FL?$AAD?$AAD?$AAH?$AAA?$AAL?$AA?$FN?$AA?5?$AA?$CL?$AA?$CL?$AA?$CF?$AAs?$AA?$CI?$AA?$CJ?$AA?6?$AA?$AN?$AA?$AA@ 10004c80     haldd.obj
 0001:00003ca4       ??_C@_1DO@ILEPFLKC@?$AA?$FL?$AAD?$AAD?$AAH?$AAA?$AAL?$AA?$FN?$AA?5?$AA?9?$AA?9?$AAH?$AAa?$AAl?$AAG?$AAe?$AAt?$AAD?$AAr?$AAi?$AAv?$AAe?$AAr?$AAI?$AAn?$AAf?$AAo?$AA?$CI?$AA?$CJ?$AA?6?$AA?$AN?$AA?$AA@ 10004ca4     haldd.obj
 0001:00003ce4       ??_C@_1DG@HEBEDJNF@?$AA?$FL?$AAD?$AAD?$AAH?$AAA?$AAL?$AA?3?$AAE?$AAR?$AAR?$AA?$FN?$AA?5?$AAU?$AAn?$AAk?$AAn?$AAo?$AAw?$AAn?$AA?5?$AAG?$AAU?$AAI?$AAD?$AA?6?$AA?$AN?$AA?$AA@ 10004ce4     haldd.obj
 0001:00003d1c       ??_C@_1DO@KMHLJFMF@?$AA?$FL?$AAD?$AAD?$AAH?$AAA?$AAL?$AA?$FN?$AA?5?$AA?$CL?$AA?$CL?$AAH?$AAa?$AAl?$AAG?$AAe?$AAt?$AAD?$AAr?$AAi?$AAv?$AAe?$AAr?$AAI?$AAn?$AAf?$AAo?$AA?$CI?$AA?$CJ?$AA?6?$AA?$AN?$AA?$AA@ 10004d1c     haldd.obj
 0001:00003d60       ??_C@_1GM@CDFINMO@?$AA?$FL?$AAD?$AAD?$AAH?$AAA?$AAL?$AA?3?$AAE?$AAR?$AAR?$AA?$FN?$AA?5?$AAH?$AAa?$AAl?$AAC?$AAr?$AAe?$AAa?$AAt?$AAe?$AAS?$AAu?$AAr?$AAf?$AAa?$AAc?$AAe?$AA?$CI?$AA?$CJ?$AA?5?$AA?3@ 10004d60     halsurf.obj
 0001:00003dd0       ??_C@_1EG@JAOPLKBG@?$AA?$FL?$AAD?$AAD?$AAH?$AAA?$AAL?$AA?$FN?$AA?5?$AAH?$AAa?$AAl?$AAC?$AAa?$AAn?$AAC?$AAr?$AAe?$AAa?$AAt?$AAe?$AAS?$AAu?$AAr?$AAf?$AAa?$AAc?$AAe?$AA?$CI?$AA?$CJ?$AA?5?$AAO?$AAK@ 10004dd0     halsurf.obj
 0001:00003e18       ??_C@_1HE@FEIFLK@?$AA?$FL?$AAD?$AAD?$AAH?$AAA?$AAL?$AA?3?$AAE?$AAR?$AAR?$AA?$FN?$AA?5?$AAH?$AAa?$AAl?$AAC?$AAa?$AAn?$AAC?$AAr?$AAe?$AAa?$AAt?$AAe?$AAS?$AAu?$AAr?$AAf?$AAa?$AAc?$AAe?$AA?$CI@ 10004e18     halsurf.obj
 0001:00003e8c       ??_C@_1BM@MEDBDOHO@?$AAD?$AAi?$AAf?$AAf?$AAP?$AAi?$AAx?$AAe?$AAl?$AA?3?$AA?$CF?$AAd?$AA?6?$AA?$AA@ 10004e8c     halsurf.obj
 0001:00003ea8       ??_C@_1KM@KJKJFFEG@?$AA?$FL?$AAD?$AAD?$AAH?$AAA?$AAL?$AA?3?$AAE?$AAR?$AAR?$AA?$FN?$AA?5?$AAH?$AAa?$AAl?$AAC?$AAa?$AAn?$AAC?$AAr?$AAe?$AAa?$AAt?$AAe?$AAS?$AAu?$AAr?$AAf?$AAa?$AAc?$AAe?$AA?$CI@ 10004ea8     halsurf.obj
 0001:00003f58       ??_C@_1KM@FGDCGPLA@?$AA?$FL?$AAD?$AAD?$AAH?$AAA?$AAL?$AA?3?$AAE?$AAR?$AAR?$AA?$FN?$AA?5?$AAH?$AAa?$AAl?$AAC?$AAa?$AAn?$AAC?$AAr?$AAe?$AAa?$AAt?$AAe?$AAS?$AAu?$AAr?$AAf?$AAa?$AAc?$AAe?$AA?$CI@ 10004f58     halsurf.obj
 0001:00004008       ??_C@_1HK@CFOBJHMN@?$AAH?$AAa?$AAl?$AAC?$AAa?$AAn?$AAC?$AAr?$AAe?$AAa?$AAt?$AAe?$AAS?$AAu?$AAr?$AAf?$AAa?$AAc?$AAe?$AA?4?$AA?5?$AAd?$AAw?$AAC?$AAa?$AAp?$AAs?$AA?5?$AA?3?$AA?5?$AA0?$AAx@ 10005008     halsurf.obj
 0001:00004088       ??_C@_1HG@BNIANEMH@?$AA?$FL?$AAD?$AAD?$AAH?$AAA?$AAL?$AA?3?$AAE?$AAR?$AAR?$AA?$FN?$AA?5?$AAH?$AAa?$AAl?$AAF?$AAl?$AAi?$AAp?$AA?$CI?$AA?$CJ?$AA?5?$AA?3?$AA?5?$AAD?$AAD?$AAF?$AAL?$AAI?$AAP?$AA_?$AAI@ 10005088     halsurf.obj
 0001:00004100       ??_C@_1HA@OLKHNMMN@?$AA?$FL?$AAD?$AAD?$AAH?$AAA?$AAL?$AA?3?$AAE?$AAR?$AAR?$AA?$FN?$AA?5?$AAH?$AAa?$AAl?$AAS?$AAe?$AAt?$AAC?$AAo?$AAl?$AAo?$AAr?$AAK?$AAe?$AAy?$AA?$CI?$AA?$CJ?$AA?5?$AA?3?$AA?5?$AAS@ 10005100     halsurf.obj
 0001:00004170       ??_C@_1JO@CDKCOKME@?$AA?$FL?$AAD?$AAD?$AAH?$AAA?$AAL?$AA?3?$AAE?$AAR?$AAR?$AA?$FN?$AA?5?$AAH?$AAa?$AAl?$AAS?$AAe?$AAt?$AAC?$AAo?$AAl?$AAo?$AAr?$AAK?$AAe?$AAy?$AA?$CI?$AA?$CJ?$AA?5?$AA?3?$AA?5?$AAC@ 10005170     halsurf.obj
 0001:00004210       ??_C@_1HE@GEOCENAN@?$AA?$FL?$AAD?$AAD?$AAH?$AAA?$AAL?$AA?3?$AAE?$AAR?$AAR?$AA?$FN?$AA?5?$AAH?$AAa?$AAl?$AAS?$AAe?$AAt?$AAC?$AAo?$AAl?$AAo?$AAr?$AAK?$AAe?$AAy?$AA?$CI?$AA?$CJ?$AA?5?$AA?3?$AA?5?$AAI@ 10005210     halsurf.obj
 0001:00004288       ??_C@_1IG@NNFEDINK@?$AA?$FL?$AAD?$AAD?$AAH?$AAA?$AAL?$AA?3?$AAE?$AAR?$AAR?$AA?$FN?$AA?5?$AAH?$AAa?$AAl?$AAS?$AAe?$AAt?$AAC?$AAo?$AAl?$AAo?$AAr?$AAK?$AAe?$AAy?$AA?$CI?$AA?$CJ?$AA?5?$AA?3?$AA?5?$AAC@ 10005288     halsurf.obj
 0001:00004310       ??_C@_1NG@CDOFBNCN@?$AA?$FL?$AAD?$AAD?$AAH?$AAA?$AAL?$AA?3?$AAE?$AAR?$AAR?$AA?$FN?$AA?5?$AAH?$AAa?$AAl?$AAU?$AAp?$AAd?$AAa?$AAt?$AAe?$AAO?$AAv?$AAe?$AAr?$AAl?$AAa?$AAy?$AA?$CI?$AA?$CJ?$AA?5?$AA?3@ 10005310     halsurf.obj
 0001:000043e8       ??_C@_1HM@PNODLLBE@?$AA?$FL?$AAD?$AAD?$AAH?$AAA?$AAL?$AA?3?$AAE?$AAR?$AAR?$AA?$FN?$AA?5?$AAH?$AAa?$AAl?$AAU?$AAp?$AAd?$AAa?$AAt?$AAe?$AAO?$AAv?$AAe?$AAr?$AAl?$AAa?$AAy?$AA?$CI?$AA?$CJ?$AA?5?$AA?3@ 100053e8     halsurf.obj
 0001:00004468       ??_C@_1JE@CCGPOAJB@?$AA?$FL?$AAD?$AAD?$AAH?$AAA?$AAL?$AA?3?$AAE?$AAR?$AAR?$AA?$FN?$AA?5?$AAH?$AAa?$AAl?$AAU?$AAp?$AAd?$AAa?$AAt?$AAe?$AAO?$AAv?$AAe?$AAr?$AAl?$AAa?$AAy?$AA?$CI?$AA?$CJ?$AA?5?$AA?3@ 10005468     halsurf.obj
 0001:00004500       ??_C@_1FO@OPAPOFPE@?$AA?$FL?$AAD?$AAI?$AAS?$AAP?$AAD?$AAR?$AAV?$AA?$FN?$AA?5?$AA?9?$AA?9?$AAS?$AA3?$AAC?$AA6?$AA4?$AA1?$AA0?$AAD?$AAi?$AAs?$AAp?$AA?3?$AA?3?$AAD?$AAe?$AAv?$AAO?$AAu?$AAt?$AAp@ 10005500     tvcontrol.obj
 0001:00004560       ??_C@_1JK@ENKMGHEI@?$AA?$FL?$AAD?$AAI?$AAS?$AAP?$AAD?$AAR?$AAV?$AA?3?$AAE?$AAR?$AAR?$AA?$FN?$AA?5?$AAD?$AAe?$AAv?$AAO?$AAu?$AAt?$AAp?$AAu?$AAt?$AAE?$AAn?$AAa?$AAb?$AAl?$AAe?$AAT?$AAV?$AA?$CI@ 10005560     tvcontrol.obj
 0001:00004600       ??_C@_1JM@HPPOGMIG@?$AA?$FL?$AAD?$AAI?$AAS?$AAP?$AAD?$AAR?$AAV?$AA?3?$AAE?$AAR?$AAR?$AA?$FN?$AA?5?$AAD?$AAe?$AAv?$AAO?$AAu?$AAt?$AAp?$AAu?$AAt?$AAE?$AAn?$AAa?$AAb?$AAl?$AAe?$AAT?$AAV?$AA?$CI@ 10005600     tvcontrol.obj
 0001:000046a0       ??_C@_1KG@JJANOJGI@?$AA?$FL?$AAD?$AAI?$AAS?$AAP?$AAD?$AAR?$AAV?$AA?3?$AAE?$AAR?$AAR?$AA?$FN?$AA?5?$AAD?$AAe?$AAv?$AAO?$AAu?$AAt?$AAp?$AAu?$AAt?$AAE?$AAn?$AAa?$AAb?$AAl?$AAe?$AAT?$AAV?$AA?$CI@ 100056a0     tvcontrol.obj
 0001:00004748       ??_C@_1JI@FBCAPPIH@?$AA?$FL?$AAD?$AAI?$AAS?$AAP?$AAD?$AAR?$AAV?$AA?3?$AAE?$AAR?$AAR?$AA?$FN?$AA?5?$AAD?$AAe?$AAv?$AAO?$AAu?$AAt?$AAp?$AAu?$AAt?$AAE?$AAn?$AAa?$AAb?$AAl?$AAe?$AAT?$AAV?$AA?$CI@ 10005748     tvcontrol.obj
 0001:000047e0       ??_C@_1HM@KCPOHJBA@?$AA?$FL?$AAD?$AAI?$AAS?$AAP?$AAD?$AAR?$AAV?$AA?3?$AAE?$AAR?$AAR?$AA?$FN?$AA?5?$AAD?$AAe?$AAv?$AAO?$AAu?$AAt?$AAp?$AAu?$AAt?$AAE?$AAn?$AAa?$AAb?$AAl?$AAe?$AAT?$AAV?$AA?$CI@ 100057e0     tvcontrol.obj
 0001:00004860       ??_C@_1JI@PPEFLBHF@?$AA?$FL?$AAD?$AAI?$AAS?$AAP?$AAD?$AAR?$AAV?$AA?3?$AAE?$AAR?$AAR?$AA?$FN?$AA?5?$AAD?$AAe?$AAv?$AAO?$AAu?$AAt?$AAp?$AAu?$AAt?$AAE?$AAn?$AAa?$AAb?$AAl?$AAe?$AAT?$AAV?$AA?$CI@ 10005860     tvcontrol.obj
 0001:000048f8       ??_C@_1KC@NGICEGIF@?$AA?$FL?$AAD?$AAI?$AAS?$AAP?$AAD?$AAR?$AAV?$AA?3?$AAE?$AAR?$AAR?$AA?$FN?$AA?5?$AAD?$AAe?$AAv?$AAO?$AAu?$AAt?$AAp?$AAu?$AAt?$AAE?$AAn?$AAa?$AAb?$AAl?$AAe?$AAT?$AAV?$AA?$CI@ 100058f8     tvcontrol.obj
 0001:000049a0       ??_C@_1KC@PMLJNHEC@?$AA?$FL?$AAD?$AAI?$AAS?$AAP?$AAD?$AAR?$AAV?$AA?3?$AAE?$AAR?$AAR?$AA?$FN?$AA?5?$AAD?$AAe?$AAv?$AAO?$AAu?$AAt?$AAp?$AAu?$AAt?$AAE?$AAn?$AAa?$AAb?$AAl?$AAe?$AAT?$AAV?$AA?$CI@ 100059a0     tvcontrol.obj
 0001:00004a48       ??_C@_1JE@GFEFJPJM@?$AA?$FL?$AAD?$AAI?$AAS?$AAP?$AAD?$AAR?$AAV?$AA?3?$AAE?$AAR?$AAR?$AA?$FN?$AA?5?$AAD?$AAe?$AAv?$AAO?$AAu?$AAt?$AAp?$AAu?$AAt?$AAE?$AAn?$AAa?$AAb?$AAl?$AAe?$AAT?$AAV?$AA?$CI@ 10005a48     tvcontrol.obj
 0001:00004ae0       ??_C@_1JO@DMDFEJHB@?$AA?$FL?$AAD?$AAI?$AAS?$AAP?$AAD?$AAR?$AAV?$AA?3?$AAE?$AAR?$AAR?$AA?$FN?$AA?5?$AAD?$AAe?$AAv?$AAO?$AAu?$AAt?$AAp?$AAu?$AAt?$AAE?$AAn?$AAa?$AAb?$AAl?$AAe?$AAT?$AAV?$AA?$CI@ 10005ae0     tvcontrol.obj
 0001:00004b80       ??_C@_1FO@IDOFENBH@?$AA?$FL?$AAD?$AAI?$AAS?$AAP?$AAD?$AAR?$AAV?$AA?$FN?$AA?5?$AA?$CL?$AA?$CL?$AAS?$AA3?$AAC?$AA6?$AA4?$AA1?$AA0?$AAD?$AAi?$AAs?$AAp?$AA?3?$AA?3?$AAD?$AAe?$AAv?$AAO?$AAu?$AAt?$AAp@ 10005b80     tvcontrol.obj
 0001:00004be0       ??_C@_1GA@DCELCFJ@?$AA?$FL?$AAD?$AAI?$AAS?$AAP?$AAD?$AAR?$AAV?$AA?$FN?$AA?5?$AA?9?$AA?9?$AAS?$AA3?$AAC?$AA6?$AA4?$AA1?$AA0?$AAD?$AAi?$AAs?$AAp?$AA?3?$AA?3?$AAD?$AAe?$AAv?$AAO?$AAu?$AAt?$AAp@ 10005be0     tvcontrol.obj
 0001:00004c40       ??_C@_1JM@HOOHAPGD@?$AA?$FL?$AAD?$AAI?$AAS?$AAP?$AAD?$AAR?$AAV?$AA?3?$AAE?$AAR?$AAR?$AA?$FN?$AA?5?$AAD?$AAe?$AAv?$AAO?$AAu?$AAt?$AAp?$AAu?$AAt?$AAD?$AAi?$AAs?$AAa?$AAb?$AAl?$AAe?$AAT?$AAV@ 10005c40     tvcontrol.obj
 0001:00004ce0       ??_C@_1KA@KBICLPBB@?$AA?$FL?$AAD?$AAI?$AAS?$AAP?$AAD?$AAR?$AAV?$AA?3?$AAE?$AAR?$AAR?$AA?$FN?$AA?5?$AAD?$AAe?$AAv?$AAO?$AAu?$AAt?$AAp?$AAu?$AAt?$AAD?$AAi?$AAs?$AAa?$AAb?$AAl?$AAe?$AAT?$AAV@ 10005ce0     tvcontrol.obj
 0001:00004d80       ??_C@_1GA@KOHKFFEG@?$AA?$FL?$AAD?$AAI?$AAS?$AAP?$AAD?$AAR?$AAV?$AA?$FN?$AA?5?$AA?$CL?$AA?$CL?$AAS?$AA3?$AAC?$AA6?$AA4?$AA1?$AA0?$AAD?$AAi?$AAs?$AAp?$AA?3?$AA?3?$AAD?$AAe?$AAv?$AAO?$AAu?$AAt?$AAp@ 10005d80     tvcontrol.obj
 0001:00004de0       ??_C@_1GE@MCLFJDLK@?$AA?$FL?$AAD?$AAI?$AAS?$AAP?$AAD?$AAR?$AAV?$AA?$FN?$AA?5?$AA?9?$AA?9?$AAS?$AA3?$AAC?$AA6?$AA4?$AA1?$AA0?$AAD?$AAi?$AAs?$AAp?$AA?3?$AA?3?$AAD?$AAe?$AAv?$AAO?$AAu?$AAt?$AAp@ 10005de0     tvcontrol.obj
 0001:00004e48       ??_C@_1KM@FPNCLDKF@?$AA?$FL?$AAD?$AAI?$AAS?$AAP?$AAD?$AAR?$AAV?$AA?3?$AAE?$AAR?$AAR?$AA?$FN?$AA?5?$AAD?$AAe?$AAv?$AAO?$AAu?$AAt?$AAp?$AAu?$AAt?$AAE?$AAn?$AAa?$AAb?$AAl?$AAe?$AAT?$AAV?$AAD@ 10005e48     tvcontrol.obj
 0001:00004ef8       ??_C@_1KC@DLBFIFP@?$AA?$FL?$AAD?$AAI?$AAS?$AAP?$AAD?$AAR?$AAV?$AA?3?$AAE?$AAR?$AAR?$AA?$FN?$AA?5?$AAD?$AAe?$AAv?$AAO?$AAu?$AAt?$AAp?$AAu?$AAt?$AAE?$AAn?$AAa?$AAb?$AAl?$AAe?$AAT?$AAV?$AAD@ 10005ef8     tvcontrol.obj
 0001:00004fa0       ??_C@_1KI@PFBGAEID@?$AA?$FL?$AAD?$AAI?$AAS?$AAP?$AAD?$AAR?$AAV?$AA?3?$AAE?$AAR?$AAR?$AA?$FN?$AA?5?$AAD?$AAe?$AAv?$AAO?$AAu?$AAt?$AAp?$AAu?$AAt?$AAE?$AAn?$AAa?$AAb?$AAl?$AAe?$AAT?$AAV?$AAD@ 10005fa0     tvcontrol.obj
 0001:00005048       ??_C@_1MK@NLEEJPEP@?$AA?$FL?$AAD?$AAI?$AAS?$AAP?$AAD?$AAR?$AAV?$AA?3?$AAE?$AAR?$AAR?$AA?$FN?$AA?5?$AAD?$AAe?$AAv?$AAO?$AAu?$AAt?$AAp?$AAu?$AAt?$AAE?$AAn?$AAa?$AAb?$AAl?$AAe?$AAT?$AAV?$AAD@ 10006048     tvcontrol.obj
 0001:00005118       ??_C@_1GE@OKDNLNNJ@?$AA?$FL?$AAD?$AAI?$AAS?$AAP?$AAD?$AAR?$AAV?$AA?$FN?$AA?5?$AA?$CL?$AA?$CL?$AAS?$AA3?$AAC?$AA6?$AA4?$AA1?$AA0?$AAD?$AAi?$AAs?$AAp?$AA?3?$AA?3?$AAD?$AAe?$AAv?$AAO?$AAu?$AAt?$AAp@ 10006118     tvcontrol.obj
 0001:00005180       ??_C@_1GG@DKMPIDKK@?$AA?$FL?$AAD?$AAI?$AAS?$AAP?$AAD?$AAR?$AAV?$AA?$FN?$AA?5?$AA?9?$AA?9?$AAS?$AA3?$AAC?$AA6?$AA4?$AA1?$AA0?$AAD?$AAi?$AAs?$AAp?$AA?3?$AA?3?$AAD?$AAe?$AAv?$AAO?$AAu?$AAt?$AAp@ 10006180     tvcontrol.obj
 0001:000051e8       ??_C@_1KC@IKFJGGA@?$AA?$FL?$AAD?$AAI?$AAS?$AAP?$AAD?$AAR?$AAV?$AA?3?$AAE?$AAR?$AAR?$AA?$FN?$AA?5?$AAD?$AAe?$AAv?$AAO?$AAu?$AAt?$AAp?$AAu?$AAt?$AAD?$AAi?$AAs?$AAa?$AAb?$AAl?$AAe?$AAT?$AAV@ 100061e8     tvcontrol.obj
 0001:00005290       ??_C@_1GG@KIMJJOIJ@?$AA?$FL?$AAD?$AAI?$AAS?$AAP?$AAD?$AAR?$AAV?$AA?$FN?$AA?5?$AA?$CL?$AA?$CL?$AAS?$AA3?$AAC?$AA6?$AA4?$AA1?$AA0?$AAD?$AAi?$AAs?$AAp?$AA?3?$AA?3?$AAD?$AAe?$AAv?$AAO?$AAu?$AAt?$AAp@ 10006290     tvcontrol.obj
 0001:000052f8       ??_C@_1KG@MNNNIHBA@?$AA?$FL?$AAD?$AAI?$AAS?$AAP?$AAD?$AAR?$AAV?$AA?3?$AAE?$AAR?$AAR?$AA?$FN?$AA?5?$AAD?$AAe?$AAv?$AAS?$AAe?$AAt?$AAT?$AAV?$AAD?$AAM?$AAA?$AAB?$AAu?$AAf?$AAf?$AAe?$AAr?$AA?$CI@ 100062f8     tvcontrol.obj
 0001:000053a0       ??_C@_1GG@HHEBDOBH@?$AA?$FL?$AAD?$AAI?$AAS?$AAP?$AAD?$AAR?$AAV?$AA?$FN?$AA?5?$AA?9?$AA?9?$AAS?$AA3?$AAC?$AA6?$AA4?$AA1?$AA0?$AAD?$AAi?$AAs?$AAp?$AA?3?$AA?3?$AAD?$AAe?$AAv?$AAU?$AAp?$AAd?$AAa@ 100063a0     tvcontrol.obj
 0001:00005408       ??_C@_1JM@NKOFOBHH@?$AA?$FL?$AAD?$AAI?$AAS?$AAP?$AAD?$AAR?$AAV?$AA?3?$AAE?$AAR?$AAR?$AA?$FN?$AA?5?$AAS?$AA3?$AAC?$AA6?$AA4?$AA1?$AA0?$AAD?$AAi?$AAs?$AAp?$AA?3?$AA?3?$AAD?$AAe?$AAv?$AAU?$AAp@ 10006408     tvcontrol.obj
 0001:000054a8       ??_C@_1GG@OFEHCDDE@?$AA?$FL?$AAD?$AAI?$AAS?$AAP?$AAD?$AAR?$AAV?$AA?$FN?$AA?5?$AA?$CL?$AA?$CL?$AAS?$AA3?$AAC?$AA6?$AA4?$AA1?$AA0?$AAD?$AAi?$AAs?$AAp?$AA?3?$AA?3?$AAD?$AAe?$AAv?$AAU?$AAp?$AAd?$AAa@ 100064a8     tvcontrol.obj
 0001:00005510       ??_C@_1FK@DEDDCKNG@?$AA?$FL?$AAD?$AAI?$AAS?$AAP?$AAD?$AAR?$AAV?$AA?$FN?$AA?5?$AA?9?$AA?9?$AAS?$AA3?$AAC?$AA6?$AA4?$AA1?$AA0?$AAD?$AAi?$AAs?$AAp?$AA?3?$AA?3?$AAD?$AAe?$AAv?$AAS?$AAe?$AAt?$AAT@ 10006510     tvcontrol.obj
 0001:00005570       ??_C@_1IO@EKLHBCDN@?$AA?$FL?$AAD?$AAI?$AAS?$AAP?$AAD?$AAR?$AAV?$AA?3?$AAE?$AAR?$AAR?$AA?$FN?$AA?5?$AAD?$AAe?$AAv?$AAS?$AAe?$AAt?$AAT?$AAV?$AAD?$AAM?$AAA?$AAM?$AAo?$AAd?$AAe?$AA?$CI?$AA?$CJ?$AA?5@ 10006570     tvcontrol.obj
 0001:00005600       ??_C@_1LG@PGMGEHHO@?$AA?$FL?$AAD?$AAI?$AAS?$AAP?$AAD?$AAR?$AAV?$AA?3?$AAE?$AAR?$AAR?$AA?$FN?$AA?5?$AAD?$AAe?$AAv?$AAS?$AAe?$AAt?$AAT?$AAV?$AAD?$AAM?$AAA?$AAM?$AAo?$AAd?$AAe?$AA?$CI?$AA?$CJ?$AA?5@ 10006600     tvcontrol.obj
 0001:000056b8       ??_C@_1FO@GLDJPCEA@?$AA?$FL?$AAD?$AAI?$AAS?$AAP?$AAD?$AAR?$AAV?$AA?$FN?$AA?5?$AA?$CL?$AA?$CL?$AAS?$AA3?$AAC?$AA6?$AA4?$AA1?$AA0?$AAD?$AAi?$AAs?$AAp?$AA?3?$AA?3?$AAD?$AAe?$AAv?$AAS?$AAe?$AAt?$AAT@ 100066b8     tvcontrol.obj
 0001:000057d0       g_NullBlendFunction        100067d0     2d_accel_lib:ddi_if.obj
 0001:00005854       ??_C@_17BJMBELJK@?$AAG?$AAP?$AAE?$AA?$AA@ 10006854     2d_accel_lib:ddi_if.obj
 0001:0000585c       EGPEFormatToBpp            1000685c     2d_accel_lib:gpe.obj
 0001:00005880       EGPEFormatToIFormat        10006880     2d_accel_lib:gpe.obj
 0001:000058a4       IFormatToEGPEFormat        100068a4     2d_accel_lib:gpe.obj
 0001:000058d0       ??_7GPE@@6B@               100068d0     2d_accel_lib:gpe.obj
 0001:0000594c       ??_C@_1BM@OHJNPODK@?$AAA?$AAs?$AAp?$AAe?$AAc?$AAt?$AAR?$AAa?$AAt?$AAi?$AAo?$AAX?$AAY?$AA?$AA@ 1000694c     2d_accel_lib:gpe.obj
 0001:00005968       ??_C@_1BK@GPCKCPMK@?$AAA?$AAs?$AAp?$AAe?$AAc?$AAt?$AAR?$AAa?$AAt?$AAi?$AAo?$AAY?$AA?$AA@ 10006968     2d_accel_lib:gpe.obj
 0001:00005984       ??_C@_1BK@NHJGEIKP@?$AAA?$AAs?$AAp?$AAe?$AAc?$AAt?$AAR?$AAa?$AAt?$AAi?$AAo?$AAX?$AA?$AA@ 10006984     2d_accel_lib:gpe.obj
 0001:000059a0       ??_C@_1BO@ONBCMHFO@?$AAL?$AAo?$AAg?$AAi?$AAc?$AAa?$AAl?$AAP?$AAi?$AAx?$AAe?$AAl?$AAs?$AAY?$AA?$AA@ 100069a0     2d_accel_lib:gpe.obj
 0001:000059c0       ??_C@_1BO@FFKOKADL@?$AAL?$AAo?$AAg?$AAi?$AAc?$AAa?$AAl?$AAP?$AAi?$AAx?$AAe?$AAl?$AAs?$AAX?$AA?$AA@ 100069c0     2d_accel_lib:gpe.obj
 0001:000059e0       ??_C@_1BK@HNDINEGH@?$AAV?$AAe?$AAr?$AAt?$AAi?$AAc?$AAa?$AAl?$AAS?$AAi?$AAz?$AAe?$AA?$AA@ 100069e0     2d_accel_lib:gpe.obj
 0001:000059fc       ??_C@_1BO@CPEMBNKP@?$AAH?$AAo?$AAr?$AAi?$AAz?$AAo?$AAn?$AAt?$AAa?$AAl?$AAS?$AAi?$AAz?$AAe?$AA?$AA@ 100069fc     2d_accel_lib:gpe.obj
 0001:00005a1c       ??_7GPESurf@@6B@           10006a1c     2d_accel_lib:gpe.obj
 0001:00006700       ?EDDGPEPixelFormatToEGPEFormat@@3QBW4EGPEFormat@@B 10007700     ddgpe:ddgpe.obj
 0001:0000674c       ?EGPEFormatToEDDGPEPixelFormat@@3QBW4EDDGPEPixelFormat@@B 1000774c     ddgpe:ddgpe.obj
 0001:00006778       ??_7DDGPE@@6B@             10007778     ddgpe:ddgpe.obj
 0001:00006918       ??_7DDGPESurf@@6B@         10007918     ddgpe:ddgpesurf.obj
 0001:00006a14       IID_IDirectDraw            10007a14     ddgpe:guid.obj
 0001:00006a24       IID_IDirectDrawSurface     10007a24     ddgpe:guid.obj
 0001:00006a34       IID_IDirectDrawPalette     10007a34     ddgpe:guid.obj
 0001:00006a44       IID_IDirectDrawClipper     10007a44     ddgpe:guid.obj
 0001:00006a54       IID_IDirectDrawColorControl 10007a54     ddgpe:guid.obj
 0001:00006a64       IID_IDirectDrawGammaControl 10007a64     ddgpe:guid.obj
 0001:00006a74       IID_IDDVideoPortContainer  10007a74     ddgpe:guid.obj
 0001:00006a84       IID_IDirectDrawVideoPort   10007a84     ddgpe:guid.obj
 0001:00006a94       DDVPTYPE_E_HREFH_VREFH     10007a94     ddgpe:guid.obj
 0001:00006aa4       DDVPTYPE_E_HREFH_VREFL     10007aa4     ddgpe:guid.obj
 0001:00006ab4       DDVPTYPE_E_HREFL_VREFH     10007ab4     ddgpe:guid.obj
 0001:00006ac4       DDVPTYPE_E_HREFL_VREFL     10007ac4     ddgpe:guid.obj
 0001:00006ad4       DDVPTYPE_CCIR656           10007ad4     ddgpe:guid.obj
 0001:00006ae4       DDVPTYPE_BROOKTREE         10007ae4     ddgpe:guid.obj
 0001:00006af4       DDVPTYPE_PHILIPS           10007af4     ddgpe:guid.obj
 0001:00006b04       GUID_MiscellaneousCallbacks 10007b04     ddgpe:guid.obj
 0001:00006b14       GUID_VideoPortCallbacks    10007b14     ddgpe:guid.obj
 0001:00006b24       GUID_ColorControlCallbacks 10007b24     ddgpe:guid.obj
 0001:00006b34       GUID_VideoPortCaps         10007b34     ddgpe:guid.obj
 0001:00006b44       GUID_GetDriverInfo_VidMemBase 10007b44     ddgpe:guid.obj
 0001:00006cc4       ??_C@_0N@MNHBCMKH@VGA_1024x768?$AA@ 10007cc4     s3c6410_ldi_lib:s3c6410_ldi.obj
 0001:00006cd4       ??_C@_0M@GJHCBNAO@VGA_800x600?$AA@ 10007cd4     s3c6410_ldi_lib:s3c6410_ldi.obj
 0001:00006ce0       ??_C@_0M@CMKNLCBM@VGA_640x480?$AA@ 10007ce0     s3c6410_ldi_lib:s3c6410_ldi.obj
 0001:00006cec       ??_C@_0P@NJGMKNKB@MegaDisplay?510?$AA@ 10007cec     s3c6410_ldi_lib:s3c6410_ldi.obj
 0001:00006cfc       ??_C@_0BA@OAJNNLGN@MegaDisplay?55HD?$AA@ 10007cfc     s3c6410_ldi_lib:s3c6410_ldi.obj
 0001:00006d0c       ??_C@_0BA@PAOOJHPM@MegaDisplay?55SD?$AA@ 10007d0c     s3c6410_ldi_lib:s3c6410_ldi.obj
 0001:00006d1c       ??_C@_0P@GMFNIFGL@MegaDisplay?57N?$AA@ 10007d1c     s3c6410_ldi_lib:s3c6410_ldi.obj
 0001:00006d2c       ??_C@_0O@MKHEOKMD@MegaDisplay?57?$AA@ 10007d2c     s3c6410_ldi_lib:s3c6410_ldi.obj
 0001:00006d3c       ??_C@_0O@OBFJLJAA@MegaDisplay?54?$AA@ 10007d3c     s3c6410_ldi_lib:s3c6410_ldi.obj
 0001:00006d4c       ??_C@_0O@KOBICPMH@MegaDisplay?53?$AA@ 10007d4c     s3c6410_ldi_lib:s3c6410_ldi.obj
 0001:00006d5c       ??_C@_04OKGDLNCL@NONE?$AA@ 10007d5c     s3c6410_ldi_lib:s3c6410_ldi.obj
 0001:00006d64       ??_C@_06DJKJCCMC@LP3303?$AA@ 10007d64     s3c6410_ldi_lib:s3c6410_ldi.obj
 0001:00006d6c       ??_C@_06LMLJGLPA@direct?$AA@ 10007d6c     s3c6410_ldi_lib:s3c6410_ldi.obj
 0001:00006d74       ??_C@_08GOJFCIDL@SM8121AH?$AA@ 10007d74     s3c6410_ldi_lib:s3c6410_ldi.obj
 0001:00006ec4       ??_7FIMGSE2D@@6B@          10007ec4     s3c6410_g2d_lib:FIMGSE2D.obj
 0001:00006ec8       ??_C@_1JA@NHIEBPMA@?$AAI?$AAn?$AAc?$AAr?$AAe?$AAm?$AAe?$AAn?$AAt?$AA?5?$AAv?$AAa?$AAl?$AAu?$AAe?$AA?5?$AAt?$AAo?$AA?5?$AAs?$AAt?$AAr?$AAe?$AAt?$AAc?$AAh?$AA?5?$AAc?$AAa?$AAn?$AA?5?$AAn@ 10007ec8     s3c6410_g2d_lib:FIMGSE2D.obj
 0001:00006f58       ??_C@_1HO@MOMCMFL@?$AAF?$AAI?$AAM?$AAG?$AAS?$AAE?$AA2?$AAD?$AA?3?$AA?5?$AA2?$AAD?$AA?5?$AAC?$AAo?$AAm?$AAm?$AAa?$AAn?$AAd?$AA?5?$AAi?$AAs?$AA?5?$AAt?$AAa?$AAk?$AAi?$AAn?$AAg?$AA?5?$AAm@ 10007f58     s3c6410_g2d_lib:FIMGSE2D.obj
 0001:00006fd8       ??_C@_1CE@MGMAGHFL@?$AA2?$AAD?$AA?5?$AAS?$AAy?$AAs?$AAi?$AAn?$AAt?$AAr?$AA?5?$AA?3?$AA?5?$AA?$CF?$AAd?$AA?$AN?$AA?6?$AA?$AA@ 10007fd8     s3c6410_g2d_lib:FIMGSE2D.obj
 0001:00006ffc       ??_C@_1CK@JGJNPCFK@?$AA?$FL?$AA2?$AAD?$AAH?$AAW?$AA?$FN?$AA?5?$AAB?$AAi?$AAt?$AAB?$AAl?$AAt?$AA?5?$AAE?$AAx?$AAi?$AAt?$AA?$AN?$AA?6?$AA?$AA@ 10007ffc     s3c6410_g2d_lib:FIMGSE2D.obj
 0001:00007028       ??_C@_1GG@NGHINICK@?$AAR?$AAO?$AAT?$AA?3?$AA?$CF?$AAd?$AA?0?$AA?5?$AAS?$AAr?$AAc?$AA?3?$AA?$CI?$AA?$CF?$AAd?$AA?0?$AA?$CF?$AAd?$AA?$CJ?$AA?$HO?$AA?$CI?$AA?$CF?$AAd?$AA?0?$AA?$CF?$AAd?$AA?$CJ?$AA?0?$AA?5?$AAD?$AAs?$AAt@ 10008028     s3c6410_g2d_lib:FIMGSE2D.obj
 0001:00007090       ??_C@_1CM@EIJMBEEK@?$AA?$FL?$AA2?$AAD?$AAH?$AAW?$AA?$FN?$AA?5?$AAB?$AAi?$AAt?$AAB?$AAl?$AAt?$AA?5?$AAE?$AAn?$AAt?$AAr?$AAy?$AA?$AN?$AA?6?$AA?$AA@ 10008090     s3c6410_g2d_lib:FIMGSE2D.obj
 0001:000070bc       ??_C@_1DC@DLBLODCC@?$AA?$FL?$AA2?$AAD?$AAH?$AAW?$AA?$FN?$AA?5?$AAS?$AAt?$AAr?$AAe?$AAt?$AAc?$AAh?$AAB?$AAl?$AAt?$AA?5?$AAE?$AAx?$AAi?$AAt?$AA?$AN?$AA?6?$AA?$AA@ 100080bc     s3c6410_g2d_lib:FIMGSE2D.obj
 0001:000070f0       ??_C@_1HO@OOCPHACK@?$AAR?$AAO?$AAT?$AA?3?$AA?$CF?$AAd?$AA?0?$AA?5?$AAS?$AAr?$AAc?$AA?3?$AA?$CI?$AA?$CF?$AAd?$AA?0?$AA?$CF?$AAd?$AA?$CJ?$AA?$HO?$AA?$CI?$AA?$CF?$AAd?$AA?0?$AA?$CF?$AAd?$AA?$CJ?$AA?0?$AA?5?$AAD?$AAs?$AAt@ 100080f0     s3c6410_g2d_lib:FIMGSE2D.obj
 0001:00007170       ??_C@_1BO@KPAGHGLA@?$AA?6?$AAY?$AAI?$AAn?$AAc?$AAr?$AA?5?$AA?3?$AA?5?$AA?$CF?$AAd?$AA?4?$AA?$CF?$AAx?$AA?$AA@ 10008170     s3c6410_g2d_lib:FIMGSE2D.obj
 0001:00007190       ??_C@_1BO@KOLDILKN@?$AA?6?$AAX?$AAI?$AAn?$AAc?$AAr?$AA?5?$AA?3?$AA?5?$AA?$CF?$AAd?$AA?4?$AA?$CF?$AAx?$AA?$AA@ 10008190     s3c6410_g2d_lib:FIMGSE2D.obj
 0001:000071b0       ??_C@_1HK@GFEDAODL@?$AAT?$AAh?$AAi?$AAs?$AA?5?$AAi?$AAs?$AA?5?$AAn?$AAo?$AAt?$AA?5?$AAs?$AAt?$AAr?$AAe?$AAt?$AAc?$AAh?$AA?5?$AAo?$AAr?$AA?5?$AAs?$AAh?$AAr?$AAi?$AAn?$AAk?$AA?5?$AAB?$AAL@ 100081b0     s3c6410_g2d_lib:FIMGSE2D.obj
 0001:0000722c       ??_C@_1DE@MFMKGKMA@?$AA?$FL?$AA2?$AAD?$AAH?$AAW?$AA?$FN?$AA?5?$AAS?$AAt?$AAr?$AAe?$AAt?$AAc?$AAh?$AAB?$AAl?$AAt?$AA?5?$AAE?$AAn?$AAt?$AAr?$AAy?$AA?$AN?$AA?6?$AA?$AA@ 1000822c     s3c6410_g2d_lib:FIMGSE2D.obj
 0001:00007260       ??_C@_1CM@PFLKMDIH@?$AA?$FL?$AA2?$AAD?$AAH?$AAW?$AA?$FN?$AA?5?$AAF?$AAl?$AAi?$AAp?$AAB?$AAl?$AAt?$AA?5?$AAE?$AAx?$AAi?$AAt?$AA?$AN?$AA?6?$AA?$AA@ 10008260     s3c6410_g2d_lib:FIMGSE2D.obj
 0001:0000728c       ??_C@_1CO@CNNEMMAF@?$AA?$FL?$AA2?$AAD?$AAH?$AAW?$AA?$FN?$AA?5?$AAF?$AAl?$AAi?$AAp?$AAB?$AAl?$AAt?$AA?5?$AAE?$AAn?$AAt?$AAr?$AAy?$AA?$AN?$AA?6?$AA?$AA@ 1000828c     s3c6410_g2d_lib:FIMGSE2D.obj
 0001:000072bc       ??_C@_1DO@OPEPCICC@?$AAC?$AAM?$AAD?$AA?3?$AA?5?$AA?$CF?$AAx?$AA?0?$AA?5?$AAX?$AAI?$AAN?$AAC?$AAR?$AA?3?$AA?5?$AA?$CF?$AAx?$AA?0?$AA?5?$AAY?$AAI?$AAN?$AAC?$AAR?$AA?3?$AA?5?$AA?$CF?$AAx?$AA?6?$AA?$AA@ 100082bc     s3c6410_g2d_lib:FIMGSE2D.obj
 0001:00007300       ??_C@_1FO@PNKMNLIO@?$AAm?$AA_?$AAp?$AAG?$AA2?$AAD?$AAR?$AAe?$AAg?$AA?3?$AA0?$AAx?$AA?$CF?$AAx?$AA?0?$AA?5?$AAC?$AAM?$AAD?$AA?3?$AA?5?$AA?$CF?$AAx?$AA?0?$AA?5?$AAX?$AAI?$AAN?$AAC?$AAR?$AA?3?$AA?5@ 10008300     s3c6410_g2d_lib:FIMGSE2D.obj
 0001:00007360       ??_C@_1BI@JANMOLPE@?$AAX?$AAI?$AAN?$AAC?$AAR?$AA?3?$AA?5?$AA?$CF?$AAx?$AA?5?$AA?5?$AA?$AA@ 10008360     s3c6410_g2d_lib:FIMGSE2D.obj
 0001:00007378       ??_C@_1BI@BBPJIOND@?$AAY?$AAI?$AAN?$AAC?$AAR?$AA?3?$AA?5?$AA?$CF?$AAx?$AA?5?$AA?5?$AA?$AA@ 10008378     s3c6410_g2d_lib:FIMGSE2D.obj
 0001:00007390       ??_C@_1EK@FEHJBDIH@?$AA?$CI?$AA?$CF?$AAd?$AA?0?$AA?$CF?$AAd?$AA?$CJ?$AA?$HO?$AA?$CI?$AA?$CF?$AAd?$AA?0?$AA?$CF?$AAd?$AA?$CJ?$AA?3?$AAC?$AAo?$AAl?$AAo?$AAr?$AA?3?$AA0?$AAx?$AA?$CF?$AAx?$AA?0?$AA?5?$AAL?$AAa?$AAs?$AAT@ 10008390     s3c6410_g2d_lib:FIMGSE2D.obj
 0001:00007498       ??_C@_1IA@JCADJGDA@?$AA?$FL?$AAD?$AAI?$AAS?$AAP?$AAD?$AAR?$AAV?$AA?3?$AAE?$AAR?$AAR?$AA?$FN?$AA?5?$AAR?$AAe?$AAg?$AAC?$AAt?$AAr?$AAl?$AAG?$AA2?$AAD?$AA?$CI?$AA?$CJ?$AA?5?$AA?3?$AA?5?$AAm?$AA_?$AAp@ 10008498     s3c6410_g2d_lib:regctrl_g2d.obj
 0001:00007518       ??_7RegCtrlG2D@@6B@        10008518     s3c6410_g2d_lib:regctrl_g2d.obj
 0001:00007520       ??_C@_1LA@OJHCAJLJ@?$AA?$FL?$AAG?$AA2?$AAD?$AA?$FN?$AA?5?$AAR?$AAe?$AAq?$AAu?$AAe?$AAs?$AAt?$AAe?$AAd?$AA?5?$AAE?$AAm?$AAp?$AAt?$AAy?$AA?5?$AAf?$AAi?$AAf?$AAo?$AA?5?$AAi?$AAs?$AA?5?$AAe?$AAx@ 10008520     s3c6410_g2d_lib:regctrl_g2d.obj
 0001:000075d0       ??_C@_1DK@KEOFMAKD@?$AAU?$AAn?$AAS?$AAu?$AAp?$AAp?$AAo?$AAr?$AAt?$AAe?$AAd?$AA?5?$AAT?$AAh?$AAi?$AAr?$AAd?$AA?5?$AAO?$AAp?$AAe?$AAr?$AAa?$AAn?$AAd?$AA?$CB?$AA?$AN?$AA?6?$AA?$AA@ 100085d0     s3c6410_g2d_lib:regctrl_g2d.obj
 0001:00007640       DrvEnableDriver            10008640 f   display_main.obj
 0001:00007650       ?InitAcceleration@S3C6410Disp@@QAAXXZ 10008650 f   display_main.obj
 0001:000076ac       ?CheckAndWaitForHWIdle@S3C6410Disp@@QAAXPAVGPESurf@@@Z 100086ac f   display_main.obj
 0001:0000770c       ?WaitForNotBusy@S3C6410Disp@@UAAXXZ 1000870c f   display_main.obj
 0001:00007750       ?IsBusy@S3C6410Disp@@UAAHXZ 10008750 f   display_main.obj
 0001:0000778c       ?SurfaceBusyBlitting@S3C6410Disp@@UAA_NPAVDDGPESurf@@@Z 1000878c f   display_main.obj
 0001:000077fc       ?GetPhysicalVideoMemory@S3C6410Disp@@UAAXPAK0@Z 100087fc f   display_main.obj
 0001:00007810       ?GetVirtualVideoMemory@S3C6410Disp@@QAAXPAK0@Z 10008810 f   display_main.obj
 0001:00007824       ?SetPalette@S3C6410Disp@@UAAJPBUtagPALETTEENTRY@@GG@Z 10008824 f   display_main.obj
 0001:00007848       ?GetRotateModeFromReg@S3C6410Disp@@QAAHXZ 10008848 f   display_main.obj
 0001:0000791c       ?Stride@GPESurf@@QAAHXZ    1000891c f i display_main.obj
 0001:00007924       ?SetRotateParams@S3C6410Disp@@QAAXXZ 10008924 f   display_main.obj
 0001:00007954       ?Buffer@GPESurf@@QAAPAXXZ  10008954 f i display_main.obj
 0001:0000795c       ?DynRotate@S3C6410Disp@@QAAJH@Z 1000895c f   display_main.obj
 0001:00007a04       ?Width@GPESurf@@QAAHXZ     10008a04 f i display_main.obj
 0001:00007a0c       ?Height@GPESurf@@QAAHXZ    10008a0c f i display_main.obj
 0001:00007a14       ?AllocResource@S3C6410Disp@@QAAHXZ 10008a14 f   display_main.obj
 0001:00007bf8       ?TVOutAllocResource@S3C6410Disp@@QAAHXZ 10008bf8 f   display_main.obj
 0001:00007c4c       ?TVOutReleaseResource@S3C6410Disp@@QAAHXZ 10008c4c f   display_main.obj
 0001:00007ca0       ?DetectPixelFormat@S3C6410Disp@@UAAJKPAU_DDPIXELFORMAT@@PAW4EGPEFormat@@PAW4EDDGPEPixelFormat@@@Z 10008ca0 f   display_main.obj
 0001:00007d50       ?DevPowerOn@S3C6410Disp@@QAAHXZ 10008d50 f   display_main.obj
 0001:00007dd0       ?DevPowerOff@S3C6410Disp@@QAAHXZ 10008dd0 f   display_main.obj
 0001:00007e50       ?DevOutputEnableRGBIF@S3C6410Disp@@QAAXXZ 10008e50 f   display_main.obj
 0001:00008028       ?DevOutputDisableRGBIF@S3C6410Disp@@QAAXXZ 10009028 f   display_main.obj
 0001:00008090       ?DevWaitForVerticalBlank@S3C6410Disp@@QAAHXZ 10009090 f   display_main.obj
 0001:000080e4       ?DevGetVerticalStatus@S3C6410Disp@@QAAHXZ 100090e4 f   display_main.obj
 0001:00008134       ?DevGetScanLine@S3C6410Disp@@QAAKXZ 10009134 f   display_main.obj
 0001:00008184       ?DevEnableVsyncInterrupt@S3C6410Disp@@QAAHXZ 10009184 f   display_main.obj
 0001:000081c4       ?DevGetFlipStatus@S3C6410Disp@@QAAHXZ 100091c4 f   display_main.obj
 0001:0000820c       ?ConvertStringToGuid@@YAHPBGPAU_GUID@@@Z 1000920c f   display_main.obj
 0001:00008300       ?AdvertisePowerInterface@@YAHPAUHINSTANCE__@@@Z 10009300 f   display_main.obj
 0001:0000842c       ?VideoToPmPowerState@@YA?AW4_CEDEVICE_POWER_STATE@@W4_VIDEO_POWER_STATE@@@Z 1000942c f   display_main.obj
 0001:0000846c       ?InDisplay@S3C6410Disp@@UAAHXZ 1000946c f   display_main.obj
 0001:0000848c       ?InVBlank@S3C6410Disp@@UAAHXZ 1000948c f   display_main.obj
 0001:000084ac       ?GetGameXInfo@S3C6410Disp@@QAAHKKPAXK0@Z 100094ac f   display_main.obj
 0001:00008708       ?GetRawFrameBuffer@S3C6410Disp@@QAAHKKPAXK0@Z 10009708 f   display_main.obj
 0001:000087fc       ?ReleaseResource@S3C6410Disp@@QAAXXZ 100097fc f   display_main.obj
 0001:00008910       ?SetDisplayPowerState@S3C6410Disp@@QAAXW4_VIDEO_POWER_STATE@@@Z 10009910 f   display_main.obj
 0001:0000899c       ?WaitForVerticalBlank@S3C6410Disp@@QAAHW4VB_STATUS@@@Z 1000999c f   display_main.obj
 0001:000089ac       ?GetScanLine@S3C6410Disp@@QAAKXZ 100099ac f   display_main.obj
 0001:000089bc       ?DevInitialize@S3C6410Disp@@QAAHXZ 100099bc f   display_main.obj
 0001:00008a84       ?DevChangeOutputInterface@S3C6410Disp@@QAAHW4OUTPUT_INTERFACE@@@Z 10009a84 f   display_main.obj
 0001:00008b7c       ??0S3C6410Disp@@QAA@XZ     10009b7c f   display_main.obj
 0001:00008dd4       ?GetPhysicalModeId@DDGPE@@UAAKXZ 10009dd4 f i display_main.obj
 0001:00008ddc       ?GetDriverData@DDGPE@@UAAPAUDDGPEDriverData@@XZ 10009ddc f i display_main.obj
 0001:00008de4       ?SetDriverData@DDGPE@@UAAXPAUDDGPEDriverData@@@Z 10009de4 f i display_main.obj
 0001:00008dec       ??1S3C6410Disp@@UAA@XZ     10009dec f   display_main.obj
 0001:00008e50       ?DrvEscape@S3C6410Disp@@UAAKPAU_SURFOBJ@@KKPAXK1@Z 10009e50 f   display_main.obj
 0001:0000960c       GetGPE                     1000a60c f   display_main.obj
 0001:00009650       ??_GS3C6410Disp@@UAAPAXI@Z 1000a650 f i display_main.obj
 0001:00009650       ??_ES3C6410Disp@@UAAPAXI@Z 1000a650 f i display_main.obj
 0001:00009678       ?OverlayReleaseResource@S3C6410Disp@@QAAHH@Z 1000a678 f   ddoverlay.obj
 0001:00009788       ?InitalizeOverlayContext@S3C6410Disp@@QAAXXZ 1000a788 f   ddoverlay.obj
 0001:00009820       ?GetCurrentOverlaySurf@S3C6410Disp@@QAAPAVS3C6410Surf@@XZ 1000a820 f   ddoverlay.obj
 0001:0000982c       ?GetPreviousOverlaySurf@S3C6410Disp@@QAAPAVS3C6410Surf@@XZ 1000a82c f   ddoverlay.obj
 0001:00009838       ?DevOverlaySetPosition@S3C6410Disp@@QAAXXZ 1000a838 f   ddoverlay.obj
 0001:000098e8       ?DevOverlayEnable@S3C6410Disp@@QAAXXZ 1000a8e8 f   ddoverlay.obj
 0001:00009a08       ?DevOverlayDisable@S3C6410Disp@@QAAXXZ 1000aa08 f   ddoverlay.obj
 0001:00009b1c       ?DevOverlayBlendDisable@S3C6410Disp@@QAAXXZ 1000ab1c f   ddoverlay.obj
 0001:00009c2c       ?ScreenWidth@GPESurf@@QAAHXZ 1000ac2c f i ddoverlay.obj
 0001:00009c34       ?ScreenHeight@GPESurf@@QAAHXZ 1000ac34 f i ddoverlay.obj
 0001:00009c3c       ?DevOverlaySetColorKey@S3C6410Disp@@QAAXXZ 1000ac3c f   ddoverlay.obj
 0001:00009cf8       ?DevOverlaySetAlpha@S3C6410Disp@@QAAXXZ 1000acf8 f   ddoverlay.obj
 0001:00009db0       ?OverlayAllocResource@S3C6410Disp@@QAAHH@Z 1000adb0 f   ddoverlay.obj
 0001:00009ee4       ?OverlaySetPosition@S3C6410Disp@@QAAXII@Z 1000aee4 f   ddoverlay.obj
 0001:0000a048       ?OverlayEnable@S3C6410Disp@@QAAXXZ 1000b048 f   ddoverlay.obj
 0001:0000a0b0       ?OverlayDisable@S3C6410Disp@@QAAXXZ 1000b0b0 f   ddoverlay.obj
 0001:0000a130       ?OverlayBlendDisable@S3C6410Disp@@QAAXXZ 1000b130 f   ddoverlay.obj
 0001:0000a14c       ?OverlaySetColorKey@S3C6410Disp@@QAAXHW4EDDGPEPixelFormat@@K@Z 1000b14c f   ddoverlay.obj
 0001:0000a1bc       ?OverlaySetAlpha@S3C6410Disp@@QAAXHK@Z 1000b1bc f   ddoverlay.obj
 0001:0000a1e8       ?DevSetVisibleSurface@S3C6410Disp@@QAAXPAVS3C6410Surf@@H@Z 1000b1e8 f   ddoverlay.obj
 0001:0000a420       ?DevOverlayInitialize@S3C6410Disp@@QAAXXZ 1000b420 f   ddoverlay.obj
 0001:0000a78c       ?DevRecoverOverlay@S3C6410Disp@@QAAXXZ 1000b78c f   ddoverlay.obj
 0001:0000a824       ?OverlayInitialize@S3C6410Disp@@QAAHPAVS3C6410Surf@@PAUtagRECT@@1@Z 1000b824 f   ddoverlay.obj
 0001:0000aed0       DrvGetMasks                1000bed0 f   dispmode.obj
 0001:0000af44       ?SetMode@S3C6410Disp@@UAAJHPAPAUHPALETTE__@@@Z 1000bf44 f   dispmode.obj
 0001:0000afd4       ?GetModeInfo@S3C6410Disp@@UAAJPAUGPEMode@@H@Z 1000bfd4 f   dispmode.obj
 0001:0000b00c       ?GetModeInfoEx@S3C6410Disp@@UAAJPAUGPEModeEx@@H@Z 1000c00c f   dispmode.obj
 0001:0000b044       ?NumModes@S3C6410Disp@@UAAHXZ 1000c044 f   dispmode.obj
 0001:0000b04c       ?InitializeDisplayMode@S3C6410Disp@@QAAXXZ 1000c04c f   dispmode.obj
 0001:0000b204       ?CursorOn@S3C6410Disp@@QAAXXZ 1000c204 f   cursor.obj
 0001:0000b594       ?CursorOff@S3C6410Disp@@QAAXXZ 1000c594 f   cursor.obj
 0001:0000b780       ?SetPointerShape@S3C6410Disp@@UAAJPAVGPESurf@@0HHHH@Z 1000c780 f   cursor.obj
 0001:0000b8a4       ?MovePointer@S3C6410Disp@@UAAJHH@Z 1000c8a4 f   cursor.obj
 0001:0000b910       ?InVideoMemory@GPESurf@@QAAHXZ 1000c910 f i line.obj
 0001:0000b918       ?Rotate@GPESurf@@QAAHXZ    1000c918 f i line.obj
 0001:0000b920       ?WrappedEmulatedLine@S3C6410Disp@@QAAJPAUGPELineParms@@@Z 1000c920 f   line.obj
 0001:0000bc70       ?AcceleratedSolidLine@S3C6410Disp@@UAAJPAUGPELineParms@@@Z 1000cc70 f   line.obj
 0001:0000be1c       ?Line@S3C6410Disp@@UAAJPAUGPELineParms@@W4EGPEPhase@@@Z 1000ce1c f   line.obj
 0001:0000be78       ?Format@GPESurf@@QAA?AW4EGPEFormat@@XZ 1000ce78 f i hwblt.obj
 0001:0000be80       ?GetRelativeDegree@S3C6410Disp@@UAAHHH@Z 1000ce80 f   hwblt.obj
 0001:0000bf28       ?DumpBltParms@S3C6410Disp@@UAAXPAUGPEBltParms@@@Z 1000cf28 f   hwblt.obj
 0001:0000c12c       ?HWBitBlt@S3C6410Disp@@UAAHPAUGPEBltParms@@PAUSURFACE_DESCRIPTOR@@1@Z 1000d12c f   hwblt.obj
 0001:0000dc00       ?BltComplete@S3C6410Disp@@UAAJPAUGPEBltParms@@@Z 1000ec00 f   blt.obj
 0001:0000dca8       ?AcceleratedDestInvert@S3C6410Disp@@UAAJPAUGPEBltParms@@@Z 1000eca8 f   blt.obj
 0001:0000dcb0       ?NullBlt@S3C6410Disp@@UAAJPAUGPEBltParms@@@Z 1000ecb0 f   blt.obj
 0001:0000dcb8       ?FormatPtr@GPESurf@@QAAPAVGPEFormat@@XZ 1000ecb8 f i blt.obj
 0001:0000dcc0       ?IsRotate@GPESurf@@QAAHXZ  1000ecc0 f i blt.obj
 0001:0000dcd4       ?ValidatePAContinuityOfSurf@S3C6410Disp@@UAAKPAVGPESurf@@@Z 1000ecd4 f   blt.obj
 0001:0000df70       ?FreePhysAddress@S3C6410Disp@@UAAXPAK@Z 1000ef70 f   blt.obj
 0001:0000df88       ?ClipDestDrawRect@S3C6410Disp@@UAAXPAUGPEBltParms@@@Z 1000ef88 f   blt.obj
 0001:0000e004       ?GetHWColorFormat@S3C6410Disp@@UAAKPAVGPESurf@@@Z 1000f004 f   blt.obj
 0001:0000e1d4       ??_9S3C6410Disp@@$BPE@AA   1000f1d4 f i blt.obj
 0001:0000e1e0       ??_9S3C6410Disp@@$BPI@AA   1000f1e0 f i blt.obj
 0001:0000e1ec       ??_9S3C6410Disp@@$BOM@AA   1000f1ec f i blt.obj
 0001:0000e1f8       ?BltPrepare@S3C6410Disp@@UAAJPAUGPEBltParms@@@Z 1000f1f8 f   blt.obj
 0001:0000e4d8       ?AcceleratedSolidFill@S3C6410Disp@@UAAJPAUGPEBltParms@@@Z 1000f4d8 f   blt.obj
 0001:0000e66c       ?AcceleratedPatFill@S3C6410Disp@@UAAJPAUGPEBltParms@@@Z 1000f66c f   blt.obj
 0001:0000e800       ?AcceleratedSrcCopyBlt@S3C6410Disp@@UAAJPAUGPEBltParms@@@Z 1000f800 f   blt.obj
 0001:0000ec20       ?AcceleratedBltSelect@S3C6410Disp@@UAAJPAUGPEBltParms@@@Z 1000fc20 f   blt.obj
 0001:0000f4b4       ?MultiplyAlphaBit@S3C6410Disp@@UAAXPAKKK@Z 100104b4 f   blt_alpha.obj
 0001:0000f504       ?AcceleratedAlphaSrcCopyBlt@S3C6410Disp@@UAAJPAUGPEBltParms@@@Z 10010504 f   blt_alpha.obj
 0001:0000fe74       ?AcceleratedPerPixelAlpha@S3C6410Disp@@UAAXPAUGPEBltParms@@@Z 10010e74 f   blt_alpha.obj
 0001:0000ff50       ?CreateScratchSurface@S3C6410Disp@@UAAHPAVGPESurf@@PAPAVDDGPESurf@@PAU_RECTL@@PAUSURFACE_DESCRIPTOR@@W4EGPEFormat@@H@Z 10010f50 f   blt_alpha.obj
 0001:0001010c       ??0S3C6410Surf@@QAA@HHKPAXHW4EGPEFormat@@W4EDDGPEPixelFormat@@PAVSurfaceHeap@@@Z 1001110c f   surf.obj
 0001:00010238       ??1PACSurf@@UAA@XZ         10011238 f   surf.obj
 0001:00010324       ?GetDriverData@DDGPESurf@@UAAPAUDDGPEDriverData@@XZ 10011324 f i surf.obj
 0001:0001032c       ?SetDriverData@DDGPESurf@@UAAXPAUDDGPEDriverData@@@Z 1001132c f i surf.obj
 0001:00010334       ?SurfaceSize@DDGPESurf@@UAAHXZ 10011334 f i surf.obj
 0001:0001033c       ?AllocSurfaceVideo@S3C6410Disp@@QAAJPAPAVDDGPESurf@@HHHW4EGPEFormat@@W4EDDGPEPixelFormat@@@Z 1001133c f   surf.obj
 0001:00010494       ?SetVisibleSurface@S3C6410Disp@@UAAXPAVGPESurf@@H@Z 10011494 f   surf.obj
 0001:000104e8       ??1S3C6410Surf@@UAA@XZ     100114e8 f   surf.obj
 0001:000105d8       ??0PACSurf@@QAA@HHW4EGPEFormat@@HW4EDDGPEPixelFormat@@@Z 100115d8 f   surf.obj
 0001:00010834       ??_EPACSurf@@UAAPAXI@Z     10011834 f i surf.obj
 0001:00010834       ??_GPACSurf@@UAAPAXI@Z     10011834 f i surf.obj
 0001:0001085c       ?AllocSurfacePACS@S3C6410Disp@@QAAJPAPAVGPESurf@@HHW4EGPEFormat@@HW4EDDGPEPixelFormat@@@Z 1001185c f   surf.obj
 0001:00010960       ?AllocSurface@S3C6410Disp@@UAAJPAPAVGPESurf@@HHW4EGPEFormat@@H@Z 10011960 f   surf.obj
 0001:00010b08       ?AllocSurface@S3C6410Disp@@UAAJPAPAVDDGPESurf@@HHW4EGPEFormat@@W4EDDGPEPixelFormat@@H@Z 10011b08 f   surf.obj
 0001:00010d9c       ??_ES3C6410Surf@@UAAPAXI@Z 10011d9c f i surf.obj
 0001:00010d9c       ??_GS3C6410Surf@@UAAPAXI@Z 10011d9c f i surf.obj
 0001:00010dc4       buildDDHALInfo             10011dc4 f   halcaps.obj
 0001:00010fa0       ?HalWaitForVerticalBlank@@YAKPAU_DDHAL_WAITFORVERTICALBLANKDATA@@@Z 10011fa0 f   haldd.obj
 0001:00011054       ?HalGetScanLine@@YAKPAU_DDHAL_GETSCANLINEDATA@@@Z 10012054 f   haldd.obj
 0001:000110b8       ?HalGetDriverInfo@@YAKPAU_DDHAL_GETDRIVERINFODATA@@@Z 100120b8 f   haldd.obj
 0001:00011218       ?HalCreateSurface@@YAKPAU_DDHAL_CREATESURFACEDATA@@@Z 10012218 f   halsurf.obj
 0001:000112ec       ?HalCanCreateSurface@@YAKPAU_DDHAL_CANCREATESURFACEDATA@@@Z 100122ec f   halsurf.obj
 0001:0001150c       ?HalFlip@@YAKPAU_DDHAL_FLIPDATA@@@Z 1001250c f   halsurf.obj
 0001:000115d0       ?HalLock@@YAKPAU_DDHAL_LOCKDATA@@@Z 100125d0 f   halsurf.obj
 0001:000116d8       ?HalGetBltStatus@@YAKPAU_DDHAL_GETBLTSTATUSDATA@@@Z 100126d8 f   halsurf.obj
 0001:00011728       ?HalGetFlipStatus@@YAKPAU_DDHAL_GETFLIPSTATUSDATA@@@Z 10012728 f   halsurf.obj
 0001:00011758       ?HalSetOverlayPosition@@YAKPAU_DDHAL_SETOVERLAYPOSITIONDATA@@@Z 10012758 f   halsurf.obj
 0001:00011784       ?HalSetColorKey@@YAKPAU_DDHAL_SETCOLORKEYDATA@@@Z 10012784 f   halsurf.obj
 0001:000118c8       ?HalUpdateOverlay@@YAKPAU_DDHAL_UPDATEOVERLAYDATA@@@Z 100128c8 f   halsurf.obj
 0001:00011b10       ?DevOutputEnableTV@S3C6410Disp@@QAAXXZ 10012b10 f   tvcontrol.obj
 0001:00011f74       ?DevOutputDisableTV@S3C6410Disp@@QAAXXZ 10012f74 f   tvcontrol.obj
 0001:00012058       ?DevOutputEnableTVDMA@S3C6410Disp@@QAAXXZ 10013058 f   tvcontrol.obj
 0001:00012338       ?DevOutputDisableTVDMA@S3C6410Disp@@QAAXXZ 10013338 f   tvcontrol.obj
 0001:000123e4       ?DevSetTVDMABuffer@S3C6410Disp@@QAAXIIIH@Z 100133e4 f   tvcontrol.obj
 0001:0001247c       ?DevUpdateTVDMAContext@S3C6410Disp@@QAAXXZ 1001347c f   tvcontrol.obj
 0001:0001268c       ?DevSetTVDMAMode@S3C6410Disp@@QAAHW4TV_DMA_MODE@@@Z 1001368c f   tvcontrol.obj
 0001:0001276c       MultiplyAlphaBit_ASM       1001376c f   accel_2d.obj
 0001:0001285c       PerPixelAlpha_ASM          1001385c f   accel_2d.obj
 0001:00012a88       DllMain                    10013a88 f   2d_accel_lib:ddi_if.obj
 0001:00012ae4       ?SafeGetGPE@@YAPAVGPE@@PAX@Z 10013ae4 f   2d_accel_lib:ddi_if.obj
 0001:00012b88       ?SetSurfaceFormat@@YAXPAVGPESurf@@PAU_XLATEOBJ@@K@Z 10013b88 f   2d_accel_lib:ddi_if.obj
 0001:00012e5c       ?GPEEnableDriver@@YAHKKPAUtagDrvEnableData@@PAU_ENGCALLBACKS@@@Z 10013e5c f   2d_accel_lib:ddi_if.obj
 0001:000130e4       DrvContrastControl         100140e4 f   2d_accel_lib:ddi_if.obj
 0001:0001314c       DrvPowerHandler            1001414c f   2d_accel_lib:ddi_if.obj
 0001:000131a4       DrvEscape                  100141a4 f   2d_accel_lib:ddi_if.obj
 0001:000133ac       DrvDisableDriver           100143ac f   2d_accel_lib:ddi_if.obj
 0001:00013420       DrvDisablePDEV             10014420 f   2d_accel_lib:ddi_if.obj
 0001:00013474       ?SetHSurf@GPE@@QAAXK@Z     10014474 f i 2d_accel_lib:ddi_if.obj
 0001:00013498       DrvDisableSurface          10014498 f   2d_accel_lib:ddi_if.obj
 0001:000134d8       ?GetHSurf@GPE@@QAAKXZ      100144d8 f i 2d_accel_lib:ddi_if.obj
 0001:00013508       DrvEnableSurface           10014508 f   2d_accel_lib:ddi_if.obj
 0001:000135d4       ?ScreenHeight@GPE@@QAAHXZ  100145d4 f i 2d_accel_lib:ddi_if.obj
 0001:00013604       ?ScreenWidth@GPE@@QAAHXZ   10014604 f i 2d_accel_lib:ddi_if.obj
 0001:00013634       ?PrimarySurface@GPE@@QAAPAVGPESurf@@XZ 10014634 f i 2d_accel_lib:ddi_if.obj
 0001:00013664       DrvCreateDeviceBitmap      10014664 f   2d_accel_lib:ddi_if.obj
 0001:00013754       DrvDeleteDeviceBitmap      10014754 f   2d_accel_lib:ddi_if.obj
 0001:000137f0       DrvMovePointer             100147f0 f   2d_accel_lib:ddi_if.obj
 0001:00013844       ?SurfobjToGPE@@YAPAVGPE@@PAU_SURFOBJ@@@Z 10014844 f i 2d_accel_lib:ddi_if.obj
 0001:00013874       DrvSetPointerShape         10014874 f   2d_accel_lib:ddi_if.obj
 0001:00013a5c       ??BTmpGPESurf@@QAAPAVGPESurf@@XZ 10014a5c f i 2d_accel_lib:ddi_if.obj
 0001:00013a88       ??1TmpGPESurf@@QAA@XZ      10014a88 f i 2d_accel_lib:ddi_if.obj
 0001:00013aa8       DrvSetPalette              10014aa8 f   2d_accel_lib:ddi_if.obj
 0001:00013b88       DrvFillPath                10014b88 f   2d_accel_lib:ddi_if.obj
 0001:000141d8       DrvRealizeBrush            100151d8 f   2d_accel_lib:ddi_if.obj
 0001:00014658       DrvGetModes                10015658 f   2d_accel_lib:ddi_if.obj
 0001:0001483c       DrvEnablePDEV              1001583c f   2d_accel_lib:ddi_if.obj
 0001:00014d88       ?GetModeId@GPE@@QAAHXZ     10015d88 f i 2d_accel_lib:ddi_if.obj
 0001:00014dbc       DrvPaint                   10015dbc f   2d_accel_lib:ddi_if.obj
 0001:00014e7c       DrvCopyBits                10015e7c f   2d_accel_lib:ddi_if.obj
 0001:00014ea4       DrvAnyBlt                  10015ea4 f   2d_accel_lib:ddi_if.obj
 0001:00014f48       DrvTransparentBlt          10015f48 f   2d_accel_lib:ddi_if.obj
 0001:00014ff8       DrvBitBlt                  10015ff8 f   2d_accel_lib:ddi_if.obj
 0001:00015124       AnyBlt                     10016124 f   2d_accel_lib:ddi_if.obj
 0001:00015fe4       ?SourceMatters@@YA_NK@Z    10016fe4 f i 2d_accel_lib:ddi_if.obj
 0001:00016040       ?BrushMatters@@YA_NK@Z     10017040 f i 2d_accel_lib:ddi_if.obj
 0001:0001609c       ?MaskMatters@@YA_NK@Z      1001709c f i 2d_accel_lib:ddi_if.obj
 0001:000160f8       ?ClipBlt@@YAJPAVGPE@@PAUGPEBltParms@@@Z 100170f8 f   2d_accel_lib:ddi_if.obj
[...]
 0001:00044d70       swscanf                    10045d70 f   corelib1:COREDLL.dll
 0001:00044d80       __C_specific_handler       10045d80 f   corelib1:COREDLL.dll
 0001:00044d90       memcpy                     10045d90 f   corelib1:COREDLL.dll
 0001:00044da0       memset                     10045da0 f   corelib1:COREDLL.dll
 0001:00044db0       __rt_udiv                  10045db0 f   corelib1:COREDLL.dll
 0001:00044dc0       __rt_sdiv                  10045dc0 f   corelib1:COREDLL.dll
 0001:00044dd0       memcmp                     10045dd0 f   corelib1:COREDLL.dll
 0001:00044de0       _purecall                  10045de0 f   corelib1:COREDLL.dll
 0001:00044df0       abs                        10045df0 f   corelib1:COREDLL.dll
 0001:00044e00       malloc                     10045e00 f   corelib1:COREDLL.dll
 0001:00044e10       free                       10045e10 f   corelib1:COREDLL.dll
 0001:00044e20       memmove                    10045e20 f   corelib1:COREDLL.dll
 0001:00044e30       _XcptFilter                10045e30 f   corelib1:COREDLL.dll
 0001:00044e40       __security_gen_cookie2     10045e40 f   corelib1:COREDLL.dll
 0001:00044e50       __report_gsfailure         10045e50 f   corelib1:COREDLL.dll
 0001:00044e60       DeleteCriticalSection      10045e60 f   coredll:COREDLL.dll
 0001:00044e70       InterlockedExchange        10045e70 f   coredll:COREDLL.dll
 0001:00044e80       TerminateProcess           10045e80 f   coredll:COREDLL.dll
 0001:00045028       __IMPORT_DESCRIPTOR_COREDLL 10046028     coredll:COREDLL.dll
 0001:0004503c       __IMPORT_DESCRIPTOR_CEDDK  1004603c     ceddk:CEDDK.dll
 0001:00045050       __NULL_IMPORT_DESCRIPTOR   10046050     coredll:COREDLL.dll
 0002:00000000       memfill                    10047000     2d_accel_lib:memfill.obj
 0002:00000110       memor                      10047110     2d_accel_lib:memor.obj
 0002:00000728       memand                     10047728     2d_accel_lib:memand.obj
 0002:00000d44       memnotsrcorf               10047d44     2d_accel_lib:memnotsrcorf.obj
 0002:000010f4       memnotsrcorb               100480f4     2d_accel_lib:memnotsrcorb.obj
 0002:0000149c       memeorf                    1004849c     2d_accel_lib:memeorf.obj
 0002:000017b0       memeorb                    100487b0     2d_accel_lib:memeorb.obj
 0002:00001ac0       memnot                     10048ac0     2d_accel_lib:memnot.obj
 0002:00001bf4       memeorfill                 10048bf4     2d_accel_lib:memeorfill.obj
 0002:00001d60       memnotdstandf              10048d60     2d_accel_lib:memnotdstandf.obj
 0002:00002110       memnotdstandb              10049110     2d_accel_lib:memnotdstandb.obj
 0002:000024bc       memfillwr                  100494bc     2d_accel_lib:memfillwr.obj
 0002:00002604       memnotorf                  10049604     2d_accel_lib:memnotorf.obj
 0002:000029b4       memnotorb                  100499b4     2d_accel_lib:memnotorb.obj
 0002:00002d60       memnotsrcf                 10049d60     2d_accel_lib:memnotsrcf.obj
 0002:00003024       memnotsrcb                 1004a024     2d_accel_lib:memnotsrcb.obj
 0002:000032e4       memsrccopy                 1004a2e4     2d_accel_lib:memsrccopy.obj
 0002:00003874       memsrccopy480              1004a874     2d_accel_lib:memsrccopy480.obj
 0002:00003980       memsrccopy240              1004a980     2d_accel_lib:memsrccopy240.obj
 0003:00000000       __imp_MmMapIoSpace         1004b000     ceddk:CEDDK.dll
 0003:00000004       __imp_MmUnmapIoSpace       1004b004     ceddk:CEDDK.dll
 0003:00000008       \177CEDDK_NULL_THUNK_DATA  1004b008     ceddk:CEDDK.dll
 0003:0000000c       __imp_RegOpenKeyExW        1004b00c     coredll:COREDLL.dll
 0003:00000010       __imp_VirtualCopy          1004b010     coredll:COREDLL.dll
 0003:00000014       __imp_VirtualAlloc         1004b014     coredll:COREDLL.dll
 0003:00000018       __imp_DeviceIoControl      1004b018     coredll:COREDLL.dll
 0003:0000001c       __imp_CreateFileW          1004b01c     coredll:COREDLL.dll
 0003:00000020       __imp_LeaveCriticalSection 1004b020     coredll:COREDLL.dll
 0003:00000024       __imp_DevicePowerNotify    1004b024     coredll:COREDLL.dll
 0003:00000028       __imp_EnterCriticalSection 1004b028     coredll:COREDLL.dll
 0003:0000002c       __imp_AdvertiseInterface   1004b02c     coredll:COREDLL.dll
 0003:00000030       __imp_GetModuleFileNameW   1004b030     coredll:COREDLL.dll
 0003:00000034       __imp_CeCloseCallerBuffer  1004b034     coredll:COREDLL.dll
 0003:00000038       __imp_SetLastError         1004b038     coredll:COREDLL.dll
 0003:0000003c       __imp_CeOpenCallerBuffer   1004b03c     coredll:COREDLL.dll
 0003:00000040       __imp_CloseHandle          1004b040     coredll:COREDLL.dll
 0003:00000044       __imp_VirtualFree          1004b044     coredll:COREDLL.dll
 0003:00000048       __imp_KernelIoControl      1004b048     coredll:COREDLL.dll
 0003:0000004c       __imp_InitializeCriticalSection 1004b04c     coredll:COREDLL.dll
 0003:00000050       __imp_NKDbgPrintfW         1004b050     coredll:COREDLL.dll
 0003:00000054       __imp_CopyRect             1004b054     coredll:COREDLL.dll
 0003:00000058       __imp_CacheRangeFlush      1004b058     coredll:COREDLL.dll
 0003:0000005c       __imp_LockPages            1004b05c     coredll:COREDLL.dll
 0003:00000060       __imp_RegQueryValueExW     1004b060     coredll:COREDLL.dll
 0003:00000064       __imp_FreePhysMem          1004b064     coredll:COREDLL.dll
 0003:00000068       __imp_VirtualFreeEx        1004b068     coredll:COREDLL.dll
 0003:0000006c       __imp_GetDirectCallerProcessId 1004b06c     coredll:COREDLL.dll
 0003:00000070       __imp_GetLastError         1004b070     coredll:COREDLL.dll
 0003:00000074       __imp_VirtualAllocCopyEx   1004b074     coredll:COREDLL.dll
 0003:00000078       __imp_AllocPhysMem         1004b078     coredll:COREDLL.dll
 0003:0000007c       __imp_DisableThreadLibraryCalls 1004b07c     coredll:COREDLL.dll
 0003:00000080       __imp_LocalAlloc           1004b080     coredll:COREDLL.dll
 0003:00000084       __imp_LocalFree            1004b084     coredll:COREDLL.dll
 0003:00000088       __imp_LocalReAlloc         1004b088     coredll:COREDLL.dll
 0003:0000008c       __imp_RegSetValueExW       1004b08c     coredll:COREDLL.dll
 0003:00000090       __imp_RegCreateKeyExW      1004b090     coredll:COREDLL.dll
 0003:00000094       __imp_CeSetExtendedPdata   1004b094     coredll:COREDLL.dll
 0003:00000098       __imp_RemoteLocalFree      1004b098     coredll:COREDLL.dll
 0003:0000009c       __imp_RemoteLocalAlloc     1004b09c     coredll:COREDLL.dll
 0003:000000a0       __imp_MulDiv               1004b0a0     coredll:COREDLL.dll
 0003:000000a4       __imp_InterruptDone        1004b0a4     coredll:COREDLL.dll
 0003:000000a8       __imp_WaitForSingleObject  1004b0a8     coredll:COREDLL.dll
 0003:000000ac       __imp_InterruptInitialize  1004b0ac     coredll:COREDLL.dll
 0003:000000b0       __imp_CreateEventW         1004b0b0     coredll:COREDLL.dll
 0003:000000b4       __imp_InterruptDisable     1004b0b4     coredll:COREDLL.dll
 0003:000000b8       __imp_RegCloseKey          1004b0b8     coredll:COREDLL.dll
 0003:000000bc       __imp___GetUserKData       1004b0bc     coredll:COREDLL.dll
 0003:000000c0       __imp_KernelLibIoControl   1004b0c0     coredll:COREDLL.dll
 0003:000000c4       __imp_??2@YAPAXI@Z         1004b0c4     corelib1:COREDLL.dll
 0003:000000c8       __imp_??3@YAXPAX@Z         1004b0c8     corelib1:COREDLL.dll
 0003:000000cc       __imp_swscanf              1004b0cc     corelib1:COREDLL.dll
 0003:000000d0       __imp___C_specific_handler 1004b0d0     corelib1:COREDLL.dll
 0003:000000d4       __imp_memcpy               1004b0d4     corelib1:COREDLL.dll
 0003:000000d8       __imp_memset               1004b0d8     corelib1:COREDLL.dll
 0003:000000dc       __imp___rt_udiv            1004b0dc     corelib1:COREDLL.dll
 0003:000000e0       __imp___rt_sdiv            1004b0e0     corelib1:COREDLL.dll
 0003:000000e4       __imp_memcmp               1004b0e4     corelib1:COREDLL.dll
 0003:000000e8       __imp__purecall            1004b0e8     corelib1:COREDLL.dll
 0003:000000ec       __imp_abs                  1004b0ec     corelib1:COREDLL.dll
 0003:000000f0       __imp_malloc               1004b0f0     corelib1:COREDLL.dll
 0003:000000f4       __imp_free                 1004b0f4     corelib1:COREDLL.dll
 0003:000000f8       __imp___divs               1004b0f8     corelib1:COREDLL.dll
 0003:000000fc       __imp___itos               1004b0fc     corelib1:COREDLL.dll
 0003:00000100       __imp___adds               1004b100     corelib1:COREDLL.dll
 0003:00000104       __imp___stod               1004b104     corelib1:COREDLL.dll
 0003:00000108       __imp_pow                  1004b108     corelib1:COREDLL.dll
 0003:0000010c       __imp___dtos               1004b10c     corelib1:COREDLL.dll
 0003:00000110       __imp___muls               1004b110     corelib1:COREDLL.dll
 0003:00000114       __imp___subs               1004b114     corelib1:COREDLL.dll
 0003:00000118       __imp___stou               1004b118     corelib1:COREDLL.dll
 0003:0000011c       __imp___utos               1004b11c     corelib1:COREDLL.dll
 0003:00000120       __imp___rt_sdiv64by64      1004b120     corelib1:COREDLL.dll
 0003:00000124       __imp_memmove              1004b124     corelib1:COREDLL.dll
 0003:00000128       __imp__XcptFilter          1004b128     corelib1:COREDLL.dll
 0003:0000012c       __imp___security_gen_cookie2 1004b12c     corelib1:COREDLL.dll
 0003:00000130       __imp___report_gsfailure   1004b130     corelib1:COREDLL.dll
 0003:00000134       __imp_DeleteCriticalSection 1004b134     coredll:COREDLL.dll
 0003:00000138       __imp_InterlockedExchange  1004b138     coredll:COREDLL.dll
 0003:0000013c       __imp_TerminateProcess     1004b13c     coredll:COREDLL.dll
 0003:00000140       \177COREDLL_NULL_THUNK_DATA 1004b140     coredll:COREDLL.dll
 0003:00000148       ?_rgbIdentity@@3PAUtagPALETTEENTRY@@A 1004b148     display_main.obj
 0003:00000548       dpCurSettings              1004b548     display_main.obj
 0003:0000098c       ?gBitMasks16@@3PAKA        1004b98c     dispmode.obj
 0003:00000998       ?gBitMasks32@@3PAKA        1004b998     dispmode.obj
 0003:000009a8       ?cbDDCallbacks@@3U_DDHAL_DDCALLBACKS@@A 1004b9a8     halcaps.obj
 0003:000009c4       ?cbDDSurfaceCallbacks@@3U_DDHAL_DDSURFACECALLBACKS@@A 1004b9c4     halcaps.obj
 0003:000009f4       ?MiscellaneousCallbacks@@3U_DDHAL_DDMISCELLANEOUSCALLBACKS@@A 1004b9f4     halcaps.obj
 0003:00000a04       ?ColorControlCallbacks@@3U_DDHAL_DDCOLORCONTROLCALLBACKS@@A 1004ba04     halcaps.obj
 0003:00000a18       ?SupportedFourCCs@@3PAU_FourCCDescription@@A 1004ba18     halcaps.obj
 0003:00000ac4       ?gaMix@@3PAEA              1004bac4     2d_accel_lib:ddi_if.obj
 0003:00000f10       ?pfnDrvAlphaBlend@@3P6AHPAU_SURFOBJ@@0PAU_CLIPOBJ@@PAU_XLATEOBJ@@PAU_RECTL@@3PAUtagBLENDOBJ@@@ZA 1004bf10     gpe:drvalphablend.obj
 0003:00000f18       ?pfnDrvGradientFill@@3P6AHPAU_SURFOBJ@@PAU_CLIPOBJ@@PAU_XLATEOBJ@@PAU_TRIVERTEX@@KPAXKPAU_RECTL@@PAU_POINTL@@K@ZA 1004bf18     gpe:rdrvgradfill.obj
 0003:00000f20       ?gulDither32@@3PAKA        1004bf20     gpe:rdrvgradfill.obj
 0003:00000f60       ?gDitherMatrix16x16Halftone@@3PAEA 1004bf60     gpe:rdrvgradfill.obj
 0003:00001060       ?gDitherMatrix16x16Default@@3PAEA 1004c060     gpe:rdrvgradfill.obj
 0003:00001160       ?vTranslateIdentity@@3PAEA 1004c160     gpe:rdrvgradfill.obj
 0003:00001260       ?DefaultSaturationTable@@3PAEA 1004c260     gpe:rdrvgradfill.obj
 0003:000013e0       ?Saturation16_5@@3PAEA     1004c3e0     gpe:rdrvgradfill.obj
 0003:00001420       ?Saturation16_6@@3PAEA     1004c420     gpe:rdrvgradfill.obj
 0003:000014a0       ?gulGamma@@3KA             1004c4a0     gpe:rctblt.obj
 0003:000014a4       ?szGamma@@3PAGA            1004c4a4     gpe:rctblt.obj
 0003:000014c8       ?szGammaValue@@3PAGA       1004c4c8     gpe:rctblt.obj
 0003:000014e0       ?alAlpha@@3PAJA            1004c4e0     gpe:rctblt.obj
 0003:00001500       ?ajGammaCT_10@@3PAEA       1004c500     gpe:rctblt.obj
 0003:00001600       ?ajGammaCT_11@@3PAEA       1004c600     gpe:rctblt.obj
 0003:00001700       ?ajGammaInvCT_11@@3PAEA    1004c700     gpe:rctblt.obj
 0003:00001800       ?ajGammaCT_12@@3PAEA       1004c800     gpe:rctblt.obj
 0003:00001900       ?ajGammaInvCT_12@@3PAEA    1004c900     gpe:rctblt.obj
 0003:00001a00       ?ajGammaCT_13@@3PAEA       1004ca00     gpe:rctblt.obj
 0003:00001b00       ?ajGammaInvCT_13@@3PAEA    1004cb00     gpe:rctblt.obj
 0003:00001c00       ?ajGammaCT_14@@3PAEA       1004cc00     gpe:rctblt.obj
 0003:00001d00       ?ajGammaInvCT_14@@3PAEA    1004cd00     gpe:rctblt.obj
 0003:00001e00       ?ajGammaCT_15@@3PAEA       1004ce00     gpe:rctblt.obj
 0003:00001f00       ?ajGammaInvCT_15@@3PAEA    1004cf00     gpe:rctblt.obj
 0003:00002000       ?ajGammaCT_16@@3PAEA       1004d000     gpe:rctblt.obj
 0003:00002100       ?ajGammaInvCT_16@@3PAEA    1004d100     gpe:rctblt.obj
 0003:00002200       ?ajGammaCT_17@@3PAEA       1004d200     gpe:rctblt.obj
 0003:00002300       ?ajGammaInvCT_17@@3PAEA    1004d300     gpe:rctblt.obj
 0003:00002400       ?ajGammaCT_18@@3PAEA       1004d400     gpe:rctblt.obj
 0003:00002500       ?ajGammaInvCT_18@@3PAEA    1004d500     gpe:rctblt.obj
 0003:00002600       ?ajGammaCT_19@@3PAEA       1004d600     gpe:rctblt.obj
 0003:00002700       ?ajGammaInvCT_19@@3PAEA    1004d700     gpe:rctblt.obj
 0003:00002800       ?ajGammaCT_20@@3PAEA       1004d800     gpe:rctblt.obj
 0003:00002900       ?ajGammaInvCT_20@@3PAEA    1004d900     gpe:rctblt.obj
 0003:00002a00       ?ajGammaCT_21@@3PAEA       1004da00     gpe:rctblt.obj
 0003:00002b00       ?ajGammaInvCT_21@@3PAEA    1004db00     gpe:rctblt.obj
 0003:00002c00       ?ajGammaCT_22@@3PAEA       1004dc00     gpe:rctblt.obj
 0003:00002d00       ?ajGammaInvCT_22@@3PAEA    1004dd00     gpe:rctblt.obj
 0003:00002e00       ?gaOutTable@@3PAU_F_RGB@@A 1004de00     gpe:rctblt.obj
 0003:00002fd0       ?g_pdwAnyBltPCode@@3PAKA   1004dfd0     gpe:genblt.obj
 0003:0000c5b0       __security_cookie          100575b0     corelib0:seccinit.obj
 0003:0000c5b4       __security_cookie_complement 100575b4     corelib0:seccinit.obj
 0003:0000c5b8       ?gGPE@@3PAVDDGPE@@A        100575b8     display_main.obj
 0003:0000c5bc       ?oldSrcSurf@@3PAVGPESurf@@A 100575bc     blt.obj
 0003:0000c5c0       ?gpScratchSurf@@3PAVDDGPESurf@@A 100575c0     blt.obj
 0003:0000c5c8       ?g_pGPE@@3PAVDDGPE@@A      100575c8     halcaps.obj
 0003:0000c5cc       ?g_pDDrawPrimarySurface@@3PAVDDGPESurf@@A 100575cc     halcaps.obj
 0003:0000c5d0       ?g_pVideoMemory@@3PAEA     100575d0     halcaps.obj
 0003:0000c5d4       ?g_nVideoMemorySize@@3KA   100575d4     halcaps.obj
 0003:0000c5d8       __@@_PchSym_@00@UdrmxvGAAUkozgulinUgvmybgvmGEBAPnoxUhixUwirevihUwrhkozbUwrhkozbPwieUlyqUzineErUivgzroUkivxlnkOlyq@s3c6410_disp 100575d8     precomp.obj
 0003:0000c5dc       PATHOBJ_vGetBounds         100575dc     2d_accel_lib:ddi_if.obj
 0003:0000c5e0       PATHOBJ_bEnum              100575e0     2d_accel_lib:ddi_if.obj
 0003:0000c5e4       PALOBJ_cGetColors          100575e4     2d_accel_lib:ddi_if.obj
 0003:0000c5e8       CLIPOBJ_bEnum              100575e8     2d_accel_lib:ddi_if.obj
 0003:0000c5ec       EngGetPaletteFromPool      100575ec     2d_accel_lib:ddi_if.obj
 0003:0000c5f0       EngAddPaletteToPool        100575f0     2d_accel_lib:ddi_if.obj
 0003:0000c5f4       BRUSHOBJ_pvAllocRbrush     100575f4     2d_accel_lib:ddi_if.obj
 0003:0000c5f8       BRUSHOBJ_pvGetRbrush       100575f8     2d_accel_lib:ddi_if.obj
 0003:0000c5fc       CLIPOBJ_cEnumStart         100575fc     2d_accel_lib:ddi_if.obj
 0003:0000c600       XLATEOBJ_cGetPalette       10057600     2d_accel_lib:ddi_if.obj
 0003:0000c604       PATHOBJ_vEnumStart         10057604     2d_accel_lib:ddi_if.obj
 0003:0000c608       EngCreatePalette           10057608     2d_accel_lib:ddi_if.obj
 0003:0000c60c       EngCreateDeviceSurface     1005760c     2d_accel_lib:ddi_if.obj
 0003:0000c610       EngDeleteSurface           10057610     2d_accel_lib:ddi_if.obj
 0003:0000c614       EngCreateDeviceBitmap      10057614     2d_accel_lib:ddi_if.obj
 0003:0000c618       EngReleasePooledPalette    10057618     2d_accel_lib:ddi_if.obj
 0003:0000c61c       pfnGetGPEPerCard           1005761c     2d_accel_lib:ddi_if.obj
 0003:0000c620       g_hmodDisplayDll           10057620     2d_accel_lib:ddi_if.obj
 0003:0000c624       ?g_pxlo@@3PAU_XLATEOBJ@@A  10057624     2d_accel_lib:ddi_if.obj
 0003:0000c638       ?gMaskedConverter@@3PAVMaskColorConverter@@A 10057638     2d_accel_lib:swconvrt.obj
 0003:0000c7c8       ?gLookupConverter@@3PAVLookupColorConverter@@A 100577c8     2d_accel_lib:swconvrt.obj
 0003:0000d818       ?gMonoConverter@@3PAVMonoColorConverter@@A 10058818     2d_accel_lib:swconvrt.obj
 0003:0000d840       ?gMaskedLRU@@3VLRU@@A      10058840     2d_accel_lib:swconvrt.obj
 0003:0000d854       ?gLookupLRU@@3VLRU@@A      10058854     2d_accel_lib:swconvrt.obj
 0003:0000d868       ?gMonoLRU@@3VLRU@@A        10058868     2d_accel_lib:swconvrt.obj
 0003:0000d87c       ?gGroupLRU@@3VLRU@@A       1005887c     2d_accel_lib:swconvrt.obj
 0003:0000d890       ?gGroupConverter@@3PAVGroupColorConverter@@A 10058890     2d_accel_lib:swconvrt.obj
 0003:0000e700       ?pfnGetAAMaskBits@@3P6AXPAK00@ZA 10059700     gpe:aablt.obj
 0003:0000e74c       ?gbHateMmx@@3HA            1005974c     gpe:rctblt.obj
 0003:0000ebc0       ?g_BltFnPData@@3U_xpdata@@A 10059bc0     gpe:genblt.obj
 0003:0000ec48       ?g_CpuFuncs@@3UGenBltCpuFuncs@@A 10059c48     gpe:genblt.obj
 0003:0000ec64       ?g_pPCodeRegisters@@3PAUPCodeRegisters_t@@A 10059c64     gpe:genblt.obj
 0003:0000ec68       ?g_BltClock@@3KA           10059c68     gpe:genblt.obj
 0003:0000ec6c       ?g_fUseFastBlt@@3HA        10059c6c     gpe:FastBlt.obj
 0003:0001049c       _exitflag                  1005b49c     corelib0:cexit.obj
 0003:000104a0       __onexitend                1005b4a0     <common>
 0003:000104a4       __onexitbegin              1005b4a4     <common>
 0003:000104a8       g_pcsExit                  1005b4a8     <common>
 0003:000104ac       _pRawDllMain               1005b4ac     <common>

 entry point at        0001:00044a8c

 Static symbols

 0001:000345c0       ?GetAAMaskInfo@@YAXH@Z     100355c0 f   gpe:aablt.obj
 0001:00034720       ?InitGamma@@YAXXZ          10035720 f   gpe:aablt.obj
 0001:00035118       ?MDiv64@@YA_J_J00@Z        10036118 f   gpe:rdrvgradfill.obj
 0001:00036eb8       ?RectFillBlt@@YAHPAU_SURFOBJ@@PAU_DRVGRADIENTRECTDATA@@P6AXPAVGPESurf@@1@Z@Z 10037eb8 f   gpe:rdrvgradfill.obj
 0001:00037084       ?GFGetShift@@YAXKPAK0@Z    10038084 f   gpe:rdrvgradfill.obj
 0001:0003792c       ?GetNearestIndex@@YAKK@Z   1003892c f   gpe:rctblt.obj
 0001:00038320       ?vGetBlendInfo@@YAXKKPAVGPESurf@@PAU_BLENDINFO@@@Z 10039320 f   gpe:rctblt.obj
 0001:00043040       ?FillHelCaps@@YAXPAU_DDCAPS@@@Z 10044040 f   ddgpe:ddhinit.obj
 0001:00044990       _DllMainCRTStartupHelper   10045990 f   corelib0:pegdmain.obj
 0001:00044bd0       doexit                     10045bd0 f   corelib0:cexit.obj
 0001:00044e90       ??__EgMaskedLRU@@YAXXZ     10045e90 f   2d_accel_lib:swconvrt.obj
 0001:00044ea8       ??__EgGroupLRU@@YAXXZ      10045ea8 f   2d_accel_lib:swconvrt.obj
 0001:00044ec0       ??__EgMonoLRU@@YAXXZ       10045ec0 f   2d_accel_lib:swconvrt.obj
 0001:00044ed8       ??__EgLookupLRU@@YAXXZ     10045ed8 f   2d_accel_lib:swconvrt.obj
 0001:00044ef0       ??__EgGroupConverter@@YAXXZ 10045ef0 f   2d_accel_lib:swconvrt.obj
